## SLURM PROLOG ###############################################################
##    Job ID : 4060866
##  Job Name : AK8-SS-m0.1-wjets
##  Nodelist : gpu2708
##      CPUs : 1
##  Mem/Node : 90000 MB
## Directory : /oscar/home/hgao50/jetAnomalyDetection
##   Job Started : Fri Jul 17 06:56:06 AM EDT 2026
###############################################################################

==========================================
Job started at: Fri Jul 17 06:56:06 AM EDT 2026
Job ID: 4060866
Node: gpu2708
MARGIN=0.1  SIGNAL=wjets
==========================================

GPU Information (from host):
Fri Jul 17 06:56:06 2026       
+-----------------------------------------------------------------------------------------+
| NVIDIA-SMI 575.57.08              Driver Version: 575.57.08      CUDA Version: 12.9     |
|-----------------------------------------+------------------------+----------------------+
| GPU  Name                 Persistence-M | Bus-Id          Disp.A | Volatile Uncorr. ECC |
| Fan  Temp   Perf          Pwr:Usage/Cap |           Memory-Usage | GPU-Util  Compute M. |
|                                         |                        |               MIG M. |
|=========================================+========================+======================|
|   0  NVIDIA L40S                    On  |   00000000:E1:00.0 Off |                    0 |
| N/A   27C    P8             30W /  350W |      77MiB /  46068MiB |      0%      Default |
|                                         |                        |                  N/A |
+-----------------------------------------+------------------------+----------------------+
                                                                                         
+-----------------------------------------------------------------------------------------+
| Processes:                                                                              |
|  GPU   GI   CI              PID   Type   Process name                        GPU Memory |
|        ID   ID                                                               Usage      |
|=========================================================================================|
|    0   N/A  N/A          157414      G   /usr/libexec/Xorg                        64MiB |
+-----------------------------------------------------------------------------------------+

PyTorch 2.2.1+cu118, cuda=True, device=NVIDIA L40S
Staged qcd: 395 files -> /tmp/ak8_semisup_wjets_m0.1_4060866/qcd
Staged zjets: 200 files -> /tmp/ak8_semisup_wjets_m0.1_4060866/zjets
Staged ttbar: 199 files -> /tmp/ak8_semisup_wjets_m0.1_4060866/ttbar
Staged hbb: 188 files -> /tmp/ak8_semisup_wjets_m0.1_4060866/hbb
Staged signal wjets: 200 files -> /tmp/ak8_semisup_wjets_m0.1_4060866/signal_wjets
Background dirs: /tmp/ak8_semisup_wjets_m0.1_4060866/qcd,/tmp/ak8_semisup_wjets_m0.1_4060866/zjets,/tmp/ak8_semisup_wjets_m0.1_4060866/ttbar,/tmp/ak8_semisup_wjets_m0.1_4060866/hbb
Background names: QCD,ZJets,TTbar,Hbb
Signal: wjets (WJets)
Margin: 0.1
Output dir: plots/run-lejepa-ak8-semisup-m0.1-wjets
Streaming backgrounds from /tmp/ak8_semisup_wjets_m0.1_4060866/qcd,/tmp/ak8_semisup_wjets_m0.1_4060866/zjets,/tmp/ak8_semisup_wjets_m0.1_4060866/ttbar,/tmp/ak8_semisup_wjets_m0.1_4060866/hbb
Streaming signal from /tmp/ak8_semisup_wjets_m0.1_4060866/signal_wjets
Node feature names: ['eta', 'phi', 'pt', 'd0/d0Err', 'dz/dzErr', 'charge', 'mass', 'log_pt', 'pdgId_-211', 'pdgId_-13', 'pdgId_-11', 'pdgId_11', 'pdgId_13', 'pdgId_22', 'pdgId_130', 'pdgId_211']
Streaming mode: discovering ROOT shards (no full in-memory load).
  class 0 (QCD): 395 ROOT files
  class 1 (ZJets): 200 ROOT files
  class 2 (TTbar): 199 ROOT files
  class 3 (Hbb): 188 ROOT files
  split QCD: train_files=355 val_files=40
  split ZJets: train_files=180 val_files=20
  split TTbar: train_files=179 val_files=20
  split Hbb: train_files=169 val_files=19
  signal (WJets): 200 ROOT files
Streaming configured: steps_per_epoch=1000, val_steps=100, eval_steps=100
Streaming datasets already prepared in load(); skipping RAM materialization.
Skipping feature plots in streaming mode.
Selected SSL model: semi-sup-triplet
Model summary:
LeJEPASemiSupervisedTripletParticleTransformerRepresentation(
  (node_embedding): NodeEmbedding(
    (net): Sequential(
      (0): Linear(in_features=16, out_features=128, bias=True)
      (1): GELU(approximate='none')
      (2): LayerNorm((128,), eps=1e-05, elementwise_affine=True)
      (3): Linear(in_features=128, out_features=512, bias=True)
      (4): GELU(approximate='none')
      (5): LayerNorm((512,), eps=1e-05, elementwise_affine=True)
      (6): Linear(in_features=512, out_features=128, bias=True)
      (7): Dropout(p=0.1, inplace=False)
    )
  )
  (pairwise_bias): PairwiseAttentionBias(
    (mlp): Sequential(
      (0): RMSNorm()
      (1): Linear(in_features=4, out_features=16, bias=True)
      (2): SiLU()
      (3): Dropout(p=0.1, inplace=False)
      (4): Linear(in_features=16, out_features=16, bias=True)
      (5): SiLU()
      (6): Dropout(p=0.1, inplace=False)
      (7): Linear(in_features=16, out_features=8, bias=True)
    )
  )
  (encoder): ParticleTransformerEncoder(
    (layers): ModuleList(
      (0-7): 8 x ParticleTransformerBlock(
        (attn_norm): RMSNorm()
        (self_attn): MultiheadAttention(
          (out_proj): NonDynamicallyQuantizableLinear(in_features=128, out_features=128, bias=True)
        )
        (attn_dropout): Dropout(p=0.1, inplace=False)
        (ffn_norm): RMSNorm()
        (ffn): SwiGLUFFN(
          (fc1): Linear(in_features=128, out_features=1024, bias=True)
          (act): SwiGLU()
          (fc2): Linear(in_features=512, out_features=128, bias=True)
          (dropout): Dropout(p=0.1, inplace=False)
        )
      )
    )
  )
  (cls_pooling): CLSPooling(
    (layers): ModuleList(
      (0-1): 2 x ClassAttentionBlock(
        (query_norm): LayerNorm((128,), eps=1e-05, elementwise_affine=True)
        (context_norm): LayerNorm((128,), eps=1e-05, elementwise_affine=True)
        (attn): MultiheadAttention(
          (out_proj): NonDynamicallyQuantizableLinear(in_features=128, out_features=128, bias=True)
        )
        (attn_dropout): Dropout(p=0.0, inplace=False)
        (ffn_norm): LayerNorm((128,), eps=1e-05, elementwise_affine=True)
        (ffn): Sequential(
          (0): Linear(in_features=128, out_features=512, bias=True)
          (1): GELU(approximate='none')
          (2): Dropout(p=0.0, inplace=False)
          (3): Linear(in_features=512, out_features=128, bias=True)
          (4): Dropout(p=0.0, inplace=False)
        )
      )
    )
  )
  (representation_head): RepresentationHead(
    (net): Sequential(
      (0): RMSNorm()
      (1): Linear(in_features=128, out_features=128, bias=True)
      (2): SiLU()
      (3): Dropout(p=0.1, inplace=False)
      (4): Linear(in_features=128, out_features=128, bias=True)
    )
  )
  (augmentation): MultiViewAugmentation()
  (negative_augmentation): CorruptedNegativeAugmentation()
  (loss): LeJEPASIGRegTripletClassificationLoss(
    (triplet_loss): LeJEPASIGRegTripletLoss(
      (lejepa_loss): LeJEPASIGRegLoss(
        (sigreg_loss_fn): SlicingUnivariateTest(
          (univariate_test): EppsPulley()
        )
      )
    )
  )
  (classification_head): CategoricalClassificationHead(
    (net): Sequential(
      (0): RMSNorm()
      (1): Linear(in_features=128, out_features=128, bias=True)
      (2): SiLU()
      (3): Dropout(p=0.1, inplace=False)
      (4): Linear(in_features=128, out_features=4, bias=True)
    )
  )
)
Number of trainable parameters: 2695664
Skipping augmentation sample plots.
Initialized run summary at plots/run-lejepa-ak8-semisup-m0.1-wjets/summary.json

Epoch [1/12]
Learning rate: 1e-07
Saved new best model state_dict to plots/run-lejepa-ak8-semisup-m0.1-wjets/best_model.pth
Saved last model state_dict to plots/run-lejepa-ak8-semisup-m0.1-wjets/last_model.pth
Epoch 1 train losses: {'total_loss': 1.8346674401164056, 'invariant_loss': 0.22261235760431736, 'sigreg_loss': 77.222, 'triplet_loss': 0.022322846891358494, 'triplet_pos_distance': 0.05741937870439142, 'triplet_neg_distance': 0.5986513918219134, 'classification_loss': 1.3119247866868973}
Epoch 1 val losses: {'total_loss': 0.8712597197294235, 'invariant_loss': 0.1347998084127903, 'sigreg_loss': 33.6275, 'triplet_loss': 0.011101658241823315, 'triplet_pos_distance': 0.024341343296691777, 'triplet_neg_distance': 0.9689121931791306, 'classification_loss': 1.2569948506355286}
Updated run summary at plots/run-lejepa-ak8-semisup-m0.1-wjets/summary.json

Epoch [2/12]
Learning rate: 0.0001001
Saved new best model state_dict to plots/run-lejepa-ak8-semisup-m0.1-wjets/best_model.pth
Saved last model state_dict to plots/run-lejepa-ak8-semisup-m0.1-wjets/last_model.pth
Epoch 2 train losses: {'total_loss': 0.709190998673439, 'invariant_loss': 0.203113561719656, 'sigreg_loss': 22.15375, 'triplet_loss': 0.0052416306897066535, 'triplet_pos_distance': 0.05598314625397324, 'triplet_neg_distance': 1.1398355172276498, 'classification_loss': 1.249620172739029}
Epoch 2 val losses: {'total_loss': 0.5824610364437103, 'invariant_loss': 0.13066826537251472, 'sigreg_loss': 19.48, 'triplet_loss': 0.007987895952537656, 'triplet_pos_distance': 0.02359557439573109, 'triplet_neg_distance': 1.1716737604141236, 'classification_loss': 1.2280826830863953}
Updated run summary at plots/run-lejepa-ak8-semisup-m0.1-wjets/summary.json

Epoch [3/12]
Learning rate: 0.0002001
Saved new best model state_dict to plots/run-lejepa-ak8-semisup-m0.1-wjets/best_model.pth
Saved last model state_dict to plots/run-lejepa-ak8-semisup-m0.1-wjets/last_model.pth
Epoch 3 train losses: {'total_loss': 0.5845055815279484, 'invariant_loss': 0.20103336578607559, 'sigreg_loss': 16.101, 'triplet_loss': 0.003560833155992441, 'triplet_pos_distance': 0.05719145333021879, 'triplet_neg_distance': 1.289056115269661, 'classification_loss': 1.2219906333684922}
Epoch 3 val losses: {'total_loss': 0.5112593963742256, 'invariant_loss': 0.124635194465518, 'sigreg_loss': 16.280625, 'triplet_loss': 0.005982124009169638, 'triplet_pos_distance': 0.024630260867998004, 'triplet_neg_distance': 1.3017105984687805, 'classification_loss': 1.2080197966098785}
Updated run summary at plots/run-lejepa-ak8-semisup-m0.1-wjets/summary.json

Epoch [4/12]
Learning rate: 0.0003001
Saved new best model state_dict to plots/run-lejepa-ak8-semisup-m0.1-wjets/best_model.pth
Saved last model state_dict to plots/run-lejepa-ak8-semisup-m0.1-wjets/last_model.pth
Epoch 4 train losses: {'total_loss': 0.5275596657395363, 'invariant_loss': 0.1927026210129261, 'sigreg_loss': 13.725, 'triplet_loss': 0.0024982667886069977, 'triplet_pos_distance': 0.05533558509126306, 'triplet_neg_distance': 1.3945018417835235, 'classification_loss': 1.2018513535261155}
Epoch 4 val losses: {'total_loss': 0.47481881469488146, 'invariant_loss': 0.13607876628637314, 'sigreg_loss': 13.945625, 'triplet_loss': 0.003519004319095984, 'triplet_pos_distance': 0.024960441337898372, 'triplet_neg_distance': 1.4731968557834625, 'classification_loss': 1.1882706928253173}
Updated run summary at plots/run-lejepa-ak8-semisup-m0.1-wjets/summary.json

Epoch [5/12]
Learning rate: 0.0004001
Saved new best model state_dict to plots/run-lejepa-ak8-semisup-m0.1-wjets/best_model.pth
Saved last model state_dict to plots/run-lejepa-ak8-semisup-m0.1-wjets/last_model.pth
Mahalanobis metrics saved to plots/run-lejepa-ak8-semisup-m0.1-wjets/mahalanobis_eval/epoch_0005/mahalanobis_metrics.json
Mahalanobis AUC, QCD+ZJets+TTbar+Hbb train vs WJets: 0.534043
Mahalanobis AUC, QCD+ZJets+TTbar+Hbb val vs WJets: 0.523221
Epoch 5 train losses: {'total_loss': 0.4933202719390392, 'invariant_loss': 0.18277922295033933, 'sigreg_loss': 12.5214375, 'triplet_loss': 0.0018885126663953998, 'triplet_pos_distance': 0.052105838142335416, 'triplet_neg_distance': 1.4346868181228638, 'classification_loss': 1.19845014834404}
Epoch 5 val losses: {'total_loss': 0.433327821791172, 'invariant_loss': 0.11329438693821431, 'sigreg_loss': 13.036875, 'triplet_loss': 0.0028470322559587657, 'triplet_pos_distance': 0.021500693787820636, 'triplet_neg_distance': 1.3945448875427247, 'classification_loss': 1.1814981126785278}
Updated run summary at plots/run-lejepa-ak8-semisup-m0.1-wjets/summary.json

Epoch [6/12]
Learning rate: 0.0005001
Saved new best model state_dict to plots/run-lejepa-ak8-semisup-m0.1-wjets/best_model.pth
Saved last model state_dict to plots/run-lejepa-ak8-semisup-m0.1-wjets/last_model.pth
Epoch 6 train losses: {'total_loss': 0.4652333509027958, 'invariant_loss': 0.1764826758056879, 'sigreg_loss': 11.4360625, 'triplet_loss': 0.001834502574754879, 'triplet_pos_distance': 0.05009327029436827, 'triplet_neg_distance': 1.4321718785762787, 'classification_loss': 1.196832715511322}
Epoch 6 val losses: {'total_loss': 0.40952825516462327, 'invariant_loss': 0.10684412851929664, 'sigreg_loss': 12.175, 'triplet_loss': 0.002923914093989879, 'triplet_pos_distance': 0.020047013061121107, 'triplet_neg_distance': 1.3896852731704712, 'classification_loss': 1.177131599187851}
Updated run summary at plots/run-lejepa-ak8-semisup-m0.1-wjets/summary.json

Epoch [7/12]
Learning rate: 0.0006001
Saved new best model state_dict to plots/run-lejepa-ak8-semisup-m0.1-wjets/best_model.pth
Saved last model state_dict to plots/run-lejepa-ak8-semisup-m0.1-wjets/last_model.pth
Epoch 7 train losses: {'total_loss': 0.44794827419519423, 'invariant_loss': 0.17260205753147603, 'sigreg_loss': 10.81525, 'triplet_loss': 0.0017708108114893547, 'triplet_pos_distance': 0.049152903344482184, 'triplet_neg_distance': 1.4287006227970123, 'classification_loss': 1.1776795121431352}
Epoch 7 val losses: {'total_loss': 0.4037064969539642, 'invariant_loss': 0.10930931858718396, 'sigreg_loss': 11.765625, 'triplet_loss': 0.0027841671876376495, 'triplet_pos_distance': 0.01928015016950667, 'triplet_neg_distance': 1.350750504732132, 'classification_loss': 1.1749533379077912}
Updated run summary at plots/run-lejepa-ak8-semisup-m0.1-wjets/summary.json

Epoch [8/12]
Learning rate: 0.0007001
Saved new best model state_dict to plots/run-lejepa-ak8-semisup-m0.1-wjets/best_model.pth
Saved last model state_dict to plots/run-lejepa-ak8-semisup-m0.1-wjets/last_model.pth
Epoch 8 train losses: {'total_loss': 0.4372929577231407, 'invariant_loss': 0.17117047657072543, 'sigreg_loss': 10.37715625, 'triplet_loss': 0.0018042077479476575, 'triplet_pos_distance': 0.04864447407051921, 'triplet_neg_distance': 1.4227733196020127, 'classification_loss': 1.1677864516973495}
Epoch 8 val losses: {'total_loss': 0.3915248766541481, 'invariant_loss': 0.10604132927954196, 'sigreg_loss': 11.349375, 'triplet_loss': 0.0025424209202174097, 'triplet_pos_distance': 0.019139888929203153, 'triplet_neg_distance': 1.358736536502838, 'classification_loss': 1.1633751475811005}
Updated run summary at plots/run-lejepa-ak8-semisup-m0.1-wjets/summary.json

Epoch [9/12]
Learning rate: 0.0008001
Saved new best model state_dict to plots/run-lejepa-ak8-semisup-m0.1-wjets/best_model.pth
Saved last model state_dict to plots/run-lejepa-ak8-semisup-m0.1-wjets/last_model.pth
Epoch 9 train losses: {'total_loss': 0.4287161983549595, 'invariant_loss': 0.16961891657114028, 'sigreg_loss': 10.0123125, 'triplet_loss': 0.0017980585787154269, 'triplet_pos_distance': 0.0476733619607985, 'triplet_neg_distance': 1.412587033033371, 'classification_loss': 1.1737010105848313}
Epoch 9 val losses: {'total_loss': 0.36970486760139465, 'invariant_loss': 0.10968472599983216, 'sigreg_loss': 10.065625, 'triplet_loss': 0.002649207256617956, 'triplet_pos_distance': 0.02081836705096066, 'triplet_neg_distance': 1.3998392748832702, 'classification_loss': 1.1693231296539306}
Updated run summary at plots/run-lejepa-ak8-semisup-m0.1-wjets/summary.json

Epoch [10/12]
Learning rate: 0.0009001
Saved new best model state_dict to plots/run-lejepa-ak8-semisup-m0.1-wjets/best_model.pth
Saved last model state_dict to plots/run-lejepa-ak8-semisup-m0.1-wjets/last_model.pth
Mahalanobis metrics saved to plots/run-lejepa-ak8-semisup-m0.1-wjets/mahalanobis_eval/epoch_0010/mahalanobis_metrics.json
Mahalanobis AUC, QCD+ZJets+TTbar+Hbb train vs WJets: 0.543912
Mahalanobis AUC, QCD+ZJets+TTbar+Hbb val vs WJets: 0.524003
Epoch 10 train losses: {'total_loss': 0.4222658116817474, 'invariant_loss': 0.1685367431640625, 'sigreg_loss': 9.7429375, 'triplet_loss': 0.0016848130405705888, 'triplet_pos_distance': 0.04730361513607204, 'triplet_neg_distance': 1.42425752389431, 'classification_loss': 1.1741999446749687}
Epoch 10 val losses: {'total_loss': 0.3688944190740585, 'invariant_loss': 0.104959412291646, 'sigreg_loss': 10.281875, 'triplet_loss': 0.0027667945192661136, 'triplet_pos_distance': 0.018515638085082175, 'triplet_neg_distance': 1.3619990515708924, 'classification_loss': 1.1594946241378785}
Updated run summary at plots/run-lejepa-ak8-semisup-m0.1-wjets/summary.json

Epoch [11/12]
Learning rate: 0.001
Saved new best model state_dict to plots/run-lejepa-ak8-semisup-m0.1-wjets/best_model.pth
Saved last model state_dict to plots/run-lejepa-ak8-semisup-m0.1-wjets/last_model.pth
Epoch 11 train losses: {'total_loss': 0.41148297002911566, 'invariant_loss': 0.16693505965173244, 'sigreg_loss': 9.2843125, 'triplet_loss': 0.0016281100710039027, 'triplet_pos_distance': 0.0466750999931246, 'triplet_neg_distance': 1.4291993544101715, 'classification_loss': 1.174127694606781}
Epoch 11 val losses: {'total_loss': 0.3502568304538727, 'invariant_loss': 0.10734905399382115, 'sigreg_loss': 9.261875, 'triplet_loss': 0.0022074098710436374, 'triplet_pos_distance': 0.02000586441718042, 'triplet_neg_distance': 1.375358076095581, 'classification_loss': 1.1484672701358796}
Updated run summary at plots/run-lejepa-ak8-semisup-m0.1-wjets/summary.json

Epoch [12/12]
Learning rate: 0.0005005
Saved new best model state_dict to plots/run-lejepa-ak8-semisup-m0.1-wjets/best_model.pth
Saved last model state_dict to plots/run-lejepa-ak8-semisup-m0.1-wjets/last_model.pth
Mahalanobis metrics saved to plots/run-lejepa-ak8-semisup-m0.1-wjets/mahalanobis_eval/epoch_0012/mahalanobis_metrics.json
Mahalanobis AUC, QCD+ZJets+TTbar+Hbb train vs WJets: 0.544195
Mahalanobis AUC, QCD+ZJets+TTbar+Hbb val vs WJets: 0.529436
Epoch 12 train losses: {'total_loss': 0.3844850043952465, 'invariant_loss': 0.1611746155768633, 'sigreg_loss': 8.2918125, 'triplet_loss': 0.0013047327524254796, 'triplet_pos_distance': 0.04531346441060305, 'triplet_neg_distance': 1.4180604823827743, 'classification_loss': 1.1467037172317505}
Epoch 12 val losses: {'total_loss': 0.3360267922282219, 'invariant_loss': 0.09861763492226601, 'sigreg_loss': 9.0165625, 'triplet_loss': 0.0020780867082066832, 'triplet_pos_distance': 0.0180684770969674, 'triplet_neg_distance': 1.3488902473449706, 'classification_loss': 1.1371910059452057}
Updated run summary at plots/run-lejepa-ak8-semisup-m0.1-wjets/summary.json
Saved run summary to plots/run-lejepa-ak8-semisup-m0.1-wjets/summary.json
Job finished at: Fri Jul 17 08:03:54 AM EDT 2026
