## SLURM PROLOG ###############################################################
##    Job ID : 4139257
##  Job Name : JETANOMALY-JETCLASS
##  Nodelist : gpu3103
##      CPUs : 1
##  Mem/Node : 48000 MB
## Directory : /oscar/home/lwang223/jetAnomalyDetection
##   Job Started : Tue Jul 21 12:59:04 PM EDT 2026
###############################################################################

==========================================
Job started at: Tue Jul 21 12:59:04 PM EDT 2026
Job ID: 4139257
Node: gpu3103
==========================================

GPU Information (from host):
Tue Jul 21 12:59:04 2026       
+-----------------------------------------------------------------------------------------+
| NVIDIA-SMI 575.57.08              Driver Version: 575.57.08      CUDA Version: 12.9     |
|-----------------------------------------+------------------------+----------------------+
| GPU  Name                 Persistence-M | Bus-Id          Disp.A | Volatile Uncorr. ECC |
| Fan  Temp   Perf          Pwr:Usage/Cap |           Memory-Usage | GPU-Util  Compute M. |
|                                         |                        |               MIG M. |
|=========================================+========================+======================|
|   0  NVIDIA L40S                    On  |   00000000:01:00.0 Off |                    0 |
| N/A   29C    P8             32W /  350W |      77MiB /  46068MiB |      0%      Default |
|                                         |                        |                  N/A |
+-----------------------------------------+------------------------+----------------------+
                                                                                         
+-----------------------------------------------------------------------------------------+
| Processes:                                                                              |
|  GPU   GI   CI              PID   Type   Process name                        GPU Memory |
|        ID   ID                                                               Usage      |
|=========================================================================================|
|    0   N/A  N/A          157434      G   /usr/libexec/Xorg                        64MiB |
+-----------------------------------------------------------------------------------------+

PyTorch version: 2.6.0+cu124
Dataset: cms
Dataset root: /HEP/export/home/hgao50/jet-anomaly-data/ak8-v2
Background labels: ['label_QCD', 'label_Hbb', 'label_Zqq', 'label_Tbqq']
Signal labels: ['label_Wqq']
Particle features: ['part_px', 'part_py', 'part_pz', 'part_energy', 'part_pt', 'log_pt_fraction', 'part_deta', 'part_dphi', 'Cpfcan_dxysig', 'log_Cpfcan_dxysig', 'Cpfcan_dz', 'part_charge', 'part_isChargedHadron', 'part_isNeutralHadron', 'part_isPhoton', 'part_isElectron', 'part_isMuon']
Batch-normalized particle features: ['log_pt_fraction', 'Cpfcan_dxysig', 'log_Cpfcan_dxysig', 'Cpfcan_dz']
Lazy cms datasets ready; no full split has been loaded into RAM.
Background train ROOT shards: 1904
Background val ROOT shards: 239
Background test ROOT shards: 239
Signal test ROOT shards: 60
Per-event particle shape: (128, 17)
CMS active shards per worker: requested=4, effective=7; minimum family coverage=7.
Selected SSL model: semi-sup-triplet
Number of trainable parameters: 106,992

Epoch [1/6]
Saved new best model state_dict/full checkpoint to plots/margin-sweep/wqq-0.2/best_model.pth and plots/margin-sweep/wqq-0.2/best_checkpoint.pt
Saved last model state_dict/full checkpoint to plots/margin-sweep/wqq-0.2/last_model.pth and plots/margin-sweep/wqq-0.2/last_checkpoint.pt
Epoch 1 train losses: {'total_loss': 5.26930250838399, 'invariant_loss': 0.4124185965238139, 'sigreg_loss': 94.30059375, 'triplet_loss': 0.09184028305718675, 'triplet_pos_distance': 0.0919664270151843, 'triplet_neg_distance': 0.4164942679948872, 'classification_loss': 1.3210808425843716}
Epoch 1 val losses: {'total_loss': 1.944351954460144, 'invariant_loss': 0.42528998732566836, 'sigreg_loss': 27.88875, 'triplet_loss': 0.03034342834725976, 'triplet_pos_distance': 0.0924637920409441, 'triplet_neg_distance': 0.7010841220617294, 'classification_loss': 1.2180886280536651}
Updated run summary at plots/margin-sweep/wqq-0.2/summary.json

Epoch [2/6]
Saved new best model state_dict/full checkpoint to plots/margin-sweep/wqq-0.2/best_model.pth and plots/margin-sweep/wqq-0.2/best_checkpoint.pt
Saved last model state_dict/full checkpoint to plots/margin-sweep/wqq-0.2/last_model.pth and plots/margin-sweep/wqq-0.2/last_checkpoint.pt
Epoch 2 train losses: {'total_loss': 1.473486534923315, 'invariant_loss': 0.3208390278145671, 'sigreg_loss': 20.660359375, 'triplet_loss': 0.01834396284923423, 'triplet_pos_distance': 0.06476977479923517, 'triplet_neg_distance': 0.9913497538566589, 'classification_loss': 1.1782970140874385}
Epoch 2 val losses: {'total_loss': 1.163532623052597, 'invariant_loss': 0.21547233074903488, 'sigreg_loss': 16.595625, 'triplet_loss': 0.012732158442959189, 'triplet_pos_distance': 0.03801347887143493, 'triplet_neg_distance': 1.1546829974651336, 'classification_loss': 1.1721676504611969}
Updated run summary at plots/margin-sweep/wqq-0.2/summary.json

Epoch [3/6]
Saved new best model state_dict/full checkpoint to plots/margin-sweep/wqq-0.2/best_model.pth and plots/margin-sweep/wqq-0.2/best_checkpoint.pt
Saved last model state_dict/full checkpoint to plots/margin-sweep/wqq-0.2/last_model.pth and plots/margin-sweep/wqq-0.2/last_checkpoint.pt
Epoch 3 train losses: {'total_loss': 1.042882130742073, 'invariant_loss': 0.2387721656486392, 'sigreg_loss': 13.7664375, 'triplet_loss': 0.009852752311271615, 'triplet_pos_distance': 0.04807109876442701, 'triplet_neg_distance': 1.236039935529232, 'classification_loss': 1.1482634454220533}
Epoch 3 val losses: {'total_loss': 0.9485199868679046, 'invariant_loss': 0.20755507960915565, 'sigreg_loss': 12.49125, 'triplet_loss': 0.008821245278231799, 'triplet_pos_distance': 0.03788134302943945, 'triplet_neg_distance': 1.3005112612247467, 'classification_loss': 1.1549293208122253}
Updated run summary at plots/margin-sweep/wqq-0.2/summary.json

Epoch [4/6]
Saved new best model state_dict/full checkpoint to plots/margin-sweep/wqq-0.2/best_model.pth and plots/margin-sweep/wqq-0.2/best_checkpoint.pt
Saved last model state_dict/full checkpoint to plots/margin-sweep/wqq-0.2/last_model.pth and plots/margin-sweep/wqq-0.2/last_checkpoint.pt
Epoch 4 train losses: {'total_loss': 0.8804524622559547, 'invariant_loss': 0.2196603955067694, 'sigreg_loss': 11.0098359375, 'triplet_loss': 0.008117190280114301, 'triplet_pos_distance': 0.04470208579581231, 'triplet_neg_distance': 1.3002012919187547, 'classification_loss': 1.0947252629250288}
Epoch 4 val losses: {'total_loss': 0.8492966556549072, 'invariant_loss': 0.17812702134251596, 'sigreg_loss': 11.163125, 'triplet_loss': 0.008475374989211559, 'triplet_pos_distance': 0.030543763106688857, 'triplet_neg_distance': 1.2661879014968873, 'classification_loss': 1.1207989978790283}
Updated run summary at plots/margin-sweep/wqq-0.2/summary.json

Epoch [5/6]
Saved new best model state_dict/full checkpoint to plots/margin-sweep/wqq-0.2/best_model.pth and plots/margin-sweep/wqq-0.2/best_checkpoint.pt
Saved last model state_dict/full checkpoint to plots/margin-sweep/wqq-0.2/last_model.pth and plots/margin-sweep/wqq-0.2/last_checkpoint.pt
Epoch 5 train losses: {'total_loss': 0.7877025556117296, 'invariant_loss': 0.21028993639349938, 'sigreg_loss': 9.4591171875, 'triplet_loss': 0.007355148869333789, 'triplet_pos_distance': 0.042890092991292476, 'triplet_neg_distance': 1.3497607305645942, 'classification_loss': 1.0372299387902022}
Epoch 5 val losses: {'total_loss': 0.7738988369703292, 'invariant_loss': 0.190954058021307, 'sigreg_loss': 9.38375, 'triplet_loss': 0.00731773684732616, 'triplet_pos_distance': 0.03292156293988228, 'triplet_neg_distance': 1.3614869558811187, 'classification_loss': 1.129747142791748}
Updated run summary at plots/margin-sweep/wqq-0.2/summary.json

Epoch [6/6]
Saved new best model state_dict/full checkpoint to plots/margin-sweep/wqq-0.2/best_model.pth and plots/margin-sweep/wqq-0.2/best_checkpoint.pt
Saved last model state_dict/full checkpoint to plots/margin-sweep/wqq-0.2/last_model.pth and plots/margin-sweep/wqq-0.2/last_checkpoint.pt
Epoch 6 train losses: {'total_loss': 0.7362713190317154, 'invariant_loss': 0.20721765093505382, 'sigreg_loss': 8.5362734375, 'triplet_loss': 0.006749970888893586, 'triplet_pos_distance': 0.042134766118600966, 'triplet_neg_distance': 1.3658133190572261, 'classification_loss': 1.0156713876277208}
Epoch 6 val losses: {'total_loss': 0.7407508093118668, 'invariant_loss': 0.1691189733147621, 'sigreg_loss': 9.086875, 'triplet_loss': 0.007407642174512148, 'triplet_pos_distance': 0.02871605538763106, 'triplet_neg_distance': 1.3335184669494629, 'classification_loss': 1.165160649418831}
Updated run summary at plots/margin-sweep/wqq-0.2/summary.json
Saved run summary to plots/margin-sweep/wqq-0.2/summary.json
Dataset backend: cms
Dataset root: /HEP/export/home/hgao50/jet-anomaly-data/ak8-v2
Loading /oscar/home/lwang223/jetAnomalyDetection/plots/margin-sweep/wqq-0.2/best_model.pth on cuda:0
Sampling 100 x 128 events from each source stream
Full-jet density latent space: representation
Background labels: QCD+Hbb+Zqq+Tbqq
Signal labels: Wqq
Dataset label axis: ['label_QCD', 'label_Hbb', 'label_Wqq', 'label_Zqq', 'label_Tbqq']
Particle feature order:
   0: part_px
   1: part_py
   2: part_pz
   3: part_energy
   4: part_pt
   5: log_pt_fraction
   6: part_deta
   7: part_dphi
   8: Cpfcan_dxysig
   9: log_Cpfcan_dxysig
  10: Cpfcan_dz
  11: part_charge
  12: part_isChargedHadron
  13: part_isNeutralHadron
  14: part_isPhoton
  15: part_isElectron
  16: part_isMuon
Batch-standardized particle features: ['log_pt_fraction', 'Cpfcan_dxysig', 'log_Cpfcan_dxysig', 'Cpfcan_dz']
CMS split source: /oscar/home/lwang223/jetAnomalyDetection/plots/margin-sweep/wqq-0.2/cms_split_manifest.json; sha256=41203a81ede4268b60dfe7c98bd1690cf2ba0eddeda0c00a161958a8afcec08f

Collecting full-event latents from train, validation, and signal streams...
Regrouped interleaved full latents: train background=10200, validation background=10200, signal=2600
AUC fit=0.504727, held-out=0.500737, validation=0.490572

Per-class centroid and Mahalanobis diagnostic
QCD: centroid shift=0.198056, AUC held-out=0.613398, validation=0.620044
Hbb: centroid shift=0.140189, AUC held-out=0.685148, validation=0.689196
Zqq: centroid shift=0.118963, AUC held-out=0.490830, validation=0.472819
Tbqq: centroid shift=0.13113, AUC held-out=0.698214, validation=0.696650

Saved diagnostics to /oscar/home/lwang223/jetAnomalyDetection/plots/margin-sweep/wqq-0.2/latent_diagnostics
Dataset: cms
Dataset root: /HEP/export/home/hgao50/jet-anomaly-data/ak8-v2
Background labels: ['label_QCD', 'label_Hbb', 'label_Zqq', 'label_Tbqq']
Signal labels: ['label_Wqq']
Particle features: ['part_px', 'part_py', 'part_pz', 'part_energy', 'part_pt', 'log_pt_fraction', 'part_deta', 'part_dphi', 'Cpfcan_dxysig', 'log_Cpfcan_dxysig', 'Cpfcan_dz', 'part_charge', 'part_isChargedHadron', 'part_isNeutralHadron', 'part_isPhoton', 'part_isElectron', 'part_isMuon']
Batch-normalized particle features: ['log_pt_fraction', 'Cpfcan_dxysig', 'log_Cpfcan_dxysig', 'Cpfcan_dz']
Lazy cms datasets ready; no full split has been loaded into RAM.
Background train ROOT shards: 1904
Background val ROOT shards: 239
Background test ROOT shards: 239
Signal test ROOT shards: 60
Per-event particle shape: (128, 17)
CMS active shards per worker: requested=4, effective=7; minimum family coverage=7.
Selected SSL model: semi-sup-triplet
Number of trainable parameters: 106,992

Epoch [1/6]
Saved new best model state_dict/full checkpoint to plots/margin-sweep/wqq-0.5/best_model.pth and plots/margin-sweep/wqq-0.5/best_checkpoint.pt
Saved last model state_dict/full checkpoint to plots/margin-sweep/wqq-0.5/last_model.pth and plots/margin-sweep/wqq-0.5/last_checkpoint.pt
Epoch 1 train losses: {'total_loss': 5.284983188033104, 'invariant_loss': 0.4091839638892561, 'sigreg_loss': 94.2899375, 'triplet_loss': 0.287159886656329, 'triplet_pos_distance': 0.09159043168676725, 'triplet_neg_distance': 0.43120046906208154, 'classification_loss': 1.3202658890485763}
Epoch 1 val losses: {'total_loss': 1.9647117614746095, 'invariant_loss': 0.4138701793551445, 'sigreg_loss': 28.33125, 'triplet_loss': 0.12889481864869595, 'triplet_pos_distance': 0.09012292951345444, 'triplet_neg_distance': 0.7703291201591491, 'classification_loss': 1.2170208954811097}
Updated run summary at plots/margin-sweep/wqq-0.5/summary.json

Epoch [2/6]
Saved new best model state_dict/full checkpoint to plots/margin-sweep/wqq-0.5/best_model.pth and plots/margin-sweep/wqq-0.5/best_checkpoint.pt
Saved last model state_dict/full checkpoint to plots/margin-sweep/wqq-0.5/last_model.pth and plots/margin-sweep/wqq-0.5/last_checkpoint.pt
Epoch 2 train losses: {'total_loss': 1.4816013300716877, 'invariant_loss': 0.3168418404608965, 'sigreg_loss': 20.76996875, 'triplet_loss': 0.08216299863345922, 'triplet_pos_distance': 0.0644495789790526, 'triplet_neg_distance': 1.076066732108593, 'classification_loss': 1.1804708725512028}
Epoch 2 val losses: {'total_loss': 1.1835057938098907, 'invariant_loss': 0.21530467867851258, 'sigreg_loss': 16.89625, 'triplet_loss': 0.058891750276088714, 'triplet_pos_distance': 0.03804386962205172, 'triplet_neg_distance': 1.2230216038227082, 'classification_loss': 1.1770256626605988}
Updated run summary at plots/margin-sweep/wqq-0.5/summary.json

Epoch [3/6]
Saved new best model state_dict/full checkpoint to plots/margin-sweep/wqq-0.5/best_model.pth and plots/margin-sweep/wqq-0.5/best_checkpoint.pt
Saved last model state_dict/full checkpoint to plots/margin-sweep/wqq-0.5/last_model.pth and plots/margin-sweep/wqq-0.5/last_checkpoint.pt
Epoch 3 train losses: {'total_loss': 1.0480113121569157, 'invariant_loss': 0.24023919535428287, 'sigreg_loss': 13.75853125, 'triplet_loss': 0.04773145571118221, 'triplet_pos_distance': 0.048550154210999605, 'triplet_neg_distance': 1.2862954996228217, 'classification_loss': 1.1509710916280746}
Epoch 3 val losses: {'total_loss': 0.9464070302248001, 'invariant_loss': 0.20825805202126502, 'sigreg_loss': 12.37125, 'triplet_loss': 0.04246397839859128, 'triplet_pos_distance': 0.038004181366413835, 'triplet_neg_distance': 1.3268316721916198, 'classification_loss': 1.1532835066318512}
Updated run summary at plots/margin-sweep/wqq-0.5/summary.json

Epoch [4/6]
Saved new best model state_dict/full checkpoint to plots/margin-sweep/wqq-0.5/best_model.pth and plots/margin-sweep/wqq-0.5/best_checkpoint.pt
Saved last model state_dict/full checkpoint to plots/margin-sweep/wqq-0.5/last_model.pth and plots/margin-sweep/wqq-0.5/last_checkpoint.pt
Epoch 4 train losses: {'total_loss': 0.8891653861254454, 'invariant_loss': 0.2212113046273589, 'sigreg_loss': 11.0944375, 'triplet_loss': 0.03909505436196923, 'triplet_pos_distance': 0.04507958746235818, 'triplet_neg_distance': 1.3236402242779732, 'classification_loss': 1.092945665061474}
Epoch 4 val losses: {'total_loss': 0.863546965122223, 'invariant_loss': 0.17958640441298485, 'sigreg_loss': 11.355625, 'triplet_loss': 0.039479044806212185, 'triplet_pos_distance': 0.030985332913696765, 'triplet_neg_distance': 1.2932723569869995, 'classification_loss': 1.1223921483755113}
Updated run summary at plots/margin-sweep/wqq-0.5/summary.json

Epoch [5/6]
Saved new best model state_dict/full checkpoint to plots/margin-sweep/wqq-0.5/best_model.pth and plots/margin-sweep/wqq-0.5/best_checkpoint.pt
Saved last model state_dict/full checkpoint to plots/margin-sweep/wqq-0.5/last_model.pth and plots/margin-sweep/wqq-0.5/last_checkpoint.pt
Epoch 5 train losses: {'total_loss': 0.7942300653606653, 'invariant_loss': 0.21022871658951045, 'sigreg_loss': 9.539953125, 'triplet_loss': 0.03422478015627712, 'triplet_pos_distance': 0.04294369566626847, 'triplet_neg_distance': 1.3633656121492386, 'classification_loss': 1.0357739714682102}
Epoch 5 val losses: {'total_loss': 0.8197736597061157, 'invariant_loss': 0.19790636986494065, 'sigreg_loss': 10.11875, 'triplet_loss': 0.031661827620118856, 'triplet_pos_distance': 0.03413940493017435, 'triplet_neg_distance': 1.401429705619812, 'classification_loss': 1.1278312891721725}
Updated run summary at plots/margin-sweep/wqq-0.5/summary.json

Epoch [6/6]
Saved new best model state_dict/full checkpoint to plots/margin-sweep/wqq-0.5/best_model.pth and plots/margin-sweep/wqq-0.5/best_checkpoint.pt
Saved last model state_dict/full checkpoint to plots/margin-sweep/wqq-0.5/last_model.pth and plots/margin-sweep/wqq-0.5/last_checkpoint.pt
Epoch 6 train losses: {'total_loss': 0.7383918442428112, 'invariant_loss': 0.2059257184229791, 'sigreg_loss': 8.5570390625, 'triplet_loss': 0.03172737025655806, 'triplet_pos_distance': 0.04198528975015506, 'triplet_neg_distance': 1.386707412391901, 'classification_loss': 1.0144572439044715}
Epoch 6 val losses: {'total_loss': 0.7181141233444214, 'invariant_loss': 0.16738637492060662, 'sigreg_loss': 8.6221875, 'triplet_loss': 0.03353365819901228, 'triplet_pos_distance': 0.028713401947170494, 'triplet_neg_distance': 1.3673483192920686, 'classification_loss': 1.1630015766620636}
Updated run summary at plots/margin-sweep/wqq-0.5/summary.json
Saved run summary to plots/margin-sweep/wqq-0.5/summary.json
Dataset backend: cms
Dataset root: /HEP/export/home/hgao50/jet-anomaly-data/ak8-v2
Loading /oscar/home/lwang223/jetAnomalyDetection/plots/margin-sweep/wqq-0.5/best_model.pth on cuda:0
Sampling 100 x 128 events from each source stream
Full-jet density latent space: representation
Background labels: QCD+Hbb+Zqq+Tbqq
Signal labels: Wqq
Dataset label axis: ['label_QCD', 'label_Hbb', 'label_Wqq', 'label_Zqq', 'label_Tbqq']
Particle feature order:
   0: part_px
   1: part_py
   2: part_pz
   3: part_energy
   4: part_pt
   5: log_pt_fraction
   6: part_deta
   7: part_dphi
   8: Cpfcan_dxysig
   9: log_Cpfcan_dxysig
  10: Cpfcan_dz
  11: part_charge
  12: part_isChargedHadron
  13: part_isNeutralHadron
  14: part_isPhoton
  15: part_isElectron
  16: part_isMuon
Batch-standardized particle features: ['log_pt_fraction', 'Cpfcan_dxysig', 'log_Cpfcan_dxysig', 'Cpfcan_dz']
CMS split source: /oscar/home/lwang223/jetAnomalyDetection/plots/margin-sweep/wqq-0.5/cms_split_manifest.json; sha256=41203a81ede4268b60dfe7c98bd1690cf2ba0eddeda0c00a161958a8afcec08f

Collecting full-event latents from train, validation, and signal streams...
Regrouped interleaved full latents: train background=10200, validation background=10200, signal=2600
AUC fit=0.501617, held-out=0.494219, validation=0.487009

Per-class centroid and Mahalanobis diagnostic
QCD: centroid shift=0.186223, AUC held-out=0.617197, validation=0.620876
Hbb: centroid shift=0.159574, AUC held-out=0.666642, validation=0.667991
Zqq: centroid shift=0.0968148, AUC held-out=0.496969, validation=0.480267
Tbqq: centroid shift=0.122962, AUC held-out=0.684214, validation=0.682675

Saved diagnostics to /oscar/home/lwang223/jetAnomalyDetection/plots/margin-sweep/wqq-0.5/latent_diagnostics
Dataset: cms
Dataset root: /HEP/export/home/hgao50/jet-anomaly-data/ak8-v2
Background labels: ['label_QCD', 'label_Hbb', 'label_Zqq', 'label_Tbqq']
Signal labels: ['label_Wqq']
Particle features: ['part_px', 'part_py', 'part_pz', 'part_energy', 'part_pt', 'log_pt_fraction', 'part_deta', 'part_dphi', 'Cpfcan_dxysig', 'log_Cpfcan_dxysig', 'Cpfcan_dz', 'part_charge', 'part_isChargedHadron', 'part_isNeutralHadron', 'part_isPhoton', 'part_isElectron', 'part_isMuon']
Batch-normalized particle features: ['log_pt_fraction', 'Cpfcan_dxysig', 'log_Cpfcan_dxysig', 'Cpfcan_dz']
Lazy cms datasets ready; no full split has been loaded into RAM.
Background train ROOT shards: 1904
Background val ROOT shards: 239
Background test ROOT shards: 239
Signal test ROOT shards: 60
Per-event particle shape: (128, 17)
CMS active shards per worker: requested=4, effective=7; minimum family coverage=7.
Selected SSL model: semi-sup-triplet
Number of trainable parameters: 106,992

Epoch [1/6]
Saved new best model state_dict/full checkpoint to plots/margin-sweep/wqq-1.0/best_model.pth and plots/margin-sweep/wqq-1.0/best_checkpoint.pt
Saved last model state_dict/full checkpoint to plots/margin-sweep/wqq-1.0/last_model.pth and plots/margin-sweep/wqq-1.0/last_checkpoint.pt
Epoch 1 train losses: {'total_loss': 5.320762513041497, 'invariant_loss': 0.404865349072963, 'sigreg_loss': 94.2976875, 'triplet_loss': 0.6853189502060414, 'triplet_pos_distance': 0.09120064997188455, 'triplet_neg_distance': 0.45668220535700677, 'classification_loss': 1.3192776285111905}
Epoch 1 val losses: {'total_loss': 2.005597311258316, 'invariant_loss': 0.3965114015340805, 'sigreg_loss': 29.00625, 'triplet_loss': 0.3716291177272797, 'triplet_pos_distance': 0.0866326030343771, 'triplet_neg_distance': 0.9007983082532882, 'classification_loss': 1.2161047565937042}
Updated run summary at plots/margin-sweep/wqq-1.0/summary.json

Epoch [2/6]
Saved new best model state_dict/full checkpoint to plots/margin-sweep/wqq-1.0/best_model.pth and plots/margin-sweep/wqq-1.0/best_checkpoint.pt
Saved last model state_dict/full checkpoint to plots/margin-sweep/wqq-1.0/last_model.pth and plots/margin-sweep/wqq-1.0/last_checkpoint.pt
Epoch 2 train losses: {'total_loss': 1.5007139587700367, 'invariant_loss': 0.31171259881928565, 'sigreg_loss': 20.920203125, 'triplet_loss': 0.24536840790510178, 'triplet_pos_distance': 0.06472745850495994, 'triplet_neg_distance': 1.257318325906992, 'classification_loss': 1.1844107411801814}
Epoch 2 val losses: {'total_loss': 1.2455135762691498, 'invariant_loss': 0.20990856498479843, 'sigreg_loss': 17.955625, 'triplet_loss': 0.19400401711463927, 'triplet_pos_distance': 0.03700823770835995, 'triplet_neg_distance': 1.370338829755783, 'classification_loss': 1.1847023916244508}
Updated run summary at plots/margin-sweep/wqq-1.0/summary.json

Epoch [3/6]
Saved new best model state_dict/full checkpoint to plots/margin-sweep/wqq-1.0/best_model.pth and plots/margin-sweep/wqq-1.0/best_checkpoint.pt
Saved last model state_dict/full checkpoint to plots/margin-sweep/wqq-1.0/last_model.pth and plots/margin-sweep/wqq-1.0/last_checkpoint.pt
Epoch 3 train losses: {'total_loss': 1.0594759929925204, 'invariant_loss': 0.23658061426132918, 'sigreg_loss': 13.8224375, 'triplet_loss': 0.15912317828461528, 'triplet_pos_distance': 0.04845553090190515, 'triplet_neg_distance': 1.4226373952925204, 'classification_loss': 1.1585854294896125}
Epoch 3 val losses: {'total_loss': 1.0013078606128694, 'invariant_loss': 0.20399944245815277, 'sigreg_loss': 13.341875, 'triplet_loss': 0.14313577748835088, 'triplet_pos_distance': 0.03705896457657218, 'triplet_neg_distance': 1.4489417147636414, 'classification_loss': 1.157682764530182}
Updated run summary at plots/margin-sweep/wqq-1.0/summary.json

Epoch [4/6]
Saved new best model state_dict/full checkpoint to plots/margin-sweep/wqq-1.0/best_model.pth and plots/margin-sweep/wqq-1.0/best_checkpoint.pt
Saved last model state_dict/full checkpoint to plots/margin-sweep/wqq-1.0/last_model.pth and plots/margin-sweep/wqq-1.0/last_checkpoint.pt
Epoch 4 train losses: {'total_loss': 0.8979034871160984, 'invariant_loss': 0.2199703838676214, 'sigreg_loss': 11.077515625, 'triplet_loss': 0.13403264414332808, 'triplet_pos_distance': 0.04538822944974527, 'triplet_neg_distance': 1.4619719598591328, 'classification_loss': 1.1066117765158414}
Epoch 4 val losses: {'total_loss': 0.8345840990543365, 'invariant_loss': 0.180991550385952, 'sigreg_loss': 10.560625, 'triplet_loss': 0.13241267912089824, 'triplet_pos_distance': 0.03093333402648568, 'triplet_neg_distance': 1.4315343058109284, 'classification_loss': 1.124411205649376}
Updated run summary at plots/margin-sweep/wqq-1.0/summary.json

Epoch [5/6]
Saved new best model state_dict/full checkpoint to plots/margin-sweep/wqq-1.0/best_model.pth and plots/margin-sweep/wqq-1.0/best_checkpoint.pt
Saved last model state_dict/full checkpoint to plots/margin-sweep/wqq-1.0/last_model.pth and plots/margin-sweep/wqq-1.0/last_checkpoint.pt
Epoch 5 train losses: {'total_loss': 0.8009521299898624, 'invariant_loss': 0.2108614231608808, 'sigreg_loss': 9.489765625, 'triplet_loss': 0.11781244895607233, 'triplet_pos_distance': 0.043488745735026896, 'triplet_neg_distance': 1.4762894475460053, 'classification_loss': 1.0382263667434455}
Epoch 5 val losses: {'total_loss': 0.7759301882982254, 'invariant_loss': 0.1840508821606636, 'sigreg_loss': 9.338125, 'triplet_loss': 0.11171178944408894, 'triplet_pos_distance': 0.03166480825282633, 'triplet_neg_distance': 1.5015076291561127, 'classification_loss': 1.1371593153476716}
Updated run summary at plots/margin-sweep/wqq-1.0/summary.json

Epoch [6/6]
Saved new best model state_dict/full checkpoint to plots/margin-sweep/wqq-1.0/best_model.pth and plots/margin-sweep/wqq-1.0/best_checkpoint.pt
Saved last model state_dict/full checkpoint to plots/margin-sweep/wqq-1.0/last_model.pth and plots/margin-sweep/wqq-1.0/last_checkpoint.pt
Epoch 6 train losses: {'total_loss': 0.748124909311533, 'invariant_loss': 0.2042927041016519, 'sigreg_loss': 8.6344140625, 'triplet_loss': 0.10906049821712077, 'triplet_pos_distance': 0.04225615641986951, 'triplet_neg_distance': 1.4905746751129627, 'classification_loss': 1.0119860756248236}
Epoch 6 val losses: {'total_loss': 0.7056229883432388, 'invariant_loss': 0.17238723307847978, 'sigreg_loss': 8.098125, 'triplet_loss': 0.1103169234842062, 'triplet_pos_distance': 0.03026188526302576, 'triplet_neg_distance': 1.4815577626228333, 'classification_loss': 1.1732124269008637}
Updated run summary at plots/margin-sweep/wqq-1.0/summary.json
Saved run summary to plots/margin-sweep/wqq-1.0/summary.json
Dataset backend: cms
Dataset root: /HEP/export/home/hgao50/jet-anomaly-data/ak8-v2
Loading /oscar/home/lwang223/jetAnomalyDetection/plots/margin-sweep/wqq-1.0/best_model.pth on cuda:0
Sampling 100 x 128 events from each source stream
Full-jet density latent space: representation
Background labels: QCD+Hbb+Zqq+Tbqq
Signal labels: Wqq
Dataset label axis: ['label_QCD', 'label_Hbb', 'label_Wqq', 'label_Zqq', 'label_Tbqq']
Particle feature order:
   0: part_px
   1: part_py
   2: part_pz
   3: part_energy
   4: part_pt
   5: log_pt_fraction
   6: part_deta
   7: part_dphi
   8: Cpfcan_dxysig
   9: log_Cpfcan_dxysig
  10: Cpfcan_dz
  11: part_charge
  12: part_isChargedHadron
  13: part_isNeutralHadron
  14: part_isPhoton
  15: part_isElectron
  16: part_isMuon
Batch-standardized particle features: ['log_pt_fraction', 'Cpfcan_dxysig', 'log_Cpfcan_dxysig', 'Cpfcan_dz']
CMS split source: /oscar/home/lwang223/jetAnomalyDetection/plots/margin-sweep/wqq-1.0/cms_split_manifest.json; sha256=41203a81ede4268b60dfe7c98bd1690cf2ba0eddeda0c00a161958a8afcec08f

Collecting full-event latents from train, validation, and signal streams...
Regrouped interleaved full latents: train background=10200, validation background=10200, signal=2600
AUC fit=0.492307, held-out=0.483889, validation=0.471484

Per-class centroid and Mahalanobis diagnostic
QCD: centroid shift=0.167679, AUC held-out=0.599846, validation=0.602663
Hbb: centroid shift=0.145179, AUC held-out=0.688345, validation=0.678439
Zqq: centroid shift=0.139833, AUC held-out=0.498545, validation=0.481881
Tbqq: centroid shift=0.146826, AUC held-out=0.679485, validation=0.676096

Saved diagnostics to /oscar/home/lwang223/jetAnomalyDetection/plots/margin-sweep/wqq-1.0/latent_diagnostics
Dataset: cms
Dataset root: /HEP/export/home/hgao50/jet-anomaly-data/ak8-v2
Background labels: ['label_QCD', 'label_Hbb', 'label_Zqq', 'label_Tbqq']
Signal labels: ['label_Wqq']
Particle features: ['part_px', 'part_py', 'part_pz', 'part_energy', 'part_pt', 'log_pt_fraction', 'part_deta', 'part_dphi', 'Cpfcan_dxysig', 'log_Cpfcan_dxysig', 'Cpfcan_dz', 'part_charge', 'part_isChargedHadron', 'part_isNeutralHadron', 'part_isPhoton', 'part_isElectron', 'part_isMuon']
Batch-normalized particle features: ['log_pt_fraction', 'Cpfcan_dxysig', 'log_Cpfcan_dxysig', 'Cpfcan_dz']
Lazy cms datasets ready; no full split has been loaded into RAM.
Background train ROOT shards: 1904
Background val ROOT shards: 239
Background test ROOT shards: 239
Signal test ROOT shards: 60
Per-event particle shape: (128, 17)
CMS active shards per worker: requested=4, effective=7; minimum family coverage=7.
Selected SSL model: semi-sup-triplet
Number of trainable parameters: 106,992

Epoch [1/6]
Saved new best model state_dict/full checkpoint to plots/margin-sweep/wqq-2.0/best_model.pth and plots/margin-sweep/wqq-2.0/best_checkpoint.pt
Saved last model state_dict/full checkpoint to plots/margin-sweep/wqq-2.0/last_model.pth and plots/margin-sweep/wqq-2.0/last_checkpoint.pt
Epoch 1 train losses: {'total_loss': 5.410183967381716, 'invariant_loss': 0.40134798733145, 'sigreg_loss': 94.32475, 'triplet_loss': 1.6015331424325705, 'triplet_pos_distance': 0.09115147317228547, 'triplet_neg_distance': 0.49694917275046463, 'classification_loss': 1.319072693526745}
Epoch 1 val losses: {'total_loss': 2.0908764934539796, 'invariant_loss': 0.38180017918348313, 'sigreg_loss': 29.68625, 'triplet_loss': 1.0306133490800857, 'triplet_pos_distance': 0.08510068580508232, 'triplet_neg_distance': 1.1209665167331695, 'classification_loss': 1.214836938381195}
Updated run summary at plots/margin-sweep/wqq-2.0/summary.json

Epoch [2/6]
Saved new best model state_dict/full checkpoint to plots/margin-sweep/wqq-2.0/best_model.pth and plots/margin-sweep/wqq-2.0/best_checkpoint.pt
Saved last model state_dict/full checkpoint to plots/margin-sweep/wqq-2.0/last_model.pth and plots/margin-sweep/wqq-2.0/last_checkpoint.pt
Epoch 2 train losses: {'total_loss': 1.55535845169425, 'invariant_loss': 0.3162018338367343, 'sigreg_loss': 21.001609375, 'triplet_loss': 0.7043835535570979, 'triplet_pos_distance': 0.06925786493439227, 'triplet_neg_distance': 1.6456074726879597, 'classification_loss': 1.1863817662894727}
Epoch 2 val losses: {'total_loss': 1.2366349375247956, 'invariant_loss': 0.234725044965744, 'sigreg_loss': 16.655, 'triplet_loss': 0.5075541242957116, 'triplet_pos_distance': 0.04528231972828507, 'triplet_neg_distance': 2.0034018456935883, 'classification_loss': 1.1842009663581847}
Updated run summary at plots/margin-sweep/wqq-2.0/summary.json

Epoch [3/6]
Saved new best model state_dict/full checkpoint to plots/margin-sweep/wqq-2.0/best_model.pth and plots/margin-sweep/wqq-2.0/best_checkpoint.pt
Saved last model state_dict/full checkpoint to plots/margin-sweep/wqq-2.0/last_model.pth and plots/margin-sweep/wqq-2.0/last_checkpoint.pt
Epoch 3 train losses: {'total_loss': 1.0997821890115738, 'invariant_loss': 0.24784825017675757, 'sigreg_loss': 13.85690625, 'triplet_loss': 0.44874133495241403, 'triplet_pos_distance': 0.053394785701762884, 'triplet_neg_distance': 2.111106445163488, 'classification_loss': 1.1422776730060578}
Epoch 3 val losses: {'total_loss': 0.9639439117908478, 'invariant_loss': 0.21405140414834023, 'sigreg_loss': 11.9375, 'triplet_loss': 0.38111252814531327, 'triplet_pos_distance': 0.04237628325819969, 'triplet_neg_distance': 2.2341918087005617, 'classification_loss': 1.149062471985817}
Updated run summary at plots/margin-sweep/wqq-2.0/summary.json

Epoch [4/6]
Saved new best model state_dict/full checkpoint to plots/margin-sweep/wqq-2.0/best_model.pth and plots/margin-sweep/wqq-2.0/best_checkpoint.pt
Saved last model state_dict/full checkpoint to plots/margin-sweep/wqq-2.0/last_model.pth and plots/margin-sweep/wqq-2.0/last_checkpoint.pt
Epoch 4 train losses: {'total_loss': 0.9321280344873667, 'invariant_loss': 0.23125930728018285, 'sigreg_loss': 11.1725234375, 'triplet_loss': 0.33566510629281404, 'triplet_pos_distance': 0.05131353118596599, 'triplet_neg_distance': 2.4096815314888955, 'classification_loss': 1.0868892701417208}
Epoch 4 val losses: {'total_loss': 0.8759748309850692, 'invariant_loss': 0.21906033933162689, 'sigreg_loss': 10.543125, 'triplet_loss': 0.17228740200400353, 'triplet_pos_distance': 0.04962868405506015, 'triplet_neg_distance': 2.9918029069900514, 'classification_loss': 1.125177682042122}
Updated run summary at plots/margin-sweep/wqq-2.0/summary.json

Epoch [5/6]
Saved new best model state_dict/full checkpoint to plots/margin-sweep/wqq-2.0/best_model.pth and plots/margin-sweep/wqq-2.0/best_checkpoint.pt
Saved last model state_dict/full checkpoint to plots/margin-sweep/wqq-2.0/last_model.pth and plots/margin-sweep/wqq-2.0/last_checkpoint.pt
Epoch 5 train losses: {'total_loss': 0.8249639457315207, 'invariant_loss': 0.21763725878298282, 'sigreg_loss': 9.714484375, 'triplet_loss': 0.1851478744931519, 'triplet_pos_distance': 0.04851525120902807, 'triplet_neg_distance': 3.0905776161551475, 'classification_loss': 1.0310485926121473}
Epoch 5 val losses: {'total_loss': 0.827212137579918, 'invariant_loss': 0.18722346648573876, 'sigreg_loss': 9.864375, 'triplet_loss': 0.3435197639465332, 'triplet_pos_distance': 0.03196924529969692, 'triplet_neg_distance': 2.581771819591522, 'classification_loss': 1.1243355941772462}
Updated run summary at plots/margin-sweep/wqq-2.0/summary.json

Epoch [6/6]
Saved new best model state_dict/full checkpoint to plots/margin-sweep/wqq-2.0/best_model.pth and plots/margin-sweep/wqq-2.0/best_checkpoint.pt
Saved last model state_dict/full checkpoint to plots/margin-sweep/wqq-2.0/last_model.pth and plots/margin-sweep/wqq-2.0/last_checkpoint.pt
Epoch 6 train losses: {'total_loss': 0.7566434519439935, 'invariant_loss': 0.20448720122128725, 'sigreg_loss': 8.8763046875, 'triplet_loss': 0.07636591436294839, 'triplet_pos_distance': 0.043667837112676355, 'triplet_neg_distance': 3.852293382048607, 'classification_loss': 1.0071838135570288}
Epoch 6 val losses: {'total_loss': 0.7373184412717819, 'invariant_loss': 0.1636725614964962, 'sigreg_loss': 8.9853125, 'triplet_loss': 0.047574458941817284, 'triplet_pos_distance': 0.028890211991965772, 'triplet_neg_distance': 3.838143157958984, 'classification_loss': 1.1959155070781708}
Updated run summary at plots/margin-sweep/wqq-2.0/summary.json
Saved run summary to plots/margin-sweep/wqq-2.0/summary.json
Dataset backend: cms
Dataset root: /HEP/export/home/hgao50/jet-anomaly-data/ak8-v2
Loading /oscar/home/lwang223/jetAnomalyDetection/plots/margin-sweep/wqq-2.0/best_model.pth on cuda:0
Sampling 100 x 128 events from each source stream
Full-jet density latent space: representation
Background labels: QCD+Hbb+Zqq+Tbqq
Signal labels: Wqq
Dataset label axis: ['label_QCD', 'label_Hbb', 'label_Wqq', 'label_Zqq', 'label_Tbqq']
Particle feature order:
   0: part_px
   1: part_py
   2: part_pz
   3: part_energy
   4: part_pt
   5: log_pt_fraction
   6: part_deta
   7: part_dphi
   8: Cpfcan_dxysig
   9: log_Cpfcan_dxysig
  10: Cpfcan_dz
  11: part_charge
  12: part_isChargedHadron
  13: part_isNeutralHadron
  14: part_isPhoton
  15: part_isElectron
  16: part_isMuon
Batch-standardized particle features: ['log_pt_fraction', 'Cpfcan_dxysig', 'log_Cpfcan_dxysig', 'Cpfcan_dz']
CMS split source: /oscar/home/lwang223/jetAnomalyDetection/plots/margin-sweep/wqq-2.0/cms_split_manifest.json; sha256=41203a81ede4268b60dfe7c98bd1690cf2ba0eddeda0c00a161958a8afcec08f

Collecting full-event latents from train, validation, and signal streams...
Regrouped interleaved full latents: train background=10200, validation background=10200, signal=2600
AUC fit=0.503519, held-out=0.498312, validation=0.476590

Per-class centroid and Mahalanobis diagnostic
QCD: centroid shift=0.317093, AUC held-out=0.593339, validation=0.569234
Hbb: centroid shift=0.135426, AUC held-out=0.673789, validation=0.663315
Zqq: centroid shift=0.135565, AUC held-out=0.507157, validation=0.486877
Tbqq: centroid shift=0.132137, AUC held-out=0.674770, validation=0.669158

Saved diagnostics to /oscar/home/lwang223/jetAnomalyDetection/plots/margin-sweep/wqq-2.0/latent_diagnostics
