## SLURM PROLOG ###############################################################
##    Job ID : 4067827
##  Job Name : AK8-SS-m0.5-hbb
##  Nodelist : gpu2708
##      CPUs : 1
##  Mem/Node : 90000 MB
## Directory : /oscar/home/hgao50/jetAnomalyDetection
##   Job Started : Fri Jul 17 05:32:09 PM EDT 2026
###############################################################################

==========================================
Job started at: Fri Jul 17 05:32:09 PM EDT 2026
Job ID: 4067827
Node: gpu2708
MARGIN=0.5  SIGNAL=hbb
==========================================

GPU Information (from host):
Fri Jul 17 17:32:09 2026       
+-----------------------------------------------------------------------------------------+
| NVIDIA-SMI 575.57.08              Driver Version: 575.57.08      CUDA Version: 12.9     |
|-----------------------------------------+------------------------+----------------------+
| GPU  Name                 Persistence-M | Bus-Id          Disp.A | Volatile Uncorr. ECC |
| Fan  Temp   Perf          Pwr:Usage/Cap |           Memory-Usage | GPU-Util  Compute M. |
|                                         |                        |               MIG M. |
|=========================================+========================+======================|
|   0  NVIDIA L40S                    On  |   00000000:C1:00.0 Off |                    0 |
| N/A   42C    P8             48W /  350W |      76MiB /  46068MiB |      0%      Default |
|                                         |                        |                  N/A |
+-----------------------------------------+------------------------+----------------------+
                                                                                         
+-----------------------------------------------------------------------------------------+
| Processes:                                                                              |
|  GPU   GI   CI              PID   Type   Process name                        GPU Memory |
|        ID   ID                                                               Usage      |
|=========================================================================================|
|    0   N/A  N/A          157414      G   /usr/libexec/Xorg                        64MiB |
+-----------------------------------------------------------------------------------------+

PyTorch 2.2.1+cu118, cuda=True, device=NVIDIA L40S
Staged qcd: 395 files -> /tmp/ak8_semisup_hbb_m0.5_4067827/qcd
Staged wjets: 200 files -> /tmp/ak8_semisup_hbb_m0.5_4067827/wjets
Staged zjets: 200 files -> /tmp/ak8_semisup_hbb_m0.5_4067827/zjets
Staged ttbar: 199 files -> /tmp/ak8_semisup_hbb_m0.5_4067827/ttbar
Staged signal hbb: 188 files -> /tmp/ak8_semisup_hbb_m0.5_4067827/signal_hbb
Background dirs: /tmp/ak8_semisup_hbb_m0.5_4067827/qcd,/tmp/ak8_semisup_hbb_m0.5_4067827/wjets,/tmp/ak8_semisup_hbb_m0.5_4067827/zjets,/tmp/ak8_semisup_hbb_m0.5_4067827/ttbar
Background names: QCD,WJets,ZJets,TTbar
Signal: hbb (Hbb)
Margin: 0.5
Output dir: plots/run-lejepa-ak8-semisup-m0.5-hbb
Streaming backgrounds from /tmp/ak8_semisup_hbb_m0.5_4067827/qcd,/tmp/ak8_semisup_hbb_m0.5_4067827/wjets,/tmp/ak8_semisup_hbb_m0.5_4067827/zjets,/tmp/ak8_semisup_hbb_m0.5_4067827/ttbar
Streaming signal from /tmp/ak8_semisup_hbb_m0.5_4067827/signal_hbb
Node feature names: ['eta', 'phi', 'pt', 'd0/d0Err', 'dz/dzErr', 'charge', 'mass', 'log_pt', 'pdgId_-211', 'pdgId_-13', 'pdgId_-11', 'pdgId_11', 'pdgId_13', 'pdgId_22', 'pdgId_130', 'pdgId_211']
Streaming mode: discovering ROOT shards (no full in-memory load).
  class 0 (QCD): 395 ROOT files
  class 1 (WJets): 200 ROOT files
  class 2 (ZJets): 200 ROOT files
  class 3 (TTbar): 199 ROOT files
  split QCD: train_files=355 val_files=40
  split WJets: train_files=180 val_files=20
  split ZJets: train_files=180 val_files=20
  split TTbar: train_files=179 val_files=20
  signal (Hbb): 188 ROOT files
Streaming configured: steps_per_epoch=1000, val_steps=100, eval_steps=100
Streaming datasets already prepared in load(); skipping RAM materialization.
Skipping feature plots in streaming mode.
Selected SSL model: semi-sup-triplet
Model summary:
LeJEPASemiSupervisedTripletParticleTransformerRepresentation(
  (node_embedding): NodeEmbedding(
    (net): Sequential(
      (0): Linear(in_features=16, out_features=128, bias=True)
      (1): GELU(approximate='none')
      (2): LayerNorm((128,), eps=1e-05, elementwise_affine=True)
      (3): Linear(in_features=128, out_features=512, bias=True)
      (4): GELU(approximate='none')
      (5): LayerNorm((512,), eps=1e-05, elementwise_affine=True)
      (6): Linear(in_features=512, out_features=128, bias=True)
      (7): Dropout(p=0.1, inplace=False)
    )
  )
  (pairwise_bias): PairwiseAttentionBias(
    (mlp): Sequential(
      (0): RMSNorm()
      (1): Linear(in_features=4, out_features=16, bias=True)
      (2): SiLU()
      (3): Dropout(p=0.1, inplace=False)
      (4): Linear(in_features=16, out_features=16, bias=True)
      (5): SiLU()
      (6): Dropout(p=0.1, inplace=False)
      (7): Linear(in_features=16, out_features=8, bias=True)
    )
  )
  (encoder): ParticleTransformerEncoder(
    (layers): ModuleList(
      (0-7): 8 x ParticleTransformerBlock(
        (attn_norm): RMSNorm()
        (self_attn): MultiheadAttention(
          (out_proj): NonDynamicallyQuantizableLinear(in_features=128, out_features=128, bias=True)
        )
        (attn_dropout): Dropout(p=0.1, inplace=False)
        (ffn_norm): RMSNorm()
        (ffn): SwiGLUFFN(
          (fc1): Linear(in_features=128, out_features=1024, bias=True)
          (act): SwiGLU()
          (fc2): Linear(in_features=512, out_features=128, bias=True)
          (dropout): Dropout(p=0.1, inplace=False)
        )
      )
    )
  )
  (cls_pooling): CLSPooling(
    (layers): ModuleList(
      (0-1): 2 x ClassAttentionBlock(
        (query_norm): LayerNorm((128,), eps=1e-05, elementwise_affine=True)
        (context_norm): LayerNorm((128,), eps=1e-05, elementwise_affine=True)
        (attn): MultiheadAttention(
          (out_proj): NonDynamicallyQuantizableLinear(in_features=128, out_features=128, bias=True)
        )
        (attn_dropout): Dropout(p=0.0, inplace=False)
        (ffn_norm): LayerNorm((128,), eps=1e-05, elementwise_affine=True)
        (ffn): Sequential(
          (0): Linear(in_features=128, out_features=512, bias=True)
          (1): GELU(approximate='none')
          (2): Dropout(p=0.0, inplace=False)
          (3): Linear(in_features=512, out_features=128, bias=True)
          (4): Dropout(p=0.0, inplace=False)
        )
      )
    )
  )
  (representation_head): RepresentationHead(
    (net): Sequential(
      (0): RMSNorm()
      (1): Linear(in_features=128, out_features=128, bias=True)
      (2): SiLU()
      (3): Dropout(p=0.1, inplace=False)
      (4): Linear(in_features=128, out_features=128, bias=True)
    )
  )
  (augmentation): MultiViewAugmentation()
  (negative_augmentation): CorruptedNegativeAugmentation()
  (loss): LeJEPASIGRegTripletClassificationLoss(
    (triplet_loss): LeJEPASIGRegTripletLoss(
      (lejepa_loss): LeJEPASIGRegLoss(
        (sigreg_loss_fn): SlicingUnivariateTest(
          (univariate_test): EppsPulley()
        )
      )
    )
  )
  (classification_head): CategoricalClassificationHead(
    (net): Sequential(
      (0): RMSNorm()
      (1): Linear(in_features=128, out_features=128, bias=True)
      (2): SiLU()
      (3): Dropout(p=0.1, inplace=False)
      (4): Linear(in_features=128, out_features=4, bias=True)
    )
  )
)
Number of trainable parameters: 2695664
Skipping augmentation sample plots.
Initialized run summary at plots/run-lejepa-ak8-semisup-m0.5-hbb/summary.json

Epoch [1/12]
Learning rate: 1e-07
Saved new best model state_dict to plots/run-lejepa-ak8-semisup-m0.5-hbb/best_model.pth
Saved last model state_dict to plots/run-lejepa-ak8-semisup-m0.5-hbb/last_model.pth
Epoch 1 train losses: {'total_loss': 1.8446810925602912, 'invariant_loss': 0.261164378172718, 'sigreg_loss': 74.7325, 'triplet_loss': 0.21318216599151493, 'triplet_pos_distance': 0.06689953050226904, 'triplet_neg_distance': 0.6312635599710047, 'classification_loss': 1.3535011811256408}
Epoch 1 val losses: {'total_loss': 0.7980324065685273, 'invariant_loss': 0.155408061593771, 'sigreg_loss': 28.3875, 'triplet_loss': 0.0838778642192483, 'triplet_pos_distance': 0.030023973621428012, 'triplet_neg_distance': 1.101127946972847, 'classification_loss': 1.3273093128204345}
Updated run summary at plots/run-lejepa-ak8-semisup-m0.5-hbb/summary.json

Epoch [2/12]
Learning rate: 0.0001001
Saved new best model state_dict to plots/run-lejepa-ak8-semisup-m0.5-hbb/best_model.pth
Saved last model state_dict to plots/run-lejepa-ak8-semisup-m0.5-hbb/last_model.pth
Epoch 2 train losses: {'total_loss': 0.7258554763197899, 'invariant_loss': 0.21229951414465903, 'sigreg_loss': 22.1458125, 'triplet_loss': 0.057859475836157796, 'triplet_pos_distance': 0.058936591416597364, 'triplet_neg_distance': 1.2976886293888092, 'classification_loss': 1.2974315744638443}
Epoch 2 val losses: {'total_loss': 0.5962052154541015, 'invariant_loss': 0.1263131359964609, 'sigreg_loss': 20.035, 'triplet_loss': 0.05092213399708271, 'triplet_pos_distance': 0.0229740359634161, 'triplet_neg_distance': 1.3597488045692443, 'classification_loss': 1.2831067717075348}
Updated run summary at plots/run-lejepa-ak8-semisup-m0.5-hbb/summary.json

Epoch [3/12]
Learning rate: 0.0002001
Saved new best model state_dict to plots/run-lejepa-ak8-semisup-m0.5-hbb/best_model.pth
Saved last model state_dict to plots/run-lejepa-ak8-semisup-m0.5-hbb/last_model.pth
Epoch 3 train losses: {'total_loss': 0.5882593348324299, 'invariant_loss': 0.20153945049643515, 'sigreg_loss': 15.9455, 'triplet_loss': 0.039491578217595816, 'triplet_pos_distance': 0.05761488799378276, 'triplet_neg_distance': 1.4736850491762161, 'classification_loss': 1.2773090443611146}
Epoch 3 val losses: {'total_loss': 0.521104882657528, 'invariant_loss': 0.13803540498018266, 'sigreg_loss': 15.744375, 'triplet_loss': 0.03937237795442343, 'triplet_pos_distance': 0.024964405307546258, 'triplet_neg_distance': 1.4856166875362395, 'classification_loss': 1.2842072474956512}
Updated run summary at plots/run-lejepa-ak8-semisup-m0.5-hbb/summary.json

Epoch [4/12]
Learning rate: 0.0003001
Saved new best model state_dict to plots/run-lejepa-ak8-semisup-m0.5-hbb/best_model.pth
Saved last model state_dict to plots/run-lejepa-ak8-semisup-m0.5-hbb/last_model.pth
Epoch 4 train losses: {'total_loss': 0.536173207372427, 'invariant_loss': 0.1969854896068573, 'sigreg_loss': 13.5884375, 'triplet_loss': 0.03534875719435513, 'triplet_pos_distance': 0.0558065607957542, 'triplet_neg_distance': 1.4854328659772873, 'classification_loss': 1.2777442952394487}
Epoch 4 val losses: {'total_loss': 0.47102882117033007, 'invariant_loss': 0.1240102219581604, 'sigreg_loss': 13.966875, 'triplet_loss': 0.03602106774225831, 'triplet_pos_distance': 0.022628656304441393, 'triplet_neg_distance': 1.492228602170944, 'classification_loss': 1.2804391372203827}
Updated run summary at plots/run-lejepa-ak8-semisup-m0.5-hbb/summary.json

Epoch [5/12]
Learning rate: 0.0004001
Saved new best model state_dict to plots/run-lejepa-ak8-semisup-m0.5-hbb/best_model.pth
Saved last model state_dict to plots/run-lejepa-ak8-semisup-m0.5-hbb/last_model.pth
Mahalanobis metrics saved to plots/run-lejepa-ak8-semisup-m0.5-hbb/mahalanobis_eval/epoch_0005/mahalanobis_metrics.json
Mahalanobis AUC, QCD+WJets+ZJets+TTbar train vs Hbb: 0.524558
Mahalanobis AUC, QCD+WJets+ZJets+TTbar val vs Hbb: 0.517667
Epoch 5 train losses: {'total_loss': 0.5003105732500553, 'invariant_loss': 0.18980953991413116, 'sigreg_loss': 12.1665625, 'triplet_loss': 0.03146634510718286, 'triplet_pos_distance': 0.053374634526669976, 'triplet_neg_distance': 1.4923320274353027, 'classification_loss': 1.280544932603836}
Epoch 5 val losses: {'total_loss': 0.4617983990907669, 'invariant_loss': 0.11749007485806942, 'sigreg_loss': 13.834375, 'triplet_loss': 0.037014529667794706, 'triplet_pos_distance': 0.022576158680021764, 'triplet_neg_distance': 1.4199385166168212, 'classification_loss': 1.2787389481067657}
Updated run summary at plots/run-lejepa-ak8-semisup-m0.5-hbb/summary.json

Epoch [6/12]
Learning rate: 0.0005001
Saved new best model state_dict to plots/run-lejepa-ak8-semisup-m0.5-hbb/best_model.pth
Saved last model state_dict to plots/run-lejepa-ak8-semisup-m0.5-hbb/last_model.pth
Epoch 6 train losses: {'total_loss': 0.4784620177745819, 'invariant_loss': 0.18503344282507897, 'sigreg_loss': 11.3279375, 'triplet_loss': 0.029202601891011, 'triplet_pos_distance': 0.05156031009554863, 'triplet_neg_distance': 1.4930407724380492, 'classification_loss': 1.279209152340889}
Epoch 6 val losses: {'total_loss': 0.42477003812789915, 'invariant_loss': 0.1228381920605898, 'sigreg_loss': 11.74875, 'triplet_loss': 0.03002637581899762, 'triplet_pos_distance': 0.022598806722089648, 'triplet_neg_distance': 1.5160523247718811, 'classification_loss': 1.2785841012001038}
Updated run summary at plots/run-lejepa-ak8-semisup-m0.5-hbb/summary.json

Epoch [7/12]
Learning rate: 0.0006001
Saved last model state_dict to plots/run-lejepa-ak8-semisup-m0.5-hbb/last_model.pth
Epoch 7 train losses: {'total_loss': 0.46173456436395643, 'invariant_loss': 0.18067661990225314, 'sigreg_loss': 10.7450625, 'triplet_loss': 0.026242674673907458, 'triplet_pos_distance': 0.05048714380711317, 'triplet_neg_distance': 1.521973154425621, 'classification_loss': 1.2703921889066696}
Epoch 7 val losses: {'total_loss': 0.4253277024626732, 'invariant_loss': 0.11683808244764805, 'sigreg_loss': 12.0825, 'triplet_loss': 0.029758036360144614, 'triplet_pos_distance': 0.020602136761881412, 'triplet_neg_distance': 1.413006341457367, 'classification_loss': 1.2768778908252716}
Updated run summary at plots/run-lejepa-ak8-semisup-m0.5-hbb/summary.json

Epoch [8/12]
Learning rate: 0.0007001
Saved new best model state_dict to plots/run-lejepa-ak8-semisup-m0.5-hbb/best_model.pth
Saved last model state_dict to plots/run-lejepa-ak8-semisup-m0.5-hbb/last_model.pth
Epoch 8 train losses: {'total_loss': 0.4520122674107552, 'invariant_loss': 0.18042805856466293, 'sigreg_loss': 10.2929375, 'triplet_loss': 0.025135092975571753, 'triplet_pos_distance': 0.05037755661457777, 'triplet_neg_distance': 1.5262820982933045, 'classification_loss': 1.2642654683589936}
Epoch 8 val losses: {'total_loss': 0.40047793060541154, 'invariant_loss': 0.12566215179860593, 'sigreg_loss': 10.42875, 'triplet_loss': 0.026043620146811008, 'triplet_pos_distance': 0.02237856701016426, 'triplet_neg_distance': 1.5216580593585969, 'classification_loss': 1.2729391598701476}
Updated run summary at plots/run-lejepa-ak8-semisup-m0.5-hbb/summary.json

Epoch [9/12]
Learning rate: 0.0008001
Saved new best model state_dict to plots/run-lejepa-ak8-semisup-m0.5-hbb/best_model.pth
Saved last model state_dict to plots/run-lejepa-ak8-semisup-m0.5-hbb/last_model.pth
Epoch 9 train losses: {'total_loss': 0.4438706350326538, 'invariant_loss': 0.17904724696278573, 'sigreg_loss': 9.94215625, 'triplet_loss': 0.024808957485482095, 'triplet_pos_distance': 0.049457874193787575, 'triplet_neg_distance': 1.5206447265148162, 'classification_loss': 1.2698575570583344}
Epoch 9 val losses: {'total_loss': 0.3958943060040474, 'invariant_loss': 0.11426456935703755, 'sigreg_loss': 10.775, 'triplet_loss': 0.02645046081393957, 'triplet_pos_distance': 0.02140216655097902, 'triplet_neg_distance': 1.4510309135913848, 'classification_loss': 1.2699281585216522}
Updated run summary at plots/run-lejepa-ak8-semisup-m0.5-hbb/summary.json

Epoch [10/12]
Learning rate: 0.0009001
Saved last model state_dict to plots/run-lejepa-ak8-semisup-m0.5-hbb/last_model.pth
Mahalanobis metrics saved to plots/run-lejepa-ak8-semisup-m0.5-hbb/mahalanobis_eval/epoch_0010/mahalanobis_metrics.json
Mahalanobis AUC, QCD+WJets+ZJets+TTbar train vs Hbb: 0.533053
Mahalanobis AUC, QCD+WJets+ZJets+TTbar val vs Hbb: 0.521934
Epoch 10 train losses: {'total_loss': 0.4371741087436676, 'invariant_loss': 0.17776059731841087, 'sigreg_loss': 9.67171875, 'triplet_loss': 0.02340549224615097, 'triplet_pos_distance': 0.04920991853252053, 'triplet_neg_distance': 1.543616400361061, 'classification_loss': 1.2727286684513093}
Epoch 10 val losses: {'total_loss': 0.39997877210378646, 'invariant_loss': 0.12190070226788521, 'sigreg_loss': 10.586875, 'triplet_loss': 0.02675445057451725, 'triplet_pos_distance': 0.02289314323104918, 'triplet_neg_distance': 1.5517732191085816, 'classification_loss': 1.2725055968761445}
Updated run summary at plots/run-lejepa-ak8-semisup-m0.5-hbb/summary.json

Epoch [11/12]
Learning rate: 0.001
Saved new best model state_dict to plots/run-lejepa-ak8-semisup-m0.5-hbb/best_model.pth
Saved last model state_dict to plots/run-lejepa-ak8-semisup-m0.5-hbb/last_model.pth
Epoch 11 train losses: {'total_loss': 0.4254856648743153, 'invariant_loss': 0.17565667101740837, 'sigreg_loss': 9.19353125, 'triplet_loss': 0.022048219931311907, 'triplet_pos_distance': 0.04834640187397599, 'triplet_neg_distance': 1.552879719734192, 'classification_loss': 1.2748075584173202}
Epoch 11 val losses: {'total_loss': 0.3704441982507706, 'invariant_loss': 0.11412536114454269, 'sigreg_loss': 9.5340625, 'triplet_loss': 0.021714621670544148, 'triplet_pos_distance': 0.0210156580992043, 'triplet_neg_distance': 1.5232353794574738, 'classification_loss': 1.2690802586078644}
Updated run summary at plots/run-lejepa-ak8-semisup-m0.5-hbb/summary.json

Epoch [12/12]
Learning rate: 0.0005005
Saved new best model state_dict to plots/run-lejepa-ak8-semisup-m0.5-hbb/best_model.pth
Saved last model state_dict to plots/run-lejepa-ak8-semisup-m0.5-hbb/last_model.pth
Mahalanobis metrics saved to plots/run-lejepa-ak8-semisup-m0.5-hbb/mahalanobis_eval/epoch_0012/mahalanobis_metrics.json
Mahalanobis AUC, QCD+WJets+ZJets+TTbar train vs Hbb: 0.595387
Mahalanobis AUC, QCD+WJets+ZJets+TTbar val vs Hbb: 0.587182
Epoch 12 train losses: {'total_loss': 0.397595177590847, 'invariant_loss': 0.16903573600947858, 'sigreg_loss': 8.1885625, 'triplet_loss': 0.019677725251764058, 'triplet_pos_distance': 0.047212024189531805, 'triplet_neg_distance': 1.5847673783302307, 'classification_loss': 1.2563840631246568}
Epoch 12 val losses: {'total_loss': 0.3518065348267555, 'invariant_loss': 0.109818250015378, 'sigreg_loss': 8.843125, 'triplet_loss': 0.020188391590490937, 'triplet_pos_distance': 0.0200691360142082, 'triplet_neg_distance': 1.5464365470409394, 'classification_loss': 1.2620842349529267}
Updated run summary at plots/run-lejepa-ak8-semisup-m0.5-hbb/summary.json
Saved run summary to plots/run-lejepa-ak8-semisup-m0.5-hbb/summary.json
Job finished at: Fri Jul 17 06:40:01 PM EDT 2026
