## SLURM PROLOG ###############################################################
##    Job ID : 4067814
##  Job Name : AK8-SS-m0.1-ttbar
##  Nodelist : gpu3104
##      CPUs : 1
##  Mem/Node : 90000 MB
## Directory : /oscar/home/hgao50/jetAnomalyDetection
##   Job Started : Fri Jul 17 01:00:03 PM EDT 2026
###############################################################################

==========================================
Job started at: Fri Jul 17 01:00:03 PM EDT 2026
Job ID: 4067814
Node: gpu3104
MARGIN=0.1  SIGNAL=ttbar
==========================================

GPU Information (from host):
Fri Jul 17 13:00:03 2026       
+-----------------------------------------------------------------------------------------+
| NVIDIA-SMI 575.57.08              Driver Version: 575.57.08      CUDA Version: 12.9     |
|-----------------------------------------+------------------------+----------------------+
| GPU  Name                 Persistence-M | Bus-Id          Disp.A | Volatile Uncorr. ECC |
| Fan  Temp   Perf          Pwr:Usage/Cap |           Memory-Usage | GPU-Util  Compute M. |
|                                         |                        |               MIG M. |
|=========================================+========================+======================|
|   0  NVIDIA L40S                    On  |   00000000:C1:00.0 Off |                    0 |
| N/A   31C    P8             32W /  350W |      74MiB /  46068MiB |      0%      Default |
|                                         |                        |                  N/A |
+-----------------------------------------+------------------------+----------------------+
                                                                                         
+-----------------------------------------------------------------------------------------+
| Processes:                                                                              |
|  GPU   GI   CI              PID   Type   Process name                        GPU Memory |
|        ID   ID                                                               Usage      |
|=========================================================================================|
|    0   N/A  N/A          158399      G   /usr/libexec/Xorg                        64MiB |
+-----------------------------------------------------------------------------------------+

PyTorch 2.2.1+cu118, cuda=True, device=NVIDIA L40S
Staged qcd: 395 files -> /tmp/ak8_semisup_ttbar_m0.1_4067814/qcd
Staged wjets: 200 files -> /tmp/ak8_semisup_ttbar_m0.1_4067814/wjets
Staged zjets: 200 files -> /tmp/ak8_semisup_ttbar_m0.1_4067814/zjets
Staged hbb: 188 files -> /tmp/ak8_semisup_ttbar_m0.1_4067814/hbb
Staged signal ttbar: 199 files -> /tmp/ak8_semisup_ttbar_m0.1_4067814/signal_ttbar
Background dirs: /tmp/ak8_semisup_ttbar_m0.1_4067814/qcd,/tmp/ak8_semisup_ttbar_m0.1_4067814/wjets,/tmp/ak8_semisup_ttbar_m0.1_4067814/zjets,/tmp/ak8_semisup_ttbar_m0.1_4067814/hbb
Background names: QCD,WJets,ZJets,Hbb
Signal: ttbar (TTbar)
Margin: 0.1
Output dir: plots/run-lejepa-ak8-semisup-m0.1-ttbar
Streaming backgrounds from /tmp/ak8_semisup_ttbar_m0.1_4067814/qcd,/tmp/ak8_semisup_ttbar_m0.1_4067814/wjets,/tmp/ak8_semisup_ttbar_m0.1_4067814/zjets,/tmp/ak8_semisup_ttbar_m0.1_4067814/hbb
Streaming signal from /tmp/ak8_semisup_ttbar_m0.1_4067814/signal_ttbar
Node feature names: ['eta', 'phi', 'pt', 'd0/d0Err', 'dz/dzErr', 'charge', 'mass', 'log_pt', 'pdgId_-211', 'pdgId_-13', 'pdgId_-11', 'pdgId_11', 'pdgId_13', 'pdgId_22', 'pdgId_130', 'pdgId_211']
Streaming mode: discovering ROOT shards (no full in-memory load).
  class 0 (QCD): 395 ROOT files
  class 1 (WJets): 200 ROOT files
  class 2 (ZJets): 200 ROOT files
  class 3 (Hbb): 188 ROOT files
  split QCD: train_files=355 val_files=40
  split WJets: train_files=180 val_files=20
  split ZJets: train_files=180 val_files=20
  split Hbb: train_files=169 val_files=19
  signal (TTbar): 199 ROOT files
Streaming configured: steps_per_epoch=1000, val_steps=100, eval_steps=100
Streaming datasets already prepared in load(); skipping RAM materialization.
Skipping feature plots in streaming mode.
Selected SSL model: semi-sup-triplet
Model summary:
LeJEPASemiSupervisedTripletParticleTransformerRepresentation(
  (node_embedding): NodeEmbedding(
    (net): Sequential(
      (0): Linear(in_features=16, out_features=128, bias=True)
      (1): GELU(approximate='none')
      (2): LayerNorm((128,), eps=1e-05, elementwise_affine=True)
      (3): Linear(in_features=128, out_features=512, bias=True)
      (4): GELU(approximate='none')
      (5): LayerNorm((512,), eps=1e-05, elementwise_affine=True)
      (6): Linear(in_features=512, out_features=128, bias=True)
      (7): Dropout(p=0.1, inplace=False)
    )
  )
  (pairwise_bias): PairwiseAttentionBias(
    (mlp): Sequential(
      (0): RMSNorm()
      (1): Linear(in_features=4, out_features=16, bias=True)
      (2): SiLU()
      (3): Dropout(p=0.1, inplace=False)
      (4): Linear(in_features=16, out_features=16, bias=True)
      (5): SiLU()
      (6): Dropout(p=0.1, inplace=False)
      (7): Linear(in_features=16, out_features=8, bias=True)
    )
  )
  (encoder): ParticleTransformerEncoder(
    (layers): ModuleList(
      (0-7): 8 x ParticleTransformerBlock(
        (attn_norm): RMSNorm()
        (self_attn): MultiheadAttention(
          (out_proj): NonDynamicallyQuantizableLinear(in_features=128, out_features=128, bias=True)
        )
        (attn_dropout): Dropout(p=0.1, inplace=False)
        (ffn_norm): RMSNorm()
        (ffn): SwiGLUFFN(
          (fc1): Linear(in_features=128, out_features=1024, bias=True)
          (act): SwiGLU()
          (fc2): Linear(in_features=512, out_features=128, bias=True)
          (dropout): Dropout(p=0.1, inplace=False)
        )
      )
    )
  )
  (cls_pooling): CLSPooling(
    (layers): ModuleList(
      (0-1): 2 x ClassAttentionBlock(
        (query_norm): LayerNorm((128,), eps=1e-05, elementwise_affine=True)
        (context_norm): LayerNorm((128,), eps=1e-05, elementwise_affine=True)
        (attn): MultiheadAttention(
          (out_proj): NonDynamicallyQuantizableLinear(in_features=128, out_features=128, bias=True)
        )
        (attn_dropout): Dropout(p=0.0, inplace=False)
        (ffn_norm): LayerNorm((128,), eps=1e-05, elementwise_affine=True)
        (ffn): Sequential(
          (0): Linear(in_features=128, out_features=512, bias=True)
          (1): GELU(approximate='none')
          (2): Dropout(p=0.0, inplace=False)
          (3): Linear(in_features=512, out_features=128, bias=True)
          (4): Dropout(p=0.0, inplace=False)
        )
      )
    )
  )
  (representation_head): RepresentationHead(
    (net): Sequential(
      (0): RMSNorm()
      (1): Linear(in_features=128, out_features=128, bias=True)
      (2): SiLU()
      (3): Dropout(p=0.1, inplace=False)
      (4): Linear(in_features=128, out_features=128, bias=True)
    )
  )
  (augmentation): MultiViewAugmentation()
  (negative_augmentation): CorruptedNegativeAugmentation()
  (loss): LeJEPASIGRegTripletClassificationLoss(
    (triplet_loss): LeJEPASIGRegTripletLoss(
      (lejepa_loss): LeJEPASIGRegLoss(
        (sigreg_loss_fn): SlicingUnivariateTest(
          (univariate_test): EppsPulley()
        )
      )
    )
  )
  (classification_head): CategoricalClassificationHead(
    (net): Sequential(
      (0): RMSNorm()
      (1): Linear(in_features=128, out_features=128, bias=True)
      (2): SiLU()
      (3): Dropout(p=0.1, inplace=False)
      (4): Linear(in_features=128, out_features=4, bias=True)
    )
  )
)
Number of trainable parameters: 2695664
Skipping augmentation sample plots.
Initialized run summary at plots/run-lejepa-ak8-semisup-m0.1-ttbar/summary.json

Epoch [1/12]
Learning rate: 1e-07
Saved new best model state_dict to plots/run-lejepa-ak8-semisup-m0.1-ttbar/best_model.pth
Saved last model state_dict to plots/run-lejepa-ak8-semisup-m0.1-ttbar/last_model.pth
Epoch 1 train losses: {'total_loss': 1.8115481441020966, 'invariant_loss': 0.25131449896935376, 'sigreg_loss': 74.59225, 'triplet_loss': 0.024041291972622274, 'triplet_pos_distance': 0.06672086954629049, 'triplet_neg_distance': 0.5777143952008337, 'classification_loss': 1.3202622816562652}
Epoch 1 val losses: {'total_loss': 0.7860830730199814, 'invariant_loss': 0.1447090470045805, 'sigreg_loss': 28.87625, 'triplet_loss': 0.0093082673009485, 'triplet_pos_distance': 0.028079144861549138, 'triplet_neg_distance': 1.0041010588407517, 'classification_loss': 1.2604264390468598}
Updated run summary at plots/run-lejepa-ak8-semisup-m0.1-ttbar/summary.json

Epoch [2/12]
Learning rate: 0.0001001
Saved new best model state_dict to plots/run-lejepa-ak8-semisup-m0.1-ttbar/best_model.pth
Saved last model state_dict to plots/run-lejepa-ak8-semisup-m0.1-ttbar/last_model.pth
Epoch 2 train losses: {'total_loss': 0.7019319140911102, 'invariant_loss': 0.1982905911952257, 'sigreg_loss': 22.019875, 'triplet_loss': 0.004471807767869904, 'triplet_pos_distance': 0.05669488352164626, 'triplet_neg_distance': 1.158294835269451, 'classification_loss': 1.2559141110181808}
Epoch 2 val losses: {'total_loss': 0.5929100668430328, 'invariant_loss': 0.12282500170171261, 'sigreg_loss': 20.36125, 'triplet_loss': 0.006688179089687765, 'triplet_pos_distance': 0.02405427435413003, 'triplet_neg_distance': 1.2458149266242982, 'classification_loss': 1.2453563344478606}
Updated run summary at plots/run-lejepa-ak8-semisup-m0.1-ttbar/summary.json

Epoch [3/12]
Learning rate: 0.0002001
Saved new best model state_dict to plots/run-lejepa-ak8-semisup-m0.1-ttbar/best_model.pth
Saved last model state_dict to plots/run-lejepa-ak8-semisup-m0.1-ttbar/last_model.pth
Epoch 3 train losses: {'total_loss': 0.5813927002251148, 'invariant_loss': 0.1974559782743454, 'sigreg_loss': 16.074125, 'triplet_loss': 0.0030093975885538385, 'triplet_pos_distance': 0.05756510040909052, 'triplet_neg_distance': 1.3455949971675873, 'classification_loss': 1.2433601619005203}
Epoch 3 val losses: {'total_loss': 0.5221734574437141, 'invariant_loss': 0.12503595001995563, 'sigreg_loss': 16.785625, 'triplet_loss': 0.004200403306167572, 'triplet_pos_distance': 0.025390158416703345, 'triplet_neg_distance': 1.4277057993412017, 'classification_loss': 1.2191149818897247}
Updated run summary at plots/run-lejepa-ak8-semisup-m0.1-ttbar/summary.json

Epoch [4/12]
Learning rate: 0.0003001
Saved new best model state_dict to plots/run-lejepa-ak8-semisup-m0.1-ttbar/best_model.pth
Saved last model state_dict to plots/run-lejepa-ak8-semisup-m0.1-ttbar/last_model.pth
Epoch 4 train losses: {'total_loss': 0.5295408455431462, 'invariant_loss': 0.18774541352689267, 'sigreg_loss': 14.005625, 'triplet_loss': 0.0021502258976688607, 'triplet_pos_distance': 0.05486193707585335, 'triplet_neg_distance': 1.4428500488996505, 'classification_loss': 1.2293229697942734}
Epoch 4 val losses: {'total_loss': 0.47580979943275453, 'invariant_loss': 0.11414719931781292, 'sigreg_loss': 15.045, 'triplet_loss': 0.003500666902400553, 'triplet_pos_distance': 0.02261369502171874, 'triplet_neg_distance': 1.4435969376564026, 'classification_loss': 1.2075006651878357}
Updated run summary at plots/run-lejepa-ak8-semisup-m0.1-ttbar/summary.json

Epoch [5/12]
Learning rate: 0.0004001
Saved new best model state_dict to plots/run-lejepa-ak8-semisup-m0.1-ttbar/best_model.pth
Saved last model state_dict to plots/run-lejepa-ak8-semisup-m0.1-ttbar/last_model.pth
Mahalanobis metrics saved to plots/run-lejepa-ak8-semisup-m0.1-ttbar/mahalanobis_eval/epoch_0005/mahalanobis_metrics.json
Mahalanobis AUC, QCD+WJets+ZJets+Hbb train vs TTbar: 0.456032
Mahalanobis AUC, QCD+WJets+ZJets+Hbb val vs TTbar: 0.451634
Epoch 5 train losses: {'total_loss': 0.4942985473275185, 'invariant_loss': 0.1789981913715601, 'sigreg_loss': 12.6990625, 'triplet_loss': 0.0019515451566694537, 'triplet_pos_distance': 0.0524714459516108, 'triplet_neg_distance': 1.4558705098628997, 'classification_loss': 1.2224164621829987}
Epoch 5 val losses: {'total_loss': 0.4477951568365097, 'invariant_loss': 0.09478482909500599, 'sigreg_loss': 14.62625, 'triplet_loss': 0.003151875714538619, 'triplet_pos_distance': 0.01901087778620422, 'triplet_neg_distance': 1.318218584060669, 'classification_loss': 1.2035121953487395}
Updated run summary at plots/run-lejepa-ak8-semisup-m0.1-ttbar/summary.json

Epoch [6/12]
Learning rate: 0.0005001
Saved new best model state_dict to plots/run-lejepa-ak8-semisup-m0.1-ttbar/best_model.pth
Saved last model state_dict to plots/run-lejepa-ak8-semisup-m0.1-ttbar/last_model.pth
Epoch 6 train losses: {'total_loss': 0.4671827176809311, 'invariant_loss': 0.17179215840250253, 'sigreg_loss': 11.721625, 'triplet_loss': 0.0019453927128924987, 'triplet_pos_distance': 0.05036075243726373, 'triplet_neg_distance': 1.4342687728405, 'classification_loss': 1.2152484638690948}
Epoch 6 val losses: {'total_loss': 0.4179214128851891, 'invariant_loss': 0.10482223927974701, 'sigreg_loss': 12.62125, 'triplet_loss': 0.003259674946311861, 'triplet_pos_distance': 0.02002276255749166, 'triplet_neg_distance': 1.3737766289710998, 'classification_loss': 1.2060501229763032}
Updated run summary at plots/run-lejepa-ak8-semisup-m0.1-ttbar/summary.json

Epoch [7/12]
Learning rate: 0.0006001
Saved new best model state_dict to plots/run-lejepa-ak8-semisup-m0.1-ttbar/best_model.pth
Saved last model state_dict to plots/run-lejepa-ak8-semisup-m0.1-ttbar/last_model.pth
Epoch 7 train losses: {'total_loss': 0.44961541119217874, 'invariant_loss': 0.16945289996266366, 'sigreg_loss': 10.9821875, 'triplet_loss': 0.0018106273309822427, 'triplet_pos_distance': 0.049513813165947794, 'triplet_neg_distance': 1.4409384669065475, 'classification_loss': 1.2067577983140945}
Epoch 7 val losses: {'total_loss': 0.4078186321258545, 'invariant_loss': 0.10075373906642199, 'sigreg_loss': 12.334375, 'triplet_loss': 0.0029585471970494837, 'triplet_pos_distance': 0.019670988246798516, 'triplet_neg_distance': 1.3047782599925994, 'classification_loss': 1.2017870235443116}
Updated run summary at plots/run-lejepa-ak8-semisup-m0.1-ttbar/summary.json

Epoch [8/12]
Learning rate: 0.0007001
Saved new best model state_dict to plots/run-lejepa-ak8-semisup-m0.1-ttbar/best_model.pth
Saved last model state_dict to plots/run-lejepa-ak8-semisup-m0.1-ttbar/last_model.pth
Epoch 8 train losses: {'total_loss': 0.43723755118250845, 'invariant_loss': 0.16844491432607173, 'sigreg_loss': 10.40265625, 'triplet_loss': 0.001744030796631705, 'triplet_pos_distance': 0.049169354870915415, 'triplet_neg_distance': 1.433933735370636, 'classification_loss': 1.2112708431482315}
Epoch 8 val losses: {'total_loss': 0.40292966783046724, 'invariant_loss': 0.10606456689536571, 'sigreg_loss': 11.830625, 'triplet_loss': 0.0030436998466029765, 'triplet_pos_distance': 0.01982078825123608, 'triplet_neg_distance': 1.3696669828891754, 'classification_loss': 1.199964679479599}
Updated run summary at plots/run-lejepa-ak8-semisup-m0.1-ttbar/summary.json

Epoch [9/12]
Learning rate: 0.0008001
Saved new best model state_dict to plots/run-lejepa-ak8-semisup-m0.1-ttbar/best_model.pth
Saved last model state_dict to plots/run-lejepa-ak8-semisup-m0.1-ttbar/last_model.pth
Epoch 9 train losses: {'total_loss': 0.4324522585868835, 'invariant_loss': 0.16638250343501568, 'sigreg_loss': 10.26121875, 'triplet_loss': 0.0017829954762128182, 'triplet_pos_distance': 0.048550298396497965, 'triplet_neg_distance': 1.4367348828315736, 'classification_loss': 1.2134149709939956}
Epoch 9 val losses: {'total_loss': 0.39471944481134413, 'invariant_loss': 0.10840355098247528, 'sigreg_loss': 11.311875, 'triplet_loss': 0.0025814624584745618, 'triplet_pos_distance': 0.02043194436468184, 'triplet_neg_distance': 1.4521144020557404, 'classification_loss': 1.196545569896698}
Updated run summary at plots/run-lejepa-ak8-semisup-m0.1-ttbar/summary.json

Epoch [10/12]
Learning rate: 0.0009001
Saved new best model state_dict to plots/run-lejepa-ak8-semisup-m0.1-ttbar/best_model.pth
Saved last model state_dict to plots/run-lejepa-ak8-semisup-m0.1-ttbar/last_model.pth
Mahalanobis metrics saved to plots/run-lejepa-ak8-semisup-m0.1-ttbar/mahalanobis_eval/epoch_0010/mahalanobis_metrics.json
Mahalanobis AUC, QCD+WJets+ZJets+Hbb train vs TTbar: 0.463309
Mahalanobis AUC, QCD+WJets+ZJets+Hbb val vs TTbar: 0.464231
Epoch 10 train losses: {'total_loss': 0.4240477696955204, 'invariant_loss': 0.16474342318624258, 'sigreg_loss': 9.93846875, 'triplet_loss': 0.0017720650606206619, 'triplet_pos_distance': 0.047620349302887915, 'triplet_neg_distance': 1.4360536766052245, 'classification_loss': 1.2067224014997482}
Epoch 10 val losses: {'total_loss': 0.3776583021879196, 'invariant_loss': 0.11322560571134091, 'sigreg_loss': 10.215, 'triplet_loss': 0.0026952803845051677, 'triplet_pos_distance': 0.0217215630505234, 'triplet_neg_distance': 1.4625221252441407, 'classification_loss': 1.1969352376461029}
Updated run summary at plots/run-lejepa-ak8-semisup-m0.1-ttbar/summary.json

Epoch [11/12]
Learning rate: 0.001
Saved new best model state_dict to plots/run-lejepa-ak8-semisup-m0.1-ttbar/best_model.pth
Saved last model state_dict to plots/run-lejepa-ak8-semisup-m0.1-ttbar/last_model.pth
Epoch 11 train losses: {'total_loss': 0.4107371846437454, 'invariant_loss': 0.16176424011588098, 'sigreg_loss': 9.43625, 'triplet_loss': 0.0017127004198846407, 'triplet_pos_distance': 0.04699205863848328, 'triplet_neg_distance': 1.4266089681386949, 'classification_loss': 1.2011896653175353}
Epoch 11 val losses: {'total_loss': 0.3570647129416466, 'invariant_loss': 0.0947992230951786, 'sigreg_loss': 10.13, 'triplet_loss': 0.0026168913568835705, 'triplet_pos_distance': 0.018104779180139304, 'triplet_neg_distance': 1.3837301242351532, 'classification_loss': 1.1879275512695313}
Updated run summary at plots/run-lejepa-ak8-semisup-m0.1-ttbar/summary.json

Epoch [12/12]
Learning rate: 0.0005005
Saved new best model state_dict to plots/run-lejepa-ak8-semisup-m0.1-ttbar/best_model.pth
Saved last model state_dict to plots/run-lejepa-ak8-semisup-m0.1-ttbar/last_model.pth
Mahalanobis metrics saved to plots/run-lejepa-ak8-semisup-m0.1-ttbar/mahalanobis_eval/epoch_0012/mahalanobis_metrics.json
Mahalanobis AUC, QCD+WJets+ZJets+Hbb train vs TTbar: 0.506959
Mahalanobis AUC, QCD+WJets+ZJets+Hbb val vs TTbar: 0.500678
Epoch 12 train losses: {'total_loss': 0.38498112466931345, 'invariant_loss': 0.1557880610600114, 'sigreg_loss': 8.4874375, 'triplet_loss': 0.0015218550499266712, 'triplet_pos_distance': 0.0452298940718174, 'triplet_neg_distance': 1.434906966328621, 'classification_loss': 1.1856612424254418}
Epoch 12 val losses: {'total_loss': 0.337963425219059, 'invariant_loss': 0.09517109096050262, 'sigreg_loss': 9.19125, 'triplet_loss': 0.002214554502861574, 'triplet_pos_distance': 0.01771076877601445, 'triplet_neg_distance': 1.3657399213314056, 'classification_loss': 1.1746597969532013}
Updated run summary at plots/run-lejepa-ak8-semisup-m0.1-ttbar/summary.json
Saved run summary to plots/run-lejepa-ak8-semisup-m0.1-ttbar/summary.json
Job finished at: Fri Jul 17 02:07:46 PM EDT 2026
