## SLURM PROLOG ###############################################################
##    Job ID : 3956012
##  Job Name : JETANOMALY-JETCLASS
##  Nodelist : gpu2709
##      CPUs : 1
##  Mem/Node : 48000 MB
## Directory : /oscar/home/lwang223/jetAnomalyDetection
##   Job Started : Mon Jul 13 05:22:41 PM EDT 2026
###############################################################################

==========================================
Job started at: Mon Jul 13 05:22:41 PM EDT 2026
Job ID: 3956012
Node: gpu2709
==========================================

GPU Information (from host):
Mon Jul 13 17:22:41 2026       
+-----------------------------------------------------------------------------------------+
| NVIDIA-SMI 575.57.08              Driver Version: 575.57.08      CUDA Version: 12.9     |
|-----------------------------------------+------------------------+----------------------+
| GPU  Name                 Persistence-M | Bus-Id          Disp.A | Volatile Uncorr. ECC |
| Fan  Temp   Perf          Pwr:Usage/Cap |           Memory-Usage | GPU-Util  Compute M. |
|                                         |                        |               MIG M. |
|=========================================+========================+======================|
|   0  NVIDIA L40S                    On  |   00000000:41:00.0 Off |                    0 |
| N/A   28C    P8             33W /  350W |      88MiB /  46068MiB |      0%      Default |
|                                         |                        |                  N/A |
+-----------------------------------------+------------------------+----------------------+
                                                                                         
+-----------------------------------------------------------------------------------------+
| Processes:                                                                              |
|  GPU   GI   CI              PID   Type   Process name                        GPU Memory |
|        ID   ID                                                               Usage      |
|=========================================================================================|
|    0   N/A  N/A          157322      G   /usr/libexec/Xorg                        76MiB |
+-----------------------------------------------------------------------------------------+

PyTorch version: 2.6.0+cu124
JetClass root: /HEP/export/home/lwang223/JetClass/JetClass/Pythia
Background labels: ['label_QCD', 'label_Hbb', 'label_Hcc', 'label_Hgg']
Signal labels: ['label_Wqq']
Particle features: ['part_px', 'part_py', 'part_pz', 'part_energy', 'part_pt', 'part_eta', 'part_phi', 'part_deta', 'part_dphi', 'part_d0val', 'part_d0err', 'part_dzval', 'part_dzerr', 'part_charge', 'part_isChargedHadron', 'part_isNeutralHadron', 'part_isPhoton', 'part_isElectron', 'part_isMuon']
Lazy JetClass datasets ready; no full split has been loaded into RAM.
Background train ROOT shards: 400
Background val ROOT shards: 20
Signal test ROOT shards: 20
Per-event particle shape: (128, 19)
Selected SSL model: semi-sup-triplet
Model summary:
LeJEPASemiSupervisedTripletParticleTransformerRepresentation(
  (node_embedding): NodeEmbedding(
    (net): Sequential(
      (0): Linear(in_features=19, out_features=32, bias=True)
      (1): GELU(approximate='none')
      (2): LayerNorm((32,), eps=1e-05, elementwise_affine=True)
      (3): Linear(in_features=32, out_features=128, bias=True)
      (4): GELU(approximate='none')
      (5): LayerNorm((128,), eps=1e-05, elementwise_affine=True)
      (6): Linear(in_features=128, out_features=32, bias=True)
      (7): Dropout(p=0.01, inplace=False)
    )
  )
  (pairwise_bias): PairwiseAttentionBias(
    (mlp): Sequential(
      (0): RMSNorm()
      (1): Linear(in_features=4, out_features=32, bias=True)
      (2): SiLU()
      (3): Dropout(p=0.01, inplace=False)
      (4): Linear(in_features=32, out_features=32, bias=True)
      (5): SiLU()
      (6): Dropout(p=0.01, inplace=False)
      (7): Linear(in_features=32, out_features=8, bias=True)
    )
  )
  (encoder): ParticleTransformerEncoder(
    (layers): ModuleList(
      (0-3): 4 x ParticleTransformerBlock(
        (attn_norm): RMSNorm()
        (self_attn): MultiheadAttention(
          (out_proj): NonDynamicallyQuantizableLinear(in_features=32, out_features=32, bias=True)
        )
        (attn_dropout): Dropout(p=0.01, inplace=False)
        (ffn_norm): RMSNorm()
        (ffn): SwiGLUFFN(
          (fc1): Linear(in_features=32, out_features=256, bias=True)
          (act): SwiGLU()
          (fc2): Linear(in_features=128, out_features=32, bias=True)
          (dropout): Dropout(p=0.01, inplace=False)
        )
      )
    )
  )
  (cls_pooling): CLSPooling(
    (layers): ModuleList(
      (0-1): 2 x ClassAttentionBlock(
        (query_norm): LayerNorm((32,), eps=1e-05, elementwise_affine=True)
        (context_norm): LayerNorm((32,), eps=1e-05, elementwise_affine=True)
        (attn): MultiheadAttention(
          (out_proj): NonDynamicallyQuantizableLinear(in_features=32, out_features=32, bias=True)
        )
        (attn_dropout): Dropout(p=0.0, inplace=False)
        (ffn_norm): LayerNorm((32,), eps=1e-05, elementwise_affine=True)
        (ffn): Sequential(
          (0): Linear(in_features=32, out_features=128, bias=True)
          (1): GELU(approximate='none')
          (2): Dropout(p=0.0, inplace=False)
          (3): Linear(in_features=128, out_features=32, bias=True)
          (4): Dropout(p=0.0, inplace=False)
        )
      )
    )
  )
  (augmentation): MultiViewAugmentation()
  (negative_augmentation): CorruptedNegativeAugmentation()
  (loss): LeJEPASIGRegTripletClassificationLoss(
    (triplet_loss): LeJEPASIGRegTripletLoss(
      (lejepa_loss): LeJEPASIGRegLoss(
        (sigreg_loss_fn): SlicingUnivariateTest(
          (univariate_test): EppsPulley()
        )
      )
    )
  )
  (representation_head): RepresentationHead(
    (net): Sequential(
      (0): RMSNorm()
      (1): Linear(in_features=32, out_features=32, bias=True)
      (2): SiLU()
      (3): Dropout(p=0.01, inplace=False)
      (4): Linear(in_features=32, out_features=32, bias=True)
    )
  )
  (classification_head): CategoricalClassificationHead(
    (net): Sequential(
      (0): RMSNorm()
      (1): Linear(in_features=32, out_features=32, bias=True)
      (2): SiLU()
      (3): Dropout(p=0.01, inplace=False)
      (4): Linear(in_features=32, out_features=4, bias=True)
    )
  )
)
Number of trainable parameters: 107184

Epoch [1/80]
Saved new best model state_dict to plots/run-lejepa-semi-sup-triplet-jetclass-ddp-fast-wjet/best_model.pth
Saved last model state_dict to plots/run-lejepa-semi-sup-triplet-jetclass-ddp-fast-wjet/last_model.pth
Mahalanobis metrics saved to plots/run-lejepa-semi-sup-triplet-jetclass-ddp-fast-wjet/mahalanobis_eval/epoch_0001/mahalanobis_metrics.json
Mahalanobis AUC, QCD+Hbb+Hcc+Hgg train vs Wqq: 0.521684
Mahalanobis AUC, QCD+Hbb+Hcc+Hgg val vs Wqq: 0.521471
Epoch 1 train losses: {'total_loss': 7.616408238887787, 'invariant_loss': 0.009525593494530768, 'sigreg_loss': 149.96325, 'triplet_loss': 0.39467422997951507, 'triplet_pos_distance': 0.002371328352834098, 'triplet_neg_distance': 0.18561045633116738, 'classification_loss': 1.3945545995235442}
Epoch 1 val losses: {'total_loss': 2.848633675575256, 'invariant_loss': 0.014114342164248228, 'sigreg_loss': 54.63, 'triplet_loss': 0.33318361312150957, 'triplet_pos_distance': 0.0025567206530831754, 'triplet_neg_distance': 0.3580527654290199, 'classification_loss': 1.3896443367004394}
Updated run summary at plots/run-lejepa-semi-sup-triplet-jetclass-ddp-fast-wjet/summary.json

Epoch [2/80]
Saved new best model state_dict to plots/run-lejepa-semi-sup-triplet-jetclass-ddp-fast-wjet/best_model.pth
Saved last model state_dict to plots/run-lejepa-semi-sup-triplet-jetclass-ddp-fast-wjet/last_model.pth
Mahalanobis metrics saved to plots/run-lejepa-semi-sup-triplet-jetclass-ddp-fast-wjet/mahalanobis_eval/epoch_0002/mahalanobis_metrics.json
Mahalanobis AUC, QCD+Hbb+Hcc+Hgg train vs Wqq: 0.532478
Mahalanobis AUC, QCD+Hbb+Hcc+Hgg val vs Wqq: 0.526384
Epoch 2 train losses: {'total_loss': 2.0853640691041946, 'invariant_loss': 0.021970895702950657, 'sigreg_loss': 39.24575, 'triplet_loss': 0.31669659906625747, 'triplet_pos_distance': 0.005229537166887894, 'triplet_neg_distance': 0.4646234023272991, 'classification_loss': 1.3879077131748199}
Epoch 2 val losses: {'total_loss': 1.67053706407547, 'invariant_loss': 0.016219930835068227, 'sigreg_loss': 31.0775, 'triplet_loss': 0.31274807810783384, 'triplet_pos_distance': 0.0025728369038552044, 'triplet_neg_distance': 0.5157808136940002, 'classification_loss': 1.3858464670181274}
Updated run summary at plots/run-lejepa-semi-sup-triplet-jetclass-ddp-fast-wjet/summary.json

Epoch [3/80]
Saved new best model state_dict to plots/run-lejepa-semi-sup-triplet-jetclass-ddp-fast-wjet/best_model.pth
Saved last model state_dict to plots/run-lejepa-semi-sup-triplet-jetclass-ddp-fast-wjet/last_model.pth
Mahalanobis metrics saved to plots/run-lejepa-semi-sup-triplet-jetclass-ddp-fast-wjet/mahalanobis_eval/epoch_0003/mahalanobis_metrics.json
Mahalanobis AUC, QCD+Hbb+Hcc+Hgg train vs Wqq: 0.541546
Mahalanobis AUC, QCD+Hbb+Hcc+Hgg val vs Wqq: 0.535463
Epoch 3 train losses: {'total_loss': 1.4512377245426178, 'invariant_loss': 0.027679809510707854, 'sigreg_loss': 26.472625, 'triplet_loss': 0.30627171471714976, 'triplet_pos_distance': 0.006399004752980545, 'triplet_neg_distance': 0.566816180050373, 'classification_loss': 1.3865055010318756}
Epoch 3 val losses: {'total_loss': 1.347520831823349, 'invariant_loss': 0.0200186032615602, 'sigreg_loss': 24.54875, 'triplet_loss': 0.31030591279268266, 'triplet_pos_distance': 0.0028674164204858243, 'triplet_neg_distance': 0.567794399857521, 'classification_loss': 1.3856827461719512}
Updated run summary at plots/run-lejepa-semi-sup-triplet-jetclass-ddp-fast-wjet/summary.json

Epoch [4/80]
Saved new best model state_dict to plots/run-lejepa-semi-sup-triplet-jetclass-ddp-fast-wjet/best_model.pth
Saved last model state_dict to plots/run-lejepa-semi-sup-triplet-jetclass-ddp-fast-wjet/last_model.pth
Mahalanobis metrics saved to plots/run-lejepa-semi-sup-triplet-jetclass-ddp-fast-wjet/mahalanobis_eval/epoch_0004/mahalanobis_metrics.json
Mahalanobis AUC, QCD+Hbb+Hcc+Hgg train vs Wqq: 0.507794
Mahalanobis AUC, QCD+Hbb+Hcc+Hgg val vs Wqq: 0.502632
Epoch 4 train losses: {'total_loss': 1.2117805141210556, 'invariant_loss': 0.03268217978067696, 'sigreg_loss': 21.5873125, 'triplet_loss': 0.3038344834446907, 'triplet_pos_distance': 0.007251760779181496, 'triplet_neg_distance': 0.6087000315487385, 'classification_loss': 1.3863288682699204}
Epoch 4 val losses: {'total_loss': 1.1191483861207963, 'invariant_loss': 0.02316363980062306, 'sigreg_loss': 19.9175, 'triplet_loss': 0.30669074565172194, 'triplet_pos_distance': 0.003290431329514831, 'triplet_neg_distance': 0.5976810052990913, 'classification_loss': 1.386000874042511}
Updated run summary at plots/run-lejepa-semi-sup-triplet-jetclass-ddp-fast-wjet/summary.json

Epoch [5/80]
Saved new best model state_dict to plots/run-lejepa-semi-sup-triplet-jetclass-ddp-fast-wjet/best_model.pth
Saved last model state_dict to plots/run-lejepa-semi-sup-triplet-jetclass-ddp-fast-wjet/last_model.pth
Mahalanobis metrics saved to plots/run-lejepa-semi-sup-triplet-jetclass-ddp-fast-wjet/mahalanobis_eval/epoch_0005/mahalanobis_metrics.json
Mahalanobis AUC, QCD+Hbb+Hcc+Hgg train vs Wqq: 0.534360
Mahalanobis AUC, QCD+Hbb+Hcc+Hgg val vs Wqq: 0.525561
Epoch 5 train losses: {'total_loss': 1.056537128329277, 'invariant_loss': 0.03634985608793795, 'sigreg_loss': 18.4199375, 'triplet_loss': 0.2997103585600853, 'triplet_pos_distance': 0.0081914027556777, 'triplet_neg_distance': 0.6202554839849472, 'classification_loss': 1.386277874469757}
Epoch 5 val losses: {'total_loss': 0.9915526652336121, 'invariant_loss': 0.024202133156359197, 'sigreg_loss': 17.349375, 'triplet_loss': 0.3056027588248253, 'triplet_pos_distance': 0.0032104174979031086, 'triplet_neg_distance': 0.5802115741372108, 'classification_loss': 1.3858050441741943}
Updated run summary at plots/run-lejepa-semi-sup-triplet-jetclass-ddp-fast-wjet/summary.json

Epoch [6/80]
Saved new best model state_dict to plots/run-lejepa-semi-sup-triplet-jetclass-ddp-fast-wjet/best_model.pth
Saved last model state_dict to plots/run-lejepa-semi-sup-triplet-jetclass-ddp-fast-wjet/last_model.pth
Mahalanobis metrics saved to plots/run-lejepa-semi-sup-triplet-jetclass-ddp-fast-wjet/mahalanobis_eval/epoch_0006/mahalanobis_metrics.json
Mahalanobis AUC, QCD+Hbb+Hcc+Hgg train vs Wqq: 0.518405
Mahalanobis AUC, QCD+Hbb+Hcc+Hgg val vs Wqq: 0.514554
Epoch 6 train losses: {'total_loss': 0.9436394246220589, 'invariant_loss': 0.03980006176047027, 'sigreg_loss': 16.0960625, 'triplet_loss': 0.29774117782711984, 'triplet_pos_distance': 0.009053560085128993, 'triplet_neg_distance': 0.6066926344037056, 'classification_loss': 1.3863830773830415}
Epoch 6 val losses: {'total_loss': 0.8804379618167877, 'invariant_loss': 0.026408352982252838, 'sigreg_loss': 15.089375, 'triplet_loss': 0.3016465720534325, 'triplet_pos_distance': 0.0033412169222719968, 'triplet_neg_distance': 0.596945957839489, 'classification_loss': 1.3858927738666535}
Updated run summary at plots/run-lejepa-semi-sup-triplet-jetclass-ddp-fast-wjet/summary.json

Epoch [7/80]
Saved new best model state_dict to plots/run-lejepa-semi-sup-triplet-jetclass-ddp-fast-wjet/best_model.pth
Saved last model state_dict to plots/run-lejepa-semi-sup-triplet-jetclass-ddp-fast-wjet/last_model.pth
Mahalanobis metrics saved to plots/run-lejepa-semi-sup-triplet-jetclass-ddp-fast-wjet/mahalanobis_eval/epoch_0007/mahalanobis_metrics.json
Mahalanobis AUC, QCD+Hbb+Hcc+Hgg train vs Wqq: 0.528893
Mahalanobis AUC, QCD+Hbb+Hcc+Hgg val vs Wqq: 0.522067
Epoch 7 train losses: {'total_loss': 0.8692393278479577, 'invariant_loss': 0.042115738512948156, 'sigreg_loss': 14.56475, 'triplet_loss': 0.29501717039942743, 'triplet_pos_distance': 0.00996363999741152, 'triplet_neg_distance': 0.5932324722111225, 'classification_loss': 1.386343725681305}
Epoch 7 val losses: {'total_loss': 0.8483327800035476, 'invariant_loss': 0.02606376525014639, 'sigreg_loss': 14.455625, 'triplet_loss': 0.3006636756658554, 'triplet_pos_distance': 0.0035197288997005673, 'triplet_neg_distance': 0.5565475761890412, 'classification_loss': 1.3862405157089233}
Updated run summary at plots/run-lejepa-semi-sup-triplet-jetclass-ddp-fast-wjet/summary.json

Epoch [8/80]
Saved new best model state_dict to plots/run-lejepa-semi-sup-triplet-jetclass-ddp-fast-wjet/best_model.pth
Saved last model state_dict to plots/run-lejepa-semi-sup-triplet-jetclass-ddp-fast-wjet/last_model.pth
Mahalanobis metrics saved to plots/run-lejepa-semi-sup-triplet-jetclass-ddp-fast-wjet/mahalanobis_eval/epoch_0008/mahalanobis_metrics.json
Mahalanobis AUC, QCD+Hbb+Hcc+Hgg train vs Wqq: 0.512448
Mahalanobis AUC, QCD+Hbb+Hcc+Hgg val vs Wqq: 0.508526
Epoch 8 train losses: {'total_loss': 0.8059225848913193, 'invariant_loss': 0.0443523586243391, 'sigreg_loss': 13.261, 'triplet_loss': 0.2920946111381054, 'triplet_pos_distance': 0.010785149053204804, 'triplet_neg_distance': 0.5789009322226047, 'classification_loss': 1.3863950483798981}
Epoch 8 val losses: {'total_loss': 0.7698335093259812, 'invariant_loss': 0.027036573998630048, 'sigreg_loss': 12.87125, 'triplet_loss': 0.29789198368787767, 'triplet_pos_distance': 0.00399421090260148, 'triplet_neg_distance': 0.5564587065577506, 'classification_loss': 1.386717289686203}
Updated run summary at plots/run-lejepa-semi-sup-triplet-jetclass-ddp-fast-wjet/summary.json

Epoch [9/80]
Saved new best model state_dict to plots/run-lejepa-semi-sup-triplet-jetclass-ddp-fast-wjet/best_model.pth
Saved last model state_dict to plots/run-lejepa-semi-sup-triplet-jetclass-ddp-fast-wjet/last_model.pth
Mahalanobis metrics saved to plots/run-lejepa-semi-sup-triplet-jetclass-ddp-fast-wjet/mahalanobis_eval/epoch_0009/mahalanobis_metrics.json
Mahalanobis AUC, QCD+Hbb+Hcc+Hgg train vs Wqq: 0.534135
Mahalanobis AUC, QCD+Hbb+Hcc+Hgg val vs Wqq: 0.532407
Epoch 9 train losses: {'total_loss': 0.7571632535457611, 'invariant_loss': 0.044518547920510174, 'sigreg_loss': 12.2866875, 'triplet_loss': 0.28979824286699296, 'triplet_pos_distance': 0.0110970219951123, 'triplet_neg_distance': 0.5682392166554928, 'classification_loss': 1.386149243593216}
Epoch 9 val losses: {'total_loss': 0.7685347646474838, 'invariant_loss': 0.026288013588637114, 'sigreg_loss': 12.8625, 'triplet_loss': 0.2967314299941063, 'triplet_pos_distance': 0.003804597519338131, 'triplet_neg_distance': 0.5416631123423576, 'classification_loss': 1.386628440618515}
Updated run summary at plots/run-lejepa-semi-sup-triplet-jetclass-ddp-fast-wjet/summary.json

Epoch [10/80]
Saved new best model state_dict to plots/run-lejepa-semi-sup-triplet-jetclass-ddp-fast-wjet/best_model.pth
Saved last model state_dict to plots/run-lejepa-semi-sup-triplet-jetclass-ddp-fast-wjet/last_model.pth
Mahalanobis metrics saved to plots/run-lejepa-semi-sup-triplet-jetclass-ddp-fast-wjet/mahalanobis_eval/epoch_0010/mahalanobis_metrics.json
Mahalanobis AUC, QCD+Hbb+Hcc+Hgg train vs Wqq: 0.502629
Mahalanobis AUC, QCD+Hbb+Hcc+Hgg val vs Wqq: 0.501001
Epoch 10 train losses: {'total_loss': 0.7445347731113434, 'invariant_loss': 0.042912226924672725, 'sigreg_loss': 12.0653125, 'triplet_loss': 0.2904198806285858, 'triplet_pos_distance': 0.010814696899615228, 'triplet_neg_distance': 0.551817641377449, 'classification_loss': 1.3859080876111984}
Epoch 10 val losses: {'total_loss': 0.6978925973176956, 'invariant_loss': 0.02350997570902109, 'sigreg_loss': 11.508125, 'triplet_loss': 0.29722578018903734, 'triplet_pos_distance': 0.0032432339084334672, 'triplet_neg_distance': 0.5208448514342308, 'classification_loss': 1.3857790100574494}
Updated run summary at plots/run-lejepa-semi-sup-triplet-jetclass-ddp-fast-wjet/summary.json

Epoch [11/80]
Saved new best model state_dict to plots/run-lejepa-semi-sup-triplet-jetclass-ddp-fast-wjet/best_model.pth
Saved last model state_dict to plots/run-lejepa-semi-sup-triplet-jetclass-ddp-fast-wjet/last_model.pth
Mahalanobis metrics saved to plots/run-lejepa-semi-sup-triplet-jetclass-ddp-fast-wjet/mahalanobis_eval/epoch_0011/mahalanobis_metrics.json
Mahalanobis AUC, QCD+Hbb+Hcc+Hgg train vs Wqq: 0.510916
Mahalanobis AUC, QCD+Hbb+Hcc+Hgg val vs Wqq: 0.504221
Epoch 11 train losses: {'total_loss': 0.7178358743786812, 'invariant_loss': 0.04006928580254316, 'sigreg_loss': 11.5898125, 'triplet_loss': 0.2902292742729187, 'triplet_pos_distance': 0.010306608393322677, 'triplet_neg_distance': 0.5506403825879097, 'classification_loss': 1.385537349820137}
Epoch 11 val losses: {'total_loss': 0.6786017799377442, 'invariant_loss': 0.02126395234838128, 'sigreg_loss': 11.165625, 'triplet_loss': 0.29785031110048293, 'triplet_pos_distance': 0.0026375533663667737, 'triplet_neg_distance': 0.5414855387806893, 'classification_loss': 1.3846496987342833}
Updated run summary at plots/run-lejepa-semi-sup-triplet-jetclass-ddp-fast-wjet/summary.json

Epoch [12/80]
Saved new best model state_dict to plots/run-lejepa-semi-sup-triplet-jetclass-ddp-fast-wjet/best_model.pth
Saved last model state_dict to plots/run-lejepa-semi-sup-triplet-jetclass-ddp-fast-wjet/last_model.pth
Mahalanobis metrics saved to plots/run-lejepa-semi-sup-triplet-jetclass-ddp-fast-wjet/mahalanobis_eval/epoch_0012/mahalanobis_metrics.json
Mahalanobis AUC, QCD+Hbb+Hcc+Hgg train vs Wqq: 0.504510
Mahalanobis AUC, QCD+Hbb+Hcc+Hgg val vs Wqq: 0.501347
Epoch 12 train losses: {'total_loss': 0.6879211637973786, 'invariant_loss': 0.038231849189847705, 'sigreg_loss': 11.02509375, 'triplet_loss': 0.2917457316815853, 'triplet_pos_distance': 0.01012956018652767, 'triplet_neg_distance': 0.5491127900481224, 'classification_loss': 1.3844745234251021}
Epoch 12 val losses: {'total_loss': 0.6747574025392532, 'invariant_loss': 0.01886354180984199, 'sigreg_loss': 11.13625, 'triplet_loss': 0.3002628701925278, 'triplet_pos_distance': 0.002190789608284831, 'triplet_neg_distance': 0.5230406209826469, 'classification_loss': 1.3829765188694}
Updated run summary at plots/run-lejepa-semi-sup-triplet-jetclass-ddp-fast-wjet/summary.json

Epoch [13/80]
