## SLURM PROLOG ###############################################################
##    Job ID : 4067813
##  Job Name : AK8-SS-m0.1-zjets
##  Nodelist : gpu3005
##      CPUs : 1
##  Mem/Node : 90000 MB
## Directory : /oscar/home/hgao50/jetAnomalyDetection
##   Job Started : Fri Jul 17 11:53:26 AM EDT 2026
###############################################################################

==========================================
Job started at: Fri Jul 17 11:53:26 AM EDT 2026
Job ID: 4067813
Node: gpu3005
MARGIN=0.1  SIGNAL=zjets
==========================================

GPU Information (from host):
Fri Jul 17 11:53:26 2026       
+-----------------------------------------------------------------------------------------+
| NVIDIA-SMI 575.57.08              Driver Version: 575.57.08      CUDA Version: 12.9     |
|-----------------------------------------+------------------------+----------------------+
| GPU  Name                 Persistence-M | Bus-Id          Disp.A | Volatile Uncorr. ECC |
| Fan  Temp   Perf          Pwr:Usage/Cap |           Memory-Usage | GPU-Util  Compute M. |
|                                         |                        |               MIG M. |
|=========================================+========================+======================|
|   0  NVIDIA L40S                    On  |   00000000:81:00.0 Off |                    0 |
| N/A   27C    P8             32W /  350W |      74MiB /  46068MiB |      0%      Default |
|                                         |                        |                  N/A |
+-----------------------------------------+------------------------+----------------------+
                                                                                         
+-----------------------------------------------------------------------------------------+
| Processes:                                                                              |
|  GPU   GI   CI              PID   Type   Process name                        GPU Memory |
|        ID   ID                                                               Usage      |
|=========================================================================================|
|    0   N/A  N/A          161852      G   /usr/libexec/Xorg                        64MiB |
+-----------------------------------------------------------------------------------------+

PyTorch 2.2.1+cu118, cuda=True, device=NVIDIA L40S
Staged qcd: 395 files -> /tmp/ak8_semisup_zjets_m0.1_4067813/qcd
Staged wjets: 200 files -> /tmp/ak8_semisup_zjets_m0.1_4067813/wjets
Staged ttbar: 199 files -> /tmp/ak8_semisup_zjets_m0.1_4067813/ttbar
Staged hbb: 188 files -> /tmp/ak8_semisup_zjets_m0.1_4067813/hbb
Staged signal zjets: 200 files -> /tmp/ak8_semisup_zjets_m0.1_4067813/signal_zjets
Background dirs: /tmp/ak8_semisup_zjets_m0.1_4067813/qcd,/tmp/ak8_semisup_zjets_m0.1_4067813/wjets,/tmp/ak8_semisup_zjets_m0.1_4067813/ttbar,/tmp/ak8_semisup_zjets_m0.1_4067813/hbb
Background names: QCD,WJets,TTbar,Hbb
Signal: zjets (ZJets)
Margin: 0.1
Output dir: plots/run-lejepa-ak8-semisup-m0.1-zjets
Streaming backgrounds from /tmp/ak8_semisup_zjets_m0.1_4067813/qcd,/tmp/ak8_semisup_zjets_m0.1_4067813/wjets,/tmp/ak8_semisup_zjets_m0.1_4067813/ttbar,/tmp/ak8_semisup_zjets_m0.1_4067813/hbb
Streaming signal from /tmp/ak8_semisup_zjets_m0.1_4067813/signal_zjets
Node feature names: ['eta', 'phi', 'pt', 'd0/d0Err', 'dz/dzErr', 'charge', 'mass', 'log_pt', 'pdgId_-211', 'pdgId_-13', 'pdgId_-11', 'pdgId_11', 'pdgId_13', 'pdgId_22', 'pdgId_130', 'pdgId_211']
Streaming mode: discovering ROOT shards (no full in-memory load).
  class 0 (QCD): 395 ROOT files
  class 1 (WJets): 200 ROOT files
  class 2 (TTbar): 199 ROOT files
  class 3 (Hbb): 188 ROOT files
  split QCD: train_files=355 val_files=40
  split WJets: train_files=180 val_files=20
  split TTbar: train_files=179 val_files=20
  split Hbb: train_files=169 val_files=19
  signal (ZJets): 200 ROOT files
Streaming configured: steps_per_epoch=1000, val_steps=100, eval_steps=100
Streaming datasets already prepared in load(); skipping RAM materialization.
Skipping feature plots in streaming mode.
Selected SSL model: semi-sup-triplet
Model summary:
LeJEPASemiSupervisedTripletParticleTransformerRepresentation(
  (node_embedding): NodeEmbedding(
    (net): Sequential(
      (0): Linear(in_features=16, out_features=128, bias=True)
      (1): GELU(approximate='none')
      (2): LayerNorm((128,), eps=1e-05, elementwise_affine=True)
      (3): Linear(in_features=128, out_features=512, bias=True)
      (4): GELU(approximate='none')
      (5): LayerNorm((512,), eps=1e-05, elementwise_affine=True)
      (6): Linear(in_features=512, out_features=128, bias=True)
      (7): Dropout(p=0.1, inplace=False)
    )
  )
  (pairwise_bias): PairwiseAttentionBias(
    (mlp): Sequential(
      (0): RMSNorm()
      (1): Linear(in_features=4, out_features=16, bias=True)
      (2): SiLU()
      (3): Dropout(p=0.1, inplace=False)
      (4): Linear(in_features=16, out_features=16, bias=True)
      (5): SiLU()
      (6): Dropout(p=0.1, inplace=False)
      (7): Linear(in_features=16, out_features=8, bias=True)
    )
  )
  (encoder): ParticleTransformerEncoder(
    (layers): ModuleList(
      (0-7): 8 x ParticleTransformerBlock(
        (attn_norm): RMSNorm()
        (self_attn): MultiheadAttention(
          (out_proj): NonDynamicallyQuantizableLinear(in_features=128, out_features=128, bias=True)
        )
        (attn_dropout): Dropout(p=0.1, inplace=False)
        (ffn_norm): RMSNorm()
        (ffn): SwiGLUFFN(
          (fc1): Linear(in_features=128, out_features=1024, bias=True)
          (act): SwiGLU()
          (fc2): Linear(in_features=512, out_features=128, bias=True)
          (dropout): Dropout(p=0.1, inplace=False)
        )
      )
    )
  )
  (cls_pooling): CLSPooling(
    (layers): ModuleList(
      (0-1): 2 x ClassAttentionBlock(
        (query_norm): LayerNorm((128,), eps=1e-05, elementwise_affine=True)
        (context_norm): LayerNorm((128,), eps=1e-05, elementwise_affine=True)
        (attn): MultiheadAttention(
          (out_proj): NonDynamicallyQuantizableLinear(in_features=128, out_features=128, bias=True)
        )
        (attn_dropout): Dropout(p=0.0, inplace=False)
        (ffn_norm): LayerNorm((128,), eps=1e-05, elementwise_affine=True)
        (ffn): Sequential(
          (0): Linear(in_features=128, out_features=512, bias=True)
          (1): GELU(approximate='none')
          (2): Dropout(p=0.0, inplace=False)
          (3): Linear(in_features=512, out_features=128, bias=True)
          (4): Dropout(p=0.0, inplace=False)
        )
      )
    )
  )
  (representation_head): RepresentationHead(
    (net): Sequential(
      (0): RMSNorm()
      (1): Linear(in_features=128, out_features=128, bias=True)
      (2): SiLU()
      (3): Dropout(p=0.1, inplace=False)
      (4): Linear(in_features=128, out_features=128, bias=True)
    )
  )
  (augmentation): MultiViewAugmentation()
  (negative_augmentation): CorruptedNegativeAugmentation()
  (loss): LeJEPASIGRegTripletClassificationLoss(
    (triplet_loss): LeJEPASIGRegTripletLoss(
      (lejepa_loss): LeJEPASIGRegLoss(
        (sigreg_loss_fn): SlicingUnivariateTest(
          (univariate_test): EppsPulley()
        )
      )
    )
  )
  (classification_head): CategoricalClassificationHead(
    (net): Sequential(
      (0): RMSNorm()
      (1): Linear(in_features=128, out_features=128, bias=True)
      (2): SiLU()
      (3): Dropout(p=0.1, inplace=False)
      (4): Linear(in_features=128, out_features=4, bias=True)
    )
  )
)
Number of trainable parameters: 2695664
Skipping augmentation sample plots.
Initialized run summary at plots/run-lejepa-ak8-semisup-m0.1-zjets/summary.json

Epoch [1/12]
Learning rate: 1e-07
Saved new best model state_dict to plots/run-lejepa-ak8-semisup-m0.1-zjets/best_model.pth
Saved last model state_dict to plots/run-lejepa-ak8-semisup-m0.1-zjets/last_model.pth
Epoch 1 train losses: {'total_loss': 1.8107934201359748, 'invariant_loss': 0.25103670555818824, 'sigreg_loss': 74.61475, 'triplet_loss': 0.022919603654183447, 'triplet_pos_distance': 0.06393970963312313, 'triplet_neg_distance': 0.6094879488507285, 'classification_loss': 1.3011701115369796}
Epoch 1 val losses: {'total_loss': 0.8090268272161484, 'invariant_loss': 0.14748757869005202, 'sigreg_loss': 29.9625, 'triplet_loss': 0.0071982367802411315, 'triplet_pos_distance': 0.02652129892259836, 'triplet_neg_distance': 1.0634317129850388, 'classification_loss': 1.2312323260307312}
Updated run summary at plots/run-lejepa-ak8-semisup-m0.1-zjets/summary.json

Epoch [2/12]
Learning rate: 0.0001001
Saved new best model state_dict to plots/run-lejepa-ak8-semisup-m0.1-zjets/best_model.pth
Saved last model state_dict to plots/run-lejepa-ak8-semisup-m0.1-zjets/last_model.pth
Epoch 2 train losses: {'total_loss': 0.7022419086098671, 'invariant_loss': 0.19771418571472169, 'sigreg_loss': 22.2016875, 'triplet_loss': 0.0031236807485693135, 'triplet_pos_distance': 0.054964909363538025, 'triplet_neg_distance': 1.2189753823280334, 'classification_loss': 1.2030962230563165}
Epoch 2 val losses: {'total_loss': 0.5723407167196274, 'invariant_loss': 0.11707250528037548, 'sigreg_loss': 19.83875, 'triplet_loss': 0.0036524722713511437, 'triplet_pos_distance': 0.021442883713170886, 'triplet_neg_distance': 1.272440299987793, 'classification_loss': 1.1644655871391296}
Updated run summary at plots/run-lejepa-ak8-semisup-m0.1-zjets/summary.json

Epoch [3/12]
Learning rate: 0.0002001
Saved new best model state_dict to plots/run-lejepa-ak8-semisup-m0.1-zjets/best_model.pth
Saved last model state_dict to plots/run-lejepa-ak8-semisup-m0.1-zjets/last_model.pth
Epoch 3 train losses: {'total_loss': 0.5631387065649033, 'invariant_loss': 0.18749042737483979, 'sigreg_loss': 15.86975, 'triplet_loss': 0.0018716013107914478, 'triplet_pos_distance': 0.05410005321726203, 'triplet_neg_distance': 1.3732658644914628, 'classification_loss': 1.1613903434872628}
Epoch 3 val losses: {'total_loss': 0.4973216000199318, 'invariant_loss': 0.12040949791669846, 'sigreg_loss': 15.931875, 'triplet_loss': 0.003071760388556868, 'triplet_pos_distance': 0.02249513002112508, 'triplet_neg_distance': 1.3454988610744476, 'classification_loss': 1.1594422495365142}
Updated run summary at plots/run-lejepa-ak8-semisup-m0.1-zjets/summary.json

Epoch [4/12]
Learning rate: 0.0003001
Saved new best model state_dict to plots/run-lejepa-ak8-semisup-m0.1-zjets/best_model.pth
Saved last model state_dict to plots/run-lejepa-ak8-semisup-m0.1-zjets/last_model.pth
Epoch 4 train losses: {'total_loss': 0.5141078913807869, 'invariant_loss': 0.1811759945899248, 'sigreg_loss': 13.72675, 'triplet_loss': 0.001801312108640559, 'triplet_pos_distance': 0.052051889821887014, 'triplet_neg_distance': 1.3918241918087007, 'classification_loss': 1.1638633819818496}
Epoch 4 val losses: {'total_loss': 0.4622896695137024, 'invariant_loss': 0.11760609790682792, 'sigreg_loss': 14.324375, 'triplet_loss': 0.002935575018636882, 'triplet_pos_distance': 0.020848753922618927, 'triplet_neg_distance': 1.427205766439438, 'classification_loss': 1.1596752750873565}
Updated run summary at plots/run-lejepa-ak8-semisup-m0.1-zjets/summary.json

Epoch [5/12]
Learning rate: 0.0004001
Saved new best model state_dict to plots/run-lejepa-ak8-semisup-m0.1-zjets/best_model.pth
Saved last model state_dict to plots/run-lejepa-ak8-semisup-m0.1-zjets/last_model.pth
Mahalanobis metrics saved to plots/run-lejepa-ak8-semisup-m0.1-zjets/mahalanobis_eval/epoch_0005/mahalanobis_metrics.json
Mahalanobis AUC, QCD+WJets+TTbar+Hbb train vs ZJets: 0.525157
Mahalanobis AUC, QCD+WJets+TTbar+Hbb val vs ZJets: 0.500600
Epoch 5 train losses: {'total_loss': 0.48337795853614807, 'invariant_loss': 0.17503980332612992, 'sigreg_loss': 12.4963125, 'triplet_loss': 0.0017482694883947261, 'triplet_pos_distance': 0.04946279994212091, 'triplet_neg_distance': 1.373150497674942, 'classification_loss': 1.1643797802329063}
Epoch 5 val losses: {'total_loss': 0.4310174944996834, 'invariant_loss': 0.10000847801566123, 'sigreg_loss': 13.67875, 'triplet_loss': 0.0029719669884070753, 'triplet_pos_distance': 0.01822153208311647, 'triplet_neg_distance': 1.301099123954773, 'classification_loss': 1.142947404384613}
Updated run summary at plots/run-lejepa-ak8-semisup-m0.1-zjets/summary.json

Epoch [6/12]
Learning rate: 0.0005001
Saved new best model state_dict to plots/run-lejepa-ak8-semisup-m0.1-zjets/best_model.pth
Saved last model state_dict to plots/run-lejepa-ak8-semisup-m0.1-zjets/last_model.pth
Epoch 6 train losses: {'total_loss': 0.4630174290239811, 'invariant_loss': 0.17268276330828666, 'sigreg_loss': 11.6026875, 'triplet_loss': 0.0017243179145734757, 'triplet_pos_distance': 0.04875235434994102, 'triplet_neg_distance': 1.3555154625177384, 'classification_loss': 1.1621117876172067}
Epoch 6 val losses: {'total_loss': 0.4054895174503326, 'invariant_loss': 0.1040981551259756, 'sigreg_loss': 12.184375, 'triplet_loss': 0.0027128182840533556, 'triplet_pos_distance': 0.019503196328878404, 'triplet_neg_distance': 1.325786907672882, 'classification_loss': 1.1497453773021697}
Updated run summary at plots/run-lejepa-ak8-semisup-m0.1-zjets/summary.json

Epoch [7/12]
Learning rate: 0.0006001
Saved new best model state_dict to plots/run-lejepa-ak8-semisup-m0.1-zjets/best_model.pth
Saved last model state_dict to plots/run-lejepa-ak8-semisup-m0.1-zjets/last_model.pth
Epoch 7 train losses: {'total_loss': 0.4462729584872723, 'invariant_loss': 0.16974004992842676, 'sigreg_loss': 10.95671875, 'triplet_loss': 0.0016463422521192114, 'triplet_pos_distance': 0.04810415662825108, 'triplet_neg_distance': 1.3782260959148407, 'classification_loss': 1.1445529252886772}
Epoch 7 val losses: {'total_loss': 0.39702340453863144, 'invariant_loss': 0.10129667788743973, 'sigreg_loss': 11.93125, 'triplet_loss': 0.002648436340969056, 'triplet_pos_distance': 0.017797146220691503, 'triplet_neg_distance': 1.3004873549938203, 'classification_loss': 1.1363860547542572}
Updated run summary at plots/run-lejepa-ak8-semisup-m0.1-zjets/summary.json

Epoch [8/12]
Learning rate: 0.0007001
Saved last model state_dict to plots/run-lejepa-ak8-semisup-m0.1-zjets/last_model.pth
Epoch 8 train losses: {'total_loss': 0.4356080501675606, 'invariant_loss': 0.16787156660854816, 'sigreg_loss': 10.535875, 'triplet_loss': 0.0017055087409389672, 'triplet_pos_distance': 0.04777796677313745, 'triplet_neg_distance': 1.377380954861641, 'classification_loss': 1.1366311128139497}
Epoch 8 val losses: {'total_loss': 0.4009926024079323, 'invariant_loss': 0.10094747453927994, 'sigreg_loss': 12.176875, 'triplet_loss': 0.0023942893260391427, 'triplet_pos_distance': 0.016865184372290967, 'triplet_neg_distance': 1.3351139771938323, 'classification_loss': 1.1259967732429503}
Updated run summary at plots/run-lejepa-ak8-semisup-m0.1-zjets/summary.json

Epoch [9/12]
Learning rate: 0.0008001
Saved new best model state_dict to plots/run-lejepa-ak8-semisup-m0.1-zjets/best_model.pth
Saved last model state_dict to plots/run-lejepa-ak8-semisup-m0.1-zjets/last_model.pth
Epoch 9 train losses: {'total_loss': 0.4267583822309971, 'invariant_loss': 0.16699743032455444, 'sigreg_loss': 10.11740625, 'triplet_loss': 0.00164708034521027, 'triplet_pos_distance': 0.04691825289279222, 'triplet_neg_distance': 1.3887182506322862, 'classification_loss': 1.1448349614143372}
Epoch 9 val losses: {'total_loss': 0.37897185266017913, 'invariant_loss': 0.10463816910982132, 'sigreg_loss': 10.864375, 'triplet_loss': 0.0023688720422796903, 'triplet_pos_distance': 0.01852822088636458, 'triplet_neg_distance': 1.3690405917167663, 'classification_loss': 1.1360375493764878}
Updated run summary at plots/run-lejepa-ak8-semisup-m0.1-zjets/summary.json

Epoch [10/12]
Learning rate: 0.0009001
Saved new best model state_dict to plots/run-lejepa-ak8-semisup-m0.1-zjets/best_model.pth
Saved last model state_dict to plots/run-lejepa-ak8-semisup-m0.1-zjets/last_model.pth
Mahalanobis metrics saved to plots/run-lejepa-ak8-semisup-m0.1-zjets/mahalanobis_eval/epoch_0010/mahalanobis_metrics.json
Mahalanobis AUC, QCD+WJets+TTbar+Hbb train vs ZJets: 0.509762
Mahalanobis AUC, QCD+WJets+TTbar+Hbb val vs ZJets: 0.501067
Epoch 10 train losses: {'total_loss': 0.42196708273887634, 'invariant_loss': 0.16642506177723407, 'sigreg_loss': 9.90284375, 'triplet_loss': 0.001657508632662939, 'triplet_pos_distance': 0.046481172800064086, 'triplet_neg_distance': 1.3987710559368134, 'classification_loss': 1.1464120473861694}
Epoch 10 val losses: {'total_loss': 0.3718524062633514, 'invariant_loss': 0.10695762626826763, 'sigreg_loss': 10.41625, 'triplet_loss': 0.0024763735436135904, 'triplet_pos_distance': 0.02015062511898577, 'triplet_neg_distance': 1.3247954142093659, 'classification_loss': 1.127122573852539}
Updated run summary at plots/run-lejepa-ak8-semisup-m0.1-zjets/summary.json

Epoch [11/12]
Learning rate: 0.001
Saved new best model state_dict to plots/run-lejepa-ak8-semisup-m0.1-zjets/best_model.pth
Saved last model state_dict to plots/run-lejepa-ak8-semisup-m0.1-zjets/last_model.pth
Epoch 11 train losses: {'total_loss': 0.4102540571689606, 'invariant_loss': 0.1651037257015705, 'sigreg_loss': 9.38234375, 'triplet_loss': 0.0016035101812158245, 'triplet_pos_distance': 0.04612047950923443, 'triplet_neg_distance': 1.3926090470552444, 'classification_loss': 1.1468503269553185}
Epoch 11 val losses: {'total_loss': 0.35122719705104827, 'invariant_loss': 0.10477513797581196, 'sigreg_loss': 9.4975, 'triplet_loss': 0.002173746142652817, 'triplet_pos_distance': 0.018456740686669946, 'triplet_neg_distance': 1.3531089794635773, 'classification_loss': 1.1250843465328217}
Updated run summary at plots/run-lejepa-ak8-semisup-m0.1-zjets/summary.json

Epoch [12/12]
Learning rate: 0.0005005
Saved new best model state_dict to plots/run-lejepa-ak8-semisup-m0.1-zjets/best_model.pth
Saved last model state_dict to plots/run-lejepa-ak8-semisup-m0.1-zjets/last_model.pth
Mahalanobis metrics saved to plots/run-lejepa-ak8-semisup-m0.1-zjets/mahalanobis_eval/epoch_0012/mahalanobis_metrics.json
Mahalanobis AUC, QCD+WJets+TTbar+Hbb train vs ZJets: 0.523269
Mahalanobis AUC, QCD+WJets+TTbar+Hbb val vs ZJets: 0.510892
Epoch 12 train losses: {'total_loss': 0.383031374335289, 'invariant_loss': 0.15789686872065067, 'sigreg_loss': 8.44971875, 'triplet_loss': 0.001402199416043004, 'triplet_pos_distance': 0.04486200457438826, 'triplet_neg_distance': 1.392389408826828, 'classification_loss': 1.1199442437291145}
Epoch 12 val losses: {'total_loss': 0.3357822176814079, 'invariant_loss': 0.09561058029532432, 'sigreg_loss': 9.2253125, 'triplet_loss': 0.0022135756909847258, 'triplet_pos_distance': 0.01732573159970343, 'triplet_neg_distance': 1.3292003071308136, 'classification_loss': 1.10838056743145}
Updated run summary at plots/run-lejepa-ak8-semisup-m0.1-zjets/summary.json
Saved run summary to plots/run-lejepa-ak8-semisup-m0.1-zjets/summary.json
Job finished at: Fri Jul 17 01:00:02 PM EDT 2026
