## SLURM PROLOG ###############################################################
##    Job ID : 6829197
##  Job Name : JETANOMALY
##  Nodelist : gpu2708
##      CPUs : 1
##  Mem/Node : 65536 MB
## Directory : /oscar/home/lwang223/jetAnomalyDetection
##   Job Started : Tue Sep 29 07:45:29 PM EDT 2026
###############################################################################

==========================================
Job started at: Tue Sep 29 07:45:29 PM EDT 2026
Job ID: 6829197
Node: gpu2708
==========================================

GPU Information (from host):
Tue Sep 29 19:45:29 2026       
+-----------------------------------------------------------------------------------------+
| NVIDIA-SMI 575.57.08              Driver Version: 575.57.08      CUDA Version: 12.9     |
|-----------------------------------------+------------------------+----------------------+
| GPU  Name                 Persistence-M | Bus-Id          Disp.A | Volatile Uncorr. ECC |
| Fan  Temp   Perf          Pwr:Usage/Cap |           Memory-Usage | GPU-Util  Compute M. |
|                                         |                        |               MIG M. |
|=========================================+========================+======================|
|   0  NVIDIA L40S                    On  |   00000000:A1:00.0 Off |                    0 |
| N/A   33C    P8             35W /  350W |      77MiB /  46068MiB |      0%      Default |
|                                         |                        |                  N/A |
+-----------------------------------------+------------------------+----------------------+
                                                                                         
+-----------------------------------------------------------------------------------------+
| Processes:                                                                              |
|  GPU   GI   CI              PID   Type   Process name                        GPU Memory |
|        ID   ID                                                               Usage      |
|=========================================================================================|
|    0   N/A  N/A          182476      G   /usr/libexec/Xorg                        64MiB |
+-----------------------------------------------------------------------------------------+

PyTorch version: 2.6.0+cu124
