## SLURM PROLOG ###############################################################
##    Job ID : 3854295
##  Job Name : JETANOMALY-JETCLASS
##  Nodelist : gpu3003
##      CPUs : 1
##  Mem/Node : 96000 MB
## Directory : /oscar/home/lwang223/jetAnomalyDetection
##   Job Started : Fri Jul 10 12:14:56 PM EDT 2026
###############################################################################

==========================================
Job started at: Fri Jul 10 12:14:56 PM EDT 2026
Job ID: 3854295
Node: gpu3003
==========================================

GPU Information (from host):
Fri Jul 10 12:14:56 2026       
+-----------------------------------------------------------------------------------------+
| NVIDIA-SMI 575.57.08              Driver Version: 575.57.08      CUDA Version: 12.9     |
|-----------------------------------------+------------------------+----------------------+
| GPU  Name                 Persistence-M | Bus-Id          Disp.A | Volatile Uncorr. ECC |
| Fan  Temp   Perf          Pwr:Usage/Cap |           Memory-Usage | GPU-Util  Compute M. |
|                                         |                        |               MIG M. |
|=========================================+========================+======================|
|   0  NVIDIA L40S                    On  |   00000000:21:00.0 Off |                    0 |
| N/A   32C    P8             34W /  350W |      77MiB /  46068MiB |      0%      Default |
|                                         |                        |                  N/A |
+-----------------------------------------+------------------------+----------------------+
                                                                                         
+-----------------------------------------------------------------------------------------+
| Processes:                                                                              |
|  GPU   GI   CI              PID   Type   Process name                        GPU Memory |
|        ID   ID                                                               Usage      |
|=========================================================================================|
|    0   N/A  N/A          179375      G   /usr/libexec/Xorg                        64MiB |
+-----------------------------------------------------------------------------------------+

PyTorch version: 2.6.0+cu124
JetClass root: /HEP/export/home/lwang223/JetClass/JetClass/Pythia
Background labels: ['label_QCD', 'label_Hbb', 'label_Hcc']
Signal labels: ['label_Wqq']
Particle features: ['part_px', 'part_py', 'part_pz', 'part_energy', 'part_pt', 'part_eta', 'part_phi', 'part_deta', 'part_dphi', 'part_d0val', 'part_d0err', 'part_dzval', 'part_dzerr', 'part_charge', 'part_isChargedHadron', 'part_isNeutralHadron', 'part_isPhoton', 'part_isElectron', 'part_isMuon']
Lazy JetClass datasets ready; no full split has been loaded into RAM.
Background train ROOT shards: 300
Background val ROOT shards: 15
Signal test ROOT shards: 20
Per-event particle shape: (128, 19)
Selected SSL model: semi-sup
Model summary:
LeJEPASemiSupervisedParticleTransformerRepresentation(
  (node_embedding): NodeEmbedding(
    (net): Sequential(
      (0): Linear(in_features=19, out_features=128, bias=True)
      (1): GELU(approximate='none')
      (2): LayerNorm((128,), eps=1e-05, elementwise_affine=True)
      (3): Linear(in_features=128, out_features=512, bias=True)
      (4): GELU(approximate='none')
      (5): LayerNorm((512,), eps=1e-05, elementwise_affine=True)
      (6): Linear(in_features=512, out_features=128, bias=True)
      (7): Dropout(p=0.1, inplace=False)
    )
  )
  (pairwise_bias): PairwiseAttentionBias(
    (mlp): Sequential(
      (0): RMSNorm()
      (1): Linear(in_features=4, out_features=64, bias=True)
      (2): SiLU()
      (3): Dropout(p=0.1, inplace=False)
      (4): Linear(in_features=64, out_features=64, bias=True)
      (5): SiLU()
      (6): Dropout(p=0.1, inplace=False)
      (7): Linear(in_features=64, out_features=8, bias=True)
    )
  )
  (encoder): ParticleTransformerEncoder(
    (layers): ModuleList(
      (0-7): 8 x ParticleTransformerBlock(
        (attn_norm): RMSNorm()
        (self_attn): MultiheadAttention(
          (out_proj): NonDynamicallyQuantizableLinear(in_features=128, out_features=128, bias=True)
        )
        (attn_dropout): Dropout(p=0.1, inplace=False)
        (ffn_norm): RMSNorm()
        (ffn): SwiGLUFFN(
          (fc1): Linear(in_features=128, out_features=1024, bias=True)
          (act): SwiGLU()
          (fc2): Linear(in_features=512, out_features=128, bias=True)
          (dropout): Dropout(p=0.1, inplace=False)
        )
      )
    )
  )
  (cls_pooling): CLSPooling(
    (layers): ModuleList(
      (0-1): 2 x ClassAttentionBlock(
        (query_norm): LayerNorm((128,), eps=1e-05, elementwise_affine=True)
        (context_norm): LayerNorm((128,), eps=1e-05, elementwise_affine=True)
        (attn): MultiheadAttention(
          (out_proj): NonDynamicallyQuantizableLinear(in_features=128, out_features=128, bias=True)
        )
        (attn_dropout): Dropout(p=0.0, inplace=False)
        (ffn_norm): LayerNorm((128,), eps=1e-05, elementwise_affine=True)
        (ffn): Sequential(
          (0): Linear(in_features=128, out_features=512, bias=True)
          (1): GELU(approximate='none')
          (2): Dropout(p=0.0, inplace=False)
          (3): Linear(in_features=512, out_features=128, bias=True)
          (4): Dropout(p=0.0, inplace=False)
        )
      )
    )
  )
  (augmentation): MultiViewAugmentation()
  (loss): LeJEPASIGRegClassificationLoss(
    (sigreg_loss_fn): SlicingUnivariateTest(
      (univariate_test): EppsPulley()
    )
  )
  (representation_head): RepresentationHead(
    (net): Sequential(
      (0): RMSNorm()
      (1): Linear(in_features=128, out_features=128, bias=True)
      (2): SiLU()
      (3): Dropout(p=0.1, inplace=False)
      (4): Linear(in_features=128, out_features=128, bias=True)
    )
  )
  (classification_head): CategoricalClassificationHead(
    (net): Sequential(
      (0): RMSNorm()
      (1): Linear(in_features=128, out_features=128, bias=True)
      (2): SiLU()
      (3): Dropout(p=0.1, inplace=False)
      (4): Linear(in_features=128, out_features=3, bias=True)
    )
  )
)
Number of trainable parameters: 2700431

Epoch [1/1000]
Saved new best model state_dict to plots/run-lejepa-semi-sup-jetclass-ddp/best_model.pth
Mahalanobis metrics saved to plots/run-lejepa-semi-sup-jetclass-ddp/mahalanobis_eval/epoch_0001/mahalanobis_metrics.json
Mahalanobis AUC, QCD+Hbb+Hcc train vs Wqq: 0.544819
Mahalanobis AUC, QCD+Hbb+Hcc val vs Wqq: 0.540716
Epoch 1 train losses: {'total_loss': 7.780830669403076, 'invariant_loss': 0.007329994253814221, 'sigreg_loss': 383.2, 'classification_loss': 1.1100054025650024}
Epoch 1 val losses: {'total_loss': 7.354493618011475, 'invariant_loss': 0.0007981738890521228, 'sigreg_loss': 362.0, 'classification_loss': 1.0369549989700317}
Updated run summary at plots/run-lejepa-semi-sup-jetclass-ddp/summary.json

Epoch [2/1000]
Saved new best model state_dict to plots/run-lejepa-semi-sup-jetclass-ddp/best_model.pth
Mahalanobis metrics saved to plots/run-lejepa-semi-sup-jetclass-ddp/mahalanobis_eval/epoch_0002/mahalanobis_metrics.json
Mahalanobis AUC, QCD+Hbb+Hcc train vs Wqq: 0.537031
Mahalanobis AUC, QCD+Hbb+Hcc val vs Wqq: 0.533225
Epoch 2 train losses: {'total_loss': 6.790720081329345, 'invariant_loss': 0.010648590512573719, 'sigreg_loss': 333.6, 'classification_loss': 1.113214373588562}
Epoch 2 val losses: {'total_loss': 6.417248249053955, 'invariant_loss': 0.0012545536737889051, 'sigreg_loss': 316.0, 'classification_loss': 1.0349355936050415}
Updated run summary at plots/run-lejepa-semi-sup-jetclass-ddp/summary.json

Epoch [3/1000]
Saved new best model state_dict to plots/run-lejepa-semi-sup-jetclass-ddp/best_model.pth
Mahalanobis metrics saved to plots/run-lejepa-semi-sup-jetclass-ddp/mahalanobis_eval/epoch_0003/mahalanobis_metrics.json
Mahalanobis AUC, QCD+Hbb+Hcc train vs Wqq: 0.532162
Mahalanobis AUC, QCD+Hbb+Hcc val vs Wqq: 0.529415
Epoch 3 train losses: {'total_loss': 5.745339107513428, 'invariant_loss': 0.01562609672546387, 'sigreg_loss': 281.2, 'classification_loss': 1.0471303343772889}
Epoch 3 val losses: {'total_loss': 5.140478134155273, 'invariant_loss': 0.0017387394327670336, 'sigreg_loss': 252.0, 'classification_loss': 1.0748952627182007}
Updated run summary at plots/run-lejepa-semi-sup-jetclass-ddp/summary.json

Epoch [4/1000]
Saved new best model state_dict to plots/run-lejepa-semi-sup-jetclass-ddp/best_model.pth
Mahalanobis metrics saved to plots/run-lejepa-semi-sup-jetclass-ddp/mahalanobis_eval/epoch_0004/mahalanobis_metrics.json
Mahalanobis AUC, QCD+Hbb+Hcc train vs Wqq: 0.544108
Mahalanobis AUC, QCD+Hbb+Hcc val vs Wqq: 0.539213
Epoch 4 train losses: {'total_loss': 4.68555326461792, 'invariant_loss': 0.021040452271699907, 'sigreg_loss': 227.8, 'classification_loss': 1.0826281666755677}
Epoch 4 val losses: {'total_loss': 4.326661109924316, 'invariant_loss': 0.0020832084119319916, 'sigreg_loss': 211.0, 'classification_loss': 1.0582774877548218}
Updated run summary at plots/run-lejepa-semi-sup-jetclass-ddp/summary.json

Epoch [5/1000]
Saved new best model state_dict to plots/run-lejepa-semi-sup-jetclass-ddp/best_model.pth
Mahalanobis metrics saved to plots/run-lejepa-semi-sup-jetclass-ddp/mahalanobis_eval/epoch_0005/mahalanobis_metrics.json
Mahalanobis AUC, QCD+Hbb+Hcc train vs Wqq: 0.556332
Mahalanobis AUC, QCD+Hbb+Hcc val vs Wqq: 0.549438
Epoch 5 train losses: {'total_loss': 3.7524370670318605, 'invariant_loss': 0.02596425376832485, 'sigreg_loss': 181.2, 'classification_loss': 1.0459778904914856}
Epoch 5 val losses: {'total_loss': 3.626532554626465, 'invariant_loss': 0.0029602725990116596, 'sigreg_loss': 176.0, 'classification_loss': 1.0794742107391357}
Updated run summary at plots/run-lejepa-semi-sup-jetclass-ddp/summary.json

Epoch [6/1000]
Saved new best model state_dict to plots/run-lejepa-semi-sup-jetclass-ddp/best_model.pth
Mahalanobis metrics saved to plots/run-lejepa-semi-sup-jetclass-ddp/mahalanobis_eval/epoch_0006/mahalanobis_metrics.json
Mahalanobis AUC, QCD+Hbb+Hcc train vs Wqq: 0.550780
Mahalanobis AUC, QCD+Hbb+Hcc val vs Wqq: 0.543526
Epoch 6 train losses: {'total_loss': 3.0113332271575928, 'invariant_loss': 0.029781077057123184, 'sigreg_loss': 144.0, 'classification_loss': 1.0655216217041015}
Epoch 6 val losses: {'total_loss': 3.1126492023468018, 'invariant_loss': 0.003528040833771229, 'sigreg_loss': 150.0, 'classification_loss': 1.0912106037139893}
Updated run summary at plots/run-lejepa-semi-sup-jetclass-ddp/summary.json

Epoch [7/1000]
Saved new best model state_dict to plots/run-lejepa-semi-sup-jetclass-ddp/best_model.pth
Mahalanobis metrics saved to plots/run-lejepa-semi-sup-jetclass-ddp/mahalanobis_eval/epoch_0007/mahalanobis_metrics.json
Mahalanobis AUC, QCD+Hbb+Hcc train vs Wqq: 0.560475
Mahalanobis AUC, QCD+Hbb+Hcc val vs Wqq: 0.552603
Epoch 7 train losses: {'total_loss': 2.6472646236419677, 'invariant_loss': 0.03546641916036606, 'sigreg_loss': 125.2, 'classification_loss': 1.0554823637008668}
Epoch 7 val losses: {'total_loss': 2.7538063526153564, 'invariant_loss': 0.004367005079984665, 'sigreg_loss': 132.0, 'classification_loss': 1.0881427526474}
Updated run summary at plots/run-lejepa-semi-sup-jetclass-ddp/summary.json

Epoch [8/1000]
Saved new best model state_dict to plots/run-lejepa-semi-sup-jetclass-ddp/best_model.pth
Mahalanobis metrics saved to plots/run-lejepa-semi-sup-jetclass-ddp/mahalanobis_eval/epoch_0008/mahalanobis_metrics.json
Mahalanobis AUC, QCD+Hbb+Hcc train vs Wqq: 0.556068
Mahalanobis AUC, QCD+Hbb+Hcc val vs Wqq: 0.548790
Epoch 8 train losses: {'total_loss': 2.221760368347168, 'invariant_loss': 0.04045049622654915, 'sigreg_loss': 103.7, 'classification_loss': 1.078723669052124}
Epoch 8 val losses: {'total_loss': 2.3328304290771484, 'invariant_loss': 0.005144491791725159, 'sigreg_loss': 111.0, 'classification_loss': 1.0893582105636597}
Updated run summary at plots/run-lejepa-semi-sup-jetclass-ddp/summary.json

Epoch [9/1000]
Mahalanobis metrics saved to plots/run-lejepa-semi-sup-jetclass-ddp/mahalanobis_eval/epoch_0009/mahalanobis_metrics.json
Mahalanobis AUC, QCD+Hbb+Hcc train vs Wqq: 0.568483
Mahalanobis AUC, QCD+Hbb+Hcc val vs Wqq: 0.559428
Epoch 9 train losses: {'total_loss': 2.1086440563201903, 'invariant_loss': 0.043545398861169815, 'sigreg_loss': 98.1, 'classification_loss': 1.025987160205841}
Epoch 9 val losses: {'total_loss': 2.4583230018615723, 'invariant_loss': 0.0060114553198218346, 'sigreg_loss': 117.0, 'classification_loss': 1.0856140851974487}
Updated run summary at plots/run-lejepa-semi-sup-jetclass-ddp/summary.json

Epoch [10/1000]
Saved new best model state_dict to plots/run-lejepa-semi-sup-jetclass-ddp/best_model.pth
Mahalanobis metrics saved to plots/run-lejepa-semi-sup-jetclass-ddp/mahalanobis_eval/epoch_0010/mahalanobis_metrics.json
Mahalanobis AUC, QCD+Hbb+Hcc train vs Wqq: 0.559099
Mahalanobis AUC, QCD+Hbb+Hcc val vs Wqq: 0.556582
Epoch 10 train losses: {'total_loss': 1.9874008655548097, 'invariant_loss': 0.04317916929721832, 'sigreg_loss': 91.9, 'classification_loss': 1.0672169208526612}
Epoch 10 val losses: {'total_loss': 1.9682568311691284, 'invariant_loss': 0.006331554148346186, 'sigreg_loss': 92.5, 'classification_loss': 1.1036274433135986}
Updated run summary at plots/run-lejepa-semi-sup-jetclass-ddp/summary.json

Epoch [11/1000]
