## SLURM PROLOG ###############################################################
##    Job ID : 4110759
##  Job Name : AK8-DIAG-m0.1-wjets
##  Nodelist : gpu2708
##      CPUs : 1
##  Mem/Node : 90000 MB
## Directory : /oscar/home/hgao50/jetAnomalyDetection
##   Job Started : Sun Jul 19 07:03:22 PM EDT 2026
###############################################################################

==========================================
Job started at: Sun Jul 19 07:03:22 PM EDT 2026
Job ID: 4110759
Node: gpu2708
RUN_DIR=plots/run-lejepa-ak8-semisup-m0.1-wjets
==========================================

GPU Information (from host):
Sun Jul 19 19:03:22 2026       
+-----------------------------------------------------------------------------------------+
| NVIDIA-SMI 575.57.08              Driver Version: 575.57.08      CUDA Version: 12.9     |
|-----------------------------------------+------------------------+----------------------+
| GPU  Name                 Persistence-M | Bus-Id          Disp.A | Volatile Uncorr. ECC |
| Fan  Temp   Perf          Pwr:Usage/Cap |           Memory-Usage | GPU-Util  Compute M. |
|                                         |                        |               MIG M. |
|=========================================+========================+======================|
|   0  NVIDIA L40S                    On  |   00000000:21:00.0 Off |                    0 |
| N/A   28C    P8             33W /  350W |      76MiB /  46068MiB |      0%      Default |
|                                         |                        |                  N/A |
+-----------------------------------------+------------------------+----------------------+
                                                                                         
+-----------------------------------------------------------------------------------------+
| Processes:                                                                              |
|  GPU   GI   CI              PID   Type   Process name                        GPU Memory |
|        ID   ID                                                               Usage      |
|=========================================================================================|
|    0   N/A  N/A          157414      G   /usr/libexec/Xorg                        64MiB |
+-----------------------------------------------------------------------------------------+

PyTorch 2.2.1+cu118, cuda=True, device=NVIDIA L40S
Loading /oscar/home/hgao50/jetAnomalyDetection/plots/run-lejepa-ak8-semisup-m0.1-wjets/best_model.pth on cuda:0
Backgrounds: ['QCD', 'ZJets', 'TTbar', 'Hbb']
Signal: WJets
Sampling 100 x 128 events per split
Combined AUC fit=0.544515, held-out=0.512724, validation=0.523456

Per-class Mahalanobis diagnostic
QCD: AUC held-out=0.662423, validation=0.660405
ZJets: AUC held-out=0.490036, validation=0.500397
TTbar: AUC held-out=0.661039, validation=0.670369
Hbb: AUC held-out=0.726496, validation=0.715652

Wrote /oscar/home/hgao50/jetAnomalyDetection/plots/run-lejepa-ak8-semisup-m0.1-wjets/latent_diagnostics/diagnostic_results.json

Finished at: Sun Jul 19 07:04:20 PM EDT 2026
Results: plots/run-lejepa-ak8-semisup-m0.1-wjets/latent_diagnostics/
