## SLURM PROLOG ###############################################################
##    Job ID : 4110574
##  Job Name : JETANOMALY-JETCLASS
##  Nodelist : gpu2709
##      CPUs : 1
##  Mem/Node : 48000 MB
## Directory : /oscar/home/lwang223/jetAnomalyDetection
##   Job Started : Sun Jul 19 06:19:49 PM EDT 2026
###############################################################################

==========================================
Job started at: Sun Jul 19 06:19:49 PM EDT 2026
Job ID: 4110574
Node: gpu2709
==========================================

GPU Information (from host):
Sun Jul 19 18:19:49 2026       
+-----------------------------------------------------------------------------------------+
| NVIDIA-SMI 575.57.08              Driver Version: 575.57.08      CUDA Version: 12.9     |
|-----------------------------------------+------------------------+----------------------+
| GPU  Name                 Persistence-M | Bus-Id          Disp.A | Volatile Uncorr. ECC |
| Fan  Temp   Perf          Pwr:Usage/Cap |           Memory-Usage | GPU-Util  Compute M. |
|                                         |                        |               MIG M. |
|=========================================+========================+======================|
|   0  NVIDIA L40S                    On  |   00000000:E1:00.0 Off |                    0 |
| N/A   32C    P8             33W /  350W |      77MiB /  46068MiB |      0%      Default |
|                                         |                        |                  N/A |
+-----------------------------------------+------------------------+----------------------+
                                                                                         
+-----------------------------------------------------------------------------------------+
| Processes:                                                                              |
|  GPU   GI   CI              PID   Type   Process name                        GPU Memory |
|        ID   ID                                                               Usage      |
|=========================================================================================|
|    0   N/A  N/A          157322      G   /usr/libexec/Xorg                        64MiB |
+-----------------------------------------------------------------------------------------+

PyTorch version: 2.6.0+cu124
JetClass root: /HEP/export/home/lwang223/JetClass/JetClass/Pythia
Background labels: ['label_QCD', 'label_Hbb', 'label_Hcc', 'label_Hgg']
Signal labels: ['label_Wqq']
Particle features: ['part_px', 'part_py', 'part_pz', 'part_energy', 'part_pt', 'log_pt_fraction', 'part_deta', 'part_dphi', 'd0_sig', 'dz_sig', 'part_charge', 'part_isChargedHadron', 'part_isNeutralHadron', 'part_isPhoton', 'part_isElectron', 'part_isMuon']
Lazy JetClass datasets ready; no full split has been loaded into RAM.
Background train ROOT shards: 400
Background val ROOT shards: 20
Signal test ROOT shards: 20
Per-event particle shape: (128, 16)
Selected SSL model: semi-sup-triplet
Model summary:
LeJEPASemiSupervisedTripletParticleTransformerRepresentation(
  (node_embedding): NodeEmbedding(
    (net): Sequential(
      (0): Linear(in_features=12, out_features=32, bias=True)
      (1): GELU(approximate='none')
      (2): LayerNorm((32,), eps=1e-05, elementwise_affine=True)
      (3): Linear(in_features=32, out_features=128, bias=True)
      (4): GELU(approximate='none')
      (5): LayerNorm((128,), eps=1e-05, elementwise_affine=True)
      (6): Linear(in_features=128, out_features=32, bias=True)
      (7): Dropout(p=0.01, inplace=False)
    )
  )
  (pairwise_bias): PairwiseAttentionBias(
    (mlp): Sequential(
      (0): RMSNorm()
      (1): Linear(in_features=4, out_features=32, bias=True)
      (2): SiLU()
      (3): Dropout(p=0.01, inplace=False)
      (4): Linear(in_features=32, out_features=32, bias=True)
      (5): SiLU()
      (6): Dropout(p=0.01, inplace=False)
      (7): Linear(in_features=32, out_features=8, bias=True)
    )
  )
  (encoder): ParticleTransformerEncoder(
    (layers): ModuleList(
      (0-3): 4 x ParticleTransformerBlock(
        (attn_norm): RMSNorm()
        (self_attn): MultiheadAttention(
          (out_proj): NonDynamicallyQuantizableLinear(in_features=32, out_features=32, bias=True)
        )
        (attn_dropout): Dropout(p=0.01, inplace=False)
        (ffn_norm): RMSNorm()
        (ffn): SwiGLUFFN(
          (fc1): Linear(in_features=32, out_features=256, bias=True)
          (act): SwiGLU()
          (fc2): Linear(in_features=128, out_features=32, bias=True)
          (dropout): Dropout(p=0.01, inplace=False)
        )
      )
    )
  )
  (cls_pooling): CLSPooling(
    (layers): ModuleList(
      (0-1): 2 x ClassAttentionBlock(
        (query_norm): LayerNorm((32,), eps=1e-05, elementwise_affine=True)
        (context_norm): LayerNorm((32,), eps=1e-05, elementwise_affine=True)
        (attn): MultiheadAttention(
          (out_proj): NonDynamicallyQuantizableLinear(in_features=32, out_features=32, bias=True)
        )
        (attn_dropout): Dropout(p=0.0, inplace=False)
        (ffn_norm): LayerNorm((32,), eps=1e-05, elementwise_affine=True)
        (ffn): Sequential(
          (0): Linear(in_features=32, out_features=128, bias=True)
          (1): GELU(approximate='none')
          (2): Dropout(p=0.0, inplace=False)
          (3): Linear(in_features=128, out_features=32, bias=True)
          (4): Dropout(p=0.0, inplace=False)
        )
      )
    )
  )
  (augmentation): MultiViewAugmentation()
  (negative_augmentation): CorruptedNegativeAugmentation()
  (loss): LeJEPASIGRegTripletClassificationLoss(
    (triplet_loss): LeJEPASIGRegTripletLoss(
      (lejepa_loss): LeJEPASIGRegLoss(
        (sigreg_loss_fn): SlicingUnivariateTest(
          (univariate_test): EppsPulley()
        )
      )
    )
  )
  (representation_head): RepresentationHead(
    (net): Sequential(
      (0): RMSNorm()
      (1): Linear(in_features=32, out_features=32, bias=True)
      (2): SiLU()
      (3): Dropout(p=0.01, inplace=False)
      (4): Linear(in_features=32, out_features=32, bias=True)
    )
  )
  (classification_head): CategoricalClassificationHead(
    (net): Sequential(
      (0): RMSNorm()
      (1): Linear(in_features=32, out_features=32, bias=True)
      (2): SiLU()
      (3): Dropout(p=0.01, inplace=False)
      (4): Linear(in_features=32, out_features=4, bias=True)
    )
  )
)
Number of trainable parameters: 106960

Epoch [1/12]
Saved new best model state_dict to plots/ablation/jetclass-ddp-fast-wqq-lejepa+classification/best_model.pth
Saved last model state_dict to plots/ablation/jetclass-ddp-fast-wqq-lejepa+classification/last_model.pth
Mahalanobis metrics saved to plots/ablation/jetclass-ddp-fast-wqq-lejepa+classification/mahalanobis_eval/epoch_0001/mahalanobis_metrics.json
Mahalanobis AUC, QCD+Hbb+Hcc+Hgg train vs Wqq: 0.653571
Mahalanobis AUC, QCD+Hbb+Hcc+Hgg val vs Wqq: 0.651812
Epoch 1 train losses: {'total_loss': 9.671068786263465, 'invariant_loss': 0.5463989723025588, 'sigreg_loss': 179.9833125, 'triplet_loss': 0.0, 'triplet_pos_distance': 0.0, 'triplet_neg_distance': 0.0, 'classification_loss': 1.258885702714324}
Epoch 1 val losses: {'total_loss': 3.0511678218841554, 'invariant_loss': 0.6200544220209122, 'sigreg_loss': 46.7, 'triplet_loss': 0.0, 'triplet_pos_distance': 0.0, 'triplet_neg_distance': 0.0, 'classification_loss': 0.9626965302228928}
Updated run summary at plots/ablation/jetclass-ddp-fast-wqq-lejepa+classification/summary.json

Epoch [2/12]
Saved new best model state_dict to plots/ablation/jetclass-ddp-fast-wqq-lejepa+classification/best_model.pth
Saved last model state_dict to plots/ablation/jetclass-ddp-fast-wqq-lejepa+classification/last_model.pth
Mahalanobis metrics saved to plots/ablation/jetclass-ddp-fast-wqq-lejepa+classification/mahalanobis_eval/epoch_0002/mahalanobis_metrics.json
Mahalanobis AUC, QCD+Hbb+Hcc+Hgg train vs Wqq: 0.552148
Mahalanobis AUC, QCD+Hbb+Hcc+Hgg val vs Wqq: 0.548961
Epoch 2 train losses: {'total_loss': 2.2669588727653025, 'invariant_loss': 0.5404773973226548, 'sigreg_loss': 32.72721875, 'triplet_loss': 0.0, 'triplet_pos_distance': 0.0, 'triplet_neg_distance': 0.0, 'classification_loss': 0.9016115109324455}
Epoch 2 val losses: {'total_loss': 1.710081968307495, 'invariant_loss': 0.41199653536081315, 'sigreg_loss': 24.21125, 'triplet_loss': 0.0, 'triplet_pos_distance': 0.0, 'triplet_neg_distance': 0.0, 'classification_loss': 0.8753853446245193}
Updated run summary at plots/ablation/jetclass-ddp-fast-wqq-lejepa+classification/summary.json

Epoch [3/12]
Saved new best model state_dict to plots/ablation/jetclass-ddp-fast-wqq-lejepa+classification/best_model.pth
Saved last model state_dict to plots/ablation/jetclass-ddp-fast-wqq-lejepa+classification/last_model.pth
Mahalanobis metrics saved to plots/ablation/jetclass-ddp-fast-wqq-lejepa+classification/mahalanobis_eval/epoch_0003/mahalanobis_metrics.json
Mahalanobis AUC, QCD+Hbb+Hcc+Hgg train vs Wqq: 0.559104
Mahalanobis AUC, QCD+Hbb+Hcc+Hgg val vs Wqq: 0.559048
Epoch 3 train losses: {'total_loss': 1.423948517203331, 'invariant_loss': 0.39433573512732983, 'sigreg_loss': 18.883203125, 'triplet_loss': 0.0, 'triplet_pos_distance': 0.0, 'triplet_neg_distance': 0.0, 'classification_loss': 0.8547995057851077}
Epoch 3 val losses: {'total_loss': 1.225005306005478, 'invariant_loss': 0.3343016678094864, 'sigreg_loss': 16.103125, 'triplet_loss': 0.0, 'triplet_pos_distance': 0.0, 'triplet_neg_distance': 0.0, 'classification_loss': 0.8543018996715546}
Updated run summary at plots/ablation/jetclass-ddp-fast-wqq-lejepa+classification/summary.json

Epoch [4/12]
Saved new best model state_dict to plots/ablation/jetclass-ddp-fast-wqq-lejepa+classification/best_model.pth
Saved last model state_dict to plots/ablation/jetclass-ddp-fast-wqq-lejepa+classification/last_model.pth
Mahalanobis metrics saved to plots/ablation/jetclass-ddp-fast-wqq-lejepa+classification/mahalanobis_eval/epoch_0004/mahalanobis_metrics.json
Mahalanobis AUC, QCD+Hbb+Hcc+Hgg train vs Wqq: 0.572949
Mahalanobis AUC, QCD+Hbb+Hcc+Hgg val vs Wqq: 0.572831
Epoch 4 train losses: {'total_loss': 1.0814159305393696, 'invariant_loss': 0.34167169814556836, 'sigreg_loss': 13.118203125, 'triplet_loss': 0.0, 'triplet_pos_distance': 0.0, 'triplet_neg_distance': 0.0, 'classification_loss': 0.8381306914538145}
Epoch 4 val losses: {'total_loss': 0.9885807001590728, 'invariant_loss': 0.3054861435294151, 'sigreg_loss': 12.0025, 'triplet_loss': 0.0, 'triplet_pos_distance': 0.0, 'triplet_neg_distance': 0.0, 'classification_loss': 0.8293830633163453}
Updated run summary at plots/ablation/jetclass-ddp-fast-wqq-lejepa+classification/summary.json

Epoch [5/12]
Saved new best model state_dict to plots/ablation/jetclass-ddp-fast-wqq-lejepa+classification/best_model.pth
Saved last model state_dict to plots/ablation/jetclass-ddp-fast-wqq-lejepa+classification/last_model.pth
Mahalanobis metrics saved to plots/ablation/jetclass-ddp-fast-wqq-lejepa+classification/mahalanobis_eval/epoch_0005/mahalanobis_metrics.json
Mahalanobis AUC, QCD+Hbb+Hcc+Hgg train vs Wqq: 0.551793
Mahalanobis AUC, QCD+Hbb+Hcc+Hgg val vs Wqq: 0.555052
Epoch 5 train losses: {'total_loss': 0.9200364973992109, 'invariant_loss': 0.3246541598141193, 'sigreg_loss': 10.275734375, 'triplet_loss': 0.0, 'triplet_pos_distance': 0.0, 'triplet_neg_distance': 0.0, 'classification_loss': 0.8161768300384283}
Epoch 5 val losses: {'total_loss': 0.8235101842880249, 'invariant_loss': 0.2968389272689819, 'sigreg_loss': 8.9284375, 'triplet_loss': 0.0, 'triplet_pos_distance': 0.0, 'triplet_neg_distance': 0.0, 'classification_loss': 0.8020641088485718}
Updated run summary at plots/ablation/jetclass-ddp-fast-wqq-lejepa+classification/summary.json

Epoch [6/12]
Saved last model state_dict to plots/ablation/jetclass-ddp-fast-wqq-lejepa+classification/last_model.pth
Mahalanobis metrics saved to plots/ablation/jetclass-ddp-fast-wqq-lejepa+classification/mahalanobis_eval/epoch_0006/mahalanobis_metrics.json
Mahalanobis AUC, QCD+Hbb+Hcc+Hgg train vs Wqq: 0.551497
Mahalanobis AUC, QCD+Hbb+Hcc+Hgg val vs Wqq: 0.551908
Epoch 6 train losses: {'total_loss': 0.8270562480688095, 'invariant_loss': 0.316401269197464, 'sigreg_loss': 8.6238984375, 'triplet_loss': 0.0, 'triplet_pos_distance': 0.0, 'triplet_neg_distance': 0.0, 'classification_loss': 0.7945233743935823}
Epoch 6 val losses: {'total_loss': 0.834225839972496, 'invariant_loss': 0.28690684109926223, 'sigreg_loss': 9.368125, 'triplet_loss': 0.0, 'triplet_pos_distance': 0.0, 'triplet_neg_distance': 0.0, 'classification_loss': 0.7894008833169938}
Updated run summary at plots/ablation/jetclass-ddp-fast-wqq-lejepa+classification/summary.json

Epoch [7/12]
Saved new best model state_dict to plots/ablation/jetclass-ddp-fast-wqq-lejepa+classification/best_model.pth
Saved last model state_dict to plots/ablation/jetclass-ddp-fast-wqq-lejepa+classification/last_model.pth
Mahalanobis metrics saved to plots/ablation/jetclass-ddp-fast-wqq-lejepa+classification/mahalanobis_eval/epoch_0007/mahalanobis_metrics.json
Mahalanobis AUC, QCD+Hbb+Hcc+Hgg train vs Wqq: 0.559557
Mahalanobis AUC, QCD+Hbb+Hcc+Hgg val vs Wqq: 0.559803
Epoch 7 train losses: {'total_loss': 0.8021474466770887, 'invariant_loss': 0.3059953013062477, 'sigreg_loss': 8.36346875, 'triplet_loss': 0.0, 'triplet_pos_distance': 0.0, 'triplet_neg_distance': 0.0, 'classification_loss': 0.7797440726906061}
Epoch 7 val losses: {'total_loss': 0.810845388174057, 'invariant_loss': 0.2749597755074501, 'sigreg_loss': 9.1725, 'triplet_loss': 0.0, 'triplet_pos_distance': 0.0, 'triplet_neg_distance': 0.0, 'classification_loss': 0.7727232903242112}
Updated run summary at plots/ablation/jetclass-ddp-fast-wqq-lejepa+classification/summary.json

Epoch [8/12]
Saved last model state_dict to plots/ablation/jetclass-ddp-fast-wqq-lejepa+classification/last_model.pth
Mahalanobis metrics saved to plots/ablation/jetclass-ddp-fast-wqq-lejepa+classification/mahalanobis_eval/epoch_0008/mahalanobis_metrics.json
Mahalanobis AUC, QCD+Hbb+Hcc+Hgg train vs Wqq: 0.562977
Mahalanobis AUC, QCD+Hbb+Hcc+Hgg val vs Wqq: 0.564273
Epoch 8 train losses: {'total_loss': 0.786612585991621, 'invariant_loss': 0.2980567548722029, 'sigreg_loss': 8.2273671875, 'triplet_loss': 0.0, 'triplet_pos_distance': 0.0, 'triplet_neg_distance': 0.0, 'classification_loss': 0.7718961564749479}
Epoch 8 val losses: {'total_loss': 0.8152732956409454, 'invariant_loss': 0.2722929833829403, 'sigreg_loss': 9.334375, 'triplet_loss': 0.0, 'triplet_pos_distance': 0.0, 'triplet_neg_distance': 0.0, 'classification_loss': 0.7628108769655227}
Updated run summary at plots/ablation/jetclass-ddp-fast-wqq-lejepa+classification/summary.json

Epoch [9/12]
Saved new best model state_dict to plots/ablation/jetclass-ddp-fast-wqq-lejepa+classification/best_model.pth
Saved last model state_dict to plots/ablation/jetclass-ddp-fast-wqq-lejepa+classification/last_model.pth
Mahalanobis metrics saved to plots/ablation/jetclass-ddp-fast-wqq-lejepa+classification/mahalanobis_eval/epoch_0009/mahalanobis_metrics.json
Mahalanobis AUC, QCD+Hbb+Hcc+Hgg train vs Wqq: 0.590532
Mahalanobis AUC, QCD+Hbb+Hcc+Hgg val vs Wqq: 0.590029
Epoch 9 train losses: {'total_loss': 0.7648982534259557, 'invariant_loss': 0.2863499876447022, 'sigreg_loss': 8.0434296875, 'triplet_loss': 0.0, 'triplet_pos_distance': 0.0, 'triplet_neg_distance': 0.0, 'classification_loss': 0.7638810496479272}
Epoch 9 val losses: {'total_loss': 0.7622733330726623, 'invariant_loss': 0.2553771187365055, 'sigreg_loss': 8.635625, 'triplet_loss': 0.0, 'triplet_pos_distance': 0.0, 'triplet_neg_distance': 0.0, 'classification_loss': 0.7507980221509933}
Updated run summary at plots/ablation/jetclass-ddp-fast-wqq-lejepa+classification/summary.json

Epoch [10/12]
Saved new best model state_dict to plots/ablation/jetclass-ddp-fast-wqq-lejepa+classification/best_model.pth
Saved last model state_dict to plots/ablation/jetclass-ddp-fast-wqq-lejepa+classification/last_model.pth
Mahalanobis metrics saved to plots/ablation/jetclass-ddp-fast-wqq-lejepa+classification/mahalanobis_eval/epoch_0010/mahalanobis_metrics.json
Mahalanobis AUC, QCD+Hbb+Hcc+Hgg train vs Wqq: 0.615361
Mahalanobis AUC, QCD+Hbb+Hcc+Hgg val vs Wqq: 0.615342
Epoch 10 train losses: {'total_loss': 0.7490561232119799, 'invariant_loss': 0.2707070364691317, 'sigreg_loss': 8.086, 'triplet_loss': 0.0, 'triplet_pos_distance': 0.0, 'triplet_neg_distance': 0.0, 'classification_loss': 0.7405123078376055}
Epoch 10 val losses: {'total_loss': 0.708157725930214, 'invariant_loss': 0.2382771547138691, 'sigreg_loss': 7.9546875, 'triplet_loss': 0.0, 'triplet_pos_distance': 0.0, 'triplet_neg_distance': 0.0, 'classification_loss': 0.7220477920770645}
Updated run summary at plots/ablation/jetclass-ddp-fast-wqq-lejepa+classification/summary.json

Epoch [11/12]
Saved new best model state_dict to plots/ablation/jetclass-ddp-fast-wqq-lejepa+classification/best_model.pth
Saved last model state_dict to plots/ablation/jetclass-ddp-fast-wqq-lejepa+classification/last_model.pth
Mahalanobis metrics saved to plots/ablation/jetclass-ddp-fast-wqq-lejepa+classification/mahalanobis_eval/epoch_0011/mahalanobis_metrics.json
Mahalanobis AUC, QCD+Hbb+Hcc+Hgg train vs Wqq: 0.647273
Mahalanobis AUC, QCD+Hbb+Hcc+Hgg val vs Wqq: 0.650324
Epoch 11 train losses: {'total_loss': 0.7167683517634869, 'invariant_loss': 0.2537473355196416, 'sigreg_loss': 7.840609375, 'triplet_loss': 0.0, 'triplet_pos_distance': 0.0, 'triplet_neg_distance': 0.0, 'classification_loss': 0.7099317778348923}
Epoch 11 val losses: {'total_loss': 0.6788486343622208, 'invariant_loss': 0.21491216331720353, 'sigreg_loss': 7.91125, 'triplet_loss': 0.0, 'triplet_pos_distance': 0.0, 'triplet_neg_distance': 0.0, 'classification_loss': 0.6833099311590195}
Updated run summary at plots/ablation/jetclass-ddp-fast-wqq-lejepa+classification/summary.json

Epoch [12/12]
Saved new best model state_dict to plots/ablation/jetclass-ddp-fast-wqq-lejepa+classification/best_model.pth
Saved last model state_dict to plots/ablation/jetclass-ddp-fast-wqq-lejepa+classification/last_model.pth
Mahalanobis metrics saved to plots/ablation/jetclass-ddp-fast-wqq-lejepa+classification/mahalanobis_eval/epoch_0012/mahalanobis_metrics.json
Mahalanobis AUC, QCD+Hbb+Hcc+Hgg train vs Wqq: 0.647786
Mahalanobis AUC, QCD+Hbb+Hcc+Hgg val vs Wqq: 0.651417
Epoch 12 train losses: {'total_loss': 0.6405400493294, 'invariant_loss': 0.24033193669840694, 'sigreg_loss': 6.6404375, 'triplet_loss': 0.0, 'triplet_pos_distance': 0.0, 'triplet_neg_distance': 0.0, 'classification_loss': 0.6819028212726116}
Epoch 12 val losses: {'total_loss': 0.6126803290843964, 'invariant_loss': 0.21004427284002303, 'sigreg_loss': 6.7046875, 'triplet_loss': 0.0, 'triplet_pos_distance': 0.0, 'triplet_neg_distance': 0.0, 'classification_loss': 0.6726495605707169}
Updated run summary at plots/ablation/jetclass-ddp-fast-wqq-lejepa+classification/summary.json
Saved run summary to plots/ablation/jetclass-ddp-fast-wqq-lejepa+classification/summary.json
JetClass root: /HEP/export/home/lwang223/JetClass/JetClass/Pythia
Background labels: ['label_QCD', 'label_Hbb', 'label_Hcc', 'label_Hgg']
Signal labels: ['label_Wqq']
Particle features: ['part_px', 'part_py', 'part_pz', 'part_energy', 'part_pt', 'log_pt_fraction', 'part_deta', 'part_dphi', 'd0_sig', 'dz_sig', 'part_charge', 'part_isChargedHadron', 'part_isNeutralHadron', 'part_isPhoton', 'part_isElectron', 'part_isMuon']
Lazy JetClass datasets ready; no full split has been loaded into RAM.
Background train ROOT shards: 400
Background val ROOT shards: 20
Signal test ROOT shards: 20
Per-event particle shape: (128, 16)
Selected SSL model: semi-sup-triplet
Model summary:
LeJEPASemiSupervisedTripletParticleTransformerRepresentation(
  (node_embedding): NodeEmbedding(
    (net): Sequential(
      (0): Linear(in_features=12, out_features=32, bias=True)
      (1): GELU(approximate='none')
      (2): LayerNorm((32,), eps=1e-05, elementwise_affine=True)
      (3): Linear(in_features=32, out_features=128, bias=True)
      (4): GELU(approximate='none')
      (5): LayerNorm((128,), eps=1e-05, elementwise_affine=True)
      (6): Linear(in_features=128, out_features=32, bias=True)
      (7): Dropout(p=0.01, inplace=False)
    )
  )
  (pairwise_bias): PairwiseAttentionBias(
    (mlp): Sequential(
      (0): RMSNorm()
      (1): Linear(in_features=4, out_features=32, bias=True)
      (2): SiLU()
      (3): Dropout(p=0.01, inplace=False)
      (4): Linear(in_features=32, out_features=32, bias=True)
      (5): SiLU()
      (6): Dropout(p=0.01, inplace=False)
      (7): Linear(in_features=32, out_features=8, bias=True)
    )
  )
  (encoder): ParticleTransformerEncoder(
    (layers): ModuleList(
      (0-3): 4 x ParticleTransformerBlock(
        (attn_norm): RMSNorm()
        (self_attn): MultiheadAttention(
          (out_proj): NonDynamicallyQuantizableLinear(in_features=32, out_features=32, bias=True)
        )
        (attn_dropout): Dropout(p=0.01, inplace=False)
        (ffn_norm): RMSNorm()
        (ffn): SwiGLUFFN(
          (fc1): Linear(in_features=32, out_features=256, bias=True)
          (act): SwiGLU()
          (fc2): Linear(in_features=128, out_features=32, bias=True)
          (dropout): Dropout(p=0.01, inplace=False)
        )
      )
    )
  )
  (cls_pooling): CLSPooling(
    (layers): ModuleList(
      (0-1): 2 x ClassAttentionBlock(
        (query_norm): LayerNorm((32,), eps=1e-05, elementwise_affine=True)
        (context_norm): LayerNorm((32,), eps=1e-05, elementwise_affine=True)
        (attn): MultiheadAttention(
          (out_proj): NonDynamicallyQuantizableLinear(in_features=32, out_features=32, bias=True)
        )
        (attn_dropout): Dropout(p=0.0, inplace=False)
        (ffn_norm): LayerNorm((32,), eps=1e-05, elementwise_affine=True)
        (ffn): Sequential(
          (0): Linear(in_features=32, out_features=128, bias=True)
          (1): GELU(approximate='none')
          (2): Dropout(p=0.0, inplace=False)
          (3): Linear(in_features=128, out_features=32, bias=True)
          (4): Dropout(p=0.0, inplace=False)
        )
      )
    )
  )
  (augmentation): MultiViewAugmentation()
  (negative_augmentation): CorruptedNegativeAugmentation()
  (loss): LeJEPASIGRegTripletClassificationLoss(
    (triplet_loss): LeJEPASIGRegTripletLoss(
      (lejepa_loss): LeJEPASIGRegLoss(
        (sigreg_loss_fn): SlicingUnivariateTest(
          (univariate_test): EppsPulley()
        )
      )
    )
  )
  (representation_head): RepresentationHead(
    (net): Sequential(
      (0): RMSNorm()
      (1): Linear(in_features=32, out_features=32, bias=True)
      (2): SiLU()
      (3): Dropout(p=0.01, inplace=False)
      (4): Linear(in_features=32, out_features=32, bias=True)
    )
  )
  (classification_head): CategoricalClassificationHead(
    (net): Sequential(
      (0): RMSNorm()
      (1): Linear(in_features=32, out_features=32, bias=True)
      (2): SiLU()
      (3): Dropout(p=0.01, inplace=False)
      (4): Linear(in_features=32, out_features=4, bias=True)
    )
  )
)
Number of trainable parameters: 106960

Epoch [1/12]
Saved new best model state_dict to plots/ablation/jetclass-ddp-fast-wqq-lejepa+triplet+classification/best_model.pth
Saved last model state_dict to plots/ablation/jetclass-ddp-fast-wqq-lejepa+triplet+classification/last_model.pth
Mahalanobis metrics saved to plots/ablation/jetclass-ddp-fast-wqq-lejepa+triplet+classification/mahalanobis_eval/epoch_0001/mahalanobis_metrics.json
Mahalanobis AUC, QCD+Hbb+Hcc+Hgg train vs Wqq: 0.630987
Mahalanobis AUC, QCD+Hbb+Hcc+Hgg val vs Wqq: 0.631741
Epoch 1 train losses: {'total_loss': 9.652172540068626, 'invariant_loss': 0.5682358545054449, 'sigreg_loss': 178.9788125, 'triplet_loss': 0.0910838183062151, 'triplet_pos_distance': 0.11644206517958082, 'triplet_neg_distance': 0.44007057283248285, 'classification_loss': 1.258908131852746}
Epoch 1 val losses: {'total_loss': 3.3220144271850587, 'invariant_loss': 0.6581071180105209, 'sigreg_loss': 51.245, 'triplet_loss': 0.05076253082603216, 'triplet_pos_distance': 0.12327342323958873, 'triplet_neg_distance': 0.5775171083211899, 'classification_loss': 0.9601853948831558}
Updated run summary at plots/ablation/jetclass-ddp-fast-wqq-lejepa+triplet+classification/summary.json

Epoch [2/12]
Saved new best model state_dict to plots/ablation/jetclass-ddp-fast-wqq-lejepa+triplet+classification/best_model.pth
Saved last model state_dict to plots/ablation/jetclass-ddp-fast-wqq-lejepa+triplet+classification/last_model.pth
Mahalanobis metrics saved to plots/ablation/jetclass-ddp-fast-wqq-lejepa+triplet+classification/mahalanobis_eval/epoch_0002/mahalanobis_metrics.json
Mahalanobis AUC, QCD+Hbb+Hcc+Hgg train vs Wqq: 0.556219
Mahalanobis AUC, QCD+Hbb+Hcc+Hgg val vs Wqq: 0.556268
Epoch 2 train losses: {'total_loss': 2.306720851957798, 'invariant_loss': 0.5349585770070553, 'sigreg_loss': 33.556625, 'triplet_loss': 0.03341551614087075, 'triplet_pos_distance': 0.09162985174078495, 'triplet_neg_distance': 0.7251379150152206, 'classification_loss': 0.9058868050426244}
Epoch 2 val losses: {'total_loss': 1.7301581156253816, 'invariant_loss': 0.4173384192585945, 'sigreg_loss': 24.42875, 'triplet_loss': 0.03051352933049202, 'triplet_pos_distance': 0.06322400823235512, 'triplet_neg_distance': 0.9528170496225357, 'classification_loss': 0.8828395736217499}
Updated run summary at plots/ablation/jetclass-ddp-fast-wqq-lejepa+triplet+classification/summary.json

Epoch [3/12]
Saved new best model state_dict to plots/ablation/jetclass-ddp-fast-wqq-lejepa+triplet+classification/best_model.pth
Saved last model state_dict to plots/ablation/jetclass-ddp-fast-wqq-lejepa+triplet+classification/last_model.pth
Mahalanobis metrics saved to plots/ablation/jetclass-ddp-fast-wqq-lejepa+triplet+classification/mahalanobis_eval/epoch_0003/mahalanobis_metrics.json
Mahalanobis AUC, QCD+Hbb+Hcc+Hgg train vs Wqq: 0.527139
Mahalanobis AUC, QCD+Hbb+Hcc+Hgg val vs Wqq: 0.528964
Epoch 3 train losses: {'total_loss': 1.434418478667736, 'invariant_loss': 0.38926451065391304, 'sigreg_loss': 19.1164375, 'triplet_loss': 0.028890107380226255, 'triplet_pos_distance': 0.06399651124328375, 'triplet_neg_distance': 1.0324821157753468, 'classification_loss': 0.8643583877682686}
Epoch 3 val losses: {'total_loss': 1.151301908493042, 'invariant_loss': 0.33163421481847766, 'sigreg_loss': 14.628125, 'triplet_loss': 0.03147069651633501, 'triplet_pos_distance': 0.04832791041582823, 'triplet_neg_distance': 1.068085663318634, 'classification_loss': 0.8499719071388244}
Updated run summary at plots/ablation/jetclass-ddp-fast-wqq-lejepa+triplet+classification/summary.json

Epoch [4/12]
Saved new best model state_dict to plots/ablation/jetclass-ddp-fast-wqq-lejepa+triplet+classification/best_model.pth
Saved last model state_dict to plots/ablation/jetclass-ddp-fast-wqq-lejepa+triplet+classification/last_model.pth
Mahalanobis metrics saved to plots/ablation/jetclass-ddp-fast-wqq-lejepa+triplet+classification/mahalanobis_eval/epoch_0004/mahalanobis_metrics.json
Mahalanobis AUC, QCD+Hbb+Hcc+Hgg train vs Wqq: 0.502497
Mahalanobis AUC, QCD+Hbb+Hcc+Hgg val vs Wqq: 0.501861
Epoch 4 train losses: {'total_loss': 1.0445538983941078, 'invariant_loss': 0.34586792726814747, 'sigreg_loss': 12.260453125, 'triplet_loss': 0.025535078073386102, 'triplet_pos_distance': 0.05787630815431476, 'triplet_neg_distance': 1.124696660578251, 'classification_loss': 0.8309046005010605}
Epoch 4 val losses: {'total_loss': 0.9722458952665329, 'invariant_loss': 0.3090584692358971, 'sigreg_loss': 11.563125, 'triplet_loss': 0.024154781196266413, 'triplet_pos_distance': 0.04480102881789207, 'triplet_neg_distance': 1.1514559292793274, 'classification_loss': 0.8252975916862488}
Updated run summary at plots/ablation/jetclass-ddp-fast-wqq-lejepa+triplet+classification/summary.json

Epoch [5/12]
Saved new best model state_dict to plots/ablation/jetclass-ddp-fast-wqq-lejepa+triplet+classification/best_model.pth
Saved last model state_dict to plots/ablation/jetclass-ddp-fast-wqq-lejepa+triplet+classification/last_model.pth
Mahalanobis metrics saved to plots/ablation/jetclass-ddp-fast-wqq-lejepa+triplet+classification/mahalanobis_eval/epoch_0005/mahalanobis_metrics.json
Mahalanobis AUC, QCD+Hbb+Hcc+Hgg train vs Wqq: 0.491110
Mahalanobis AUC, QCD+Hbb+Hcc+Hgg val vs Wqq: 0.491957
Epoch 5 train losses: {'total_loss': 0.9094259509444237, 'invariant_loss': 0.32687569492310287, 'sigreg_loss': 9.998171875, 'triplet_loss': 0.01904271902050823, 'triplet_pos_distance': 0.055190115131437775, 'triplet_neg_distance': 1.2101623329222202, 'classification_loss': 0.807299628764391}
Epoch 5 val losses: {'total_loss': 0.8448777401447296, 'invariant_loss': 0.28550139218568804, 'sigreg_loss': 9.556875, 'triplet_loss': 0.018143756305798887, 'triplet_pos_distance': 0.04036760417744517, 'triplet_neg_distance': 1.2094909369945526, 'classification_loss': 0.7971040540933609}
Updated run summary at plots/ablation/jetclass-ddp-fast-wqq-lejepa+triplet+classification/summary.json

Epoch [6/12]
