## SLURM PROLOG ###############################################################
##    Job ID : 4067825
##  Job Name : AK8-SS-m0.5-zjets
##  Nodelist : gpu2708
##      CPUs : 1
##  Mem/Node : 90000 MB
## Directory : /oscar/home/hgao50/jetAnomalyDetection
##   Job Started : Fri Jul 17 04:24:47 PM EDT 2026
###############################################################################

==========================================
Job started at: Fri Jul 17 04:24:47 PM EDT 2026
Job ID: 4067825
Node: gpu2708
MARGIN=0.5  SIGNAL=zjets
==========================================

GPU Information (from host):
Fri Jul 17 16:24:47 2026       
+-----------------------------------------------------------------------------------------+
| NVIDIA-SMI 575.57.08              Driver Version: 575.57.08      CUDA Version: 12.9     |
|-----------------------------------------+------------------------+----------------------+
| GPU  Name                 Persistence-M | Bus-Id          Disp.A | Volatile Uncorr. ECC |
| Fan  Temp   Perf          Pwr:Usage/Cap |           Memory-Usage | GPU-Util  Compute M. |
|                                         |                        |               MIG M. |
|=========================================+========================+======================|
|   0  NVIDIA L40S                    On  |   00000000:C1:00.0 Off |                    0 |
| N/A   46C    P8             36W /  350W |      76MiB /  46068MiB |      0%      Default |
|                                         |                        |                  N/A |
+-----------------------------------------+------------------------+----------------------+
                                                                                         
+-----------------------------------------------------------------------------------------+
| Processes:                                                                              |
|  GPU   GI   CI              PID   Type   Process name                        GPU Memory |
|        ID   ID                                                               Usage      |
|=========================================================================================|
|    0   N/A  N/A          157414      G   /usr/libexec/Xorg                        64MiB |
+-----------------------------------------------------------------------------------------+

PyTorch 2.2.1+cu118, cuda=True, device=NVIDIA L40S
Staged qcd: 395 files -> /tmp/ak8_semisup_zjets_m0.5_4067825/qcd
Staged wjets: 200 files -> /tmp/ak8_semisup_zjets_m0.5_4067825/wjets
Staged ttbar: 199 files -> /tmp/ak8_semisup_zjets_m0.5_4067825/ttbar
Staged hbb: 188 files -> /tmp/ak8_semisup_zjets_m0.5_4067825/hbb
Staged signal zjets: 200 files -> /tmp/ak8_semisup_zjets_m0.5_4067825/signal_zjets
Background dirs: /tmp/ak8_semisup_zjets_m0.5_4067825/qcd,/tmp/ak8_semisup_zjets_m0.5_4067825/wjets,/tmp/ak8_semisup_zjets_m0.5_4067825/ttbar,/tmp/ak8_semisup_zjets_m0.5_4067825/hbb
Background names: QCD,WJets,TTbar,Hbb
Signal: zjets (ZJets)
Margin: 0.5
Output dir: plots/run-lejepa-ak8-semisup-m0.5-zjets
Streaming backgrounds from /tmp/ak8_semisup_zjets_m0.5_4067825/qcd,/tmp/ak8_semisup_zjets_m0.5_4067825/wjets,/tmp/ak8_semisup_zjets_m0.5_4067825/ttbar,/tmp/ak8_semisup_zjets_m0.5_4067825/hbb
Streaming signal from /tmp/ak8_semisup_zjets_m0.5_4067825/signal_zjets
Node feature names: ['eta', 'phi', 'pt', 'd0/d0Err', 'dz/dzErr', 'charge', 'mass', 'log_pt', 'pdgId_-211', 'pdgId_-13', 'pdgId_-11', 'pdgId_11', 'pdgId_13', 'pdgId_22', 'pdgId_130', 'pdgId_211']
Streaming mode: discovering ROOT shards (no full in-memory load).
  class 0 (QCD): 395 ROOT files
  class 1 (WJets): 200 ROOT files
  class 2 (TTbar): 199 ROOT files
  class 3 (Hbb): 188 ROOT files
  split QCD: train_files=355 val_files=40
  split WJets: train_files=180 val_files=20
  split TTbar: train_files=179 val_files=20
  split Hbb: train_files=169 val_files=19
  signal (ZJets): 200 ROOT files
Streaming configured: steps_per_epoch=1000, val_steps=100, eval_steps=100
Streaming datasets already prepared in load(); skipping RAM materialization.
Skipping feature plots in streaming mode.
Selected SSL model: semi-sup-triplet
Model summary:
LeJEPASemiSupervisedTripletParticleTransformerRepresentation(
  (node_embedding): NodeEmbedding(
    (net): Sequential(
      (0): Linear(in_features=16, out_features=128, bias=True)
      (1): GELU(approximate='none')
      (2): LayerNorm((128,), eps=1e-05, elementwise_affine=True)
      (3): Linear(in_features=128, out_features=512, bias=True)
      (4): GELU(approximate='none')
      (5): LayerNorm((512,), eps=1e-05, elementwise_affine=True)
      (6): Linear(in_features=512, out_features=128, bias=True)
      (7): Dropout(p=0.1, inplace=False)
    )
  )
  (pairwise_bias): PairwiseAttentionBias(
    (mlp): Sequential(
      (0): RMSNorm()
      (1): Linear(in_features=4, out_features=16, bias=True)
      (2): SiLU()
      (3): Dropout(p=0.1, inplace=False)
      (4): Linear(in_features=16, out_features=16, bias=True)
      (5): SiLU()
      (6): Dropout(p=0.1, inplace=False)
      (7): Linear(in_features=16, out_features=8, bias=True)
    )
  )
  (encoder): ParticleTransformerEncoder(
    (layers): ModuleList(
      (0-7): 8 x ParticleTransformerBlock(
        (attn_norm): RMSNorm()
        (self_attn): MultiheadAttention(
          (out_proj): NonDynamicallyQuantizableLinear(in_features=128, out_features=128, bias=True)
        )
        (attn_dropout): Dropout(p=0.1, inplace=False)
        (ffn_norm): RMSNorm()
        (ffn): SwiGLUFFN(
          (fc1): Linear(in_features=128, out_features=1024, bias=True)
          (act): SwiGLU()
          (fc2): Linear(in_features=512, out_features=128, bias=True)
          (dropout): Dropout(p=0.1, inplace=False)
        )
      )
    )
  )
  (cls_pooling): CLSPooling(
    (layers): ModuleList(
      (0-1): 2 x ClassAttentionBlock(
        (query_norm): LayerNorm((128,), eps=1e-05, elementwise_affine=True)
        (context_norm): LayerNorm((128,), eps=1e-05, elementwise_affine=True)
        (attn): MultiheadAttention(
          (out_proj): NonDynamicallyQuantizableLinear(in_features=128, out_features=128, bias=True)
        )
        (attn_dropout): Dropout(p=0.0, inplace=False)
        (ffn_norm): LayerNorm((128,), eps=1e-05, elementwise_affine=True)
        (ffn): Sequential(
          (0): Linear(in_features=128, out_features=512, bias=True)
          (1): GELU(approximate='none')
          (2): Dropout(p=0.0, inplace=False)
          (3): Linear(in_features=512, out_features=128, bias=True)
          (4): Dropout(p=0.0, inplace=False)
        )
      )
    )
  )
  (representation_head): RepresentationHead(
    (net): Sequential(
      (0): RMSNorm()
      (1): Linear(in_features=128, out_features=128, bias=True)
      (2): SiLU()
      (3): Dropout(p=0.1, inplace=False)
      (4): Linear(in_features=128, out_features=128, bias=True)
    )
  )
  (augmentation): MultiViewAugmentation()
  (negative_augmentation): CorruptedNegativeAugmentation()
  (loss): LeJEPASIGRegTripletClassificationLoss(
    (triplet_loss): LeJEPASIGRegTripletLoss(
      (lejepa_loss): LeJEPASIGRegLoss(
        (sigreg_loss_fn): SlicingUnivariateTest(
          (univariate_test): EppsPulley()
        )
      )
    )
  )
  (classification_head): CategoricalClassificationHead(
    (net): Sequential(
      (0): RMSNorm()
      (1): Linear(in_features=128, out_features=128, bias=True)
      (2): SiLU()
      (3): Dropout(p=0.1, inplace=False)
      (4): Linear(in_features=128, out_features=4, bias=True)
    )
  )
)
Number of trainable parameters: 2695664
Skipping augmentation sample plots.
Initialized run summary at plots/run-lejepa-ak8-semisup-m0.5-zjets/summary.json

Epoch [1/12]
Learning rate: 1e-07
Saved new best model state_dict to plots/run-lejepa-ak8-semisup-m0.5-zjets/best_model.pth
Saved last model state_dict to plots/run-lejepa-ak8-semisup-m0.5-zjets/last_model.pth
Epoch 1 train losses: {'total_loss': 1.8254644749164581, 'invariant_loss': 0.249172546075657, 'sigreg_loss': 74.514375, 'triplet_loss': 0.21006624180451036, 'triplet_pos_distance': 0.06377865467220545, 'triplet_neg_distance': 0.6442836549934, 'classification_loss': 1.297932672381401}
Epoch 1 val losses: {'total_loss': 0.8023697370290757, 'invariant_loss': 0.1409375312179327, 'sigreg_loss': 29.61625, 'triplet_loss': 0.07923818554729223, 'triplet_pos_distance': 0.025820597466081383, 'triplet_neg_distance': 1.1304497420787811, 'classification_loss': 1.2205582773685455}
Updated run summary at plots/run-lejepa-ak8-semisup-m0.5-zjets/summary.json

Epoch [2/12]
Learning rate: 0.0001001
Saved new best model state_dict to plots/run-lejepa-ak8-semisup-m0.5-zjets/best_model.pth
Saved last model state_dict to plots/run-lejepa-ak8-semisup-m0.5-zjets/last_model.pth
Epoch 2 train losses: {'total_loss': 0.700319710969925, 'invariant_loss': 0.19282780423760415, 'sigreg_loss': 22.11625, 'triplet_loss': 0.054823427237570284, 'triplet_pos_distance': 0.0542880449295044, 'triplet_neg_distance': 1.2905848636627197, 'classification_loss': 1.1937850358486175}
Epoch 2 val losses: {'total_loss': 0.5735168904066086, 'invariant_loss': 0.11438888140022754, 'sigreg_loss': 19.8025, 'triplet_loss': 0.04924396451562643, 'triplet_pos_distance': 0.02103767606429756, 'triplet_neg_distance': 1.324924386739731, 'classification_loss': 1.1633691108226776}
Updated run summary at plots/run-lejepa-ak8-semisup-m0.5-zjets/summary.json

Epoch [3/12]
Learning rate: 0.0002001
Saved new best model state_dict to plots/run-lejepa-ak8-semisup-m0.5-zjets/best_model.pth
Saved last model state_dict to plots/run-lejepa-ak8-semisup-m0.5-zjets/last_model.pth
Epoch 3 train losses: {'total_loss': 0.5635868698954583, 'invariant_loss': 0.18589956551790238, 'sigreg_loss': 15.7800625, 'triplet_loss': 0.04039538029208779, 'triplet_pos_distance': 0.053933269295841454, 'triplet_neg_distance': 1.4347222782373428, 'classification_loss': 1.1601818419098855}
Epoch 3 val losses: {'total_loss': 0.5050798422098159, 'invariant_loss': 0.12184629000723363, 'sigreg_loss': 16.054375, 'triplet_loss': 0.041937858387827875, 'triplet_pos_distance': 0.022506626923568546, 'triplet_neg_distance': 1.4284927880764007, 'classification_loss': 1.1569671273231505}
Updated run summary at plots/run-lejepa-ak8-semisup-m0.5-zjets/summary.json

Epoch [4/12]
Learning rate: 0.0003001
Saved new best model state_dict to plots/run-lejepa-ak8-semisup-m0.5-zjets/best_model.pth
Saved last model state_dict to plots/run-lejepa-ak8-semisup-m0.5-zjets/last_model.pth
Epoch 4 train losses: {'total_loss': 0.5166975004076958, 'invariant_loss': 0.1813528062105179, 'sigreg_loss': 13.676375, 'triplet_loss': 0.03681369750574231, 'triplet_pos_distance': 0.0522452895231545, 'triplet_neg_distance': 1.4593393902778626, 'classification_loss': 1.1632859746217727}
Epoch 4 val losses: {'total_loss': 0.4590847808122635, 'invariant_loss': 0.11574166551232339, 'sigreg_loss': 14.085625, 'triplet_loss': 0.037898359186947346, 'triplet_pos_distance': 0.020388886900618672, 'triplet_neg_distance': 1.5022572958469391, 'classification_loss': 1.1566905623674393}
Updated run summary at plots/run-lejepa-ak8-semisup-m0.5-zjets/summary.json

Epoch [5/12]
Learning rate: 0.0004001
Saved new best model state_dict to plots/run-lejepa-ak8-semisup-m0.5-zjets/best_model.pth
Saved last model state_dict to plots/run-lejepa-ak8-semisup-m0.5-zjets/last_model.pth
Mahalanobis metrics saved to plots/run-lejepa-ak8-semisup-m0.5-zjets/mahalanobis_eval/epoch_0005/mahalanobis_metrics.json
Mahalanobis AUC, QCD+WJets+TTbar+Hbb train vs ZJets: 0.522014
Mahalanobis AUC, QCD+WJets+TTbar+Hbb val vs ZJets: 0.500732
Epoch 5 train losses: {'total_loss': 0.4868490968346596, 'invariant_loss': 0.1761550790965557, 'sigreg_loss': 12.454625, 'triplet_loss': 0.03371591473184526, 'triplet_pos_distance': 0.0498486427012831, 'triplet_neg_distance': 1.4648821696043015, 'classification_loss': 1.1645539358258248}
Epoch 5 val losses: {'total_loss': 0.4320932728052139, 'invariant_loss': 0.10280818596482277, 'sigreg_loss': 13.398125, 'triplet_loss': 0.038929249737411735, 'triplet_pos_distance': 0.018839692436158656, 'triplet_neg_distance': 1.3838887369632722, 'classification_loss': 1.148663591146469}
Updated run summary at plots/run-lejepa-ak8-semisup-m0.5-zjets/summary.json

Epoch [6/12]
Learning rate: 0.0005001
Saved new best model state_dict to plots/run-lejepa-ak8-semisup-m0.5-zjets/best_model.pth
Saved last model state_dict to plots/run-lejepa-ak8-semisup-m0.5-zjets/last_model.pth
Epoch 6 train losses: {'total_loss': 0.46512181213498116, 'invariant_loss': 0.17371096505224703, 'sigreg_loss': 11.510625, 'triplet_loss': 0.0307963392585516, 'triplet_pos_distance': 0.04905296727642417, 'triplet_neg_distance': 1.4661503924131394, 'classification_loss': 1.1626788893938065}
Epoch 6 val losses: {'total_loss': 0.4054793831706047, 'invariant_loss': 0.10806075423955917, 'sigreg_loss': 11.814375, 'triplet_loss': 0.033099628053605556, 'triplet_pos_distance': 0.02002327039372176, 'triplet_neg_distance': 1.4473603427410127, 'classification_loss': 1.1556108224391937}
Updated run summary at plots/run-lejepa-ak8-semisup-m0.5-zjets/summary.json

Epoch [7/12]
Learning rate: 0.0006001
Saved new best model state_dict to plots/run-lejepa-ak8-semisup-m0.5-zjets/best_model.pth
Saved last model state_dict to plots/run-lejepa-ak8-semisup-m0.5-zjets/last_model.pth
Epoch 7 train losses: {'total_loss': 0.4469461939036846, 'invariant_loss': 0.1705943170040846, 'sigreg_loss': 10.811875, 'triplet_loss': 0.028993014853447675, 'triplet_pos_distance': 0.04852672883868218, 'triplet_neg_distance': 1.4958300323486329, 'classification_loss': 1.1444616153836251}
Epoch 7 val losses: {'total_loss': 0.3983172556757927, 'invariant_loss': 0.10556251600384713, 'sigreg_loss': 11.63625, 'triplet_loss': 0.03349364189431071, 'triplet_pos_distance': 0.018259042389690876, 'triplet_neg_distance': 1.3804530704021454, 'classification_loss': 1.1338106846809388}
Updated run summary at plots/run-lejepa-ak8-semisup-m0.5-zjets/summary.json

Epoch [8/12]
Learning rate: 0.0007001
Saved new best model state_dict to plots/run-lejepa-ak8-semisup-m0.5-zjets/best_model.pth
Saved last model state_dict to plots/run-lejepa-ak8-semisup-m0.5-zjets/last_model.pth
Epoch 8 train losses: {'total_loss': 0.43857325914502143, 'invariant_loss': 0.16913829864561558, 'sigreg_loss': 10.49075, 'triplet_loss': 0.027974485603161157, 'triplet_pos_distance': 0.048147911176085474, 'triplet_neg_distance': 1.5078364872932435, 'classification_loss': 1.1367931587100029}
Epoch 8 val losses: {'total_loss': 0.3862505432963371, 'invariant_loss': 0.10733270190656186, 'sigreg_loss': 10.978125, 'triplet_loss': 0.026891104774549604, 'triplet_pos_distance': 0.018481690264306964, 'triplet_neg_distance': 1.4641323459148408, 'classification_loss': 1.1335589957237244}
Updated run summary at plots/run-lejepa-ak8-semisup-m0.5-zjets/summary.json

Epoch [9/12]
Learning rate: 0.0008001
Saved new best model state_dict to plots/run-lejepa-ak8-semisup-m0.5-zjets/best_model.pth
Saved last model state_dict to plots/run-lejepa-ak8-semisup-m0.5-zjets/last_model.pth
Epoch 9 train losses: {'total_loss': 0.42842531886696816, 'invariant_loss': 0.16777119179069996, 'sigreg_loss': 10.0415, 'triplet_loss': 0.02642636062949896, 'triplet_pos_distance': 0.047328828185796736, 'triplet_neg_distance': 1.5159574449062347, 'classification_loss': 1.1435695996284485}
Epoch 9 val losses: {'total_loss': 0.38368542850017545, 'invariant_loss': 0.10887567706406116, 'sigreg_loss': 10.77, 'triplet_loss': 0.02913496183231473, 'triplet_pos_distance': 0.018900488214567305, 'triplet_neg_distance': 1.4781512653827666, 'classification_loss': 1.1301125693321228}
Updated run summary at plots/run-lejepa-ak8-semisup-m0.5-zjets/summary.json

Epoch [10/12]
Learning rate: 0.0009001
Saved last model state_dict to plots/run-lejepa-ak8-semisup-m0.5-zjets/last_model.pth
Mahalanobis metrics saved to plots/run-lejepa-ak8-semisup-m0.5-zjets/mahalanobis_eval/epoch_0010/mahalanobis_metrics.json
Mahalanobis AUC, QCD+WJets+TTbar+Hbb train vs ZJets: 0.517696
Mahalanobis AUC, QCD+WJets+TTbar+Hbb val vs ZJets: 0.504776
Epoch 10 train losses: {'total_loss': 0.42381581223011017, 'invariant_loss': 0.16784235934913158, 'sigreg_loss': 9.8033125, 'triplet_loss': 0.025411994596011938, 'triplet_pos_distance': 0.046983261995017525, 'triplet_neg_distance': 1.5483708627223969, 'classification_loss': 1.147395010113716}
Epoch 10 val losses: {'total_loss': 0.3860661283135414, 'invariant_loss': 0.103535830155015, 'sigreg_loss': 11.155625, 'triplet_loss': 0.02892279681749642, 'triplet_pos_distance': 0.01969797768164426, 'triplet_neg_distance': 1.5036271965503694, 'classification_loss': 1.1302603793144226}
Updated run summary at plots/run-lejepa-ak8-semisup-m0.5-zjets/summary.json

Epoch [11/12]
Learning rate: 0.001
Saved new best model state_dict to plots/run-lejepa-ak8-semisup-m0.5-zjets/best_model.pth
Saved last model state_dict to plots/run-lejepa-ak8-semisup-m0.5-zjets/last_model.pth
Epoch 11 train losses: {'total_loss': 0.4103910532593727, 'invariant_loss': 0.1655915389060974, 'sigreg_loss': 9.25790625, 'triplet_loss': 0.023318937731906773, 'triplet_pos_distance': 0.04647417984902859, 'triplet_neg_distance': 1.5800956609249115, 'classification_loss': 1.1462664065361023}
Epoch 11 val losses: {'total_loss': 0.34863944560289384, 'invariant_loss': 0.1039849203824997, 'sigreg_loss': 9.2959375, 'triplet_loss': 0.024666900709271432, 'triplet_pos_distance': 0.018445047847926617, 'triplet_neg_distance': 1.5294692194461823, 'classification_loss': 1.1257879650592804}
Updated run summary at plots/run-lejepa-ak8-semisup-m0.5-zjets/summary.json

Epoch [12/12]
Learning rate: 0.0005005
Saved new best model state_dict to plots/run-lejepa-ak8-semisup-m0.5-zjets/best_model.pth
Saved last model state_dict to plots/run-lejepa-ak8-semisup-m0.5-zjets/last_model.pth
Mahalanobis metrics saved to plots/run-lejepa-ak8-semisup-m0.5-zjets/mahalanobis_eval/epoch_0012/mahalanobis_metrics.json
Mahalanobis AUC, QCD+WJets+TTbar+Hbb train vs ZJets: 0.525178
Mahalanobis AUC, QCD+WJets+TTbar+Hbb val vs ZJets: 0.509370
Epoch 12 train losses: {'total_loss': 0.384282285630703, 'invariant_loss': 0.15843124091625213, 'sigreg_loss': 8.38784375, 'triplet_loss': 0.021098184872418643, 'triplet_pos_distance': 0.04517191690579057, 'triplet_neg_distance': 1.620013108611107, 'classification_loss': 1.1195119830369948}
Epoch 12 val losses: {'total_loss': 0.33526606440544127, 'invariant_loss': 0.09530009724199771, 'sigreg_loss': 9.1140625, 'triplet_loss': 0.023290133066475392, 'triplet_pos_distance': 0.01736698633059859, 'triplet_neg_distance': 1.5667865765094757, 'classification_loss': 1.1078172522783278}
Updated run summary at plots/run-lejepa-ak8-semisup-m0.5-zjets/summary.json
Saved run summary to plots/run-lejepa-ak8-semisup-m0.5-zjets/summary.json
Job finished at: Fri Jul 17 05:32:02 PM EDT 2026
