## SLURM PROLOG ###############################################################
##    Job ID : 3721554
##  Job Name : JETANOMALY
##  Nodelist : gpu3102
##      CPUs : 1
##  Mem/Node : 32000 MB
## Directory : /oscar/home/lwang223/jetAnomalyDetection
##   Job Started : Wed Jul  8 10:30:02 AM EDT 2026
###############################################################################

==========================================
Job started at: Wed Jul  8 10:30:02 AM EDT 2026
Job ID: 3721554
Node: gpu3102
==========================================

GPU Information (from host):
Wed Jul  8 10:30:02 2026       
+-----------------------------------------------------------------------------------------+
| NVIDIA-SMI 575.57.08              Driver Version: 575.57.08      CUDA Version: 12.9     |
|-----------------------------------------+------------------------+----------------------+
| GPU  Name                 Persistence-M | Bus-Id          Disp.A | Volatile Uncorr. ECC |
| Fan  Temp   Perf          Pwr:Usage/Cap |           Memory-Usage | GPU-Util  Compute M. |
|                                         |                        |               MIG M. |
|=========================================+========================+======================|
|   0  NVIDIA L40S                    On  |   00000000:E1:00.0 Off |                    0 |
| N/A   28C    P8             32W /  350W |      74MiB /  46068MiB |      0%      Default |
|                                         |                        |                  N/A |
+-----------------------------------------+------------------------+----------------------+
                                                                                         
+-----------------------------------------------------------------------------------------+
| Processes:                                                                              |
|  GPU   GI   CI              PID   Type   Process name                        GPU Memory |
|        ID   ID                                                               Usage      |
|=========================================================================================|
|    0   N/A  N/A          158297      G   /usr/libexec/Xorg                        64MiB |
+-----------------------------------------------------------------------------------------+

PyTorch version: 2.6.0+cu124
Loading background from data/processed/qcd-vs-wjet-pt-200to400/QCD_scaled_scaled.pkl
Loading signal from data/processed/qcd-vs-wjet-pt-200to400/WJet_scaled_scaled.pkl
Background rows: 125183
Signal rows: 4067
Background columns: ['pt', 'eta', 'phi', 'fj_phi', 'fj_eta', 'fj_pt', 'fj_mass', 'fj_msoftdrop', 'fj_particleNetWithMass_QCD', 'fj_particleNet_XbbVsQCD', 'fj_particleNet_XccVsQCD', 'fj_particleNet_XqqVsQCD', 'fj_particleNet_QCD', 'fj_particleNet_massCorr', 'trkHighPurity', 'charge', 'lostInnerHits', 'lostOuterHits', 'numberOfHits', 'numberOfPixelHits', 'pdgId', 'pvAssocQuality', 'trkAlgo', 'trkQuality', 'd0', 'd0Err', 'dz', 'dzErr', 'mass', 'puppiWeight', 'puppiWeightNoLep', 'trkChi2', 'trkEta', 'trkP', 'trkPhi', 'trkPt', 'vtxChi2', 'dz/dzErr', 'd0/d0Err', 'dR', 'within_bounds', 'log_pt', 'pdgId_-211', 'pdgId_-13', 'pdgId_-11', 'pdgId_11', 'pdgId_13', 'pdgId_22', 'pdgId_130', 'pdgId_211']
Signal columns: ['pt', 'eta', 'phi', 'fj_phi', 'fj_eta', 'fj_pt', 'fj_mass', 'fj_msoftdrop', 'fj_particleNetWithMass_QCD', 'fj_particleNet_XbbVsQCD', 'fj_particleNet_XccVsQCD', 'fj_particleNet_XqqVsQCD', 'fj_particleNet_QCD', 'fj_particleNet_massCorr', 'trkHighPurity', 'charge', 'lostInnerHits', 'lostOuterHits', 'numberOfHits', 'numberOfPixelHits', 'pdgId', 'pvAssocQuality', 'trkAlgo', 'trkQuality', 'd0', 'd0Err', 'dz', 'dzErr', 'mass', 'puppiWeight', 'puppiWeightNoLep', 'trkChi2', 'trkEta', 'trkP', 'trkPhi', 'trkPt', 'vtxChi2', 'dz/dzErr', 'd0/d0Err', 'dR', 'within_bounds', 'log_pt', 'pdgId_-211', 'pdgId_-13', 'pdgId_-11', 'pdgId_11', 'pdgId_13', 'pdgId_22', 'pdgId_130', 'pdgId_211']
Background rows: 125183
Signal rows: 4067
Node feature names: ['eta', 'phi', 'pt', 'd0/d0Err', 'dz/dzErr', 'charge', 'mass', 'log_pt', 'pdgId_-211', 'pdgId_-13', 'pdgId_-11', 'pdgId_11', 'pdgId_13', 'pdgId_22', 'pdgId_130', 'pdgId_211']
Loading background node tensors...
Skipping event 690 due to error: Too few nodes: 3.
Skipping event 903 due to error: Too few nodes: 2.
Skipping event 1095 due to error: Too few nodes: 3.
Skipping event 2302 due to error: Feature eta is not one-dimensional.
Skipping event 2708 due to error: Too few nodes: 3.
Skipping event 2795 due to error: Too few nodes: 3.
Skipping event 2994 due to error: Too few nodes: 2.
Skipping event 5169 due to error: Too few nodes: 3.
Skipping event 5404 due to error: Too few nodes: 3.
Skipping event 6126 due to error: Too few nodes: 3.
Skipping event 7154 due to error: Too few nodes: 2.
Skipping event 7657 due to error: Feature eta is not one-dimensional.
Skipping event 7661 due to error: Too few nodes: 3.
Skipping event 8113 due to error: Too few nodes: 3.
Skipping event 8834 due to error: Too few nodes: 3.
Skipping event 9508 due to error: Too few nodes: 3.
Skipping event 11309 due to error: Too few nodes: 3.
Skipping event 11442 due to error: Feature eta is not one-dimensional.
Skipping event 11894 due to error: Too few nodes: 2.
Skipping event 14069 due to error: Too few nodes: 3.
Skipping event 14304 due to error: Too few nodes: 3.
Skipping event 14898 due to error: Too few nodes: 3.
Skipping event 15402 due to error: Too few nodes: 3.
Skipping event 15714 due to error: Too few nodes: 3.
Skipping event 17191 due to error: Too few nodes: 3.
Skipping event 18023 due to error: Too few nodes: 3.
Skipping event 18236 due to error: Too few nodes: 2.
Skipping event 18428 due to error: Too few nodes: 3.
Skipping event 19635 due to error: Feature eta is not one-dimensional.
Skipping event 20041 due to error: Too few nodes: 3.
Skipping event 20128 due to error: Too few nodes: 3.
Skipping event 20547 due to error: Too few nodes: 3.
Skipping event 21051 due to error: Too few nodes: 3.
Skipping event 21363 due to error: Too few nodes: 3.
Skipping event 22840 due to error: Too few nodes: 3.
Skipping event 23501 due to error: Too few nodes: 3.
Skipping event 24529 due to error: Too few nodes: 2.
Skipping event 25032 due to error: Feature eta is not one-dimensional.
Skipping event 25036 due to error: Too few nodes: 3.
Skipping event 25488 due to error: Too few nodes: 3.
Skipping event 26501 due to error: Too few nodes: 2.
Skipping event 26745 due to error: Too few nodes: 3.
Skipping event 26797 due to error: Feature eta is not one-dimensional.
Skipping event 28975 due to error: Too few nodes: 3.
Skipping event 30073 due to error: Too few nodes: 2.
Skipping event 30296 due to error: Too few nodes: 3.
Skipping event 30607 due to error: Feature eta is not one-dimensional.
Skipping event 31301 due to error: Too few nodes: 3.
Skipping event 32017 due to error: Too few nodes: 3.
Skipping event 32548 due to error: Too few nodes: 3.
Skipping event 32565 due to error: Feature eta is not one-dimensional.
Skipping event 34074 due to error: Too few nodes: 3.
Skipping event 38606 due to error: Too few nodes: 3.
Skipping event 38898 due to error: Too few nodes: 3.
Skipping event 39034 due to error: Too few nodes: 3.
Skipping event 39128 due to error: Too few nodes: 2.
Skipping event 39261 due to error: Too few nodes: 2.
Skipping event 39683 due to error: Too few nodes: 3.
Skipping event 39904 due to error: Too few nodes: 2.
Skipping event 39920 due to error: Too few nodes: 3.
Skipping event 40251 due to error: Too few nodes: 3.
Skipping event 40531 due to error: Too few nodes: 3.
Skipping event 40688 due to error: Too few nodes: 3.
Skipping event 41335 due to error: Too few nodes: 3.
Skipping event 42412 due to error: Too few nodes: 3.
Skipping event 43032 due to error: Too few nodes: 3.
Skipping event 43513 due to error: Too few nodes: 2.
Skipping event 44435 due to error: Too few nodes: 3.
Skipping event 44692 due to error: Too few nodes: 3.
Skipping event 45037 due to error: Too few nodes: 3.
Skipping event 45650 due to error: Too few nodes: 3.
Skipping event 45655 due to error: Too few nodes: 2.
Skipping event 45982 due to error: Too few nodes: 3.
Skipping event 47039 due to error: Too few nodes: 3.
Skipping event 47921 due to error: Too few nodes: 3.
Skipping event 48534 due to error: Too few nodes: 3.
Skipping event 48539 due to error: Too few nodes: 2.
Skipping event 48866 due to error: Too few nodes: 3.
Skipping event 49923 due to error: Too few nodes: 3.
Skipping event 50914 due to error: Too few nodes: 2.
Skipping event 51072 due to error: Too few nodes: 3.
Skipping event 51443 due to error: Too few nodes: 2.
Skipping event 51686 due to error: Too few nodes: 3.
Skipping event 53388 due to error: Too few nodes: 3.
Skipping event 53761 due to error: Too few nodes: 2.
Skipping event 53919 due to error: Too few nodes: 3.
Skipping event 54290 due to error: Too few nodes: 2.
Skipping event 54533 due to error: Too few nodes: 3.
Skipping event 56235 due to error: Too few nodes: 3.
Skipping event 56461 due to error: Too few nodes: 3.
Skipping event 56740 due to error: Too few nodes: 3.
Skipping event 56926 due to error: Too few nodes: 3.
Skipping event 56958 due to error: Too few nodes: 2.
Skipping event 57153 due to error: Too few nodes: 3.
Skipping event 57865 due to error: Too few nodes: 3.
Skipping event 58521 due to error: Too few nodes: 2.
Skipping event 58689 due to error: Too few nodes: 3.
Skipping event 59271 due to error: Too few nodes: 3.
Skipping event 59550 due to error: Too few nodes: 3.
Skipping event 59736 due to error: Too few nodes: 3.
Skipping event 59768 due to error: Too few nodes: 2.
Skipping event 59963 due to error: Too few nodes: 3.
Skipping event 60675 due to error: Too few nodes: 3.
Skipping event 61331 due to error: Too few nodes: 2.
Skipping event 61499 due to error: Too few nodes: 3.
Skipping event 62909 due to error: Too few nodes: 3.
Skipping event 63270 due to error: Too few nodes: 3.
Skipping event 65653 due to error: Too few nodes: 3.
Skipping event 65790 due to error: Too few nodes: 3.
Skipping event 66176 due to error: Too few nodes: 3.
Skipping event 67708 due to error: Too few nodes: 3.
Skipping event 67815 due to error: Feature eta is not one-dimensional.
Skipping event 68612 due to error: Too few nodes: 3.
Skipping event 68748 due to error: Too few nodes: 3.
Skipping event 68842 due to error: Too few nodes: 2.
Skipping event 68975 due to error: Too few nodes: 2.
Skipping event 69397 due to error: Too few nodes: 3.
Skipping event 69618 due to error: Too few nodes: 2.
Skipping event 69634 due to error: Too few nodes: 3.
Skipping event 69965 due to error: Too few nodes: 3.
Skipping event 70245 due to error: Too few nodes: 3.
Skipping event 70402 due to error: Too few nodes: 3.
Skipping event 71049 due to error: Too few nodes: 3.
Skipping event 71536 due to error: Feature eta is not one-dimensional.
Skipping event 71785 due to error: Too few nodes: 3.
Skipping event 73274 due to error: Too few nodes: 3.
Skipping event 74443 due to error: Feature eta is not one-dimensional.
Skipping event 75302 due to error: Too few nodes: 3.
Skipping event 75390 due to error: Too few nodes: 3.
Skipping event 75674 due to error: Too few nodes: 2.
Skipping event 76596 due to error: Too few nodes: 3.
Skipping event 77345 due to error: Too few nodes: 2.
Skipping event 77886 due to error: Too few nodes: 3.
Skipping event 78065 due to error: Too few nodes: 3.
Skipping event 78431 due to error: Too few nodes: 3.
Skipping event 78724 due to error: Too few nodes: 3.
Skipping event 78928 due to error: Too few nodes: 3.
Skipping event 79810 due to error: Too few nodes: 3.
Skipping event 79834 due to error: Too few nodes: 3.
Skipping event 80508 due to error: Too few nodes: 3.
Skipping event 80533 due to error: Too few nodes: 3.
Skipping event 81132 due to error: Too few nodes: 2.
Skipping event 81302 due to error: Too few nodes: 3.
Skipping event 82490 due to error: Feature eta is not one-dimensional.
Skipping event 83555 due to error: Too few nodes: 3.
Skipping event 83734 due to error: Too few nodes: 3.
Skipping event 84100 due to error: Too few nodes: 3.
Skipping event 84393 due to error: Too few nodes: 3.
Skipping event 84597 due to error: Too few nodes: 3.
Skipping event 85479 due to error: Too few nodes: 3.
Skipping event 85503 due to error: Too few nodes: 3.
Skipping event 86177 due to error: Too few nodes: 3.
Skipping event 86202 due to error: Too few nodes: 3.
Skipping event 86801 due to error: Too few nodes: 2.
Skipping event 86971 due to error: Too few nodes: 3.
Skipping event 88159 due to error: Feature eta is not one-dimensional.
Skipping event 89495 due to error: Too few nodes: 3.
Skipping event 89583 due to error: Too few nodes: 3.
Skipping event 89867 due to error: Too few nodes: 2.
Skipping event 90789 due to error: Too few nodes: 3.
Skipping event 91538 due to error: Too few nodes: 2.
Skipping event 92007 due to error: Too few nodes: 3.
Skipping event 92032 due to error: Feature eta is not one-dimensional.
Skipping event 92060 due to error: Too few nodes: 3.
Skipping event 93981 due to error: Too few nodes: 3.
Skipping event 94046 due to error: Too few nodes: 2.
Skipping event 94859 due to error: Too few nodes: 3.
Skipping event 95045 due to error: Too few nodes: 2.
Skipping event 95981 due to error: Too few nodes: 3.
Skipping event 96012 due to error: Too few nodes: 3.
Skipping event 96576 due to error: Too few nodes: 2.
Skipping event 97076 due to error: Too few nodes: 3.
Skipping event 97737 due to error: Too few nodes: 3.
Skipping event 99216 due to error: Too few nodes: 3.
Skipping event 99303 due to error: Too few nodes: 2.
Skipping event 100467 due to error: Too few nodes: 3.
Skipping event 102812 due to error: Too few nodes: 2.
Skipping event 104013 due to error: Too few nodes: 2.
Skipping event 104949 due to error: Too few nodes: 3.
Skipping event 104980 due to error: Too few nodes: 3.
Skipping event 105544 due to error: Too few nodes: 2.
Skipping event 106044 due to error: Too few nodes: 3.
Skipping event 106705 due to error: Too few nodes: 3.
Skipping event 108184 due to error: Too few nodes: 3.
Skipping event 108271 due to error: Too few nodes: 2.
Skipping event 109435 due to error: Too few nodes: 3.
Skipping event 109839 due to error: Too few nodes: 3.
Skipping event 109938 due to error: Too few nodes: 3.
Skipping event 110823 due to error: Too few nodes: 3.
Skipping event 111524 due to error: Too few nodes: 3.
Skipping event 111617 due to error: Too few nodes: 3.
Skipping event 112090 due to error: Too few nodes: 3.
Skipping event 112401 due to error: Too few nodes: 3.
Skipping event 112481 due to error: Too few nodes: 3.
Skipping event 115973 due to error: Too few nodes: 3.
Skipping event 116072 due to error: Too few nodes: 3.
Skipping event 116957 due to error: Too few nodes: 3.
Skipping event 117658 due to error: Too few nodes: 3.
Skipping event 117751 due to error: Too few nodes: 3.
Skipping event 118224 due to error: Too few nodes: 3.
Skipping event 118535 due to error: Too few nodes: 3.
Skipping event 118615 due to error: Too few nodes: 3.
Skipping event 118925 due to error: Too few nodes: 3.
Skipping event 120230 due to error: Too few nodes: 3.
Skipping event 120663 due to error: Too few nodes: 3.
Skipping event 121186 due to error: Too few nodes: 3.
Skipping event 123050 due to error: Too few nodes: 2.
Skipping event 124371 due to error: Too few nodes: 3.
Skipping event 124715 due to error: Too few nodes: 3.
Loading signal node tensors...
Skipping event 424 due to error: Too few nodes: 3.
Skipping event 2523 due to error: Too few nodes: 2.
Skipping event 3794 due to error: Too few nodes: 3.
Loaded background train events: 99979
Loaded background val events: 24995
Loaded signal events: 4064
Feature mean: tensor([-8.9176e-05, -4.3704e-05,  3.6615e-02,  1.8351e-04, -6.9755e-06,
         3.9663e-03,  1.0762e-01, -1.2395e-02,  3.8354e-01,  9.7974e-04,
         1.6717e-03,  1.7881e-03,  9.0023e-04,  1.8262e-01,  4.0949e-02,
         3.8755e-01])
Feature std: tensor([0.1677, 0.1677, 0.0618, 1.3809, 1.1207, 0.8811, 0.0585, 0.9443, 0.4862,
        0.0313, 0.0409, 0.0422, 0.0300, 0.3864, 0.1982, 0.4872])
Example node tensor shape: torch.Size([8, 16])
Selected SSL model: mahalanobis
Model summary:
LeJEPAMahalanobisParticleTransformerRepresentation(
  (node_embedding): NodeEmbedding(
    (net): Sequential(
      (0): Linear(in_features=16, out_features=128, bias=True)
      (1): GELU(approximate='none')
      (2): LayerNorm((128,), eps=1e-05, elementwise_affine=True)
      (3): Linear(in_features=128, out_features=512, bias=True)
      (4): GELU(approximate='none')
      (5): LayerNorm((512,), eps=1e-05, elementwise_affine=True)
      (6): Linear(in_features=512, out_features=128, bias=True)
      (7): Dropout(p=0.1, inplace=False)
    )
  )
  (pairwise_bias): PairwiseAttentionBias(
    (mlp): Sequential(
      (0): RMSNorm()
      (1): Linear(in_features=4, out_features=16, bias=True)
      (2): SiLU()
      (3): Dropout(p=0.1, inplace=False)
      (4): Linear(in_features=16, out_features=16, bias=True)
      (5): SiLU()
      (6): Dropout(p=0.1, inplace=False)
      (7): Linear(in_features=16, out_features=8, bias=True)
    )
  )
  (encoder): ParticleTransformerEncoder(
    (layers): ModuleList(
      (0-7): 8 x ParticleTransformerBlock(
        (attn_norm): RMSNorm()
        (self_attn): MultiheadAttention(
          (out_proj): NonDynamicallyQuantizableLinear(in_features=128, out_features=128, bias=True)
        )
        (attn_dropout): Dropout(p=0.1, inplace=False)
        (ffn_norm): RMSNorm()
        (ffn): SwiGLUFFN(
          (fc1): Linear(in_features=128, out_features=1024, bias=True)
          (act): SwiGLU()
          (fc2): Linear(in_features=512, out_features=128, bias=True)
          (dropout): Dropout(p=0.1, inplace=False)
        )
      )
    )
  )
  (cls_pooling): CLSPooling(
    (layers): ModuleList(
      (0-1): 2 x ClassAttentionBlock(
        (query_norm): LayerNorm((128,), eps=1e-05, elementwise_affine=True)
        (context_norm): LayerNorm((128,), eps=1e-05, elementwise_affine=True)
        (attn): MultiheadAttention(
          (out_proj): NonDynamicallyQuantizableLinear(in_features=128, out_features=128, bias=True)
        )
        (attn_dropout): Dropout(p=0.0, inplace=False)
        (ffn_norm): LayerNorm((128,), eps=1e-05, elementwise_affine=True)
        (ffn): Sequential(
          (0): Linear(in_features=128, out_features=512, bias=True)
          (1): GELU(approximate='none')
          (2): Dropout(p=0.0, inplace=False)
          (3): Linear(in_features=512, out_features=128, bias=True)
          (4): Dropout(p=0.0, inplace=False)
        )
      )
    )
  )
  (representation_head): RepresentationHead(
    (net): Sequential(
      (0): RMSNorm()
      (1): Linear(in_features=128, out_features=128, bias=True)
      (2): SiLU()
      (3): Dropout(p=0.1, inplace=False)
      (4): Linear(in_features=128, out_features=128, bias=True)
    )
  )
  (augmentation): MultiViewAugmentation()
  (negative_augmentation): CorruptedNegativeAugmentation()
  (loss): LeJEPASIGRegMahalanobisLoss(
    (lejepa_loss): LeJEPASIGRegLoss(
      (sigreg_loss_fn): SlicingUnivariateTest(
        (univariate_test): EppsPulley()
      )
    )
  )
)
Number of trainable parameters: 2678508
Initialized run summary at plots/run-lejepa-mahala-0.02-radius-2.0/summary.json

Epoch [1/50]
Learning rate: 2.5575448e-07
Saved new best model to plots/run-lejepa-mahala-0.02-radius-2.0/best_model.pth
Collecting background train latents...
Collecting background validation latents...
Collecting signal latents...
Background train latents: (99979, 128)
Background val latents: (24995, 128)
Signal latents: (4064, 128)
Mahalanobis metrics saved to plots/run-lejepa-mahala-0.02-radius-2.0/mahalanobis_eval/epoch_0001/mahalanobis_metrics.json
Mahalanobis AUC, QCD train vs WJet: 0.585683
Mahalanobis AUC, QCD val vs WJet: 0.583018
Epoch 1 train losses: {'total_loss': 4.221720932084886, 'invariant_loss': 0.33748979247687266, 'sigreg_loss': 194.21099744245524, 'mahalanobis_loss': 0.0, 'negative_mahalanobis_mean': 16.273958398862874, 'negative_outside_radius_fraction': 1.0}
Epoch 1 val losses: {'total_loss': 2.094742918501095, 'invariant_loss': 0.43426779855270775, 'sigreg_loss': 83.03061224489795, 'mahalanobis_loss': 0.0, 'negative_mahalanobis_mean': 9.233760113618812, 'negative_outside_radius_fraction': 1.0}
Updated run summary at plots/run-lejepa-mahala-0.02-radius-2.0/summary.json

Epoch [2/50]
Learning rate: 0.00010025575
Saved new best model to plots/run-lejepa-mahala-0.02-radius-2.0/best_model.pth
Collecting background train latents...
Collecting background validation latents...
Collecting signal latents...
Background train latents: (99979, 128)
Background val latents: (24995, 128)
Signal latents: (4064, 128)
Mahalanobis metrics saved to plots/run-lejepa-mahala-0.02-radius-2.0/mahalanobis_eval/epoch_0002/mahalanobis_metrics.json
Mahalanobis AUC, QCD train vs WJet: 0.531789
Mahalanobis AUC, QCD val vs WJet: 0.530665
Epoch 2 train losses: {'total_loss': 1.3874338386613694, 'invariant_loss': 0.4015402952423486, 'sigreg_loss': 49.29923273657289, 'mahalanobis_loss': 0.0, 'negative_mahalanobis_mean': 14.787302068432274, 'negative_outside_radius_fraction': 1.0}
Epoch 2 val losses: {'total_loss': 1.1274962802322543, 'invariant_loss': 0.24340826926790937, 'sigreg_loss': 44.19770408163265, 'mahalanobis_loss': 0.0, 'negative_mahalanobis_mean': 8.705649181288116, 'negative_outside_radius_fraction': 1.0}
Updated run summary at plots/run-lejepa-mahala-0.02-radius-2.0/summary.json

Epoch [3/50]
Learning rate: 0.00020025575
Saved new best model to plots/run-lejepa-mahala-0.02-radius-2.0/best_model.pth
Collecting background train latents...
Collecting background validation latents...
Collecting signal latents...
Background train latents: (99979, 128)
Background val latents: (24995, 128)
Signal latents: (4064, 128)
Mahalanobis metrics saved to plots/run-lejepa-mahala-0.02-radius-2.0/mahalanobis_eval/epoch_0003/mahalanobis_metrics.json
Mahalanobis AUC, QCD train vs WJet: 0.521975
Mahalanobis AUC, QCD val vs WJet: 0.518903
Epoch 3 train losses: {'total_loss': 0.968886353932988, 'invariant_loss': 0.29862979420310704, 'sigreg_loss': 33.51694373401534, 'mahalanobis_loss': 0.0, 'negative_mahalanobis_mean': 14.562411118041524, 'negative_outside_radius_fraction': 1.0}
Epoch 3 val losses: {'total_loss': 0.9239755090402098, 'invariant_loss': 0.21829949091283643, 'sigreg_loss': 35.27933673469388, 'mahalanobis_loss': 0.0, 'negative_mahalanobis_mean': 9.442708453353571, 'negative_outside_radius_fraction': 1.0}
Updated run summary at plots/run-lejepa-mahala-0.02-radius-2.0/summary.json

Epoch [4/50]
Learning rate: 0.00030025575
Saved new best model to plots/run-lejepa-mahala-0.02-radius-2.0/best_model.pth
Collecting background train latents...
Collecting background validation latents...
Collecting signal latents...
Background train latents: (99979, 128)
Background val latents: (24995, 128)
Signal latents: (4064, 128)
Mahalanobis metrics saved to plots/run-lejepa-mahala-0.02-radius-2.0/mahalanobis_eval/epoch_0004/mahalanobis_metrics.json
Mahalanobis AUC, QCD train vs WJet: 0.517401
Mahalanobis AUC, QCD val vs WJet: 0.517392
Epoch 4 train losses: {'total_loss': 0.808981227295478, 'invariant_loss': 0.2876117348366076, 'sigreg_loss': 26.0701726342711, 'mahalanobis_loss': 0.0, 'negative_mahalanobis_mean': 14.128586795933716, 'negative_outside_radius_fraction': 1.0}
Epoch 4 val losses: {'total_loss': 0.799777628815904, 'invariant_loss': 0.21649080013134042, 'sigreg_loss': 29.146683673469386, 'mahalanobis_loss': 0.0, 'negative_mahalanobis_mean': 9.726947035108294, 'negative_outside_radius_fraction': 1.0}
Updated run summary at plots/run-lejepa-mahala-0.02-radius-2.0/summary.json

Epoch [5/50]
Learning rate: 0.00040025575
Saved new best model to plots/run-lejepa-mahala-0.02-radius-2.0/best_model.pth
Collecting background train latents...
Collecting background validation latents...
Collecting signal latents...
Background train latents: (99979, 128)
Background val latents: (24995, 128)
Signal latents: (4064, 128)
Mahalanobis metrics saved to plots/run-lejepa-mahala-0.02-radius-2.0/mahalanobis_eval/epoch_0005/mahalanobis_metrics.json
Mahalanobis AUC, QCD train vs WJet: 0.534809
Mahalanobis AUC, QCD val vs WJet: 0.533707
Epoch 5 train losses: {'total_loss': 0.7188924272042101, 'invariant_loss': 0.2893672654086062, 'sigreg_loss': 21.474744245524295, 'mahalanobis_loss': 0.0, 'negative_mahalanobis_mean': 13.818924538009917, 'negative_outside_radius_fraction': 1.0}
Epoch 5 val losses: {'total_loss': 0.63783177429316, 'invariant_loss': 0.20427788505140615, 'sigreg_loss': 21.676658163265305, 'mahalanobis_loss': 0.0, 'negative_mahalanobis_mean': 9.96279795315801, 'negative_outside_radius_fraction': 1.0}
Updated run summary at plots/run-lejepa-mahala-0.02-radius-2.0/summary.json

Epoch [6/50]
Learning rate: 0.00050025575
Saved new best model to plots/run-lejepa-mahala-0.02-radius-2.0/best_model.pth
Collecting background train latents...
Collecting background validation latents...
Collecting signal latents...
Background train latents: (99979, 128)
Background val latents: (24995, 128)
Signal latents: (4064, 128)
Mahalanobis metrics saved to plots/run-lejepa-mahala-0.02-radius-2.0/mahalanobis_eval/epoch_0006/mahalanobis_metrics.json
Mahalanobis AUC, QCD train vs WJet: 0.523025
Mahalanobis AUC, QCD val vs WJet: 0.522771
Epoch 6 train losses: {'total_loss': 0.6533907546716577, 'invariant_loss': 0.2934537883609762, 'sigreg_loss': 17.998401534526856, 'mahalanobis_loss': 0.0, 'negative_mahalanobis_mean': 13.473929580825065, 'negative_outside_radius_fraction': 1.0}
Epoch 6 val losses: {'total_loss': 0.6170003979789968, 'invariant_loss': 0.21346086218040816, 'sigreg_loss': 20.177295918367346, 'mahalanobis_loss': 0.0, 'negative_mahalanobis_mean': 10.380442804219772, 'negative_outside_radius_fraction': 1.0}
Updated run summary at plots/run-lejepa-mahala-0.02-radius-2.0/summary.json

Epoch [7/50]
Learning rate: 0.00060025575
Saved new best model to plots/run-lejepa-mahala-0.02-radius-2.0/best_model.pth
Collecting background train latents...
Collecting background validation latents...
Collecting signal latents...
Background train latents: (99979, 128)
Background val latents: (24995, 128)
Signal latents: (4064, 128)
Mahalanobis metrics saved to plots/run-lejepa-mahala-0.02-radius-2.0/mahalanobis_eval/epoch_0007/mahalanobis_metrics.json
Mahalanobis AUC, QCD train vs WJet: 0.549113
Mahalanobis AUC, QCD val vs WJet: 0.550686
Epoch 7 train losses: {'total_loss': 0.6147762250412455, 'invariant_loss': 0.29032769078946175, 'sigreg_loss': 16.219789002557544, 'mahalanobis_loss': 0.0, 'negative_mahalanobis_mean': 13.2087648933196, 'negative_outside_radius_fraction': 1.0}
Epoch 7 val losses: {'total_loss': 0.5814873916762215, 'invariant_loss': 0.19321411498347107, 'sigreg_loss': 19.417091836734695, 'mahalanobis_loss': 0.0, 'negative_mahalanobis_mean': 10.275143360605044, 'negative_outside_radius_fraction': 1.0}
Updated run summary at plots/run-lejepa-mahala-0.02-radius-2.0/summary.json

Epoch [8/50]
Learning rate: 0.00070025575
Collecting background train latents...
Collecting background validation latents...
Collecting signal latents...
Background train latents: (99979, 128)
Background val latents: (24995, 128)
Signal latents: (4064, 128)
Mahalanobis metrics saved to plots/run-lejepa-mahala-0.02-radius-2.0/mahalanobis_eval/epoch_0008/mahalanobis_metrics.json
Mahalanobis AUC, QCD train vs WJet: 0.546563
Mahalanobis AUC, QCD val vs WJet: 0.545896
Epoch 8 train losses: {'total_loss': 0.5915478938985663, 'invariant_loss': 0.28639583537340774, 'sigreg_loss': 15.257672634271099, 'mahalanobis_loss': 0.0, 'negative_mahalanobis_mean': 13.020036472993738, 'negative_outside_radius_fraction': 1.0}
Epoch 8 val losses: {'total_loss': 0.5841120566640582, 'invariant_loss': 0.1827050094701806, 'sigreg_loss': 20.071428571428573, 'mahalanobis_loss': 0.0, 'negative_mahalanobis_mean': 10.214045008834528, 'negative_outside_radius_fraction': 1.0}
Updated run summary at plots/run-lejepa-mahala-0.02-radius-2.0/summary.json

Epoch [9/50]
Learning rate: 0.00080025575
Saved new best model to plots/run-lejepa-mahala-0.02-radius-2.0/best_model.pth
Collecting background train latents...
Collecting background validation latents...
Collecting signal latents...
Background train latents: (99979, 128)
Background val latents: (24995, 128)
Signal latents: (4064, 128)
Mahalanobis metrics saved to plots/run-lejepa-mahala-0.02-radius-2.0/mahalanobis_eval/epoch_0009/mahalanobis_metrics.json
Mahalanobis AUC, QCD train vs WJet: 0.553450
Mahalanobis AUC, QCD val vs WJet: 0.551899
Epoch 9 train losses: {'total_loss': 0.5702103029584031, 'invariant_loss': 0.2841474157007759, 'sigreg_loss': 14.304028132992327, 'mahalanobis_loss': 0.0, 'negative_mahalanobis_mean': 12.85714686557155, 'negative_outside_radius_fraction': 1.0}
Epoch 9 val losses: {'total_loss': 0.5550564208201, 'invariant_loss': 0.18374344326403677, 'sigreg_loss': 18.566964285714285, 'mahalanobis_loss': 0.0, 'negative_mahalanobis_mean': 10.330980427411138, 'negative_outside_radius_fraction': 1.0}
Updated run summary at plots/run-lejepa-mahala-0.02-radius-2.0/summary.json

Epoch [10/50]
Learning rate: 0.00090025575
Saved new best model to plots/run-lejepa-mahala-0.02-radius-2.0/best_model.pth
Collecting background train latents...
Collecting background validation latents...
Collecting signal latents...
Background train latents: (99979, 128)
Background val latents: (24995, 128)
Signal latents: (4064, 128)
Mahalanobis metrics saved to plots/run-lejepa-mahala-0.02-radius-2.0/mahalanobis_eval/epoch_0010/mahalanobis_metrics.json
Mahalanobis AUC, QCD train vs WJet: 0.546401
Mahalanobis AUC, QCD val vs WJet: 0.543792
Epoch 10 train losses: {'total_loss': 0.5549512032200309, 'invariant_loss': 0.28151369822757016, 'sigreg_loss': 13.6721547314578, 'mahalanobis_loss': 0.0, 'negative_mahalanobis_mean': 12.730910281695978, 'negative_outside_radius_fraction': 1.0}
Epoch 10 val losses: {'total_loss': 0.5259896696222072, 'invariant_loss': 0.18977315039659032, 'sigreg_loss': 16.808035714285715, 'mahalanobis_loss': 0.0, 'negative_mahalanobis_mean': 10.585924440500687, 'negative_outside_radius_fraction': 1.0}
Updated run summary at plots/run-lejepa-mahala-0.02-radius-2.0/summary.json

Epoch [11/50]
Learning rate: 0.001
Saved new best model to plots/run-lejepa-mahala-0.02-radius-2.0/best_model.pth
Collecting background train latents...
Collecting background validation latents...
Collecting signal latents...
Background train latents: (99979, 128)
Background val latents: (24995, 128)
Signal latents: (4064, 128)
Mahalanobis metrics saved to plots/run-lejepa-mahala-0.02-radius-2.0/mahalanobis_eval/epoch_0011/mahalanobis_metrics.json
Mahalanobis AUC, QCD train vs WJet: 0.543756
Mahalanobis AUC, QCD val vs WJet: 0.543280
Epoch 11 train losses: {'total_loss': 0.541739583320325, 'invariant_loss': 0.2814644410101044, 'sigreg_loss': 13.015105498721228, 'mahalanobis_loss': 0.0, 'negative_mahalanobis_mean': 12.603741258001694, 'negative_outside_radius_fraction': 1.0}
Epoch 11 val losses: {'total_loss': 0.4838029593229294, 'invariant_loss': 0.19298663066357982, 'sigreg_loss': 14.53890306122449, 'mahalanobis_loss': 0.0, 'negative_mahalanobis_mean': 10.615885491273842, 'negative_outside_radius_fraction': 1.0}
Updated run summary at plots/run-lejepa-mahala-0.02-radius-2.0/summary.json

Epoch [12/50]
Learning rate: 0.00099846021
Saved new best model to plots/run-lejepa-mahala-0.02-radius-2.0/best_model.pth
Collecting background train latents...
Collecting background validation latents...
Collecting signal latents...
Background train latents: (99979, 128)
Background val latents: (24995, 128)
Signal latents: (4064, 128)
Mahalanobis metrics saved to plots/run-lejepa-mahala-0.02-radius-2.0/mahalanobis_eval/epoch_0012/mahalanobis_metrics.json
Mahalanobis AUC, QCD train vs WJet: 0.550267
Mahalanobis AUC, QCD val vs WJet: 0.549054
Epoch 12 train losses: {'total_loss': 0.5196664209103645, 'invariant_loss': 0.2789500026065675, 'sigreg_loss': 12.035006393861893, 'mahalanobis_loss': 0.0, 'negative_mahalanobis_mean': 12.522274049041826, 'negative_outside_radius_fraction': 1.0}
Epoch 12 val losses: {'total_loss': 0.47520597917693, 'invariant_loss': 0.19893843771851794, 'sigreg_loss': 13.815688775510203, 'mahalanobis_loss': 0.0, 'negative_mahalanobis_mean': 10.883307963001485, 'negative_outside_radius_fraction': 1.0}
Updated run summary at plots/run-lejepa-mahala-0.02-radius-2.0/summary.json

Epoch [13/50]
Learning rate: 0.00099385033
Saved new best model to plots/run-lejepa-mahala-0.02-radius-2.0/best_model.pth
Collecting background train latents...
Collecting background validation latents...
Collecting signal latents...
Background train latents: (99979, 128)
Background val latents: (24995, 128)
Signal latents: (4064, 128)
Mahalanobis metrics saved to plots/run-lejepa-mahala-0.02-radius-2.0/mahalanobis_eval/epoch_0013/mahalanobis_metrics.json
Mahalanobis AUC, QCD train vs WJet: 0.550113
Mahalanobis AUC, QCD val vs WJet: 0.548670
Epoch 13 train losses: {'total_loss': 0.5137690132688684, 'invariant_loss': 0.27945145389155657, 'sigreg_loss': 11.715233375959079, 'mahalanobis_loss': 0.0, 'negative_mahalanobis_mean': 12.445954925263933, 'negative_outside_radius_fraction': 1.0}
Epoch 13 val losses: {'total_loss': 0.46567049318430376, 'invariant_loss': 0.19286078229850653, 'sigreg_loss': 13.639030612244898, 'mahalanobis_loss': 0.0, 'negative_mahalanobis_mean': 10.796267986297607, 'negative_outside_radius_fraction': 1.0}
Updated run summary at plots/run-lejepa-mahala-0.02-radius-2.0/summary.json

Epoch [14/50]
Learning rate: 0.00098619878
Collecting background train latents...
Collecting background validation latents...
Collecting signal latents...
Background train latents: (99979, 128)
Background val latents: (24995, 128)
Signal latents: (4064, 128)
Mahalanobis metrics saved to plots/run-lejepa-mahala-0.02-radius-2.0/mahalanobis_eval/epoch_0014/mahalanobis_metrics.json
Mahalanobis AUC, QCD train vs WJet: 0.554739
Mahalanobis AUC, QCD val vs WJet: 0.552711
Epoch 14 train losses: {'total_loss': 0.5029383707991646, 'invariant_loss': 0.27817414106462923, 'sigreg_loss': 11.238171355498721, 'mahalanobis_loss': 0.0, 'negative_mahalanobis_mean': 12.37879404814347, 'negative_outside_radius_fraction': 1.0}
Epoch 14 val losses: {'total_loss': 0.46977338590184037, 'invariant_loss': 0.1820362182904263, 'sigreg_loss': 14.386479591836734, 'mahalanobis_loss': 0.0, 'negative_mahalanobis_mean': 10.699039449497144, 'negative_outside_radius_fraction': 1.0}
Updated run summary at plots/run-lejepa-mahala-0.02-radius-2.0/summary.json

Epoch [15/50]
Learning rate: 0.00097555273
Saved new best model to plots/run-lejepa-mahala-0.02-radius-2.0/best_model.pth
Collecting background train latents...
Collecting background validation latents...
Collecting signal latents...
Background train latents: (99979, 128)
Background val latents: (24995, 128)
Signal latents: (4064, 128)
Mahalanobis metrics saved to plots/run-lejepa-mahala-0.02-radius-2.0/mahalanobis_eval/epoch_0015/mahalanobis_metrics.json
Mahalanobis AUC, QCD train vs WJet: 0.551945
Mahalanobis AUC, QCD val vs WJet: 0.549713
Epoch 15 train losses: {'total_loss': 0.4942603256086559, 'invariant_loss': 0.27655432199883034, 'sigreg_loss': 10.885070332480819, 'mahalanobis_loss': 0.0, 'negative_mahalanobis_mean': 12.320306614536763, 'negative_outside_radius_fraction': 1.0}
Epoch 15 val losses: {'total_loss': 0.4518548855367972, 'invariant_loss': 0.1840077042579651, 'sigreg_loss': 13.39030612244898, 'mahalanobis_loss': 0.0, 'negative_mahalanobis_mean': 10.798241420667999, 'negative_outside_radius_fraction': 1.0}
Updated run summary at plots/run-lejepa-mahala-0.02-radius-2.0/summary.json

Epoch [16/50]
Learning rate: 0.00096197783
Collecting background train latents...
Collecting background validation latents...
Collecting signal latents...
Background train latents: (99979, 128)
Background val latents: (24995, 128)
Signal latents: (4064, 128)
Mahalanobis metrics saved to plots/run-lejepa-mahala-0.02-radius-2.0/mahalanobis_eval/epoch_0016/mahalanobis_metrics.json
Mahalanobis AUC, QCD train vs WJet: 0.550363
Mahalanobis AUC, QCD val vs WJet: 0.549098
Epoch 16 train losses: {'total_loss': 0.48661631703986535, 'invariant_loss': 0.2771524011402789, 'sigreg_loss': 10.473145780051151, 'mahalanobis_loss': 0.0, 'negative_mahalanobis_mean': 12.233187899870032, 'negative_outside_radius_fraction': 1.0}
Epoch 16 val losses: {'total_loss': 0.4790092606325539, 'invariant_loss': 0.17369396954166647, 'sigreg_loss': 15.264030612244898, 'mahalanobis_loss': 0.0, 'negative_mahalanobis_mean': 10.470555850437709, 'negative_outside_radius_fraction': 1.0}
Updated run summary at plots/run-lejepa-mahala-0.02-radius-2.0/summary.json

Epoch [17/50]
Learning rate: 0.00094555776
Saved new best model to plots/run-lejepa-mahala-0.02-radius-2.0/best_model.pth
Collecting background train latents...
Collecting background validation latents...
Collecting signal latents...
Background train latents: (99979, 128)
Background val latents: (24995, 128)
Signal latents: (4064, 128)
Mahalanobis metrics saved to plots/run-lejepa-mahala-0.02-radius-2.0/mahalanobis_eval/epoch_0017/mahalanobis_metrics.json
Mahalanobis AUC, QCD train vs WJet: 0.543026
Mahalanobis AUC, QCD val vs WJet: 0.544054
Epoch 17 train losses: {'total_loss': 0.48319781306759474, 'invariant_loss': 0.2767584938984698, 'sigreg_loss': 10.322570332480819, 'mahalanobis_loss': 0.0, 'negative_mahalanobis_mean': 12.211669468208957, 'negative_outside_radius_fraction': 1.0}
Epoch 17 val losses: {'total_loss': 0.4486187547445297, 'invariant_loss': 0.18486715822803731, 'sigreg_loss': 13.183673469387756, 'mahalanobis_loss': 0.0, 'negative_mahalanobis_mean': 10.774860294497742, 'negative_outside_radius_fraction': 1.0}
Updated run summary at plots/run-lejepa-mahala-0.02-radius-2.0/summary.json

Epoch [18/50]
Learning rate: 0.00092639376
Saved new best model to plots/run-lejepa-mahala-0.02-radius-2.0/best_model.pth
Collecting background train latents...
Collecting background validation latents...
Collecting signal latents...
Background train latents: (99979, 128)
Background val latents: (24995, 128)
Signal latents: (4064, 128)
Mahalanobis metrics saved to plots/run-lejepa-mahala-0.02-radius-2.0/mahalanobis_eval/epoch_0018/mahalanobis_metrics.json
Mahalanobis AUC, QCD train vs WJet: 0.543570
Mahalanobis AUC, QCD val vs WJet: 0.545154
Epoch 18 train losses: {'total_loss': 0.4759606100104349, 'invariant_loss': 0.276504587410661, 'sigreg_loss': 9.972266624040921, 'mahalanobis_loss': 0.0, 'negative_mahalanobis_mean': 12.156927194131915, 'negative_outside_radius_fraction': 1.0}
Epoch 18 val losses: {'total_loss': 0.41995938973767416, 'invariant_loss': 0.19453288797213106, 'sigreg_loss': 11.269132653061224, 'mahalanobis_loss': 0.0, 'negative_mahalanobis_mean': 10.931207491427053, 'negative_outside_radius_fraction': 1.0}
Updated run summary at plots/run-lejepa-mahala-0.02-radius-2.0/summary.json

Epoch [19/50]
Learning rate: 0.00090460399
Collecting background train latents...
Collecting background validation latents...
Collecting signal latents...
Background train latents: (99979, 128)
Background val latents: (24995, 128)
Signal latents: (4064, 128)
Mahalanobis metrics saved to plots/run-lejepa-mahala-0.02-radius-2.0/mahalanobis_eval/epoch_0019/mahalanobis_metrics.json
Mahalanobis AUC, QCD train vs WJet: 0.551264
Mahalanobis AUC, QCD val vs WJet: 0.550222
Epoch 19 train losses: {'total_loss': 0.46934103523678794, 'invariant_loss': 0.2751224851974136, 'sigreg_loss': 9.710278132992327, 'mahalanobis_loss': 0.0, 'negative_mahalanobis_mean': 12.14821101576471, 'negative_outside_radius_fraction': 1.0}
Epoch 19 val losses: {'total_loss': 0.4222963917620328, 'invariant_loss': 0.18522089537309142, 'sigreg_loss': 11.852678571428571, 'mahalanobis_loss': 0.0, 'negative_mahalanobis_mean': 10.842287277688785, 'negative_outside_radius_fraction': 1.0}
Updated run summary at plots/run-lejepa-mahala-0.02-radius-2.0/summary.json

Epoch [20/50]
Learning rate: 0.00088032278
Saved new best model to plots/run-lejepa-mahala-0.02-radius-2.0/best_model.pth
Collecting background train latents...
Collecting background validation latents...
Collecting signal latents...
Background train latents: (99979, 128)
Background val latents: (24995, 128)
Signal latents: (4064, 128)
Mahalanobis metrics saved to plots/run-lejepa-mahala-0.02-radius-2.0/mahalanobis_eval/epoch_0020/mahalanobis_metrics.json
Mahalanobis AUC, QCD train vs WJet: 0.551849
Mahalanobis AUC, QCD val vs WJet: 0.552290
Epoch 20 train losses: {'total_loss': 0.4679571618814298, 'invariant_loss': 0.2752396702156652, 'sigreg_loss': 9.636588874680307, 'mahalanobis_loss': 0.0, 'negative_mahalanobis_mean': 12.119122361283168, 'negative_outside_radius_fraction': 1.0}
Epoch 20 val losses: {'total_loss': 0.4149135637040041, 'invariant_loss': 0.19067288813542346, 'sigreg_loss': 11.21173469387755, 'mahalanobis_loss': 0.0, 'negative_mahalanobis_mean': 10.887461886114004, 'negative_outside_radius_fraction': 1.0}
Updated run summary at plots/run-lejepa-mahala-0.02-radius-2.0/summary.json

Epoch [21/50]
Learning rate: 0.00085369984
Collecting background train latents...
Collecting background validation latents...
Collecting signal latents...
Background train latents: (99979, 128)
Background val latents: (24995, 128)
Signal latents: (4064, 128)
Mahalanobis metrics saved to plots/run-lejepa-mahala-0.02-radius-2.0/mahalanobis_eval/epoch_0021/mahalanobis_metrics.json
Mahalanobis AUC, QCD train vs WJet: 0.553244
Mahalanobis AUC, QCD val vs WJet: 0.552840
Epoch 21 train losses: {'total_loss': 0.4620270793852599, 'invariant_loss': 0.27506656167299853, 'sigreg_loss': 9.34878516624041, 'mahalanobis_loss': 0.0, 'negative_mahalanobis_mean': 12.040558671097621, 'negative_outside_radius_fraction': 1.0}
Epoch 21 val losses: {'total_loss': 0.43888450976537197, 'invariant_loss': 0.17501333310287825, 'sigreg_loss': 13.193877551020408, 'mahalanobis_loss': 0.0, 'negative_mahalanobis_mean': 10.594138096789925, 'negative_outside_radius_fraction': 1.0}
Updated run summary at plots/run-lejepa-mahala-0.02-radius-2.0/summary.json

Epoch [22/50]
Learning rate: 0.0008248993
Collecting background train latents...
Collecting background validation latents...
Collecting signal latents...
Background train latents: (99979, 128)
Background val latents: (24995, 128)
Signal latents: (4064, 128)
Mahalanobis metrics saved to plots/run-lejepa-mahala-0.02-radius-2.0/mahalanobis_eval/epoch_0022/mahalanobis_metrics.json
Mahalanobis AUC, QCD train vs WJet: 0.556686
Mahalanobis AUC, QCD val vs WJet: 0.556931
Epoch 22 train losses: {'total_loss': 0.45746276704856503, 'invariant_loss': 0.27374413678103393, 'sigreg_loss': 9.185821611253196, 'mahalanobis_loss': 0.0, 'negative_mahalanobis_mean': 12.027791325698423, 'negative_outside_radius_fraction': 1.0}
Epoch 22 val losses: {'total_loss': 0.417846823225216, 'invariant_loss': 0.17861890078199152, 'sigreg_loss': 11.963010204081632, 'mahalanobis_loss': 0.0, 'negative_mahalanobis_mean': 10.71746150814757, 'negative_outside_radius_fraction': 1.0}
Updated run summary at plots/run-lejepa-mahala-0.02-radius-2.0/summary.json

Epoch [23/50]
Learning rate: 0.00079409873
Collecting background train latents...
Collecting background validation latents...
Collecting signal latents...
Background train latents: (99979, 128)
Background val latents: (24995, 128)
Signal latents: (4064, 128)
Mahalanobis metrics saved to plots/run-lejepa-mahala-0.02-radius-2.0/mahalanobis_eval/epoch_0023/mahalanobis_metrics.json
Mahalanobis AUC, QCD train vs WJet: 0.554331
Mahalanobis AUC, QCD val vs WJet: 0.555480
Epoch 23 train losses: {'total_loss': 0.4553976056673338, 'invariant_loss': 0.274084166340206, 'sigreg_loss': 9.065696930946292, 'mahalanobis_loss': 0.0, 'negative_mahalanobis_mean': 11.99471135395567, 'negative_outside_radius_fraction': 1.0}
Epoch 23 val losses: {'total_loss': 0.42259592334834895, 'invariant_loss': 0.1772495401757104, 'sigreg_loss': 12.271045918367347, 'mahalanobis_loss': 0.0, 'negative_mahalanobis_mean': 10.762013970589152, 'negative_outside_radius_fraction': 1.0}
Updated run summary at plots/run-lejepa-mahala-0.02-radius-2.0/summary.json

Epoch [24/50]
Learning rate: 0.00076148803
Saved new best model to plots/run-lejepa-mahala-0.02-radius-2.0/best_model.pth
Collecting background train latents...
Collecting background validation latents...
Collecting signal latents...
Background train latents: (99979, 128)
Background val latents: (24995, 128)
Signal latents: (4064, 128)
Mahalanobis metrics saved to plots/run-lejepa-mahala-0.02-radius-2.0/mahalanobis_eval/epoch_0024/mahalanobis_metrics.json
Mahalanobis AUC, QCD train vs WJet: 0.558342
Mahalanobis AUC, QCD val vs WJet: 0.558090
Epoch 24 train losses: {'total_loss': 0.4517243768248107, 'invariant_loss': 0.2728311142424488, 'sigreg_loss': 8.943654092071611, 'mahalanobis_loss': 0.0, 'negative_mahalanobis_mean': 11.967989141069104, 'negative_outside_radius_fraction': 1.0}
Epoch 24 val losses: {'total_loss': 0.39851269703738545, 'invariant_loss': 0.185353016822922, 'sigreg_loss': 10.660714285714286, 'mahalanobis_loss': 0.0, 'negative_mahalanobis_mean': 11.037978532362958, 'negative_outside_radius_fraction': 1.0}
Updated run summary at plots/run-lejepa-mahala-0.02-radius-2.0/summary.json

Epoch [25/50]
Learning rate: 0.00072726825
Collecting background train latents...
Collecting background validation latents...
Collecting signal latents...
Background train latents: (99979, 128)
Background val latents: (24995, 128)
Signal latents: (4064, 128)
Mahalanobis metrics saved to plots/run-lejepa-mahala-0.02-radius-2.0/mahalanobis_eval/epoch_0025/mahalanobis_metrics.json
Mahalanobis AUC, QCD train vs WJet: 0.555572
Mahalanobis AUC, QCD val vs WJet: 0.554721
Epoch 25 train losses: {'total_loss': 0.44834338947940056, 'invariant_loss': 0.27286060299257486, 'sigreg_loss': 8.774536445012787, 'mahalanobis_loss': 0.0, 'negative_mahalanobis_mean': 11.976655391780922, 'negative_outside_radius_fraction': 1.0}
Epoch 25 val losses: {'total_loss': 0.4029688962868282, 'invariant_loss': 0.18400962970086507, 'sigreg_loss': 10.949617346938776, 'mahalanobis_loss': 0.0, 'negative_mahalanobis_mean': 10.86152899022005, 'negative_outside_radius_fraction': 1.0}
Updated run summary at plots/run-lejepa-mahala-0.02-radius-2.0/summary.json

Epoch [26/50]
Learning rate: 0.00069165037
Collecting background train latents...
Collecting background validation latents...
Collecting signal latents...
Background train latents: (99979, 128)
Background val latents: (24995, 128)
Signal latents: (4064, 128)
Mahalanobis metrics saved to plots/run-lejepa-mahala-0.02-radius-2.0/mahalanobis_eval/epoch_0026/mahalanobis_metrics.json
Mahalanobis AUC, QCD train vs WJet: 0.561487
Mahalanobis AUC, QCD val vs WJet: 0.561074
Epoch 26 train losses: {'total_loss': 0.4472545130021127, 'invariant_loss': 0.27273080564673297, 'sigreg_loss': 8.726902173913043, 'mahalanobis_loss': 0.0, 'negative_mahalanobis_mean': 11.954107396742877, 'negative_outside_radius_fraction': 1.0}
Epoch 26 val losses: {'total_loss': 0.40770200320652555, 'invariant_loss': 0.1778112161828547, 'sigreg_loss': 11.493622448979592, 'mahalanobis_loss': 0.0, 'negative_mahalanobis_mean': 10.841052999301832, 'negative_outside_radius_fraction': 1.0}
Updated run summary at plots/run-lejepa-mahala-0.02-radius-2.0/summary.json

Epoch [27/50]
Learning rate: 0.00065485399
Saved new best model to plots/run-lejepa-mahala-0.02-radius-2.0/best_model.pth
Collecting background train latents...
Collecting background validation latents...
Collecting signal latents...
Background train latents: (99979, 128)
Background val latents: (24995, 128)
Signal latents: (4064, 128)
Mahalanobis metrics saved to plots/run-lejepa-mahala-0.02-radius-2.0/mahalanobis_eval/epoch_0027/mahalanobis_metrics.json
Mahalanobis AUC, QCD train vs WJet: 0.561531
Mahalanobis AUC, QCD val vs WJet: 0.562083
Epoch 27 train losses: {'total_loss': 0.44240546569494943, 'invariant_loss': 0.27230626096963273, 'sigreg_loss': 8.504555626598465, 'mahalanobis_loss': 0.0, 'negative_mahalanobis_mean': 11.94111122560623, 'negative_outside_radius_fraction': 1.0}
Epoch 27 val losses: {'total_loss': 0.3932368232279408, 'invariant_loss': 0.1785126480520988, 'sigreg_loss': 10.73405612244898, 'mahalanobis_loss': 0.0, 'negative_mahalanobis_mean': 10.845501500733045, 'negative_outside_radius_fraction': 1.0}
Updated run summary at plots/run-lejepa-mahala-0.02-radius-2.0/summary.json

Epoch [28/50]
Learning rate: 0.00061710596
Saved new best model to plots/run-lejepa-mahala-0.02-radius-2.0/best_model.pth
Collecting background train latents...
Collecting background validation latents...
Collecting signal latents...
Background train latents: (99979, 128)
Background val latents: (24995, 128)
Signal latents: (4064, 128)
Mahalanobis metrics saved to plots/run-lejepa-mahala-0.02-radius-2.0/mahalanobis_eval/epoch_0028/mahalanobis_metrics.json
Mahalanobis AUC, QCD train vs WJet: 0.556450
Mahalanobis AUC, QCD val vs WJet: 0.557710
Epoch 28 train losses: {'total_loss': 0.440732429323294, 'invariant_loss': 0.2721143027629389, 'sigreg_loss': 8.43158567774936, 'mahalanobis_loss': 0.0, 'negative_mahalanobis_mean': 11.934971731337136, 'negative_outside_radius_fraction': 1.0}
Epoch 28 val losses: {'total_loss': 0.3894932260926889, 'invariant_loss': 0.1820135507352498, 'sigreg_loss': 10.37436224489796, 'mahalanobis_loss': 0.0, 'negative_mahalanobis_mean': 10.879533660655119, 'negative_outside_radius_fraction': 1.0}
Updated run summary at plots/run-lejepa-mahala-0.02-radius-2.0/summary.json

Epoch [29/50]
Learning rate: 0.00057863902
Collecting background train latents...
Collecting background validation latents...
Collecting signal latents...
Background train latents: (99979, 128)
Background val latents: (24995, 128)
Signal latents: (4064, 128)
Mahalanobis metrics saved to plots/run-lejepa-mahala-0.02-radius-2.0/mahalanobis_eval/epoch_0029/mahalanobis_metrics.json
Mahalanobis AUC, QCD train vs WJet: 0.547351
Mahalanobis AUC, QCD val vs WJet: 0.546690
Epoch 29 train losses: {'total_loss': 0.4407837620324186, 'invariant_loss': 0.27167610538280224, 'sigreg_loss': 8.456441815856778, 'mahalanobis_loss': 0.0, 'negative_mahalanobis_mean': 11.921376911270649, 'negative_outside_radius_fraction': 1.0}
Epoch 29 val losses: {'total_loss': 0.3955443671771458, 'invariant_loss': 0.1809597026024546, 'sigreg_loss': 10.729591836734693, 'mahalanobis_loss': 0.0, 'negative_mahalanobis_mean': 10.80757761974724, 'negative_outside_radius_fraction': 1.0}
Updated run summary at plots/run-lejepa-mahala-0.02-radius-2.0/summary.json

Epoch [30/50]
Learning rate: 0.00053969032
Saved new best model to plots/run-lejepa-mahala-0.02-radius-2.0/best_model.pth
Collecting background train latents...
Collecting background validation latents...
Collecting signal latents...
Background train latents: (99979, 128)
Background val latents: (24995, 128)
Signal latents: (4064, 128)
Mahalanobis metrics saved to plots/run-lejepa-mahala-0.02-radius-2.0/mahalanobis_eval/epoch_0030/mahalanobis_metrics.json
Mahalanobis AUC, QCD train vs WJet: 0.552931
Mahalanobis AUC, QCD val vs WJet: 0.551832
Epoch 30 train losses: {'total_loss': 0.43612580957924924, 'invariant_loss': 0.2714339137229773, 'sigreg_loss': 8.234255115089514, 'mahalanobis_loss': 0.0, 'negative_mahalanobis_mean': 11.887255322292942, 'negative_outside_radius_fraction': 1.0}
Epoch 30 val losses: {'total_loss': 0.3837337697647056, 'invariant_loss': 0.1827611898889347, 'sigreg_loss': 10.04623724489796, 'mahalanobis_loss': 0.0, 'negative_mahalanobis_mean': 10.904283358126271, 'negative_outside_radius_fraction': 1.0}
Updated run summary at plots/run-lejepa-mahala-0.02-radius-2.0/summary.json

Epoch [31/50]
Learning rate: 0.0005005
Saved new best model to plots/run-lejepa-mahala-0.02-radius-2.0/best_model.pth
Collecting background train latents...
Collecting background validation latents...
Collecting signal latents...
Background train latents: (99979, 128)
Background val latents: (24995, 128)
Signal latents: (4064, 128)
Mahalanobis metrics saved to plots/run-lejepa-mahala-0.02-radius-2.0/mahalanobis_eval/epoch_0031/mahalanobis_metrics.json
Mahalanobis AUC, QCD train vs WJet: 0.557072
Mahalanobis AUC, QCD val vs WJet: 0.557250
Epoch 31 train losses: {'total_loss': 0.4348029658160246, 'invariant_loss': 0.27058311671857027, 'sigreg_loss': 8.210278132992327, 'mahalanobis_loss': 0.0, 'negative_mahalanobis_mean': 11.91141133174262, 'negative_outside_radius_fraction': 1.0}
Epoch 31 val losses: {'total_loss': 0.37186659629247626, 'invariant_loss': 0.186758176708708, 'sigreg_loss': 9.255420918367347, 'mahalanobis_loss': 0.0, 'negative_mahalanobis_mean': 11.101105183971171, 'negative_outside_radius_fraction': 1.0}
Updated run summary at plots/run-lejepa-mahala-0.02-radius-2.0/summary.json

Epoch [32/50]
Learning rate: 0.00046130968
Collecting background train latents...
Collecting background validation latents...
Collecting signal latents...
Background train latents: (99979, 128)
Background val latents: (24995, 128)
Signal latents: (4064, 128)
Mahalanobis metrics saved to plots/run-lejepa-mahala-0.02-radius-2.0/mahalanobis_eval/epoch_0032/mahalanobis_metrics.json
Mahalanobis AUC, QCD train vs WJet: 0.555779
Mahalanobis AUC, QCD val vs WJet: 0.555743
Epoch 32 train losses: {'total_loss': 0.4327072509566841, 'invariant_loss': 0.2706315935877583, 'sigreg_loss': 8.103101023017903, 'mahalanobis_loss': 0.0, 'negative_mahalanobis_mean': 11.944549445910832, 'negative_outside_radius_fraction': 1.0}
Epoch 32 val losses: {'total_loss': 0.3819319712264197, 'invariant_loss': 0.18496529119355337, 'sigreg_loss': 9.847576530612244, 'mahalanobis_loss': 0.0, 'negative_mahalanobis_mean': 10.956588657534851, 'negative_outside_radius_fraction': 1.0}
Updated run summary at plots/run-lejepa-mahala-0.02-radius-2.0/summary.json

Epoch [33/50]
Learning rate: 0.00042236098
Collecting background train latents...
Collecting background validation latents...
Collecting signal latents...
Background train latents: (99979, 128)
Background val latents: (24995, 128)
Signal latents: (4064, 128)
Mahalanobis metrics saved to plots/run-lejepa-mahala-0.02-radius-2.0/mahalanobis_eval/epoch_0033/mahalanobis_metrics.json
Mahalanobis AUC, QCD train vs WJet: 0.550672
Mahalanobis AUC, QCD val vs WJet: 0.550984
Epoch 33 train losses: {'total_loss': 0.43031909977993393, 'invariant_loss': 0.2694435404313495, 'sigreg_loss': 8.043558184143222, 'mahalanobis_loss': 0.0, 'negative_mahalanobis_mean': 11.945290053287126, 'negative_outside_radius_fraction': 1.0}
Epoch 33 val losses: {'total_loss': 0.3759981913834202, 'invariant_loss': 0.18260891841990606, 'sigreg_loss': 9.670918367346939, 'mahalanobis_loss': 0.0, 'negative_mahalanobis_mean': 10.902593272072929, 'negative_outside_radius_fraction': 1.0}
Updated run summary at plots/run-lejepa-mahala-0.02-radius-2.0/summary.json

Epoch [34/50]
Learning rate: 0.00038389404
Collecting background train latents...
Collecting background validation latents...
Collecting signal latents...
Background train latents: (99979, 128)
Background val latents: (24995, 128)
Signal latents: (4064, 128)
Mahalanobis metrics saved to plots/run-lejepa-mahala-0.02-radius-2.0/mahalanobis_eval/epoch_0034/mahalanobis_metrics.json
Mahalanobis AUC, QCD train vs WJet: 0.559107
Mahalanobis AUC, QCD val vs WJet: 0.559420
Epoch 34 train losses: {'total_loss': 0.42726804312232813, 'invariant_loss': 0.26901996124278554, 'sigreg_loss': 7.913283248081841, 'mahalanobis_loss': 0.0, 'negative_mahalanobis_mean': 11.944385526125389, 'negative_outside_radius_fraction': 1.0}
Epoch 34 val losses: {'total_loss': 0.39234321579641224, 'invariant_loss': 0.17381244380863345, 'sigreg_loss': 10.924107142857142, 'mahalanobis_loss': 0.0, 'negative_mahalanobis_mean': 10.798671080141652, 'negative_outside_radius_fraction': 1.0}
Updated run summary at plots/run-lejepa-mahala-0.02-radius-2.0/summary.json

Epoch [35/50]
Learning rate: 0.00034614601
Collecting background train latents...
Collecting background validation latents...
Collecting signal latents...
Background train latents: (99979, 128)
Background val latents: (24995, 128)
Signal latents: (4064, 128)
Mahalanobis metrics saved to plots/run-lejepa-mahala-0.02-radius-2.0/mahalanobis_eval/epoch_0035/mahalanobis_metrics.json
Mahalanobis AUC, QCD train vs WJet: 0.557560
Mahalanobis AUC, QCD val vs WJet: 0.558180
Epoch 35 train losses: {'total_loss': 0.4273040260347869, 'invariant_loss': 0.26913087207185643, 'sigreg_loss': 7.907608695652174, 'mahalanobis_loss': 0.0, 'negative_mahalanobis_mean': 11.975715437203721, 'negative_outside_radius_fraction': 1.0}
Epoch 35 val losses: {'total_loss': 0.37276148279102483, 'invariant_loss': 0.1805181754182796, 'sigreg_loss': 9.613520408163266, 'mahalanobis_loss': 0.0, 'negative_mahalanobis_mean': 10.977204760726618, 'negative_outside_radius_fraction': 1.0}
Updated run summary at plots/run-lejepa-mahala-0.02-radius-2.0/summary.json

Epoch [36/50]
Learning rate: 0.00030934963
Collecting background train latents...
Collecting background validation latents...
Collecting signal latents...
Background train latents: (99979, 128)
Background val latents: (24995, 128)
Signal latents: (4064, 128)
Mahalanobis metrics saved to plots/run-lejepa-mahala-0.02-radius-2.0/mahalanobis_eval/epoch_0036/mahalanobis_metrics.json
Mahalanobis AUC, QCD train vs WJet: 0.559378
Mahalanobis AUC, QCD val vs WJet: 0.559960
Epoch 36 train losses: {'total_loss': 0.4260552959978733, 'invariant_loss': 0.26790087409031665, 'sigreg_loss': 7.90712915601023, 'mahalanobis_loss': 0.0, 'negative_mahalanobis_mean': 12.0055222303971, 'negative_outside_radius_fraction': 1.0}
Epoch 36 val losses: {'total_loss': 0.3855892842521473, 'invariant_loss': 0.17568813264369965, 'sigreg_loss': 10.494897959183673, 'mahalanobis_loss': 0.0, 'negative_mahalanobis_mean': 10.795416141042905, 'negative_outside_radius_fraction': 1.0}
Updated run summary at plots/run-lejepa-mahala-0.02-radius-2.0/summary.json

Epoch [37/50]
Learning rate: 0.00027373175
Saved new best model to plots/run-lejepa-mahala-0.02-radius-2.0/best_model.pth
Collecting background train latents...
Collecting background validation latents...
Collecting signal latents...
Background train latents: (99979, 128)
Background val latents: (24995, 128)
Signal latents: (4064, 128)
Mahalanobis metrics saved to plots/run-lejepa-mahala-0.02-radius-2.0/mahalanobis_eval/epoch_0037/mahalanobis_metrics.json
Mahalanobis AUC, QCD train vs WJet: 0.556631
Mahalanobis AUC, QCD val vs WJet: 0.555722
Epoch 37 train losses: {'total_loss': 0.4239412944030274, 'invariant_loss': 0.26871281370634925, 'sigreg_loss': 7.761588874680307, 'mahalanobis_loss': 0.0, 'negative_mahalanobis_mean': 12.0710114481504, 'negative_outside_radius_fraction': 1.0}
Epoch 37 val losses: {'total_loss': 0.37174067661470295, 'invariant_loss': 0.18342354984915987, 'sigreg_loss': 9.416772959183673, 'mahalanobis_loss': 0.0, 'negative_mahalanobis_mean': 11.049500679483218, 'negative_outside_radius_fraction': 1.0}
Updated run summary at plots/run-lejepa-mahala-0.02-radius-2.0/summary.json

Epoch [38/50]
Learning rate: 0.00023951197
Saved new best model to plots/run-lejepa-mahala-0.02-radius-2.0/best_model.pth
Collecting background train latents...
Collecting background validation latents...
Collecting signal latents...
Background train latents: (99979, 128)
Background val latents: (24995, 128)
Signal latents: (4064, 128)
Mahalanobis metrics saved to plots/run-lejepa-mahala-0.02-radius-2.0/mahalanobis_eval/epoch_0038/mahalanobis_metrics.json
Mahalanobis AUC, QCD train vs WJet: 0.559774
Mahalanobis AUC, QCD val vs WJet: 0.560317
Epoch 38 train losses: {'total_loss': 0.42147074940869267, 'invariant_loss': 0.26813420249373104, 'sigreg_loss': 7.665840792838875, 'mahalanobis_loss': 0.0, 'negative_mahalanobis_mean': 12.146761467389743, 'negative_outside_radius_fraction': 1.0}
Epoch 38 val losses: {'total_loss': 0.36953952361126335, 'invariant_loss': 0.1794287104691778, 'sigreg_loss': 9.504464285714286, 'mahalanobis_loss': 0.0, 'negative_mahalanobis_mean': 10.989511022762377, 'negative_outside_radius_fraction': 1.0}
Updated run summary at plots/run-lejepa-mahala-0.02-radius-2.0/summary.json

Epoch [39/50]
Learning rate: 0.00020690127
Saved new best model to plots/run-lejepa-mahala-0.02-radius-2.0/best_model.pth
Collecting background train latents...
Collecting background validation latents...
Collecting signal latents...
Background train latents: (99979, 128)
Background val latents: (24995, 128)
Signal latents: (4064, 128)
Mahalanobis metrics saved to plots/run-lejepa-mahala-0.02-radius-2.0/mahalanobis_eval/epoch_0039/mahalanobis_metrics.json
Mahalanobis AUC, QCD train vs WJet: 0.554870
Mahalanobis AUC, QCD val vs WJet: 0.555146
Epoch 39 train losses: {'total_loss': 0.4207370531985827, 'invariant_loss': 0.26756285035701666, 'sigreg_loss': 7.659047314578005, 'mahalanobis_loss': 0.0, 'negative_mahalanobis_mean': 12.077664421647405, 'negative_outside_radius_fraction': 1.0}
Epoch 39 val losses: {'total_loss': 0.3646720632606623, 'invariant_loss': 0.18047045125645034, 'sigreg_loss': 9.21045918367347, 'mahalanobis_loss': 0.0, 'negative_mahalanobis_mean': 10.973716210345833, 'negative_outside_radius_fraction': 1.0}
Updated run summary at plots/run-lejepa-mahala-0.02-radius-2.0/summary.json

Epoch [40/50]
Learning rate: 0.0001761007
Saved new best model to plots/run-lejepa-mahala-0.02-radius-2.0/best_model.pth
Collecting background train latents...
Collecting background validation latents...
Collecting signal latents...
Background train latents: (99979, 128)
Background val latents: (24995, 128)
Signal latents: (4064, 128)
Mahalanobis metrics saved to plots/run-lejepa-mahala-0.02-radius-2.0/mahalanobis_eval/epoch_0040/mahalanobis_metrics.json
Mahalanobis AUC, QCD train vs WJet: 0.551737
Mahalanobis AUC, QCD val vs WJet: 0.552477
Epoch 40 train losses: {'total_loss': 0.41842045404417133, 'invariant_loss': 0.26720437129287766, 'sigreg_loss': 7.560581841432225, 'mahalanobis_loss': 0.0, 'negative_mahalanobis_mean': 12.013024403311103, 'negative_outside_radius_fraction': 1.0}
Epoch 40 val losses: {'total_loss': 0.3607178220943529, 'invariant_loss': 0.1847273058124951, 'sigreg_loss': 8.800063775510203, 'mahalanobis_loss': 0.0, 'negative_mahalanobis_mean': 10.891243516182413, 'negative_outside_radius_fraction': 1.0}
Updated run summary at plots/run-lejepa-mahala-0.02-radius-2.0/summary.json

Epoch [41/50]
Learning rate: 0.00014730016
Collecting background train latents...
Collecting background validation latents...
Collecting signal latents...
Background train latents: (99979, 128)
Background val latents: (24995, 128)
Signal latents: (4064, 128)
Mahalanobis metrics saved to plots/run-lejepa-mahala-0.02-radius-2.0/mahalanobis_eval/epoch_0041/mahalanobis_metrics.json
Mahalanobis AUC, QCD train vs WJet: 0.555920
Mahalanobis AUC, QCD val vs WJet: 0.555684
Epoch 41 train losses: {'total_loss': 0.41688081256264004, 'invariant_loss': 0.26654888094995943, 'sigreg_loss': 7.517343350383632, 'mahalanobis_loss': 0.0, 'negative_mahalanobis_mean': 11.9380645069015, 'negative_outside_radius_fraction': 1.0}
Epoch 41 val losses: {'total_loss': 0.36512566464287893, 'invariant_loss': 0.180256402766218, 'sigreg_loss': 9.245535714285714, 'mahalanobis_loss': 0.0, 'negative_mahalanobis_mean': 10.726940213417521, 'negative_outside_radius_fraction': 1.0}
Updated run summary at plots/run-lejepa-mahala-0.02-radius-2.0/summary.json

Epoch [42/50]
Learning rate: 0.00012067722
Saved new best model to plots/run-lejepa-mahala-0.02-radius-2.0/best_model.pth
Collecting background train latents...
Collecting background validation latents...
Collecting signal latents...
Background train latents: (99979, 128)
Background val latents: (24995, 128)
Signal latents: (4064, 128)
Mahalanobis metrics saved to plots/run-lejepa-mahala-0.02-radius-2.0/mahalanobis_eval/epoch_0042/mahalanobis_metrics.json
Mahalanobis AUC, QCD train vs WJet: 0.556330
Mahalanobis AUC, QCD val vs WJet: 0.556377
Epoch 42 train losses: {'total_loss': 0.41535638886339526, 'invariant_loss': 0.2665305115530253, 'sigreg_loss': 7.441096547314578, 'mahalanobis_loss': 0.0, 'negative_mahalanobis_mean': 11.86965836283496, 'negative_outside_radius_fraction': 1.0}
Epoch 42 val losses: {'total_loss': 0.35907150957049155, 'invariant_loss': 0.18246316848968974, 'sigreg_loss': 8.830038265306122, 'mahalanobis_loss': 0.0, 'negative_mahalanobis_mean': 10.590984675349022, 'negative_outside_radius_fraction': 1.0}
Updated run summary at plots/run-lejepa-mahala-0.02-radius-2.0/summary.json

Epoch [43/50]
Learning rate: 9.6396011e-05
Collecting background train latents...
Collecting background validation latents...
Collecting signal latents...
Background train latents: (99979, 128)
Background val latents: (24995, 128)
Signal latents: (4064, 128)
Mahalanobis metrics saved to plots/run-lejepa-mahala-0.02-radius-2.0/mahalanobis_eval/epoch_0043/mahalanobis_metrics.json
Mahalanobis AUC, QCD train vs WJet: 0.557578
Mahalanobis AUC, QCD val vs WJet: 0.557927
Epoch 43 train losses: {'total_loss': 0.4153051140058376, 'invariant_loss': 0.26738711513216845, 'sigreg_loss': 7.396019820971867, 'mahalanobis_loss': 0.0, 'negative_mahalanobis_mean': 11.78857159919446, 'negative_outside_radius_fraction': 1.0}
Epoch 43 val losses: {'total_loss': 0.36200827420974263, 'invariant_loss': 0.18129438374723708, 'sigreg_loss': 9.034438775510203, 'mahalanobis_loss': 0.0, 'negative_mahalanobis_mean': 10.459812962279027, 'negative_outside_radius_fraction': 1.0}
Updated run summary at plots/run-lejepa-mahala-0.02-radius-2.0/summary.json

Epoch [44/50]
Learning rate: 7.4606238e-05
Saved new best model to plots/run-lejepa-mahala-0.02-radius-2.0/best_model.pth
Collecting background train latents...
Collecting background validation latents...
Collecting signal latents...
Background train latents: (99979, 128)
Background val latents: (24995, 128)
Signal latents: (4064, 128)
Mahalanobis metrics saved to plots/run-lejepa-mahala-0.02-radius-2.0/mahalanobis_eval/epoch_0044/mahalanobis_metrics.json
Mahalanobis AUC, QCD train vs WJet: 0.557101
Mahalanobis AUC, QCD val vs WJet: 0.557022
Epoch 44 train losses: {'total_loss': 0.4135751856105102, 'invariant_loss': 0.2654748618069207, 'sigreg_loss': 7.40417199488491, 'mahalanobis_loss': 0.0, 'negative_mahalanobis_mean': 11.655924736081486, 'negative_outside_radius_fraction': 1.0}
Epoch 44 val losses: {'total_loss': 0.35823277490479605, 'invariant_loss': 0.18073755517906073, 'sigreg_loss': 8.876913265306122, 'mahalanobis_loss': 0.0, 'negative_mahalanobis_mean': 10.40922954131146, 'negative_outside_radius_fraction': 1.0}
Updated run summary at plots/run-lejepa-mahala-0.02-radius-2.0/summary.json

Epoch [45/50]
Learning rate: 5.5442241e-05
Collecting background train latents...
Collecting background validation latents...
Collecting signal latents...
Background train latents: (99979, 128)
Background val latents: (24995, 128)
Signal latents: (4064, 128)
Mahalanobis metrics saved to plots/run-lejepa-mahala-0.02-radius-2.0/mahalanobis_eval/epoch_0045/mahalanobis_metrics.json
Mahalanobis AUC, QCD train vs WJet: 0.556777
Mahalanobis AUC, QCD val vs WJet: 0.556940
Epoch 45 train losses: {'total_loss': 0.4132364431153173, 'invariant_loss': 0.2671029811624981, 'sigreg_loss': 7.305946291560102, 'mahalanobis_loss': 0.0, 'negative_mahalanobis_mean': 11.646812246278728, 'negative_outside_radius_fraction': 1.0}
Epoch 45 val losses: {'total_loss': 0.3619855237858636, 'invariant_loss': 0.18029507112746335, 'sigreg_loss': 9.084821428571429, 'mahalanobis_loss': 0.0, 'negative_mahalanobis_mean': 10.375944847963295, 'negative_outside_radius_fraction': 1.0}
Updated run summary at plots/run-lejepa-mahala-0.02-radius-2.0/summary.json

Epoch [46/50]
Learning rate: 3.9022174e-05
Collecting background train latents...
Collecting background validation latents...
Collecting signal latents...
Background train latents: (99979, 128)
Background val latents: (24995, 128)
Signal latents: (4064, 128)
Mahalanobis metrics saved to plots/run-lejepa-mahala-0.02-radius-2.0/mahalanobis_eval/epoch_0046/mahalanobis_metrics.json
Mahalanobis AUC, QCD train vs WJet: 0.556686
Mahalanobis AUC, QCD val vs WJet: 0.556349
Epoch 46 train losses: {'total_loss': 0.4127487423627273, 'invariant_loss': 0.2662693624529997, 'sigreg_loss': 7.323369565217392, 'mahalanobis_loss': 0.0, 'negative_mahalanobis_mean': 11.599095920162737, 'negative_outside_radius_fraction': 1.0}
Epoch 46 val losses: {'total_loss': 0.3621463298189397, 'invariant_loss': 0.18184100365152164, 'sigreg_loss': 9.016900510204081, 'mahalanobis_loss': 0.0, 'negative_mahalanobis_mean': 10.28601479043766, 'negative_outside_radius_fraction': 1.0}
Updated run summary at plots/run-lejepa-mahala-0.02-radius-2.0/summary.json

Epoch [47/50]
Learning rate: 2.544727e-05
Collecting background train latents...
Collecting background validation latents...
Collecting signal latents...
Background train latents: (99979, 128)
Background val latents: (24995, 128)
Signal latents: (4064, 128)
Mahalanobis metrics saved to plots/run-lejepa-mahala-0.02-radius-2.0/mahalanobis_eval/epoch_0047/mahalanobis_metrics.json
Mahalanobis AUC, QCD train vs WJet: 0.557195
Mahalanobis AUC, QCD val vs WJet: 0.557034
Epoch 47 train losses: {'total_loss': 0.41092076638470526, 'invariant_loss': 0.26617097606896745, 'sigreg_loss': 7.236253196930947, 'mahalanobis_loss': 0.0, 'negative_mahalanobis_mean': 11.595956843832266, 'negative_outside_radius_fraction': 1.0}
Epoch 47 val losses: {'total_loss': 0.36346499895562934, 'invariant_loss': 0.17779854046446936, 'sigreg_loss': 9.282206632653061, 'mahalanobis_loss': 0.0, 'negative_mahalanobis_mean': 10.269356172911975, 'negative_outside_radius_fraction': 1.0}
Updated run summary at plots/run-lejepa-mahala-0.02-radius-2.0/summary.json

Epoch [48/50]
Learning rate: 1.4801225e-05
Collecting background train latents...
Collecting background validation latents...
Collecting signal latents...
Background train latents: (99979, 128)
Background val latents: (24995, 128)
Signal latents: (4064, 128)
Mahalanobis metrics saved to plots/run-lejepa-mahala-0.02-radius-2.0/mahalanobis_eval/epoch_0048/mahalanobis_metrics.json
Mahalanobis AUC, QCD train vs WJet: 0.557745
Mahalanobis AUC, QCD val vs WJet: 0.557569
Epoch 48 train losses: {'total_loss': 0.4109572347472696, 'invariant_loss': 0.2657516320876758, 'sigreg_loss': 7.259590792838875, 'mahalanobis_loss': 0.0, 'negative_mahalanobis_mean': 11.56997530417674, 'negative_outside_radius_fraction': 1.0}
Epoch 48 val losses: {'total_loss': 0.36495800285923236, 'invariant_loss': 0.17969014297942726, 'sigreg_loss': 9.263711734693878, 'mahalanobis_loss': 0.0, 'negative_mahalanobis_mean': 10.241735108044683, 'negative_outside_radius_fraction': 1.0}
Updated run summary at plots/run-lejepa-mahala-0.02-radius-2.0/summary.json

Epoch [49/50]
Learning rate: 7.1496739e-06
Collecting background train latents...
Collecting background validation latents...
Collecting signal latents...
Background train latents: (99979, 128)
Background val latents: (24995, 128)
Signal latents: (4064, 128)
Mahalanobis metrics saved to plots/run-lejepa-mahala-0.02-radius-2.0/mahalanobis_eval/epoch_0049/mahalanobis_metrics.json
Mahalanobis AUC, QCD train vs WJet: 0.557485
Mahalanobis AUC, QCD val vs WJet: 0.557290
Epoch 49 train losses: {'total_loss': 0.4112846295699439, 'invariant_loss': 0.2658704770419299, 'sigreg_loss': 7.270700127877238, 'mahalanobis_loss': 0.0, 'negative_mahalanobis_mean': 11.551305048910859, 'negative_outside_radius_fraction': 1.0}
Epoch 49 val losses: {'total_loss': 0.35863009095191956, 'invariant_loss': 0.17886286882721647, 'sigreg_loss': 8.989158163265307, 'mahalanobis_loss': 0.0, 'negative_mahalanobis_mean': 10.321142498327761, 'negative_outside_radius_fraction': 1.0}
Updated run summary at plots/run-lejepa-mahala-0.02-radius-2.0/summary.json

Epoch [50/50]
Learning rate: 2.5397918e-06
Collecting background train latents...
Collecting background validation latents...
Collecting signal latents...
Background train latents: (99979, 128)
Background val latents: (24995, 128)
Signal latents: (4064, 128)
Mahalanobis metrics saved to plots/run-lejepa-mahala-0.02-radius-2.0/mahalanobis_eval/epoch_0050/mahalanobis_metrics.json
Mahalanobis AUC, QCD train vs WJet: 0.557649
Mahalanobis AUC, QCD val vs WJet: 0.557437
Epoch 50 train losses: {'total_loss': 0.41008088808230425, 'invariant_loss': 0.26574569978677404, 'sigreg_loss': 7.216751918158568, 'mahalanobis_loss': 0.0, 'negative_mahalanobis_mean': 11.569868548751792, 'negative_outside_radius_fraction': 1.0}
Epoch 50 val losses: {'total_loss': 0.36033312641844456, 'invariant_loss': 0.17942990271412596, 'sigreg_loss': 9.045280612244898, 'mahalanobis_loss': 0.0, 'negative_mahalanobis_mean': 10.319299298889783, 'negative_outside_radius_fraction': 1.0}
Updated run summary at plots/run-lejepa-mahala-0.02-radius-2.0/summary.json
Collecting background train latents...
Collecting background validation latents...
Collecting signal latents...
Background train latents: (99979, 128)
Background val latents: (24995, 128)
Signal latents: (4064, 128)
Saved run summary to plots/run-lejepa-mahala-0.02-radius-2.0/summary.json
