## SLURM PROLOG ###############################################################
##    Job ID : 4115133
##  Job Name : JETANOMALY-JETCLASS
##  Nodelist : gpu2708
##      CPUs : 1
##  Mem/Node : 48000 MB
## Directory : /oscar/home/lwang223/jetAnomalyDetection
##   Job Started : Mon Jul 20 05:57:38 AM EDT 2026
###############################################################################

==========================================
Job started at: Mon Jul 20 05:57:38 AM EDT 2026
Job ID: 4115133
Node: gpu2708
==========================================

GPU Information (from host):
Mon Jul 20 05:57:38 2026       
+-----------------------------------------------------------------------------------------+
| NVIDIA-SMI 575.57.08              Driver Version: 575.57.08      CUDA Version: 12.9     |
|-----------------------------------------+------------------------+----------------------+
| GPU  Name                 Persistence-M | Bus-Id          Disp.A | Volatile Uncorr. ECC |
| Fan  Temp   Perf          Pwr:Usage/Cap |           Memory-Usage | GPU-Util  Compute M. |
|                                         |                        |               MIG M. |
|=========================================+========================+======================|
|   0  NVIDIA L40S                    On  |   00000000:81:00.0 Off |                    0 |
| N/A   43C    P8             34W /  350W |      77MiB /  46068MiB |      0%      Default |
|                                         |                        |                  N/A |
+-----------------------------------------+------------------------+----------------------+
                                                                                         
+-----------------------------------------------------------------------------------------+
| Processes:                                                                              |
|  GPU   GI   CI              PID   Type   Process name                        GPU Memory |
|        ID   ID                                                               Usage      |
|=========================================================================================|
|    0   N/A  N/A          157414      G   /usr/libexec/Xorg                        64MiB |
+-----------------------------------------------------------------------------------------+

PyTorch version: 2.6.0+cu124
JetClass root: /HEP/export/home/lwang223/JetClass/JetClass/Pythia
Background labels: ['label_QCD', 'label_Hbb', 'label_Hcc', 'label_Hgg']
Signal labels: ['label_Wqq']
Particle features: ['part_px', 'part_py', 'part_pz', 'part_energy', 'part_pt', 'log_pt_fraction', 'part_deta', 'part_dphi', 'd0_sig', 'dz_sig', 'part_charge', 'part_isChargedHadron', 'part_isNeutralHadron', 'part_isPhoton', 'part_isElectron', 'part_isMuon']
Lazy JetClass datasets ready; no full split has been loaded into RAM.
Background train ROOT shards: 400
Background val ROOT shards: 20
Signal test ROOT shards: 20
Per-event particle shape: (128, 16)
Selected SSL model: semi-sup-triplet
Model summary:
LeJEPASemiSupervisedTripletParticleTransformerRepresentation(
  (node_embedding): NodeEmbedding(
    (net): Sequential(
      (0): Linear(in_features=12, out_features=32, bias=True)
      (1): GELU(approximate='none')
      (2): LayerNorm((32,), eps=1e-05, elementwise_affine=True)
      (3): Linear(in_features=32, out_features=128, bias=True)
      (4): GELU(approximate='none')
      (5): LayerNorm((128,), eps=1e-05, elementwise_affine=True)
      (6): Linear(in_features=128, out_features=32, bias=True)
      (7): Dropout(p=0.01, inplace=False)
    )
  )
  (pairwise_bias): PairwiseAttentionBias(
    (mlp): Sequential(
      (0): RMSNorm()
      (1): Linear(in_features=4, out_features=32, bias=True)
      (2): SiLU()
      (3): Dropout(p=0.01, inplace=False)
      (4): Linear(in_features=32, out_features=32, bias=True)
      (5): SiLU()
      (6): Dropout(p=0.01, inplace=False)
      (7): Linear(in_features=32, out_features=8, bias=True)
    )
  )
  (encoder): ParticleTransformerEncoder(
    (layers): ModuleList(
      (0-3): 4 x ParticleTransformerBlock(
        (attn_norm): RMSNorm()
        (self_attn): MultiheadAttention(
          (out_proj): NonDynamicallyQuantizableLinear(in_features=32, out_features=32, bias=True)
        )
        (attn_dropout): Dropout(p=0.01, inplace=False)
        (ffn_norm): RMSNorm()
        (ffn): SwiGLUFFN(
          (fc1): Linear(in_features=32, out_features=256, bias=True)
          (act): SwiGLU()
          (fc2): Linear(in_features=128, out_features=32, bias=True)
          (dropout): Dropout(p=0.01, inplace=False)
        )
      )
    )
  )
  (cls_pooling): CLSPooling(
    (layers): ModuleList(
      (0-1): 2 x ClassAttentionBlock(
        (query_norm): LayerNorm((32,), eps=1e-05, elementwise_affine=True)
        (context_norm): LayerNorm((32,), eps=1e-05, elementwise_affine=True)
        (attn): MultiheadAttention(
          (out_proj): NonDynamicallyQuantizableLinear(in_features=32, out_features=32, bias=True)
        )
        (attn_dropout): Dropout(p=0.0, inplace=False)
        (ffn_norm): LayerNorm((32,), eps=1e-05, elementwise_affine=True)
        (ffn): Sequential(
          (0): Linear(in_features=32, out_features=128, bias=True)
          (1): GELU(approximate='none')
          (2): Dropout(p=0.0, inplace=False)
          (3): Linear(in_features=128, out_features=32, bias=True)
          (4): Dropout(p=0.0, inplace=False)
        )
      )
    )
  )
  (augmentation): MultiViewAugmentation()
  (negative_augmentation): CorruptedNegativeAugmentation()
  (loss): LeJEPASIGRegTripletClassificationLoss(
    (triplet_loss): LeJEPASIGRegTripletLoss(
      (lejepa_loss): LeJEPASIGRegLoss(
        (sigreg_loss_fn): SlicingUnivariateTest(
          (univariate_test): EppsPulley()
        )
      )
    )
  )
  (representation_head): RepresentationHead(
    (net): Sequential(
      (0): RMSNorm()
      (1): Linear(in_features=32, out_features=32, bias=True)
      (2): SiLU()
      (3): Dropout(p=0.01, inplace=False)
      (4): Linear(in_features=32, out_features=32, bias=True)
    )
  )
  (classification_head): CategoricalClassificationHead(
    (net): Sequential(
      (0): RMSNorm()
      (1): Linear(in_features=32, out_features=32, bias=True)
      (2): SiLU()
      (3): Dropout(p=0.01, inplace=False)
      (4): Linear(in_features=32, out_features=4, bias=True)
    )
  )
)
Number of trainable parameters: 106960

Epoch [1/12]
Saved new best model state_dict to plots/ablation/jetclass-ddp-fast-wqq-lejepa+triplet+classification/best_model.pth
Saved last model state_dict to plots/ablation/jetclass-ddp-fast-wqq-lejepa+triplet+classification/last_model.pth
Mahalanobis metrics saved to plots/ablation/jetclass-ddp-fast-wqq-lejepa+triplet+classification/mahalanobis_eval/epoch_0001/mahalanobis_metrics.json
Mahalanobis AUC, QCD+Hbb+Hcc+Hgg train vs Wqq: 0.630987
Mahalanobis AUC, QCD+Hbb+Hcc+Hgg val vs Wqq: 0.631741
Epoch 1 train losses: {'total_loss': 9.652172540068626, 'invariant_loss': 0.5682358545054449, 'sigreg_loss': 178.9788125, 'triplet_loss': 0.0910838183062151, 'triplet_pos_distance': 0.11644206517958082, 'triplet_neg_distance': 0.44007057283248285, 'classification_loss': 1.258908131852746}
Epoch 1 val losses: {'total_loss': 3.3220144271850587, 'invariant_loss': 0.6581071180105209, 'sigreg_loss': 51.245, 'triplet_loss': 0.05076253082603216, 'triplet_pos_distance': 0.12327342323958873, 'triplet_neg_distance': 0.5775171083211899, 'classification_loss': 0.9601853948831558}
Updated run summary at plots/ablation/jetclass-ddp-fast-wqq-lejepa+triplet+classification/summary.json

Epoch [2/12]
Saved new best model state_dict to plots/ablation/jetclass-ddp-fast-wqq-lejepa+triplet+classification/best_model.pth
Saved last model state_dict to plots/ablation/jetclass-ddp-fast-wqq-lejepa+triplet+classification/last_model.pth
Mahalanobis metrics saved to plots/ablation/jetclass-ddp-fast-wqq-lejepa+triplet+classification/mahalanobis_eval/epoch_0002/mahalanobis_metrics.json
Mahalanobis AUC, QCD+Hbb+Hcc+Hgg train vs Wqq: 0.556219
Mahalanobis AUC, QCD+Hbb+Hcc+Hgg val vs Wqq: 0.556268
Epoch 2 train losses: {'total_loss': 2.306720851957798, 'invariant_loss': 0.5349585770070553, 'sigreg_loss': 33.556625, 'triplet_loss': 0.03341551614087075, 'triplet_pos_distance': 0.09162985174078495, 'triplet_neg_distance': 0.7251379150152206, 'classification_loss': 0.9058868050426244}
Epoch 2 val losses: {'total_loss': 1.7301581156253816, 'invariant_loss': 0.4173384192585945, 'sigreg_loss': 24.42875, 'triplet_loss': 0.03051352933049202, 'triplet_pos_distance': 0.06322400823235512, 'triplet_neg_distance': 0.9528170496225357, 'classification_loss': 0.8828395736217499}
Updated run summary at plots/ablation/jetclass-ddp-fast-wqq-lejepa+triplet+classification/summary.json

Epoch [3/12]
Saved new best model state_dict to plots/ablation/jetclass-ddp-fast-wqq-lejepa+triplet+classification/best_model.pth
Saved last model state_dict to plots/ablation/jetclass-ddp-fast-wqq-lejepa+triplet+classification/last_model.pth
Mahalanobis metrics saved to plots/ablation/jetclass-ddp-fast-wqq-lejepa+triplet+classification/mahalanobis_eval/epoch_0003/mahalanobis_metrics.json
Mahalanobis AUC, QCD+Hbb+Hcc+Hgg train vs Wqq: 0.527139
Mahalanobis AUC, QCD+Hbb+Hcc+Hgg val vs Wqq: 0.528964
Epoch 3 train losses: {'total_loss': 1.434418478667736, 'invariant_loss': 0.38926451065391304, 'sigreg_loss': 19.1164375, 'triplet_loss': 0.028890107380226255, 'triplet_pos_distance': 0.06399651124328375, 'triplet_neg_distance': 1.0324821157753468, 'classification_loss': 0.8643583877682686}
Epoch 3 val losses: {'total_loss': 1.151301908493042, 'invariant_loss': 0.33163421481847766, 'sigreg_loss': 14.628125, 'triplet_loss': 0.03147069651633501, 'triplet_pos_distance': 0.04832791041582823, 'triplet_neg_distance': 1.068085663318634, 'classification_loss': 0.8499719071388244}
Updated run summary at plots/ablation/jetclass-ddp-fast-wqq-lejepa+triplet+classification/summary.json

Epoch [4/12]
Saved new best model state_dict to plots/ablation/jetclass-ddp-fast-wqq-lejepa+triplet+classification/best_model.pth
Saved last model state_dict to plots/ablation/jetclass-ddp-fast-wqq-lejepa+triplet+classification/last_model.pth
Mahalanobis metrics saved to plots/ablation/jetclass-ddp-fast-wqq-lejepa+triplet+classification/mahalanobis_eval/epoch_0004/mahalanobis_metrics.json
Mahalanobis AUC, QCD+Hbb+Hcc+Hgg train vs Wqq: 0.502497
Mahalanobis AUC, QCD+Hbb+Hcc+Hgg val vs Wqq: 0.501861
Epoch 4 train losses: {'total_loss': 1.0445538983941078, 'invariant_loss': 0.34586792726814747, 'sigreg_loss': 12.260453125, 'triplet_loss': 0.025535078073386102, 'triplet_pos_distance': 0.05787630815431476, 'triplet_neg_distance': 1.124696660578251, 'classification_loss': 0.8309046005010605}
Epoch 4 val losses: {'total_loss': 0.9722458952665329, 'invariant_loss': 0.3090584692358971, 'sigreg_loss': 11.563125, 'triplet_loss': 0.024154781196266413, 'triplet_pos_distance': 0.04480102881789207, 'triplet_neg_distance': 1.1514559292793274, 'classification_loss': 0.8252975916862488}
Updated run summary at plots/ablation/jetclass-ddp-fast-wqq-lejepa+triplet+classification/summary.json

Epoch [5/12]
Saved new best model state_dict to plots/ablation/jetclass-ddp-fast-wqq-lejepa+triplet+classification/best_model.pth
Saved last model state_dict to plots/ablation/jetclass-ddp-fast-wqq-lejepa+triplet+classification/last_model.pth
Mahalanobis metrics saved to plots/ablation/jetclass-ddp-fast-wqq-lejepa+triplet+classification/mahalanobis_eval/epoch_0005/mahalanobis_metrics.json
Mahalanobis AUC, QCD+Hbb+Hcc+Hgg train vs Wqq: 0.491110
Mahalanobis AUC, QCD+Hbb+Hcc+Hgg val vs Wqq: 0.491957
Epoch 5 train losses: {'total_loss': 0.9094259509444237, 'invariant_loss': 0.32687569492310287, 'sigreg_loss': 9.998171875, 'triplet_loss': 0.01904271902050823, 'triplet_pos_distance': 0.055190115131437775, 'triplet_neg_distance': 1.2101623329222202, 'classification_loss': 0.807299628764391}
Epoch 5 val losses: {'total_loss': 0.8448777401447296, 'invariant_loss': 0.28550139218568804, 'sigreg_loss': 9.556875, 'triplet_loss': 0.018143756305798887, 'triplet_pos_distance': 0.04036760417744517, 'triplet_neg_distance': 1.2094909369945526, 'classification_loss': 0.7971040540933609}
Updated run summary at plots/ablation/jetclass-ddp-fast-wqq-lejepa+triplet+classification/summary.json

Epoch [6/12]
Saved new best model state_dict to plots/ablation/jetclass-ddp-fast-wqq-lejepa+triplet+classification/best_model.pth
Saved last model state_dict to plots/ablation/jetclass-ddp-fast-wqq-lejepa+triplet+classification/last_model.pth
Mahalanobis metrics saved to plots/ablation/jetclass-ddp-fast-wqq-lejepa+triplet+classification/mahalanobis_eval/epoch_0006/mahalanobis_metrics.json
Mahalanobis AUC, QCD+Hbb+Hcc+Hgg train vs Wqq: 0.501913
Mahalanobis AUC, QCD+Hbb+Hcc+Hgg val vs Wqq: 0.501268
Epoch 6 train losses: {'total_loss': 0.8354000007808209, 'invariant_loss': 0.3129577514454722, 'sigreg_loss': 8.8452421875, 'triplet_loss': 0.014539853278547525, 'triplet_pos_distance': 0.05294545200094581, 'triplet_neg_distance': 1.260374229043722, 'classification_loss': 0.7870993923395873}
Epoch 6 val losses: {'total_loss': 0.8295432895421981, 'invariant_loss': 0.2787497189640999, 'sigreg_loss': 9.431875, 'triplet_loss': 0.013974921172484755, 'triplet_pos_distance': 0.039674477856606244, 'triplet_neg_distance': 1.2732903349399567, 'classification_loss': 0.7775544881820678}
Updated run summary at plots/ablation/jetclass-ddp-fast-wqq-lejepa+triplet+classification/summary.json

Epoch [7/12]
Saved new best model state_dict to plots/ablation/jetclass-ddp-fast-wqq-lejepa+triplet+classification/best_model.pth
Saved last model state_dict to plots/ablation/jetclass-ddp-fast-wqq-lejepa+triplet+classification/last_model.pth
Mahalanobis metrics saved to plots/ablation/jetclass-ddp-fast-wqq-lejepa+triplet+classification/mahalanobis_eval/epoch_0007/mahalanobis_metrics.json
Mahalanobis AUC, QCD+Hbb+Hcc+Hgg train vs Wqq: 0.542249
Mahalanobis AUC, QCD+Hbb+Hcc+Hgg val vs Wqq: 0.538610
Epoch 7 train losses: {'total_loss': 0.7953211906701326, 'invariant_loss': 0.2956044750288129, 'sigreg_loss': 8.4550703125, 'triplet_loss': 0.010733425266924314, 'triplet_pos_distance': 0.05061773313488811, 'triplet_neg_distance': 1.2936104403436184, 'classification_loss': 0.7589190481156111}
Epoch 7 val losses: {'total_loss': 0.7498645913600922, 'invariant_loss': 0.2572192120552063, 'sigreg_loss': 8.35, 'triplet_loss': 0.01036582991015166, 'triplet_pos_distance': 0.03633438004180789, 'triplet_neg_distance': 1.3059403932094573, 'classification_loss': 0.7410878896713257}
Updated run summary at plots/ablation/jetclass-ddp-fast-wqq-lejepa+triplet+classification/summary.json

Epoch [8/12]
Saved last model state_dict to plots/ablation/jetclass-ddp-fast-wqq-lejepa+triplet+classification/last_model.pth
Mahalanobis metrics saved to plots/ablation/jetclass-ddp-fast-wqq-lejepa+triplet+classification/mahalanobis_eval/epoch_0008/mahalanobis_metrics.json
Mahalanobis AUC, QCD+Hbb+Hcc+Hgg train vs Wqq: 0.576688
Mahalanobis AUC, QCD+Hbb+Hcc+Hgg val vs Wqq: 0.578543
Epoch 8 train losses: {'total_loss': 0.7578782043457031, 'invariant_loss': 0.2748288359865546, 'sigreg_loss': 8.1789453125, 'triplet_loss': 0.008352171477745286, 'triplet_pos_distance': 0.04748280458245426, 'triplet_neg_distance': 1.3039689182937144, 'classification_loss': 0.7326297476291657}
Epoch 8 val losses: {'total_loss': 0.7587220329046249, 'invariant_loss': 0.23913833349943162, 'sigreg_loss': 8.9384375, 'triplet_loss': 0.008223685123957693, 'triplet_pos_distance': 0.033515331000089646, 'triplet_neg_distance': 1.2900964629650116, 'classification_loss': 0.7186678898334503}
Updated run summary at plots/ablation/jetclass-ddp-fast-wqq-lejepa+triplet+classification/summary.json

Epoch [9/12]
Saved new best model state_dict to plots/ablation/jetclass-ddp-fast-wqq-lejepa+triplet+classification/best_model.pth
Saved last model state_dict to plots/ablation/jetclass-ddp-fast-wqq-lejepa+triplet+classification/last_model.pth
Mahalanobis metrics saved to plots/ablation/jetclass-ddp-fast-wqq-lejepa+triplet+classification/mahalanobis_eval/epoch_0009/mahalanobis_metrics.json
Mahalanobis AUC, QCD+Hbb+Hcc+Hgg train vs Wqq: 0.538464
Mahalanobis AUC, QCD+Hbb+Hcc+Hgg val vs Wqq: 0.542281
Epoch 9 train losses: {'total_loss': 0.7355383761078119, 'invariant_loss': 0.2571490284502506, 'sigreg_loss': 8.137265625, 'triplet_loss': 0.00748202075343579, 'triplet_pos_distance': 0.04465617247205227, 'triplet_neg_distance': 1.2926670658588408, 'classification_loss': 0.7078518346846103}
Epoch 9 val losses: {'total_loss': 0.7478175151348114, 'invariant_loss': 0.2259422968327999, 'sigreg_loss': 9.011875, 'triplet_loss': 0.007586941253393888, 'triplet_pos_distance': 0.03165648505091667, 'triplet_neg_distance': 1.2920934236049653, 'classification_loss': 0.7043292444944381}
Updated run summary at plots/ablation/jetclass-ddp-fast-wqq-lejepa+triplet+classification/summary.json

Epoch [10/12]
Saved new best model state_dict to plots/ablation/jetclass-ddp-fast-wqq-lejepa+triplet+classification/best_model.pth
Saved last model state_dict to plots/ablation/jetclass-ddp-fast-wqq-lejepa+triplet+classification/last_model.pth
Mahalanobis metrics saved to plots/ablation/jetclass-ddp-fast-wqq-lejepa+triplet+classification/mahalanobis_eval/epoch_0010/mahalanobis_metrics.json
Mahalanobis AUC, QCD+Hbb+Hcc+Hgg train vs Wqq: 0.554497
Mahalanobis AUC, QCD+Hbb+Hcc+Hgg val vs Wqq: 0.558854
Epoch 10 train losses: {'total_loss': 0.727312545016408, 'invariant_loss': 0.24528445850685238, 'sigreg_loss': 8.22975, 'triplet_loss': 0.007123327665030956, 'triplet_pos_distance': 0.04261556226294488, 'triplet_neg_distance': 1.2881506042778492, 'classification_loss': 0.6982892971932888}
Epoch 10 val losses: {'total_loss': 0.7128695714473724, 'invariant_loss': 0.21939721673727036, 'sigreg_loss': 8.47125, 'triplet_loss': 0.00754110062494874, 'triplet_pos_distance': 0.029974577538669108, 'triplet_neg_distance': 1.2641198670864104, 'classification_loss': 0.6916354894638062}
Updated run summary at plots/ablation/jetclass-ddp-fast-wqq-lejepa+triplet+classification/summary.json

Epoch [11/12]
Saved new best model state_dict to plots/ablation/jetclass-ddp-fast-wqq-lejepa+triplet+classification/best_model.pth
Saved last model state_dict to plots/ablation/jetclass-ddp-fast-wqq-lejepa+triplet+classification/last_model.pth
Mahalanobis metrics saved to plots/ablation/jetclass-ddp-fast-wqq-lejepa+triplet+classification/mahalanobis_eval/epoch_0011/mahalanobis_metrics.json
Mahalanobis AUC, QCD+Hbb+Hcc+Hgg train vs Wqq: 0.568027
Mahalanobis AUC, QCD+Hbb+Hcc+Hgg val vs Wqq: 0.573350
Epoch 11 train losses: {'total_loss': 0.704382967248559, 'invariant_loss': 0.23517423775419594, 'sigreg_loss': 7.989734375, 'triplet_loss': 0.007022395053529181, 'triplet_pos_distance': 0.04075353577453643, 'triplet_neg_distance': 1.277288652062416, 'classification_loss': 0.6900062116682529}
Epoch 11 val losses: {'total_loss': 0.6615542024374008, 'invariant_loss': 0.19802123233675956, 'sigreg_loss': 7.915625, 'triplet_loss': 0.007378601324744522, 'triplet_pos_distance': 0.026798273753374815, 'triplet_neg_distance': 1.252982964515686, 'classification_loss': 0.670724465250969}
Updated run summary at plots/ablation/jetclass-ddp-fast-wqq-lejepa+triplet+classification/summary.json

Epoch [12/12]
Saved new best model state_dict to plots/ablation/jetclass-ddp-fast-wqq-lejepa+triplet+classification/best_model.pth
Saved last model state_dict to plots/ablation/jetclass-ddp-fast-wqq-lejepa+triplet+classification/last_model.pth
Mahalanobis metrics saved to plots/ablation/jetclass-ddp-fast-wqq-lejepa+triplet+classification/mahalanobis_eval/epoch_0012/mahalanobis_metrics.json
Mahalanobis AUC, QCD+Hbb+Hcc+Hgg train vs Wqq: 0.573266
Mahalanobis AUC, QCD+Hbb+Hcc+Hgg val vs Wqq: 0.577804
Epoch 12 train losses: {'total_loss': 0.6281316065043211, 'invariant_loss': 0.22365837739035488, 'sigreg_loss': 6.7377421875, 'triplet_loss': 0.006801010568160563, 'triplet_pos_distance': 0.03949082668917254, 'triplet_neg_distance': 1.2759572869241238, 'classification_loss': 0.6692031681165099}
Epoch 12 val losses: {'total_loss': 0.5989196366071701, 'invariant_loss': 0.19090112432837486, 'sigreg_loss': 6.828125, 'triplet_loss': 0.007351510492153466, 'triplet_pos_distance': 0.02561712983995676, 'triplet_neg_distance': 1.2489163970947266, 'classification_loss': 0.6581850719451904}
Updated run summary at plots/ablation/jetclass-ddp-fast-wqq-lejepa+triplet+classification/summary.json
Saved run summary to plots/ablation/jetclass-ddp-fast-wqq-lejepa+triplet+classification/summary.json
