## SLURM PROLOG ###############################################################
##    Job ID : 4067831
##  Job Name : AK8-SS-m1.0-hbb
##  Nodelist : gpu3003
##      CPUs : 1
##  Mem/Node : 90000 MB
## Directory : /oscar/home/hgao50/jetAnomalyDetection
##   Job Started : Fri Jul 17 07:49:13 PM EDT 2026
###############################################################################

==========================================
Job started at: Fri Jul 17 07:49:13 PM EDT 2026
Job ID: 4067831
Node: gpu3003
MARGIN=1.0  SIGNAL=hbb
==========================================

GPU Information (from host):
Fri Jul 17 19:49:13 2026       
+-----------------------------------------------------------------------------------------+
| NVIDIA-SMI 575.57.08              Driver Version: 575.57.08      CUDA Version: 12.9     |
|-----------------------------------------+------------------------+----------------------+
| GPU  Name                 Persistence-M | Bus-Id          Disp.A | Volatile Uncorr. ECC |
| Fan  Temp   Perf          Pwr:Usage/Cap |           Memory-Usage | GPU-Util  Compute M. |
|                                         |                        |               MIG M. |
|=========================================+========================+======================|
|   0  NVIDIA L40S                    On  |   00000000:41:00.0 Off |                    0 |
| N/A   45C    P8             38W /  350W |      77MiB /  46068MiB |      0%      Default |
|                                         |                        |                  N/A |
+-----------------------------------------+------------------------+----------------------+
                                                                                         
+-----------------------------------------------------------------------------------------+
| Processes:                                                                              |
|  GPU   GI   CI              PID   Type   Process name                        GPU Memory |
|        ID   ID                                                               Usage      |
|=========================================================================================|
|    0   N/A  N/A          179375      G   /usr/libexec/Xorg                        64MiB |
+-----------------------------------------------------------------------------------------+

PyTorch 2.2.1+cu118, cuda=True, device=NVIDIA L40S
Staged qcd: 395 files -> /tmp/ak8_semisup_hbb_m1.0_4067831/qcd
Staged wjets: 200 files -> /tmp/ak8_semisup_hbb_m1.0_4067831/wjets
Staged zjets: 200 files -> /tmp/ak8_semisup_hbb_m1.0_4067831/zjets
Staged ttbar: 199 files -> /tmp/ak8_semisup_hbb_m1.0_4067831/ttbar
Staged signal hbb: 188 files -> /tmp/ak8_semisup_hbb_m1.0_4067831/signal_hbb
Background dirs: /tmp/ak8_semisup_hbb_m1.0_4067831/qcd,/tmp/ak8_semisup_hbb_m1.0_4067831/wjets,/tmp/ak8_semisup_hbb_m1.0_4067831/zjets,/tmp/ak8_semisup_hbb_m1.0_4067831/ttbar
Background names: QCD,WJets,ZJets,TTbar
Signal: hbb (Hbb)
Margin: 1.0
Output dir: plots/run-lejepa-ak8-semisup-m1.0-hbb
Streaming backgrounds from /tmp/ak8_semisup_hbb_m1.0_4067831/qcd,/tmp/ak8_semisup_hbb_m1.0_4067831/wjets,/tmp/ak8_semisup_hbb_m1.0_4067831/zjets,/tmp/ak8_semisup_hbb_m1.0_4067831/ttbar
Streaming signal from /tmp/ak8_semisup_hbb_m1.0_4067831/signal_hbb
Node feature names: ['eta', 'phi', 'pt', 'd0/d0Err', 'dz/dzErr', 'charge', 'mass', 'log_pt', 'pdgId_-211', 'pdgId_-13', 'pdgId_-11', 'pdgId_11', 'pdgId_13', 'pdgId_22', 'pdgId_130', 'pdgId_211']
Streaming mode: discovering ROOT shards (no full in-memory load).
  class 0 (QCD): 395 ROOT files
  class 1 (WJets): 200 ROOT files
  class 2 (ZJets): 200 ROOT files
  class 3 (TTbar): 199 ROOT files
  split QCD: train_files=355 val_files=40
  split WJets: train_files=180 val_files=20
  split ZJets: train_files=180 val_files=20
  split TTbar: train_files=179 val_files=20
  signal (Hbb): 188 ROOT files
Streaming configured: steps_per_epoch=1000, val_steps=100, eval_steps=100
Streaming datasets already prepared in load(); skipping RAM materialization.
Skipping feature plots in streaming mode.
Selected SSL model: semi-sup-triplet
Model summary:
LeJEPASemiSupervisedTripletParticleTransformerRepresentation(
  (node_embedding): NodeEmbedding(
    (net): Sequential(
      (0): Linear(in_features=16, out_features=128, bias=True)
      (1): GELU(approximate='none')
      (2): LayerNorm((128,), eps=1e-05, elementwise_affine=True)
      (3): Linear(in_features=128, out_features=512, bias=True)
      (4): GELU(approximate='none')
      (5): LayerNorm((512,), eps=1e-05, elementwise_affine=True)
      (6): Linear(in_features=512, out_features=128, bias=True)
      (7): Dropout(p=0.1, inplace=False)
    )
  )
  (pairwise_bias): PairwiseAttentionBias(
    (mlp): Sequential(
      (0): RMSNorm()
      (1): Linear(in_features=4, out_features=16, bias=True)
      (2): SiLU()
      (3): Dropout(p=0.1, inplace=False)
      (4): Linear(in_features=16, out_features=16, bias=True)
      (5): SiLU()
      (6): Dropout(p=0.1, inplace=False)
      (7): Linear(in_features=16, out_features=8, bias=True)
    )
  )
  (encoder): ParticleTransformerEncoder(
    (layers): ModuleList(
      (0-7): 8 x ParticleTransformerBlock(
        (attn_norm): RMSNorm()
        (self_attn): MultiheadAttention(
          (out_proj): NonDynamicallyQuantizableLinear(in_features=128, out_features=128, bias=True)
        )
        (attn_dropout): Dropout(p=0.1, inplace=False)
        (ffn_norm): RMSNorm()
        (ffn): SwiGLUFFN(
          (fc1): Linear(in_features=128, out_features=1024, bias=True)
          (act): SwiGLU()
          (fc2): Linear(in_features=512, out_features=128, bias=True)
          (dropout): Dropout(p=0.1, inplace=False)
        )
      )
    )
  )
  (cls_pooling): CLSPooling(
    (layers): ModuleList(
      (0-1): 2 x ClassAttentionBlock(
        (query_norm): LayerNorm((128,), eps=1e-05, elementwise_affine=True)
        (context_norm): LayerNorm((128,), eps=1e-05, elementwise_affine=True)
        (attn): MultiheadAttention(
          (out_proj): NonDynamicallyQuantizableLinear(in_features=128, out_features=128, bias=True)
        )
        (attn_dropout): Dropout(p=0.0, inplace=False)
        (ffn_norm): LayerNorm((128,), eps=1e-05, elementwise_affine=True)
        (ffn): Sequential(
          (0): Linear(in_features=128, out_features=512, bias=True)
          (1): GELU(approximate='none')
          (2): Dropout(p=0.0, inplace=False)
          (3): Linear(in_features=512, out_features=128, bias=True)
          (4): Dropout(p=0.0, inplace=False)
        )
      )
    )
  )
  (representation_head): RepresentationHead(
    (net): Sequential(
      (0): RMSNorm()
      (1): Linear(in_features=128, out_features=128, bias=True)
      (2): SiLU()
      (3): Dropout(p=0.1, inplace=False)
      (4): Linear(in_features=128, out_features=128, bias=True)
    )
  )
  (augmentation): MultiViewAugmentation()
  (negative_augmentation): CorruptedNegativeAugmentation()
  (loss): LeJEPASIGRegTripletClassificationLoss(
    (triplet_loss): LeJEPASIGRegTripletLoss(
      (lejepa_loss): LeJEPASIGRegLoss(
        (sigreg_loss_fn): SlicingUnivariateTest(
          (univariate_test): EppsPulley()
        )
      )
    )
  )
  (classification_head): CategoricalClassificationHead(
    (net): Sequential(
      (0): RMSNorm()
      (1): Linear(in_features=128, out_features=128, bias=True)
      (2): SiLU()
      (3): Dropout(p=0.1, inplace=False)
      (4): Linear(in_features=128, out_features=4, bias=True)
    )
  )
)
Number of trainable parameters: 2695664
Skipping augmentation sample plots.
Initialized run summary at plots/run-lejepa-ak8-semisup-m1.0-hbb/summary.json

Epoch [1/12]
Learning rate: 1e-07
Saved new best model state_dict to plots/run-lejepa-ak8-semisup-m1.0-hbb/best_model.pth
Saved last model state_dict to plots/run-lejepa-ak8-semisup-m1.0-hbb/last_model.pth
Epoch 1 train losses: {'total_loss': 1.8748893537521363, 'invariant_loss': 0.26020747133065014, 'sigreg_loss': 74.67025, 'triplet_loss': 0.5380313082486391, 'triplet_pos_distance': 0.06709437149413862, 'triplet_neg_distance': 0.6740060104960576, 'classification_loss': 1.3506609194278718}
Epoch 1 val losses: {'total_loss': 0.7995060241222381, 'invariant_loss': 0.1546148456633091, 'sigreg_loss': 27.745, 'triplet_loss': 0.24257783949375153, 'triplet_pos_distance': 0.030031380876898765, 'triplet_neg_distance': 1.1942922973632812, 'classification_loss': 1.3157928037643432}
Updated run summary at plots/run-lejepa-ak8-semisup-m1.0-hbb/summary.json

Epoch [2/12]
Learning rate: 0.0001001
Saved new best model state_dict to plots/run-lejepa-ak8-semisup-m1.0-hbb/best_model.pth
Saved last model state_dict to plots/run-lejepa-ak8-semisup-m1.0-hbb/last_model.pth
Epoch 2 train losses: {'total_loss': 0.735038387954235, 'invariant_loss': 0.20924013805389405, 'sigreg_loss': 22.1315625, 'triplet_loss': 0.18624117619544267, 'triplet_pos_distance': 0.058610782623291016, 'triplet_neg_distance': 1.4227236210107803, 'classification_loss': 1.2905530031919479}
Epoch 2 val losses: {'total_loss': 0.6041067999601364, 'invariant_loss': 0.13093160457909106, 'sigreg_loss': 19.6625, 'triplet_loss': 0.15749942526221275, 'triplet_pos_distance': 0.02366535776294768, 'triplet_neg_distance': 1.5211405229568482, 'classification_loss': 1.2828800141811372}
Updated run summary at plots/run-lejepa-ak8-semisup-m1.0-hbb/summary.json

Epoch [3/12]
Learning rate: 0.0002001
Saved new best model state_dict to plots/run-lejepa-ak8-semisup-m1.0-hbb/best_model.pth
Saved last model state_dict to plots/run-lejepa-ak8-semisup-m1.0-hbb/last_model.pth
Epoch 3 train losses: {'total_loss': 0.6009361187815666, 'invariant_loss': 0.20209085232019425, 'sigreg_loss': 16.0674375, 'triplet_loss': 0.13618250961601736, 'triplet_pos_distance': 0.058000559870153665, 'triplet_neg_distance': 1.6107055903673173, 'classification_loss': 1.2774895265102386}
Epoch 3 val losses: {'total_loss': 0.5376738280057907, 'invariant_loss': 0.13675973147153855, 'sigreg_loss': 16.200625, 'triplet_loss': 0.12723518490791322, 'triplet_pos_distance': 0.024829831290990114, 'triplet_neg_distance': 1.627060135602951, 'classification_loss': 1.2825614655017852}
Updated run summary at plots/run-lejepa-ak8-semisup-m1.0-hbb/summary.json

Epoch [4/12]
Learning rate: 0.0003001
Saved new best model state_dict to plots/run-lejepa-ak8-semisup-m1.0-hbb/best_model.pth
Saved last model state_dict to plots/run-lejepa-ak8-semisup-m1.0-hbb/last_model.pth
Epoch 4 train losses: {'total_loss': 0.5452225739359856, 'invariant_loss': 0.19821467849612237, 'sigreg_loss': 13.5591875, 'triplet_loss': 0.11936232834309339, 'triplet_pos_distance': 0.05650587687268853, 'triplet_neg_distance': 1.657027492403984, 'classification_loss': 1.2773706971406937}
Epoch 4 val losses: {'total_loss': 0.48450440853834154, 'invariant_loss': 0.12522029772400856, 'sigreg_loss': 14.205, 'triplet_loss': 0.11138311244547366, 'triplet_pos_distance': 0.022730649155564605, 'triplet_neg_distance': 1.6880608415603637, 'classification_loss': 1.280884734392166}
Updated run summary at plots/run-lejepa-ak8-semisup-m1.0-hbb/summary.json

Epoch [5/12]
Learning rate: 0.0004001
Saved new best model state_dict to plots/run-lejepa-ak8-semisup-m1.0-hbb/best_model.pth
Saved last model state_dict to plots/run-lejepa-ak8-semisup-m1.0-hbb/last_model.pth
Mahalanobis metrics saved to plots/run-lejepa-ak8-semisup-m1.0-hbb/mahalanobis_eval/epoch_0005/mahalanobis_metrics.json
Mahalanobis AUC, QCD+WJets+ZJets+TTbar train vs Hbb: 0.554002
Mahalanobis AUC, QCD+WJets+ZJets+TTbar val vs Hbb: 0.546373
Epoch 5 train losses: {'total_loss': 0.5113198067843914, 'invariant_loss': 0.19065010957419873, 'sigreg_loss': 12.307875, 'triplet_loss': 0.10518152756989002, 'triplet_pos_distance': 0.05411633232608438, 'triplet_neg_distance': 1.7140714299678803, 'classification_loss': 1.2797300337553024}
Epoch 5 val losses: {'total_loss': 0.4618453508615494, 'invariant_loss': 0.11745611391961575, 'sigreg_loss': 13.48, 'triplet_loss': 0.10798505239188672, 'triplet_pos_distance': 0.022619913946837187, 'triplet_neg_distance': 1.7052240288257599, 'classification_loss': 1.2790411877632142}
Updated run summary at plots/run-lejepa-ak8-semisup-m1.0-hbb/summary.json

Epoch [6/12]
Learning rate: 0.0005001
Saved new best model state_dict to plots/run-lejepa-ak8-semisup-m1.0-hbb/best_model.pth
Saved last model state_dict to plots/run-lejepa-ak8-semisup-m1.0-hbb/last_model.pth
Epoch 6 train losses: {'total_loss': 0.48557152444124224, 'invariant_loss': 0.18590964768826962, 'sigreg_loss': 11.31025, 'triplet_loss': 0.0950909060202539, 'triplet_pos_distance': 0.05213934019953013, 'triplet_neg_distance': 1.7903942165374755, 'classification_loss': 1.2790126723051072}
Epoch 6 val losses: {'total_loss': 0.4306864848732948, 'invariant_loss': 0.12387186519801617, 'sigreg_loss': 11.684375, 'triplet_loss': 0.08882492769509553, 'triplet_pos_distance': 0.022922119498252867, 'triplet_neg_distance': 1.8899628138542175, 'classification_loss': 1.2852049827575684}
Updated run summary at plots/run-lejepa-ak8-semisup-m1.0-hbb/summary.json

Epoch [7/12]
Learning rate: 0.0006001
Saved new best model state_dict to plots/run-lejepa-ak8-semisup-m1.0-hbb/best_model.pth
Saved last model state_dict to plots/run-lejepa-ak8-semisup-m1.0-hbb/last_model.pth
Epoch 7 train losses: {'total_loss': 0.4702756196558476, 'invariant_loss': 0.18167450523376466, 'sigreg_loss': 10.82228125, 'triplet_loss': 0.08610649893805385, 'triplet_pos_distance': 0.051045332763344047, 'triplet_neg_distance': 1.8782196679115295, 'classification_loss': 1.2706880896091461}
Epoch 7 val losses: {'total_loss': 0.42755750328302383, 'invariant_loss': 0.1179426996409893, 'sigreg_loss': 11.840625, 'triplet_loss': 0.08982532855123282, 'triplet_pos_distance': 0.021363186896778644, 'triplet_neg_distance': 1.7611314630508423, 'classification_loss': 1.2761219561100006}
Updated run summary at plots/run-lejepa-ak8-semisup-m1.0-hbb/summary.json

Epoch [8/12]
Learning rate: 0.0007001
Saved new best model state_dict to plots/run-lejepa-ak8-semisup-m1.0-hbb/best_model.pth
Saved last model state_dict to plots/run-lejepa-ak8-semisup-m1.0-hbb/last_model.pth
Epoch 8 train losses: {'total_loss': 0.45697560691833494, 'invariant_loss': 0.18109873282909394, 'sigreg_loss': 10.23525, 'triplet_loss': 0.07962306334078312, 'triplet_pos_distance': 0.05095622506737709, 'triplet_neg_distance': 1.9201356930732727, 'classification_loss': 1.264443619966507}
Epoch 8 val losses: {'total_loss': 0.4111596217751503, 'invariant_loss': 0.1276085928082466, 'sigreg_loss': 10.621875, 'triplet_loss': 0.07449114896357059, 'triplet_pos_distance': 0.023021699152886866, 'triplet_neg_distance': 1.903575327396393, 'classification_loss': 1.2726241171360015}
Updated run summary at plots/run-lejepa-ak8-semisup-m1.0-hbb/summary.json

Epoch [9/12]
Learning rate: 0.0008001
Saved last model state_dict to plots/run-lejepa-ak8-semisup-m1.0-hbb/last_model.pth
Epoch 9 train losses: {'total_loss': 0.44928315076231956, 'invariant_loss': 0.18001756812632083, 'sigreg_loss': 9.908, 'triplet_loss': 0.07584951019659639, 'triplet_pos_distance': 0.05009268557280302, 'triplet_neg_distance': 1.9613642293214797, 'classification_loss': 1.2700187808275223}
Epoch 9 val losses: {'total_loss': 0.4163775172829628, 'invariant_loss': 0.11598998583853244, 'sigreg_loss': 11.45875, 'triplet_loss': 0.07761168368160724, 'triplet_pos_distance': 0.02223035415634513, 'triplet_neg_distance': 1.8635070526599884, 'classification_loss': 1.2704959285259247}
Updated run summary at plots/run-lejepa-ak8-semisup-m1.0-hbb/summary.json

Epoch [10/12]
Learning rate: 0.0009001
Saved new best model state_dict to plots/run-lejepa-ak8-semisup-m1.0-hbb/best_model.pth
Saved last model state_dict to plots/run-lejepa-ak8-semisup-m1.0-hbb/last_model.pth
Mahalanobis metrics saved to plots/run-lejepa-ak8-semisup-m1.0-hbb/mahalanobis_eval/epoch_0010/mahalanobis_metrics.json
Mahalanobis AUC, QCD+WJets+ZJets+TTbar train vs Hbb: 0.552139
Mahalanobis AUC, QCD+WJets+ZJets+TTbar val vs Hbb: 0.543485
Epoch 10 train losses: {'total_loss': 0.4427839477658272, 'invariant_loss': 0.17886488650739193, 'sigreg_loss': 9.65221875, 'triplet_loss': 0.07216068878397346, 'triplet_pos_distance': 0.04985473619028926, 'triplet_neg_distance': 2.001760967373848, 'classification_loss': 1.2729269163608552}
Epoch 10 val losses: {'total_loss': 0.39341490626335146, 'invariant_loss': 0.1283239871263504, 'sigreg_loss': 9.729375, 'triplet_loss': 0.0680494748800993, 'triplet_pos_distance': 0.023728483524173498, 'triplet_neg_distance': 1.866490353345871, 'classification_loss': 1.272750630378723}
Updated run summary at plots/run-lejepa-ak8-semisup-m1.0-hbb/summary.json

Epoch [11/12]
Learning rate: 0.001
Saved new best model state_dict to plots/run-lejepa-ak8-semisup-m1.0-hbb/best_model.pth
Saved last model state_dict to plots/run-lejepa-ak8-semisup-m1.0-hbb/last_model.pth
Epoch 11 train losses: {'total_loss': 0.43052127107977867, 'invariant_loss': 0.17576986238360404, 'sigreg_loss': 9.21271875, 'triplet_loss': 0.06763533928245306, 'triplet_pos_distance': 0.04872414089739323, 'triplet_neg_distance': 2.039989990711212, 'classification_loss': 1.2747769336700439}
Epoch 11 val losses: {'total_loss': 0.38228228867053987, 'invariant_loss': 0.11278805963695049, 'sigreg_loss': 9.97875, 'triplet_loss': 0.0631646841391921, 'triplet_pos_distance': 0.020774489799514413, 'triplet_neg_distance': 2.0525182592868805, 'classification_loss': 1.272148916721344}
Updated run summary at plots/run-lejepa-ak8-semisup-m1.0-hbb/summary.json

Epoch [12/12]
Learning rate: 0.0005005
Saved new best model state_dict to plots/run-lejepa-ak8-semisup-m1.0-hbb/best_model.pth
Saved last model state_dict to plots/run-lejepa-ak8-semisup-m1.0-hbb/last_model.pth
Mahalanobis metrics saved to plots/run-lejepa-ak8-semisup-m1.0-hbb/mahalanobis_eval/epoch_0012/mahalanobis_metrics.json
Mahalanobis AUC, QCD+WJets+ZJets+TTbar train vs Hbb: 0.609150
Mahalanobis AUC, QCD+WJets+ZJets+TTbar val vs Hbb: 0.601626
Epoch 12 train losses: {'total_loss': 0.40245814895629883, 'invariant_loss': 0.16959110793471335, 'sigreg_loss': 8.24153125, 'triplet_loss': 0.05261110037751496, 'triplet_pos_distance': 0.047595762096345424, 'triplet_neg_distance': 2.1849097529649733, 'classification_loss': 1.2555364909172058}
Epoch 12 val losses: {'total_loss': 0.355272513628006, 'invariant_loss': 0.10925845310091972, 'sigreg_loss': 8.9053125, 'triplet_loss': 0.04778681913390756, 'triplet_pos_distance': 0.02015670414082706, 'triplet_neg_distance': 2.1428922176361085, 'classification_loss': 1.2618169486522675}
Updated run summary at plots/run-lejepa-ak8-semisup-m1.0-hbb/summary.json
Saved run summary to plots/run-lejepa-ak8-semisup-m1.0-hbb/summary.json
Job finished at: Fri Jul 17 08:57:09 PM EDT 2026
