## SLURM PROLOG ###############################################################
##    Job ID : 4048434
##  Job Name : AK8-SS-m0.2-zjets
##  Nodelist : gpu3005
##      CPUs : 1
##  Mem/Node : 90000 MB
## Directory : /oscar/home/hgao50/jetAnomalyDetection
##   Job Started : Thu Jul 16 09:54:53 PM EDT 2026
###############################################################################

==========================================
Job started at: Thu Jul 16 09:54:53 PM EDT 2026
Job ID: 4048434
Node: gpu3005
MARGIN=0.2  SIGNAL=zjets
==========================================

GPU Information (from host):
Thu Jul 16 21:54:53 2026       
+-----------------------------------------------------------------------------------------+
| NVIDIA-SMI 575.57.08              Driver Version: 575.57.08      CUDA Version: 12.9     |
|-----------------------------------------+------------------------+----------------------+
| GPU  Name                 Persistence-M | Bus-Id          Disp.A | Volatile Uncorr. ECC |
| Fan  Temp   Perf          Pwr:Usage/Cap |           Memory-Usage | GPU-Util  Compute M. |
|                                         |                        |               MIG M. |
|=========================================+========================+======================|
|   0  NVIDIA L40S                    On  |   00000000:01:00.0 Off |                    0 |
| N/A   38C    P8             34W /  350W |      75MiB /  46068MiB |      0%      Default |
|                                         |                        |                  N/A |
+-----------------------------------------+------------------------+----------------------+
                                                                                         
+-----------------------------------------------------------------------------------------+
| Processes:                                                                              |
|  GPU   GI   CI              PID   Type   Process name                        GPU Memory |
|        ID   ID                                                               Usage      |
|=========================================================================================|
|    0   N/A  N/A          161852      G   /usr/libexec/Xorg                        64MiB |
+-----------------------------------------------------------------------------------------+

PyTorch 2.2.1+cu118, cuda=True, device=NVIDIA L40S
Staged qcd: 395 files -> /tmp/ak8_semisup_zjets_m0.2_4048434/qcd
Staged wjets: 200 files -> /tmp/ak8_semisup_zjets_m0.2_4048434/wjets
Staged ttbar: 199 files -> /tmp/ak8_semisup_zjets_m0.2_4048434/ttbar
Staged hbb: 188 files -> /tmp/ak8_semisup_zjets_m0.2_4048434/hbb
Staged signal zjets: 200 files -> /tmp/ak8_semisup_zjets_m0.2_4048434/signal_zjets
Background dirs: /tmp/ak8_semisup_zjets_m0.2_4048434/qcd,/tmp/ak8_semisup_zjets_m0.2_4048434/wjets,/tmp/ak8_semisup_zjets_m0.2_4048434/ttbar,/tmp/ak8_semisup_zjets_m0.2_4048434/hbb
Background names: QCD,WJets,TTbar,Hbb
Signal: zjets (ZJets)
Margin: 0.2
Output dir: plots/run-lejepa-ak8-semisup-m0.2-zjets
Streaming backgrounds from /tmp/ak8_semisup_zjets_m0.2_4048434/qcd,/tmp/ak8_semisup_zjets_m0.2_4048434/wjets,/tmp/ak8_semisup_zjets_m0.2_4048434/ttbar,/tmp/ak8_semisup_zjets_m0.2_4048434/hbb
Streaming signal from /tmp/ak8_semisup_zjets_m0.2_4048434/signal_zjets
Node feature names: ['eta', 'phi', 'pt', 'd0/d0Err', 'dz/dzErr', 'charge', 'mass', 'log_pt', 'pdgId_-211', 'pdgId_-13', 'pdgId_-11', 'pdgId_11', 'pdgId_13', 'pdgId_22', 'pdgId_130', 'pdgId_211']
Streaming mode: discovering ROOT shards (no full in-memory load).
  class 0 (QCD): 395 ROOT files
  class 1 (WJets): 200 ROOT files
  class 2 (TTbar): 199 ROOT files
  class 3 (Hbb): 188 ROOT files
  split QCD: train_files=355 val_files=40
  split WJets: train_files=180 val_files=20
  split TTbar: train_files=179 val_files=20
  split Hbb: train_files=169 val_files=19
  signal (ZJets): 200 ROOT files
Streaming configured: steps_per_epoch=1000, val_steps=100, eval_steps=100
Streaming datasets already prepared in load(); skipping RAM materialization.
Skipping feature plots in streaming mode.
Selected SSL model: semi-sup-triplet
Model summary:
LeJEPASemiSupervisedTripletParticleTransformerRepresentation(
  (node_embedding): NodeEmbedding(
    (net): Sequential(
      (0): Linear(in_features=16, out_features=128, bias=True)
      (1): GELU(approximate='none')
      (2): LayerNorm((128,), eps=1e-05, elementwise_affine=True)
      (3): Linear(in_features=128, out_features=512, bias=True)
      (4): GELU(approximate='none')
      (5): LayerNorm((512,), eps=1e-05, elementwise_affine=True)
      (6): Linear(in_features=512, out_features=128, bias=True)
      (7): Dropout(p=0.1, inplace=False)
    )
  )
  (pairwise_bias): PairwiseAttentionBias(
    (mlp): Sequential(
      (0): RMSNorm()
      (1): Linear(in_features=4, out_features=16, bias=True)
      (2): SiLU()
      (3): Dropout(p=0.1, inplace=False)
      (4): Linear(in_features=16, out_features=16, bias=True)
      (5): SiLU()
      (6): Dropout(p=0.1, inplace=False)
      (7): Linear(in_features=16, out_features=8, bias=True)
    )
  )
  (encoder): ParticleTransformerEncoder(
    (layers): ModuleList(
      (0-7): 8 x ParticleTransformerBlock(
        (attn_norm): RMSNorm()
        (self_attn): MultiheadAttention(
          (out_proj): NonDynamicallyQuantizableLinear(in_features=128, out_features=128, bias=True)
        )
        (attn_dropout): Dropout(p=0.1, inplace=False)
        (ffn_norm): RMSNorm()
        (ffn): SwiGLUFFN(
          (fc1): Linear(in_features=128, out_features=1024, bias=True)
          (act): SwiGLU()
          (fc2): Linear(in_features=512, out_features=128, bias=True)
          (dropout): Dropout(p=0.1, inplace=False)
        )
      )
    )
  )
  (cls_pooling): CLSPooling(
    (layers): ModuleList(
      (0-1): 2 x ClassAttentionBlock(
        (query_norm): LayerNorm((128,), eps=1e-05, elementwise_affine=True)
        (context_norm): LayerNorm((128,), eps=1e-05, elementwise_affine=True)
        (attn): MultiheadAttention(
          (out_proj): NonDynamicallyQuantizableLinear(in_features=128, out_features=128, bias=True)
        )
        (attn_dropout): Dropout(p=0.0, inplace=False)
        (ffn_norm): LayerNorm((128,), eps=1e-05, elementwise_affine=True)
        (ffn): Sequential(
          (0): Linear(in_features=128, out_features=512, bias=True)
          (1): GELU(approximate='none')
          (2): Dropout(p=0.0, inplace=False)
          (3): Linear(in_features=512, out_features=128, bias=True)
          (4): Dropout(p=0.0, inplace=False)
        )
      )
    )
  )
  (representation_head): RepresentationHead(
    (net): Sequential(
      (0): RMSNorm()
      (1): Linear(in_features=128, out_features=128, bias=True)
      (2): SiLU()
      (3): Dropout(p=0.1, inplace=False)
      (4): Linear(in_features=128, out_features=128, bias=True)
    )
  )
  (augmentation): MultiViewAugmentation()
  (negative_augmentation): CorruptedNegativeAugmentation()
  (loss): LeJEPASIGRegTripletClassificationLoss(
    (triplet_loss): LeJEPASIGRegTripletLoss(
      (lejepa_loss): LeJEPASIGRegLoss(
        (sigreg_loss_fn): SlicingUnivariateTest(
          (univariate_test): EppsPulley()
        )
      )
    )
  )
  (classification_head): CategoricalClassificationHead(
    (net): Sequential(
      (0): RMSNorm()
      (1): Linear(in_features=128, out_features=128, bias=True)
      (2): SiLU()
      (3): Dropout(p=0.1, inplace=False)
      (4): Linear(in_features=128, out_features=4, bias=True)
    )
  )
)
Number of trainable parameters: 2695664
Skipping augmentation sample plots.
Initialized run summary at plots/run-lejepa-ak8-semisup-m0.2-zjets/summary.json

Epoch [1/12]
Learning rate: 1e-07
Saved new best model state_dict to plots/run-lejepa-ak8-semisup-m0.2-zjets/best_model.pth
Saved last model state_dict to plots/run-lejepa-ak8-semisup-m0.2-zjets/last_model.pth
Epoch 1 train losses: {'total_loss': 1.8348655615448952, 'invariant_loss': 0.22341511156316846, 'sigreg_loss': 77.033125, 'triplet_loss': 0.05836687047407031, 'triplet_pos_distance': 0.05796457157819532, 'triplet_neg_distance': 0.6089400820499286, 'classification_loss': 1.3016112164258957}
Epoch 1 val losses: {'total_loss': 0.8329811185598374, 'invariant_loss': 0.14375107362866402, 'sigreg_loss': 31.225, 'triplet_loss': 0.0278661466576159, 'triplet_pos_distance': 0.02633525655604899, 'triplet_neg_distance': 1.0170753329992295, 'classification_loss': 1.2374624454975127}
Updated run summary at plots/run-lejepa-ak8-semisup-m0.2-zjets/summary.json

Epoch [2/12]
Learning rate: 0.0001001
Saved new best model state_dict to plots/run-lejepa-ak8-semisup-m0.2-zjets/best_model.pth
Saved last model state_dict to plots/run-lejepa-ak8-semisup-m0.2-zjets/last_model.pth
Epoch 2 train losses: {'total_loss': 0.7074080604314804, 'invariant_loss': 0.20230343583226204, 'sigreg_loss': 22.0813125, 'triplet_loss': 0.01660210571344942, 'triplet_pos_distance': 0.05577027343213558, 'triplet_neg_distance': 1.1765618878602981, 'classification_loss': 1.2367008332014084}
Epoch 2 val losses: {'total_loss': 0.5832065391540527, 'invariant_loss': 0.13261883817613124, 'sigreg_loss': 19.40375, 'triplet_loss': 0.019600218189880253, 'triplet_pos_distance': 0.02443331077694893, 'triplet_neg_distance': 1.2461620211601256, 'classification_loss': 1.2108349299430847}
Updated run summary at plots/run-lejepa-ak8-semisup-m0.2-zjets/summary.json

Epoch [3/12]
Learning rate: 0.0002001
Saved new best model state_dict to plots/run-lejepa-ak8-semisup-m0.2-zjets/best_model.pth
Saved last model state_dict to plots/run-lejepa-ak8-semisup-m0.2-zjets/last_model.pth
Epoch 3 train losses: {'total_loss': 0.5834706147909164, 'invariant_loss': 0.19818723659217358, 'sigreg_loss': 16.2114375, 'triplet_loss': 0.010602180514950306, 'triplet_pos_distance': 0.056694804918020966, 'triplet_neg_distance': 1.3535990355014802, 'classification_loss': 1.1996975619792938}
Epoch 3 val losses: {'total_loss': 0.5077311462163925, 'invariant_loss': 0.1266490275412798, 'sigreg_loss': 16.04375, 'triplet_loss': 0.011451704669743776, 'triplet_pos_distance': 0.023925260789692402, 'triplet_neg_distance': 1.4115040302276611, 'classification_loss': 1.1819420742988587}
Updated run summary at plots/run-lejepa-ak8-semisup-m0.2-zjets/summary.json

Epoch [4/12]
Learning rate: 0.0003001
Saved new best model state_dict to plots/run-lejepa-ak8-semisup-m0.2-zjets/best_model.pth
Saved last model state_dict to plots/run-lejepa-ak8-semisup-m0.2-zjets/last_model.pth
Epoch 4 train losses: {'total_loss': 0.5232031786441803, 'invariant_loss': 0.18742207618057727, 'sigreg_loss': 13.795375, 'triplet_loss': 0.007400183756835758, 'triplet_pos_distance': 0.054368425529450176, 'triplet_neg_distance': 1.4606234563589096, 'classification_loss': 1.182423182964325}
Epoch 4 val losses: {'total_loss': 0.48331719905138015, 'invariant_loss': 0.11358854718506337, 'sigreg_loss': 15.49, 'triplet_loss': 0.010606774017214776, 'triplet_pos_distance': 0.02030778059735894, 'triplet_neg_distance': 1.3951174056529998, 'classification_loss': 1.1760939002037047}
Updated run summary at plots/run-lejepa-ak8-semisup-m0.2-zjets/summary.json

Epoch [5/12]
Learning rate: 0.0004001
Saved new best model state_dict to plots/run-lejepa-ak8-semisup-m0.2-zjets/best_model.pth
Saved last model state_dict to plots/run-lejepa-ak8-semisup-m0.2-zjets/last_model.pth
