## SLURM PROLOG ###############################################################
##    Job ID : 3718398
##  Job Name : JETANOMALY
##  Nodelist : gpu3102
##      CPUs : 1
##  Mem/Node : 32000 MB
## Directory : /oscar/home/lwang223/jetAnomalyDetection
##   Job Started : Wed Jul  8 08:11:29 AM EDT 2026
###############################################################################

==========================================
Job started at: Wed Jul  8 08:11:29 AM EDT 2026
Job ID: 3718398
Node: gpu3102
==========================================

GPU Information (from host):
Wed Jul  8 08:11:29 2026       
+-----------------------------------------------------------------------------------------+
| NVIDIA-SMI 575.57.08              Driver Version: 575.57.08      CUDA Version: 12.9     |
|-----------------------------------------+------------------------+----------------------+
| GPU  Name                 Persistence-M | Bus-Id          Disp.A | Volatile Uncorr. ECC |
| Fan  Temp   Perf          Pwr:Usage/Cap |           Memory-Usage | GPU-Util  Compute M. |
|                                         |                        |               MIG M. |
|=========================================+========================+======================|
|   0  NVIDIA L40S                    On  |   00000000:E1:00.0 Off |                    0 |
| N/A   34C    P8             48W /  350W |      74MiB /  46068MiB |      0%      Default |
|                                         |                        |                  N/A |
+-----------------------------------------+------------------------+----------------------+
                                                                                         
+-----------------------------------------------------------------------------------------+
| Processes:                                                                              |
|  GPU   GI   CI              PID   Type   Process name                        GPU Memory |
|        ID   ID                                                               Usage      |
|=========================================================================================|
|    0   N/A  N/A          158297      G   /usr/libexec/Xorg                        64MiB |
+-----------------------------------------------------------------------------------------+

PyTorch version: 2.6.0+cu124
Loading background from data/processed/qcd-vs-wjet-pt-200to400/QCD_scaled_scaled.pkl
Loading signal from data/processed/qcd-vs-wjet-pt-200to400/WJet_scaled_scaled.pkl
Background rows: 125183
Signal rows: 4067
Background columns: ['pt', 'eta', 'phi', 'fj_phi', 'fj_eta', 'fj_pt', 'fj_mass', 'fj_msoftdrop', 'fj_particleNetWithMass_QCD', 'fj_particleNet_XbbVsQCD', 'fj_particleNet_XccVsQCD', 'fj_particleNet_XqqVsQCD', 'fj_particleNet_QCD', 'fj_particleNet_massCorr', 'trkHighPurity', 'charge', 'lostInnerHits', 'lostOuterHits', 'numberOfHits', 'numberOfPixelHits', 'pdgId', 'pvAssocQuality', 'trkAlgo', 'trkQuality', 'd0', 'd0Err', 'dz', 'dzErr', 'mass', 'puppiWeight', 'puppiWeightNoLep', 'trkChi2', 'trkEta', 'trkP', 'trkPhi', 'trkPt', 'vtxChi2', 'dz/dzErr', 'd0/d0Err', 'dR', 'within_bounds', 'log_pt', 'pdgId_-211', 'pdgId_-13', 'pdgId_-11', 'pdgId_11', 'pdgId_13', 'pdgId_22', 'pdgId_130', 'pdgId_211']
Signal columns: ['pt', 'eta', 'phi', 'fj_phi', 'fj_eta', 'fj_pt', 'fj_mass', 'fj_msoftdrop', 'fj_particleNetWithMass_QCD', 'fj_particleNet_XbbVsQCD', 'fj_particleNet_XccVsQCD', 'fj_particleNet_XqqVsQCD', 'fj_particleNet_QCD', 'fj_particleNet_massCorr', 'trkHighPurity', 'charge', 'lostInnerHits', 'lostOuterHits', 'numberOfHits', 'numberOfPixelHits', 'pdgId', 'pvAssocQuality', 'trkAlgo', 'trkQuality', 'd0', 'd0Err', 'dz', 'dzErr', 'mass', 'puppiWeight', 'puppiWeightNoLep', 'trkChi2', 'trkEta', 'trkP', 'trkPhi', 'trkPt', 'vtxChi2', 'dz/dzErr', 'd0/d0Err', 'dR', 'within_bounds', 'log_pt', 'pdgId_-211', 'pdgId_-13', 'pdgId_-11', 'pdgId_11', 'pdgId_13', 'pdgId_22', 'pdgId_130', 'pdgId_211']
Background rows: 125183
Signal rows: 4067
Node feature names: ['eta', 'phi', 'pt', 'd0/d0Err', 'dz/dzErr', 'charge', 'mass', 'log_pt', 'pdgId_-211', 'pdgId_-13', 'pdgId_-11', 'pdgId_11', 'pdgId_13', 'pdgId_22', 'pdgId_130', 'pdgId_211']
Loading background node tensors...
Skipping event 690 due to error: Too few nodes: 3.
Skipping event 903 due to error: Too few nodes: 2.
Skipping event 1095 due to error: Too few nodes: 3.
Skipping event 2302 due to error: Feature eta is not one-dimensional.
Skipping event 2708 due to error: Too few nodes: 3.
Skipping event 2795 due to error: Too few nodes: 3.
Skipping event 2994 due to error: Too few nodes: 2.
Skipping event 5169 due to error: Too few nodes: 3.
Skipping event 5404 due to error: Too few nodes: 3.
Skipping event 6126 due to error: Too few nodes: 3.
Skipping event 7154 due to error: Too few nodes: 2.
Skipping event 7657 due to error: Feature eta is not one-dimensional.
Skipping event 7661 due to error: Too few nodes: 3.
Skipping event 8113 due to error: Too few nodes: 3.
Skipping event 8834 due to error: Too few nodes: 3.
Skipping event 9508 due to error: Too few nodes: 3.
Skipping event 11309 due to error: Too few nodes: 3.
Skipping event 11442 due to error: Feature eta is not one-dimensional.
Skipping event 11894 due to error: Too few nodes: 2.
Skipping event 14069 due to error: Too few nodes: 3.
Skipping event 14304 due to error: Too few nodes: 3.
Skipping event 14898 due to error: Too few nodes: 3.
Skipping event 15402 due to error: Too few nodes: 3.
Skipping event 15714 due to error: Too few nodes: 3.
Skipping event 17191 due to error: Too few nodes: 3.
Skipping event 18023 due to error: Too few nodes: 3.
Skipping event 18236 due to error: Too few nodes: 2.
Skipping event 18428 due to error: Too few nodes: 3.
Skipping event 19635 due to error: Feature eta is not one-dimensional.
Skipping event 20041 due to error: Too few nodes: 3.
Skipping event 20128 due to error: Too few nodes: 3.
Skipping event 20547 due to error: Too few nodes: 3.
Skipping event 21051 due to error: Too few nodes: 3.
Skipping event 21363 due to error: Too few nodes: 3.
Skipping event 22840 due to error: Too few nodes: 3.
Skipping event 23501 due to error: Too few nodes: 3.
Skipping event 24529 due to error: Too few nodes: 2.
Skipping event 25032 due to error: Feature eta is not one-dimensional.
Skipping event 25036 due to error: Too few nodes: 3.
Skipping event 25488 due to error: Too few nodes: 3.
Skipping event 26501 due to error: Too few nodes: 2.
Skipping event 26745 due to error: Too few nodes: 3.
Skipping event 26797 due to error: Feature eta is not one-dimensional.
Skipping event 28975 due to error: Too few nodes: 3.
Skipping event 30073 due to error: Too few nodes: 2.
Skipping event 30296 due to error: Too few nodes: 3.
Skipping event 30607 due to error: Feature eta is not one-dimensional.
Skipping event 31301 due to error: Too few nodes: 3.
Skipping event 32017 due to error: Too few nodes: 3.
Skipping event 32548 due to error: Too few nodes: 3.
Skipping event 32565 due to error: Feature eta is not one-dimensional.
Skipping event 34074 due to error: Too few nodes: 3.
Skipping event 38606 due to error: Too few nodes: 3.
Skipping event 38898 due to error: Too few nodes: 3.
Skipping event 39034 due to error: Too few nodes: 3.
Skipping event 39128 due to error: Too few nodes: 2.
Skipping event 39261 due to error: Too few nodes: 2.
Skipping event 39683 due to error: Too few nodes: 3.
Skipping event 39904 due to error: Too few nodes: 2.
Skipping event 39920 due to error: Too few nodes: 3.
Skipping event 40251 due to error: Too few nodes: 3.
Skipping event 40531 due to error: Too few nodes: 3.
Skipping event 40688 due to error: Too few nodes: 3.
Skipping event 41335 due to error: Too few nodes: 3.
Skipping event 42412 due to error: Too few nodes: 3.
Skipping event 43032 due to error: Too few nodes: 3.
Skipping event 43513 due to error: Too few nodes: 2.
Skipping event 44435 due to error: Too few nodes: 3.
Skipping event 44692 due to error: Too few nodes: 3.
Skipping event 45037 due to error: Too few nodes: 3.
Skipping event 45650 due to error: Too few nodes: 3.
Skipping event 45655 due to error: Too few nodes: 2.
Skipping event 45982 due to error: Too few nodes: 3.
Skipping event 47039 due to error: Too few nodes: 3.
Skipping event 47921 due to error: Too few nodes: 3.
Skipping event 48534 due to error: Too few nodes: 3.
Skipping event 48539 due to error: Too few nodes: 2.
Skipping event 48866 due to error: Too few nodes: 3.
Skipping event 49923 due to error: Too few nodes: 3.
Skipping event 50914 due to error: Too few nodes: 2.
Skipping event 51072 due to error: Too few nodes: 3.
Skipping event 51443 due to error: Too few nodes: 2.
Skipping event 51686 due to error: Too few nodes: 3.
Skipping event 53388 due to error: Too few nodes: 3.
Skipping event 53761 due to error: Too few nodes: 2.
Skipping event 53919 due to error: Too few nodes: 3.
Skipping event 54290 due to error: Too few nodes: 2.
Skipping event 54533 due to error: Too few nodes: 3.
Skipping event 56235 due to error: Too few nodes: 3.
Skipping event 56461 due to error: Too few nodes: 3.
Skipping event 56740 due to error: Too few nodes: 3.
Skipping event 56926 due to error: Too few nodes: 3.
Skipping event 56958 due to error: Too few nodes: 2.
Skipping event 57153 due to error: Too few nodes: 3.
Skipping event 57865 due to error: Too few nodes: 3.
Skipping event 58521 due to error: Too few nodes: 2.
Skipping event 58689 due to error: Too few nodes: 3.
Skipping event 59271 due to error: Too few nodes: 3.
Skipping event 59550 due to error: Too few nodes: 3.
Skipping event 59736 due to error: Too few nodes: 3.
Skipping event 59768 due to error: Too few nodes: 2.
Skipping event 59963 due to error: Too few nodes: 3.
Skipping event 60675 due to error: Too few nodes: 3.
Skipping event 61331 due to error: Too few nodes: 2.
Skipping event 61499 due to error: Too few nodes: 3.
Skipping event 62909 due to error: Too few nodes: 3.
Skipping event 63270 due to error: Too few nodes: 3.
Skipping event 65653 due to error: Too few nodes: 3.
Skipping event 65790 due to error: Too few nodes: 3.
Skipping event 66176 due to error: Too few nodes: 3.
Skipping event 67708 due to error: Too few nodes: 3.
Skipping event 67815 due to error: Feature eta is not one-dimensional.
Skipping event 68612 due to error: Too few nodes: 3.
Skipping event 68748 due to error: Too few nodes: 3.
Skipping event 68842 due to error: Too few nodes: 2.
Skipping event 68975 due to error: Too few nodes: 2.
Skipping event 69397 due to error: Too few nodes: 3.
Skipping event 69618 due to error: Too few nodes: 2.
Skipping event 69634 due to error: Too few nodes: 3.
Skipping event 69965 due to error: Too few nodes: 3.
Skipping event 70245 due to error: Too few nodes: 3.
Skipping event 70402 due to error: Too few nodes: 3.
Skipping event 71049 due to error: Too few nodes: 3.
Skipping event 71536 due to error: Feature eta is not one-dimensional.
Skipping event 71785 due to error: Too few nodes: 3.
Skipping event 73274 due to error: Too few nodes: 3.
Skipping event 74443 due to error: Feature eta is not one-dimensional.
Skipping event 75302 due to error: Too few nodes: 3.
Skipping event 75390 due to error: Too few nodes: 3.
Skipping event 75674 due to error: Too few nodes: 2.
Skipping event 76596 due to error: Too few nodes: 3.
Skipping event 77345 due to error: Too few nodes: 2.
Skipping event 77886 due to error: Too few nodes: 3.
Skipping event 78065 due to error: Too few nodes: 3.
Skipping event 78431 due to error: Too few nodes: 3.
Skipping event 78724 due to error: Too few nodes: 3.
Skipping event 78928 due to error: Too few nodes: 3.
Skipping event 79810 due to error: Too few nodes: 3.
Skipping event 79834 due to error: Too few nodes: 3.
Skipping event 80508 due to error: Too few nodes: 3.
Skipping event 80533 due to error: Too few nodes: 3.
Skipping event 81132 due to error: Too few nodes: 2.
Skipping event 81302 due to error: Too few nodes: 3.
Skipping event 82490 due to error: Feature eta is not one-dimensional.
Skipping event 83555 due to error: Too few nodes: 3.
Skipping event 83734 due to error: Too few nodes: 3.
Skipping event 84100 due to error: Too few nodes: 3.
Skipping event 84393 due to error: Too few nodes: 3.
Skipping event 84597 due to error: Too few nodes: 3.
Skipping event 85479 due to error: Too few nodes: 3.
Skipping event 85503 due to error: Too few nodes: 3.
Skipping event 86177 due to error: Too few nodes: 3.
Skipping event 86202 due to error: Too few nodes: 3.
Skipping event 86801 due to error: Too few nodes: 2.
Skipping event 86971 due to error: Too few nodes: 3.
Skipping event 88159 due to error: Feature eta is not one-dimensional.
Skipping event 89495 due to error: Too few nodes: 3.
Skipping event 89583 due to error: Too few nodes: 3.
Skipping event 89867 due to error: Too few nodes: 2.
Skipping event 90789 due to error: Too few nodes: 3.
Skipping event 91538 due to error: Too few nodes: 2.
Skipping event 92007 due to error: Too few nodes: 3.
Skipping event 92032 due to error: Feature eta is not one-dimensional.
Skipping event 92060 due to error: Too few nodes: 3.
Skipping event 93981 due to error: Too few nodes: 3.
Skipping event 94046 due to error: Too few nodes: 2.
Skipping event 94859 due to error: Too few nodes: 3.
Skipping event 95045 due to error: Too few nodes: 2.
Skipping event 95981 due to error: Too few nodes: 3.
Skipping event 96012 due to error: Too few nodes: 3.
Skipping event 96576 due to error: Too few nodes: 2.
Skipping event 97076 due to error: Too few nodes: 3.
Skipping event 97737 due to error: Too few nodes: 3.
Skipping event 99216 due to error: Too few nodes: 3.
Skipping event 99303 due to error: Too few nodes: 2.
Skipping event 100467 due to error: Too few nodes: 3.
Skipping event 102812 due to error: Too few nodes: 2.
Skipping event 104013 due to error: Too few nodes: 2.
Skipping event 104949 due to error: Too few nodes: 3.
Skipping event 104980 due to error: Too few nodes: 3.
Skipping event 105544 due to error: Too few nodes: 2.
Skipping event 106044 due to error: Too few nodes: 3.
Skipping event 106705 due to error: Too few nodes: 3.
Skipping event 108184 due to error: Too few nodes: 3.
Skipping event 108271 due to error: Too few nodes: 2.
Skipping event 109435 due to error: Too few nodes: 3.
Skipping event 109839 due to error: Too few nodes: 3.
Skipping event 109938 due to error: Too few nodes: 3.
Skipping event 110823 due to error: Too few nodes: 3.
Skipping event 111524 due to error: Too few nodes: 3.
Skipping event 111617 due to error: Too few nodes: 3.
Skipping event 112090 due to error: Too few nodes: 3.
Skipping event 112401 due to error: Too few nodes: 3.
Skipping event 112481 due to error: Too few nodes: 3.
Skipping event 115973 due to error: Too few nodes: 3.
Skipping event 116072 due to error: Too few nodes: 3.
Skipping event 116957 due to error: Too few nodes: 3.
Skipping event 117658 due to error: Too few nodes: 3.
Skipping event 117751 due to error: Too few nodes: 3.
Skipping event 118224 due to error: Too few nodes: 3.
Skipping event 118535 due to error: Too few nodes: 3.
Skipping event 118615 due to error: Too few nodes: 3.
Skipping event 118925 due to error: Too few nodes: 3.
Skipping event 120230 due to error: Too few nodes: 3.
Skipping event 120663 due to error: Too few nodes: 3.
Skipping event 121186 due to error: Too few nodes: 3.
Skipping event 123050 due to error: Too few nodes: 2.
Skipping event 124371 due to error: Too few nodes: 3.
Skipping event 124715 due to error: Too few nodes: 3.
Loading signal node tensors...
Skipping event 424 due to error: Too few nodes: 3.
Skipping event 2523 due to error: Too few nodes: 2.
Skipping event 3794 due to error: Too few nodes: 3.
Loaded background train events: 99979
Loaded background val events: 24995
Loaded signal events: 4064
Feature mean: tensor([-8.9176e-05, -4.3704e-05,  3.6615e-02,  1.8351e-04, -6.9755e-06,
         3.9663e-03,  1.0762e-01, -1.2395e-02,  3.8354e-01,  9.7974e-04,
         1.6717e-03,  1.7881e-03,  9.0023e-04,  1.8262e-01,  4.0949e-02,
         3.8755e-01])
Feature std: tensor([0.1677, 0.1677, 0.0618, 1.3809, 1.1207, 0.8811, 0.0585, 0.9443, 0.4862,
        0.0313, 0.0409, 0.0422, 0.0300, 0.3864, 0.1982, 0.4872])
Example node tensor shape: torch.Size([8, 16])
Selected SSL model: mahalanobis
Model summary:
LeJEPAMahalanobisParticleTransformerRepresentation(
  (node_embedding): NodeEmbedding(
    (net): Sequential(
      (0): Linear(in_features=16, out_features=128, bias=True)
      (1): GELU(approximate='none')
      (2): LayerNorm((128,), eps=1e-05, elementwise_affine=True)
      (3): Linear(in_features=128, out_features=512, bias=True)
      (4): GELU(approximate='none')
      (5): LayerNorm((512,), eps=1e-05, elementwise_affine=True)
      (6): Linear(in_features=512, out_features=128, bias=True)
      (7): Dropout(p=0.1, inplace=False)
    )
  )
  (pairwise_bias): PairwiseAttentionBias(
    (mlp): Sequential(
      (0): RMSNorm()
      (1): Linear(in_features=4, out_features=16, bias=True)
      (2): SiLU()
      (3): Dropout(p=0.1, inplace=False)
      (4): Linear(in_features=16, out_features=16, bias=True)
      (5): SiLU()
      (6): Dropout(p=0.1, inplace=False)
      (7): Linear(in_features=16, out_features=8, bias=True)
    )
  )
  (encoder): ParticleTransformerEncoder(
    (layers): ModuleList(
      (0-7): 8 x ParticleTransformerBlock(
        (attn_norm): RMSNorm()
        (self_attn): MultiheadAttention(
          (out_proj): NonDynamicallyQuantizableLinear(in_features=128, out_features=128, bias=True)
        )
        (attn_dropout): Dropout(p=0.1, inplace=False)
        (ffn_norm): RMSNorm()
        (ffn): SwiGLUFFN(
          (fc1): Linear(in_features=128, out_features=1024, bias=True)
          (act): SwiGLU()
          (fc2): Linear(in_features=512, out_features=128, bias=True)
          (dropout): Dropout(p=0.1, inplace=False)
        )
      )
    )
  )
  (cls_pooling): CLSPooling(
    (layers): ModuleList(
      (0-1): 2 x ClassAttentionBlock(
        (query_norm): LayerNorm((128,), eps=1e-05, elementwise_affine=True)
        (context_norm): LayerNorm((128,), eps=1e-05, elementwise_affine=True)
        (attn): MultiheadAttention(
          (out_proj): NonDynamicallyQuantizableLinear(in_features=128, out_features=128, bias=True)
        )
        (attn_dropout): Dropout(p=0.0, inplace=False)
        (ffn_norm): LayerNorm((128,), eps=1e-05, elementwise_affine=True)
        (ffn): Sequential(
          (0): Linear(in_features=128, out_features=512, bias=True)
          (1): GELU(approximate='none')
          (2): Dropout(p=0.0, inplace=False)
          (3): Linear(in_features=512, out_features=128, bias=True)
          (4): Dropout(p=0.0, inplace=False)
        )
      )
    )
  )
  (representation_head): RepresentationHead(
    (net): Sequential(
      (0): RMSNorm()
      (1): Linear(in_features=128, out_features=128, bias=True)
      (2): SiLU()
      (3): Dropout(p=0.1, inplace=False)
      (4): Linear(in_features=128, out_features=128, bias=True)
    )
  )
  (augmentation): MultiViewAugmentation()
  (negative_augmentation): CorruptedNegativeAugmentation()
  (loss): LeJEPASIGRegMahalanobisLoss(
    (lejepa_loss): LeJEPASIGRegLoss(
      (sigreg_loss_fn): SlicingUnivariateTest(
        (univariate_test): EppsPulley()
      )
    )
  )
)
Number of trainable parameters: 2678508
Initialized run summary at plots/run-lejepa-mahala/summary.json

Epoch [1/50]
Learning rate: 2.5575448e-07
Saved new best model to plots/run-lejepa-mahala/best_model.pth
Collecting background train latents...
Collecting background validation latents...
Collecting signal latents...
Background train latents: (99979, 128)
Background val latents: (24995, 128)
Signal latents: (4064, 128)
Mahalanobis metrics saved to plots/run-lejepa-mahala/mahalanobis_eval/epoch_0001/mahalanobis_metrics.json
Mahalanobis AUC, QCD train vs WJet: 0.588759
Mahalanobis AUC, QCD val vs WJet: 0.586573
Epoch 1 train losses: {'total_loss': 4.142754493771917, 'invariant_loss': 0.3366071631479294, 'sigreg_loss': 194.98529411764707, 'mahalanobis_loss': -0.9348900848642334, 'negative_mahalanobis_sq_mean': 347.0718014612222, 'negative_mahalanobis_mean': 18.340710388729946, 'ema_mean_norm': 1.516403704957889}
Epoch 1 val losses: {'total_loss': 2.0931244504695035, 'invariant_loss': 0.46436639099704974, 'sigreg_loss': 81.75, 'mahalanobis_loss': -0.06446030245599699, 'negative_mahalanobis_sq_mean': 138.5888880515585, 'negative_mahalanobis_mean': 11.729816271334279, 'ema_mean_norm': 1.160179615020752}
Updated run summary at plots/run-lejepa-mahala/summary.json

Epoch [2/50]
Learning rate: 0.00010025575
Saved new best model to plots/run-lejepa-mahala/best_model.pth
Collecting background train latents...
Collecting background validation latents...
Collecting signal latents...
Background train latents: (99979, 128)
Background val latents: (24995, 128)
Signal latents: (4064, 128)
Mahalanobis metrics saved to plots/run-lejepa-mahala/mahalanobis_eval/epoch_0002/mahalanobis_metrics.json
Mahalanobis AUC, QCD train vs WJet: 0.541935
Mahalanobis AUC, QCD val vs WJet: 0.540663
Epoch 2 train losses: {'total_loss': 1.2944944668608858, 'invariant_loss': 0.42365671842909225, 'sigreg_loss': 47.62052429667519, 'mahalanobis_loss': -0.8156294350124076, 'negative_mahalanobis_sq_mean': 302.1922813474065, 'negative_mahalanobis_mean': 17.19826702693539, 'ema_mean_norm': 1.030732840070944}
Epoch 2 val losses: {'total_loss': 1.0682428886695785, 'invariant_loss': 0.25639027022585575, 'sigreg_loss': 40.27295918367347, 'mahalanobis_loss': 0.06328058668545314, 'negative_mahalanobis_sq_mean': 121.8892934371014, 'negative_mahalanobis_mean': 11.001268007317368, 'ema_mean_norm': 0.7880746126174927}
Updated run summary at plots/run-lejepa-mahala/summary.json

Epoch [3/50]
Learning rate: 0.00020025575
Saved new best model to plots/run-lejepa-mahala/best_model.pth
Collecting background train latents...
Collecting background validation latents...
Collecting signal latents...
Background train latents: (99979, 128)
Background val latents: (24995, 128)
Signal latents: (4064, 128)
Mahalanobis metrics saved to plots/run-lejepa-mahala/mahalanobis_eval/epoch_0003/mahalanobis_metrics.json
Mahalanobis AUC, QCD train vs WJet: 0.540989
Mahalanobis AUC, QCD val vs WJet: 0.537953
Epoch 3 train losses: {'total_loss': 0.8801136742467466, 'invariant_loss': 0.33318011413144943, 'sigreg_loss': 31.233056265984654, 'mahalanobis_loss': -0.7773675859126898, 'negative_mahalanobis_sq_mean': 293.2477489188504, 'negative_mahalanobis_mean': 16.904608777721826, 'ema_mean_norm': 0.8105652768288731}
Epoch 3 val losses: {'total_loss': 0.8318610690077957, 'invariant_loss': 0.25429439559883, 'sigreg_loss': 29.144132653061224, 'mahalanobis_loss': -0.0510233358993214, 'negative_mahalanobis_sq_mean': 136.94329195606466, 'negative_mahalanobis_mean': 11.65457990218182, 'ema_mean_norm': 0.8396978974342346}
Updated run summary at plots/run-lejepa-mahala/summary.json

Epoch [4/50]
Learning rate: 0.00030025575
Saved new best model to plots/run-lejepa-mahala/best_model.pth
Collecting background train latents...
Collecting background validation latents...
Collecting signal latents...
Background train latents: (99979, 128)
Background val latents: (24995, 128)
Signal latents: (4064, 128)
Mahalanobis metrics saved to plots/run-lejepa-mahala/mahalanobis_eval/epoch_0004/mahalanobis_metrics.json
Mahalanobis AUC, QCD train vs WJet: 0.538662
Mahalanobis AUC, QCD val vs WJet: 0.536898
Epoch 4 train losses: {'total_loss': 0.7136038140872555, 'invariant_loss': 0.33826759724360905, 'sigreg_loss': 23.118606138107417, 'mahalanobis_loss': -0.8704490248504502, 'negative_mahalanobis_sq_mean': 327.61760818988773, 'negative_mahalanobis_mean': 17.794576776606956, 'ema_mean_norm': 0.8294543245869219}
Epoch 4 val losses: {'total_loss': 0.7209622823462194, 'invariant_loss': 0.27584319257614565, 'sigreg_loss': 25.445153061224488, 'mahalanobis_loss': -0.6384935026266136, 'negative_mahalanobis_sq_mean': 254.18903428681043, 'negative_mahalanobis_mean': 15.76777947678858, 'ema_mean_norm': 0.7816455364227295}
Updated run summary at plots/run-lejepa-mahala/summary.json

Epoch [5/50]
Learning rate: 0.00040025575
Saved new best model to plots/run-lejepa-mahala/best_model.pth
Collecting background train latents...
Collecting background validation latents...
Collecting signal latents...
Background train latents: (99979, 128)
Background val latents: (24995, 128)
Signal latents: (4064, 128)
Mahalanobis metrics saved to plots/run-lejepa-mahala/mahalanobis_eval/epoch_0005/mahalanobis_metrics.json
Mahalanobis AUC, QCD train vs WJet: 0.520822
Mahalanobis AUC, QCD val vs WJet: 0.518602
Epoch 5 train losses: {'total_loss': 0.6159578985570336, 'invariant_loss': 0.34870491857114044, 'sigreg_loss': 19.043158567774935, 'mahalanobis_loss': -1.1361888764459458, 'negative_mahalanobis_sq_mean': 454.73348202912706, 'negative_mahalanobis_mean': 20.67106819640645, 'ema_mean_norm': 0.7246210546139866}
Epoch 5 val losses: {'total_loss': 0.6065991788494344, 'invariant_loss': 0.24304341950586864, 'sigreg_loss': 22.075255102040817, 'mahalanobis_loss': -0.7793020910146286, 'negative_mahalanobis_sq_mean': 316.33484229262996, 'negative_mahalanobis_mean': 17.275002654717895, 'ema_mean_norm': 0.675851047039032}
Updated run summary at plots/run-lejepa-mahala/summary.json

Epoch [6/50]
Learning rate: 0.00050025575
Saved new best model to plots/run-lejepa-mahala/best_model.pth
Collecting background train latents...
Collecting background validation latents...
Collecting signal latents...
Background train latents: (99979, 128)
Background val latents: (24995, 128)
Signal latents: (4064, 128)
Mahalanobis metrics saved to plots/run-lejepa-mahala/mahalanobis_eval/epoch_0006/mahalanobis_metrics.json
Mahalanobis AUC, QCD train vs WJet: 0.523793
Mahalanobis AUC, QCD val vs WJet: 0.521004
Epoch 6 train losses: {'total_loss': 0.543466473174522, 'invariant_loss': 0.3551541367150329, 'sigreg_loss': 16.27765345268542, 'mahalanobis_loss': -1.3721265969678873, 'negative_mahalanobis_sq_mean': 647.6099197895021, 'negative_mahalanobis_mean': 23.990459159207163, 'ema_mean_norm': 0.6215807147648024}
Epoch 6 val losses: {'total_loss': 0.49464118359040243, 'invariant_loss': 0.30137850937186456, 'sigreg_loss': 18.23533163265306, 'mahalanobis_loss': -1.7147344934697053, 'negative_mahalanobis_sq_mean': 929.1798650001992, 'negative_mahalanobis_mean': 28.866981603661362, 'ema_mean_norm': 0.5329230427742004}
Updated run summary at plots/run-lejepa-mahala/summary.json

Epoch [7/50]
Learning rate: 0.00060025575
Saved new best model to plots/run-lejepa-mahala/best_model.pth
Collecting background train latents...
Collecting background validation latents...
Collecting signal latents...
Background train latents: (99979, 128)
Background val latents: (24995, 128)
Signal latents: (4064, 128)
Mahalanobis metrics saved to plots/run-lejepa-mahala/mahalanobis_eval/epoch_0007/mahalanobis_metrics.json
Mahalanobis AUC, QCD train vs WJet: 0.544102
Mahalanobis AUC, QCD val vs WJet: 0.543750
Epoch 7 train losses: {'total_loss': 0.4478819463259119, 'invariant_loss': 0.35761189727527104, 'sigreg_loss': 14.986093350383632, 'mahalanobis_loss': -2.0946470668248813, 'negative_mahalanobis_sq_mean': 2010.0177782453845, 'negative_mahalanobis_mean': 38.8417363276567, 'ema_mean_norm': 0.4737170423235735}
Epoch 7 val losses: {'total_loss': 0.33963569968330615, 'invariant_loss': 0.27892191115082526, 'sigreg_loss': 17.54719387755102, 'mahalanobis_loss': -2.90230883870806, 'negative_mahalanobis_sq_mean': 4925.177126514668, 'negative_mahalanobis_mean': 61.96412888351752, 'ema_mean_norm': 0.42940711975097656}
Updated run summary at plots/run-lejepa-mahala/summary.json

Epoch [8/50]
Learning rate: 0.00070025575
Saved new best model to plots/run-lejepa-mahala/best_model.pth
Collecting background train latents...
Collecting background validation latents...
Collecting signal latents...
Background train latents: (99979, 128)
Background val latents: (24995, 128)
Signal latents: (4064, 128)
Mahalanobis metrics saved to plots/run-lejepa-mahala/mahalanobis_eval/epoch_0008/mahalanobis_metrics.json
Mahalanobis AUC, QCD train vs WJet: 0.547127
Mahalanobis AUC, QCD val vs WJet: 0.547116
Epoch 8 train losses: {'total_loss': 0.38959100110756467, 'invariant_loss': 0.3689696009811538, 'sigreg_loss': 13.868286445012787, 'mahalanobis_loss': -2.567623115256619, 'negative_mahalanobis_sq_mean': 4974.915146459399, 'negative_mahalanobis_mean': 56.96035750991548, 'ema_mean_norm': 0.42812223599085114}
Epoch 8 val losses: {'total_loss': 0.2869525694725465, 'invariant_loss': 0.2447494374854224, 'sigreg_loss': 17.572066326530614, 'mahalanobis_loss': -3.092497487457431, 'negative_mahalanobis_sq_mean': 9626.624412069516, 'negative_mahalanobis_mean': 80.5399409702846, 'ema_mean_norm': 0.4413665533065796}
Updated run summary at plots/run-lejepa-mahala/summary.json

Epoch [9/50]
Learning rate: 0.00080025575
Collecting background train latents...
Collecting background validation latents...
Collecting signal latents...
Background train latents: (99979, 128)
Background val latents: (24995, 128)
Signal latents: (4064, 128)
Mahalanobis metrics saved to plots/run-lejepa-mahala/mahalanobis_eval/epoch_0009/mahalanobis_metrics.json
Mahalanobis AUC, QCD train vs WJet: 0.562162
Mahalanobis AUC, QCD val vs WJet: 0.560345
Epoch 9 train losses: {'total_loss': 0.39499825277291906, 'invariant_loss': 0.3821016322163975, 'sigreg_loss': 12.57752557544757, 'mahalanobis_loss': -2.3864440030758947, 'negative_mahalanobis_sq_mean': 5767.26522304213, 'negative_mahalanobis_mean': 56.61692669568464, 'ema_mean_norm': 0.4370940805548597}
Epoch 9 val losses: {'total_loss': 0.37569470429907037, 'invariant_loss': 0.2262699354668053, 'sigreg_loss': 17.151785714285715, 'mahalanobis_loss': -1.9360774877120037, 'negative_mahalanobis_sq_mean': 3599.1427574936224, 'negative_mahalanobis_mean': 44.129591260637554, 'ema_mean_norm': 0.41642528772354126}
Updated run summary at plots/run-lejepa-mahala/summary.json

Epoch [10/50]
Learning rate: 0.00090025575
Collecting background train latents...
