## SLURM PROLOG ###############################################################
##    Job ID : 4067812
##  Job Name : AK8-SS-m0.1-wjets
##  Nodelist : gpu3004
##      CPUs : 1
##  Mem/Node : 90000 MB
## Directory : /oscar/home/hgao50/jetAnomalyDetection
##   Job Started : Fri Jul 17 11:53:26 AM EDT 2026
###############################################################################

==========================================
Job started at: Fri Jul 17 11:53:26 AM EDT 2026
Job ID: 4067812
Node: gpu3004
MARGIN=0.1  SIGNAL=wjets
==========================================

GPU Information (from host):
Fri Jul 17 11:53:26 2026       
+-----------------------------------------------------------------------------------------+
| NVIDIA-SMI 575.57.08              Driver Version: 575.57.08      CUDA Version: 12.9     |
|-----------------------------------------+------------------------+----------------------+
| GPU  Name                 Persistence-M | Bus-Id          Disp.A | Volatile Uncorr. ECC |
| Fan  Temp   Perf          Pwr:Usage/Cap |           Memory-Usage | GPU-Util  Compute M. |
|                                         |                        |               MIG M. |
|=========================================+========================+======================|
|   0  NVIDIA L40S                    On  |   00000000:41:00.0 Off |                    0 |
| N/A   29C    P8             33W /  350W |      74MiB /  46068MiB |      0%      Default |
|                                         |                        |                  N/A |
+-----------------------------------------+------------------------+----------------------+
                                                                                         
+-----------------------------------------------------------------------------------------+
| Processes:                                                                              |
|  GPU   GI   CI              PID   Type   Process name                        GPU Memory |
|        ID   ID                                                               Usage      |
|=========================================================================================|
|    0   N/A  N/A          184125      G   /usr/libexec/Xorg                        64MiB |
+-----------------------------------------------------------------------------------------+

PyTorch 2.2.1+cu118, cuda=True, device=NVIDIA L40S
Staged qcd: 395 files -> /tmp/ak8_semisup_wjets_m0.1_4067812/qcd
Staged zjets: 200 files -> /tmp/ak8_semisup_wjets_m0.1_4067812/zjets
Staged ttbar: 199 files -> /tmp/ak8_semisup_wjets_m0.1_4067812/ttbar
Staged hbb: 188 files -> /tmp/ak8_semisup_wjets_m0.1_4067812/hbb
Staged signal wjets: 200 files -> /tmp/ak8_semisup_wjets_m0.1_4067812/signal_wjets
Background dirs: /tmp/ak8_semisup_wjets_m0.1_4067812/qcd,/tmp/ak8_semisup_wjets_m0.1_4067812/zjets,/tmp/ak8_semisup_wjets_m0.1_4067812/ttbar,/tmp/ak8_semisup_wjets_m0.1_4067812/hbb
Background names: QCD,ZJets,TTbar,Hbb
Signal: wjets (WJets)
Margin: 0.1
Output dir: plots/run-lejepa-ak8-semisup-m0.1-wjets
Streaming backgrounds from /tmp/ak8_semisup_wjets_m0.1_4067812/qcd,/tmp/ak8_semisup_wjets_m0.1_4067812/zjets,/tmp/ak8_semisup_wjets_m0.1_4067812/ttbar,/tmp/ak8_semisup_wjets_m0.1_4067812/hbb
Streaming signal from /tmp/ak8_semisup_wjets_m0.1_4067812/signal_wjets
Node feature names: ['eta', 'phi', 'pt', 'd0/d0Err', 'dz/dzErr', 'charge', 'mass', 'log_pt', 'pdgId_-211', 'pdgId_-13', 'pdgId_-11', 'pdgId_11', 'pdgId_13', 'pdgId_22', 'pdgId_130', 'pdgId_211']
Streaming mode: discovering ROOT shards (no full in-memory load).
  class 0 (QCD): 395 ROOT files
  class 1 (ZJets): 200 ROOT files
  class 2 (TTbar): 199 ROOT files
  class 3 (Hbb): 188 ROOT files
  split QCD: train_files=355 val_files=40
  split ZJets: train_files=180 val_files=20
  split TTbar: train_files=179 val_files=20
  split Hbb: train_files=169 val_files=19
  signal (WJets): 200 ROOT files
Streaming configured: steps_per_epoch=1000, val_steps=100, eval_steps=100
Streaming datasets already prepared in load(); skipping RAM materialization.
Skipping feature plots in streaming mode.
Selected SSL model: semi-sup-triplet
Model summary:
LeJEPASemiSupervisedTripletParticleTransformerRepresentation(
  (node_embedding): NodeEmbedding(
    (net): Sequential(
      (0): Linear(in_features=16, out_features=128, bias=True)
      (1): GELU(approximate='none')
      (2): LayerNorm((128,), eps=1e-05, elementwise_affine=True)
      (3): Linear(in_features=128, out_features=512, bias=True)
      (4): GELU(approximate='none')
      (5): LayerNorm((512,), eps=1e-05, elementwise_affine=True)
      (6): Linear(in_features=512, out_features=128, bias=True)
      (7): Dropout(p=0.1, inplace=False)
    )
  )
  (pairwise_bias): PairwiseAttentionBias(
    (mlp): Sequential(
      (0): RMSNorm()
      (1): Linear(in_features=4, out_features=16, bias=True)
      (2): SiLU()
      (3): Dropout(p=0.1, inplace=False)
      (4): Linear(in_features=16, out_features=16, bias=True)
      (5): SiLU()
      (6): Dropout(p=0.1, inplace=False)
      (7): Linear(in_features=16, out_features=8, bias=True)
    )
  )
  (encoder): ParticleTransformerEncoder(
    (layers): ModuleList(
      (0-7): 8 x ParticleTransformerBlock(
        (attn_norm): RMSNorm()
        (self_attn): MultiheadAttention(
          (out_proj): NonDynamicallyQuantizableLinear(in_features=128, out_features=128, bias=True)
        )
        (attn_dropout): Dropout(p=0.1, inplace=False)
        (ffn_norm): RMSNorm()
        (ffn): SwiGLUFFN(
          (fc1): Linear(in_features=128, out_features=1024, bias=True)
          (act): SwiGLU()
          (fc2): Linear(in_features=512, out_features=128, bias=True)
          (dropout): Dropout(p=0.1, inplace=False)
        )
      )
    )
  )
  (cls_pooling): CLSPooling(
    (layers): ModuleList(
      (0-1): 2 x ClassAttentionBlock(
        (query_norm): LayerNorm((128,), eps=1e-05, elementwise_affine=True)
        (context_norm): LayerNorm((128,), eps=1e-05, elementwise_affine=True)
        (attn): MultiheadAttention(
          (out_proj): NonDynamicallyQuantizableLinear(in_features=128, out_features=128, bias=True)
        )
        (attn_dropout): Dropout(p=0.0, inplace=False)
        (ffn_norm): LayerNorm((128,), eps=1e-05, elementwise_affine=True)
        (ffn): Sequential(
          (0): Linear(in_features=128, out_features=512, bias=True)
          (1): GELU(approximate='none')
          (2): Dropout(p=0.0, inplace=False)
          (3): Linear(in_features=512, out_features=128, bias=True)
          (4): Dropout(p=0.0, inplace=False)
        )
      )
    )
  )
  (representation_head): RepresentationHead(
    (net): Sequential(
      (0): RMSNorm()
      (1): Linear(in_features=128, out_features=128, bias=True)
      (2): SiLU()
      (3): Dropout(p=0.1, inplace=False)
      (4): Linear(in_features=128, out_features=128, bias=True)
    )
  )
  (augmentation): MultiViewAugmentation()
  (negative_augmentation): CorruptedNegativeAugmentation()
  (loss): LeJEPASIGRegTripletClassificationLoss(
    (triplet_loss): LeJEPASIGRegTripletLoss(
      (lejepa_loss): LeJEPASIGRegLoss(
        (sigreg_loss_fn): SlicingUnivariateTest(
          (univariate_test): EppsPulley()
        )
      )
    )
  )
  (classification_head): CategoricalClassificationHead(
    (net): Sequential(
      (0): RMSNorm()
      (1): Linear(in_features=128, out_features=128, bias=True)
      (2): SiLU()
      (3): Dropout(p=0.1, inplace=False)
      (4): Linear(in_features=128, out_features=4, bias=True)
    )
  )
)
Number of trainable parameters: 2695664
Skipping augmentation sample plots.
Initialized run summary at plots/run-lejepa-ak8-semisup-m0.1-wjets/summary.json

Epoch [1/12]
Learning rate: 1e-07
Saved new best model state_dict to plots/run-lejepa-ak8-semisup-m0.1-wjets/best_model.pth
Saved last model state_dict to plots/run-lejepa-ak8-semisup-m0.1-wjets/last_model.pth
Epoch 1 train losses: {'total_loss': 1.8102059518098832, 'invariant_loss': 0.24719415774010123, 'sigreg_loss': 74.763625, 'triplet_loss': 0.022952500742627308, 'triplet_pos_distance': 0.06276114994473755, 'triplet_neg_distance': 0.6048497236240655, 'classification_loss': 1.3087449884414672}
Epoch 1 val losses: {'total_loss': 0.8213809764385224, 'invariant_loss': 0.14284973248839378, 'sigreg_loss': 30.78875, 'triplet_loss': 0.0067078204639256, 'triplet_pos_distance': 0.025822706613689662, 'triplet_neg_distance': 1.0290216529369354, 'classification_loss': 1.2423655652999879}
Updated run summary at plots/run-lejepa-ak8-semisup-m0.1-wjets/summary.json

Epoch [2/12]
Learning rate: 0.0001001
Saved new best model state_dict to plots/run-lejepa-ak8-semisup-m0.1-wjets/best_model.pth
Saved last model state_dict to plots/run-lejepa-ak8-semisup-m0.1-wjets/last_model.pth
Epoch 2 train losses: {'total_loss': 0.7042099885344505, 'invariant_loss': 0.19831949976086616, 'sigreg_loss': 22.236, 'triplet_loss': 0.003127213416737504, 'triplet_pos_distance': 0.055358033139258626, 'triplet_neg_distance': 1.2127624216675759, 'classification_loss': 1.2167897500991822}
Epoch 2 val losses: {'total_loss': 0.5638423246145249, 'invariant_loss': 0.1133686038851738, 'sigreg_loss': 19.54875, 'triplet_loss': 0.0037972955964505673, 'triplet_pos_distance': 0.020396679686382414, 'triplet_neg_distance': 1.2703290617465972, 'classification_loss': 1.183129826784134}
Updated run summary at plots/run-lejepa-ak8-semisup-m0.1-wjets/summary.json

Epoch [3/12]
Learning rate: 0.0002001
Saved new best model state_dict to plots/run-lejepa-ak8-semisup-m0.1-wjets/best_model.pth
Saved last model state_dict to plots/run-lejepa-ak8-semisup-m0.1-wjets/last_model.pth
Epoch 3 train losses: {'total_loss': 0.5661121076047421, 'invariant_loss': 0.1894061240106821, 'sigreg_loss': 15.875, 'triplet_loss': 0.001957696882891469, 'triplet_pos_distance': 0.054851999267935755, 'triplet_neg_distance': 1.3584099810123444, 'classification_loss': 1.1802433278560638}
Epoch 3 val losses: {'total_loss': 0.5151414948701859, 'invariant_loss': 0.12534085050225258, 'sigreg_loss': 16.504375, 'triplet_loss': 0.0032068559248000384, 'triplet_pos_distance': 0.024228492686524987, 'triplet_neg_distance': 1.3628297293186187, 'classification_loss': 1.186474221944809}
Updated run summary at plots/run-lejepa-ak8-semisup-m0.1-wjets/summary.json

Epoch [4/12]
Learning rate: 0.0003001
Saved new best model state_dict to plots/run-lejepa-ak8-semisup-m0.1-wjets/best_model.pth
Saved last model state_dict to plots/run-lejepa-ak8-semisup-m0.1-wjets/last_model.pth
Epoch 4 train losses: {'total_loss': 0.5141458278894424, 'invariant_loss': 0.1816066016703844, 'sigreg_loss': 13.661625, 'triplet_loss': 0.0018046444810170216, 'triplet_pos_distance': 0.05203670951351523, 'triplet_neg_distance': 1.38681070125103, 'classification_loss': 1.181921275615692}
Epoch 4 val losses: {'total_loss': 0.4544293314218521, 'invariant_loss': 0.11826089344918728, 'sigreg_loss': 13.826875, 'triplet_loss': 0.0029071027820464224, 'triplet_pos_distance': 0.021655932255089282, 'triplet_neg_distance': 1.4221627283096314, 'classification_loss': 1.187085725069046}
Updated run summary at plots/run-lejepa-ak8-semisup-m0.1-wjets/summary.json

Epoch [5/12]
Learning rate: 0.0004001
Saved new best model state_dict to plots/run-lejepa-ak8-semisup-m0.1-wjets/best_model.pth
Saved last model state_dict to plots/run-lejepa-ak8-semisup-m0.1-wjets/last_model.pth
Mahalanobis metrics saved to plots/run-lejepa-ak8-semisup-m0.1-wjets/mahalanobis_eval/epoch_0005/mahalanobis_metrics.json
Mahalanobis AUC, QCD+ZJets+TTbar+Hbb train vs WJets: 0.539144
Mahalanobis AUC, QCD+ZJets+TTbar+Hbb val vs WJets: 0.517935
Epoch 5 train losses: {'total_loss': 0.48636573150753976, 'invariant_loss': 0.17614494536817074, 'sigreg_loss': 12.539625, 'triplet_loss': 0.001714759819500614, 'triplet_pos_distance': 0.050293237622827294, 'triplet_neg_distance': 1.3845599761009217, 'classification_loss': 1.1847166088819503}
Epoch 5 val losses: {'total_loss': 0.43679411947727204, 'invariant_loss': 0.1076570775359869, 'sigreg_loss': 13.511875, 'triplet_loss': 0.0026826602214714513, 'triplet_pos_distance': 0.020605342276394368, 'triplet_neg_distance': 1.4042820954322814, 'classification_loss': 1.1732739770412446}
Updated run summary at plots/run-lejepa-ak8-semisup-m0.1-wjets/summary.json

Epoch [6/12]
Learning rate: 0.0005001
Saved new best model state_dict to plots/run-lejepa-ak8-semisup-m0.1-wjets/best_model.pth
Saved last model state_dict to plots/run-lejepa-ak8-semisup-m0.1-wjets/last_model.pth
Epoch 6 train losses: {'total_loss': 0.4654220181107521, 'invariant_loss': 0.17233413358032704, 'sigreg_loss': 11.6850625, 'triplet_loss': 0.0017551018315425607, 'triplet_pos_distance': 0.04895518008247018, 'triplet_neg_distance': 1.378747765302658, 'classification_loss': 1.1839115003347396}
Epoch 6 val losses: {'total_loss': 0.40850276917219164, 'invariant_loss': 0.09872766092419624, 'sigreg_loss': 12.559375, 'triplet_loss': 0.002849511003587395, 'triplet_pos_distance': 0.018730960409156977, 'triplet_neg_distance': 1.3018137264251708, 'classification_loss': 1.167537522315979}
Updated run summary at plots/run-lejepa-ak8-semisup-m0.1-wjets/summary.json

Epoch [7/12]
Learning rate: 0.0006001
Saved last model state_dict to plots/run-lejepa-ak8-semisup-m0.1-wjets/last_model.pth
Epoch 7 train losses: {'total_loss': 0.4479626345038414, 'invariant_loss': 0.16863124546408653, 'sigreg_loss': 11.0448125, 'triplet_loss': 0.0016769615095981862, 'triplet_pos_distance': 0.04790870364382863, 'triplet_neg_distance': 1.381911206483841, 'classification_loss': 1.1650901808142662}
Epoch 7 val losses: {'total_loss': 0.4207307654619217, 'invariant_loss': 0.09920970045030117, 'sigreg_loss': 13.15625, 'triplet_loss': 0.002644777912646532, 'triplet_pos_distance': 0.017340940800495447, 'triplet_neg_distance': 1.2785509645938873, 'classification_loss': 1.163413016796112}
Updated run summary at plots/run-lejepa-ak8-semisup-m0.1-wjets/summary.json

Epoch [8/12]
Learning rate: 0.0007001
Saved new best model state_dict to plots/run-lejepa-ak8-semisup-m0.1-wjets/best_model.pth
Saved last model state_dict to plots/run-lejepa-ak8-semisup-m0.1-wjets/last_model.pth
Epoch 8 train losses: {'total_loss': 0.4374616089165211, 'invariant_loss': 0.16776275603473187, 'sigreg_loss': 10.58478125, 'triplet_loss': 0.0017554038405651227, 'triplet_pos_distance': 0.0477034947425127, 'triplet_neg_distance': 1.3797040115594863, 'classification_loss': 1.1563060443401336}
Epoch 8 val losses: {'total_loss': 0.3922998967766762, 'invariant_loss': 0.10217336036264896, 'sigreg_loss': 11.606875, 'triplet_loss': 0.002551292405696586, 'triplet_pos_distance': 0.018163215555250644, 'triplet_neg_distance': 1.2792643344402312, 'classification_loss': 1.15445942401886}
Updated run summary at plots/run-lejepa-ak8-semisup-m0.1-wjets/summary.json

Epoch [9/12]
Learning rate: 0.0008001
Saved new best model state_dict to plots/run-lejepa-ak8-semisup-m0.1-wjets/best_model.pth
Saved last model state_dict to plots/run-lejepa-ak8-semisup-m0.1-wjets/last_model.pth
Epoch 9 train losses: {'total_loss': 0.4276123710870743, 'invariant_loss': 0.1672684960439801, 'sigreg_loss': 10.0965, 'triplet_loss': 0.0017507475929160136, 'triplet_pos_distance': 0.04725845615938306, 'triplet_neg_distance': 1.3849454890489579, 'classification_loss': 1.1649579660892486}
Epoch 9 val losses: {'total_loss': 0.36942276269197466, 'invariant_loss': 0.10363881513476372, 'sigreg_loss': 10.386875, 'triplet_loss': 0.0025920474086888134, 'triplet_pos_distance': 0.019720226833596824, 'triplet_neg_distance': 1.3988919270038604, 'classification_loss': 1.155416762828827}
Updated run summary at plots/run-lejepa-ak8-semisup-m0.1-wjets/summary.json

Epoch [10/12]
Learning rate: 0.0009001
Saved new best model state_dict to plots/run-lejepa-ak8-semisup-m0.1-wjets/best_model.pth
Saved last model state_dict to plots/run-lejepa-ak8-semisup-m0.1-wjets/last_model.pth
Mahalanobis metrics saved to plots/run-lejepa-ak8-semisup-m0.1-wjets/mahalanobis_eval/epoch_0010/mahalanobis_metrics.json
Mahalanobis AUC, QCD+ZJets+TTbar+Hbb train vs WJets: 0.533586
Mahalanobis AUC, QCD+ZJets+TTbar+Hbb val vs WJets: 0.513915
Epoch 10 train losses: {'total_loss': 0.4221952103674412, 'invariant_loss': 0.1668467332869768, 'sigreg_loss': 9.84190625, 'triplet_loss': 0.0016695063345250674, 'triplet_pos_distance': 0.047020477157086134, 'triplet_neg_distance': 1.402876774907112, 'classification_loss': 1.1669312418699265}
Epoch 10 val losses: {'total_loss': 0.3661927059292793, 'invariant_loss': 0.10409996636211873, 'sigreg_loss': 10.211875, 'triplet_loss': 0.0026890050631482153, 'triplet_pos_distance': 0.01819977670442313, 'triplet_neg_distance': 1.330759769678116, 'classification_loss': 1.1511252236366272}
Updated run summary at plots/run-lejepa-ak8-semisup-m0.1-wjets/summary.json

Epoch [11/12]
Learning rate: 0.001
Saved new best model state_dict to plots/run-lejepa-ak8-semisup-m0.1-wjets/best_model.pth
Saved last model state_dict to plots/run-lejepa-ak8-semisup-m0.1-wjets/last_model.pth
Epoch 11 train losses: {'total_loss': 0.41001060110330584, 'invariant_loss': 0.16474273686110974, 'sigreg_loss': 9.332125, 'triplet_loss': 0.0016478394883160945, 'triplet_pos_distance': 0.04621863542497158, 'triplet_neg_distance': 1.4080237786769867, 'classification_loss': 1.1687802850008011}
Epoch 11 val losses: {'total_loss': 0.34793033748865126, 'invariant_loss': 0.10025880314409732, 'sigreg_loss': 9.5103125, 'triplet_loss': 0.002496331804431975, 'triplet_pos_distance': 0.01864218832924962, 'triplet_neg_distance': 1.3415054130554198, 'classification_loss': 1.145313003063202}
Updated run summary at plots/run-lejepa-ak8-semisup-m0.1-wjets/summary.json

Epoch [12/12]
Learning rate: 0.0005005
Saved new best model state_dict to plots/run-lejepa-ak8-semisup-m0.1-wjets/best_model.pth
Saved last model state_dict to plots/run-lejepa-ak8-semisup-m0.1-wjets/last_model.pth
Mahalanobis metrics saved to plots/run-lejepa-ak8-semisup-m0.1-wjets/mahalanobis_eval/epoch_0012/mahalanobis_metrics.json
Mahalanobis AUC, QCD+ZJets+TTbar+Hbb train vs WJets: 0.543998
Mahalanobis AUC, QCD+ZJets+TTbar+Hbb val vs WJets: 0.527083
Epoch 12 train losses: {'total_loss': 0.38336356660723686, 'invariant_loss': 0.15802543237805367, 'sigreg_loss': 8.40109375, 'triplet_loss': 0.0015042281050991733, 'triplet_pos_distance': 0.0446764120105654, 'triplet_neg_distance': 1.3886678812503814, 'classification_loss': 1.1431682386994362}
Epoch 12 val losses: {'total_loss': 0.3344742166996002, 'invariant_loss': 0.0955777581781149, 'sigreg_loss': 9.0928125, 'triplet_loss': 0.002395851369947195, 'triplet_pos_distance': 0.017526544788852336, 'triplet_neg_distance': 1.3197326934337616, 'classification_loss': 1.1350515180826186}
Updated run summary at plots/run-lejepa-ak8-semisup-m0.1-wjets/summary.json
Saved run summary to plots/run-lejepa-ak8-semisup-m0.1-wjets/summary.json
Job finished at: Fri Jul 17 01:01:05 PM EDT 2026
