## SLURM PROLOG ###############################################################
##    Job ID : 4234059
##  Job Name : JETANOMALY
##  Nodelist : gpu3004
##      CPUs : 1
##  Mem/Node : 48000 MB
## Directory : /oscar/home/lwang223/jetAnomalyDetection
##   Job Started : Thu Jul 23 04:16:05 PM EDT 2026
###############################################################################

==========================================
Job started at: Thu Jul 23 04:16:05 PM EDT 2026
Job ID: 4234059
Node: gpu3004
==========================================

GPU Information (from host):
Thu Jul 23 16:16:05 2026       
+-----------------------------------------------------------------------------------------+
| NVIDIA-SMI 575.57.08              Driver Version: 575.57.08      CUDA Version: 12.9     |
|-----------------------------------------+------------------------+----------------------+
| GPU  Name                 Persistence-M | Bus-Id          Disp.A | Volatile Uncorr. ECC |
| Fan  Temp   Perf          Pwr:Usage/Cap |           Memory-Usage | GPU-Util  Compute M. |
|                                         |                        |               MIG M. |
|=========================================+========================+======================|
|   0  NVIDIA L40S                    On  |   00000000:E1:00.0 Off |                    0 |
| N/A   43C    P8             36W /  350W |      74MiB /  46068MiB |      0%      Default |
|                                         |                        |                  N/A |
+-----------------------------------------+------------------------+----------------------+
                                                                                         
+-----------------------------------------------------------------------------------------+
| Processes:                                                                              |
|  GPU   GI   CI              PID   Type   Process name                        GPU Memory |
|        ID   ID                                                               Usage      |
|=========================================================================================|
|    0   N/A  N/A          184125      G   /usr/libexec/Xorg                        64MiB |
+-----------------------------------------------------------------------------------------+

PyTorch version: 2.6.0+cu124
Dataset: jetclass
Dataset root: /HEP/export/home/lwang223/JetClass/JetClass/Pythia
Background labels: ['label_QCD', 'label_Hbb', 'label_Hcc', 'label_Hgg', 'label_Wqq', 'label_H4q', 'label_Hqql', 'label_Zqq', 'label_Tbqq', 'label_Tbl']
Signal labels: ['label_QCD', 'label_Hbb', 'label_Hcc', 'label_Hgg', 'label_Wqq', 'label_H4q', 'label_Hqql', 'label_Zqq', 'label_Tbqq', 'label_Tbl']
Particle features: ['part_px', 'part_py', 'part_pz', 'part_energy', 'part_pt', 'log_pt_fraction', 'part_deta', 'part_dphi', 'd0_sig', 'dz_sig', 'part_charge', 'part_isChargedHadron', 'part_isNeutralHadron', 'part_isPhoton', 'part_isElectron', 'part_isMuon']
Batch-normalized particle features: ['log_pt_fraction', 'd0_sig', 'dz_sig']
Lazy jetclass datasets ready; no full split has been loaded into RAM.
Background train ROOT shards: 1000
Background val ROOT shards: 50
Background test ROOT shards: 200
Signal test ROOT shards: 200
Per-event particle shape: (128, 16)
