## SLURM PROLOG ###############################################################
##    Job ID : 4242845
##  Job Name : JETANOMALY
##  Nodelist : gpu3106
##      CPUs : 1
##  Mem/Node : 72000 MB
## Directory : /oscar/home/lwang223/jetAnomalyDetection
##   Job Started : Thu Jul 23 09:40:26 PM EDT 2026
###############################################################################

==========================================
Job started at: Thu Jul 23 09:40:26 PM EDT 2026
Job ID: 4242845
Node: gpu3106
==========================================

GPU Information (from host):
Thu Jul 23 21:40:26 2026       
+-----------------------------------------------------------------------------------------+
| NVIDIA-SMI 575.57.08              Driver Version: 575.57.08      CUDA Version: 12.9     |
|-----------------------------------------+------------------------+----------------------+
| GPU  Name                 Persistence-M | Bus-Id          Disp.A | Volatile Uncorr. ECC |
| Fan  Temp   Perf          Pwr:Usage/Cap |           Memory-Usage | GPU-Util  Compute M. |
|                                         |                        |               MIG M. |
|=========================================+========================+======================|
|   0  NVIDIA L40S                    On  |   00000000:21:00.0 Off |                    0 |
| N/A   31C    P8             32W /  350W |      74MiB /  46068MiB |      0%      Default |
|                                         |                        |                  N/A |
+-----------------------------------------+------------------------+----------------------+
                                                                                         
+-----------------------------------------------------------------------------------------+
| Processes:                                                                              |
|  GPU   GI   CI              PID   Type   Process name                        GPU Memory |
|        ID   ID                                                               Usage      |
|=========================================================================================|
|    0   N/A  N/A          158569      G   /usr/libexec/Xorg                        64MiB |
+-----------------------------------------------------------------------------------------+

PyTorch version: 2.6.0+cu124
Dataset: jetclass
Dataset root: /HEP/export/home/lwang223/JetClass/JetClass/Pythia
Background labels: ['label_QCD', 'label_Hbb', 'label_Hcc', 'label_Hgg', 'label_Wqq', 'label_H4q', 'label_Hqql', 'label_Zqq', 'label_Tbqq', 'label_Tbl']
Signal labels: ['label_QCD', 'label_Hbb', 'label_Hcc', 'label_Hgg', 'label_Wqq', 'label_H4q', 'label_Hqql', 'label_Zqq', 'label_Tbqq', 'label_Tbl']
Particle features: ['part_px', 'part_py', 'part_pz', 'part_energy', 'part_pt', 'log_pt_fraction', 'part_deta', 'part_dphi', 'd0_sig', 'dz_sig', 'part_charge', 'part_isChargedHadron', 'part_isNeutralHadron', 'part_isPhoton', 'part_isElectron', 'part_isMuon']
Batch-normalized particle features: ['log_pt_fraction', 'd0_sig', 'dz_sig']
Lazy jetclass datasets ready; no full split has been loaded into RAM.
Background train ROOT shards: 1000
Background val ROOT shards: 50
Background test ROOT shards: 200
Signal test ROOT shards: 200
Per-event particle shape: (128, 16)
Selected SSL model: semi-sup-triplet
Number of trainable parameters: 107,158

Epoch [1/40]
Saved new best model state_dict/full checkpoint to plots/quickrun/all-jetclass/best_model.pth and plots/quickrun/all-jetclass/best_checkpoint.pt
Saved last model state_dict/full checkpoint to plots/quickrun/all-jetclass/last_model.pth and plots/quickrun/all-jetclass/last_checkpoint.pt
Epoch 1 train losses: {'total_loss': 5.327050373613835, 'invariant_loss': 0.48599856304901184, 'sigreg_loss': 92.3205, 'triplet_loss': 0.0848140346123837, 'triplet_pos_distance': 0.10072263305739033, 'triplet_neg_distance': 0.4605378084303811, 'classification_loss': 2.167911093354225}
Epoch 1 val losses: {'total_loss': 2.034286209344864, 'invariant_loss': 0.43228178560733793, 'sigreg_loss': 28.3425, 'triplet_loss': 0.038600606117397546, 'triplet_pos_distance': 0.08045643981546163, 'triplet_neg_distance': 0.703389647603035, 'classification_loss': 1.8080059146881104}
Updated run summary at plots/quickrun/all-jetclass/summary.json

Epoch [2/40]
