## SLURM PROLOG ###############################################################
##    Job ID : 3970901
##  Job Name : JETANOMALY-AK8-TRIP
##  Nodelist : gpu3004
##      CPUs : 1
##  Mem/Node : 128000 MB
## Directory : /oscar/home/hgao50/jetAnomalyDetection
##   Job Started : Tue Jul 14 12:24:47 PM EDT 2026
###############################################################################

==========================================
Job started at: Tue Jul 14 12:24:47 PM EDT 2026
Job ID: 3970901
Node: gpu3004
==========================================

GPU Information (from host):
Tue Jul 14 12:24:47 2026       
+-----------------------------------------------------------------------------------------+
| NVIDIA-SMI 575.57.08              Driver Version: 575.57.08      CUDA Version: 12.9     |
|-----------------------------------------+------------------------+----------------------+
| GPU  Name                 Persistence-M | Bus-Id          Disp.A | Volatile Uncorr. ECC |
| Fan  Temp   Perf          Pwr:Usage/Cap |           Memory-Usage | GPU-Util  Compute M. |
|                                         |                        |               MIG M. |
|=========================================+========================+======================|
|   0  NVIDIA L40S                    On  |   00000000:C1:00.0 Off |                    0 |
| N/A   35C    P8             32W /  350W |      74MiB /  46068MiB |      0%      Default |
|                                         |                        |                  N/A |
+-----------------------------------------+------------------------+----------------------+
                                                                                         
+-----------------------------------------------------------------------------------------+
| Processes:                                                                              |
|  GPU   GI   CI              PID   Type   Process name                        GPU Memory |
|        ID   ID                                                               Usage      |
|=========================================================================================|
|    0   N/A  N/A          184125      G   /usr/libexec/Xorg                        64MiB |
+-----------------------------------------------------------------------------------------+

PyTorch 2.2.1+cu118, cuda=True, device=NVIDIA L40S
Staged QCD files:   400
Staged WJets files: 200
Output dir: plots/run-lejepa-ak8-triplet-fracb-scaled
