## SLURM PROLOG ###############################################################
##    Job ID : 4060871
##  Job Name : AK8-SS-m0.2-zjets
##  Nodelist : gpu2708
##      CPUs : 1
##  Mem/Node : 90000 MB
## Directory : /oscar/home/hgao50/jetAnomalyDetection
##   Job Started : Fri Jul 17 09:11:57 AM EDT 2026
###############################################################################

==========================================
Job started at: Fri Jul 17 09:11:57 AM EDT 2026
Job ID: 4060871
Node: gpu2708
MARGIN=0.2  SIGNAL=zjets
==========================================

GPU Information (from host):
Fri Jul 17 09:11:57 2026       
+-----------------------------------------------------------------------------------------+
| NVIDIA-SMI 575.57.08              Driver Version: 575.57.08      CUDA Version: 12.9     |
|-----------------------------------------+------------------------+----------------------+
| GPU  Name                 Persistence-M | Bus-Id          Disp.A | Volatile Uncorr. ECC |
| Fan  Temp   Perf          Pwr:Usage/Cap |           Memory-Usage | GPU-Util  Compute M. |
|                                         |                        |               MIG M. |
|=========================================+========================+======================|
|   0  NVIDIA L40S                    On  |   00000000:E1:00.0 Off |                    0 |
| N/A   37C    P8             32W /  350W |      77MiB /  46068MiB |      0%      Default |
|                                         |                        |                  N/A |
+-----------------------------------------+------------------------+----------------------+
                                                                                         
+-----------------------------------------------------------------------------------------+
| Processes:                                                                              |
|  GPU   GI   CI              PID   Type   Process name                        GPU Memory |
|        ID   ID                                                               Usage      |
|=========================================================================================|
|    0   N/A  N/A          157414      G   /usr/libexec/Xorg                        64MiB |
+-----------------------------------------------------------------------------------------+

PyTorch 2.2.1+cu118, cuda=True, device=NVIDIA L40S
Staged qcd: 395 files -> /tmp/ak8_semisup_zjets_m0.2_4060871/qcd
Staged wjets: 200 files -> /tmp/ak8_semisup_zjets_m0.2_4060871/wjets
Staged ttbar: 199 files -> /tmp/ak8_semisup_zjets_m0.2_4060871/ttbar
Staged hbb: 188 files -> /tmp/ak8_semisup_zjets_m0.2_4060871/hbb
Staged signal zjets: 200 files -> /tmp/ak8_semisup_zjets_m0.2_4060871/signal_zjets
Background dirs: /tmp/ak8_semisup_zjets_m0.2_4060871/qcd,/tmp/ak8_semisup_zjets_m0.2_4060871/wjets,/tmp/ak8_semisup_zjets_m0.2_4060871/ttbar,/tmp/ak8_semisup_zjets_m0.2_4060871/hbb
Background names: QCD,WJets,TTbar,Hbb
Signal: zjets (ZJets)
Margin: 0.2
Output dir: plots/run-lejepa-ak8-semisup-m0.2-zjets
Streaming backgrounds from /tmp/ak8_semisup_zjets_m0.2_4060871/qcd,/tmp/ak8_semisup_zjets_m0.2_4060871/wjets,/tmp/ak8_semisup_zjets_m0.2_4060871/ttbar,/tmp/ak8_semisup_zjets_m0.2_4060871/hbb
Streaming signal from /tmp/ak8_semisup_zjets_m0.2_4060871/signal_zjets
Node feature names: ['eta', 'phi', 'pt', 'd0/d0Err', 'dz/dzErr', 'charge', 'mass', 'log_pt', 'pdgId_-211', 'pdgId_-13', 'pdgId_-11', 'pdgId_11', 'pdgId_13', 'pdgId_22', 'pdgId_130', 'pdgId_211']
Streaming mode: discovering ROOT shards (no full in-memory load).
  class 0 (QCD): 395 ROOT files
  class 1 (WJets): 200 ROOT files
  class 2 (TTbar): 199 ROOT files
  class 3 (Hbb): 188 ROOT files
  split QCD: train_files=355 val_files=40
  split WJets: train_files=180 val_files=20
  split TTbar: train_files=179 val_files=20
  split Hbb: train_files=169 val_files=19
  signal (ZJets): 200 ROOT files
Streaming configured: steps_per_epoch=1000, val_steps=100, eval_steps=100
Streaming datasets already prepared in load(); skipping RAM materialization.
Skipping feature plots in streaming mode.
Selected SSL model: semi-sup-triplet
Model summary:
LeJEPASemiSupervisedTripletParticleTransformerRepresentation(
  (node_embedding): NodeEmbedding(
    (net): Sequential(
      (0): Linear(in_features=16, out_features=128, bias=True)
      (1): GELU(approximate='none')
      (2): LayerNorm((128,), eps=1e-05, elementwise_affine=True)
      (3): Linear(in_features=128, out_features=512, bias=True)
      (4): GELU(approximate='none')
      (5): LayerNorm((512,), eps=1e-05, elementwise_affine=True)
      (6): Linear(in_features=512, out_features=128, bias=True)
      (7): Dropout(p=0.1, inplace=False)
    )
  )
  (pairwise_bias): PairwiseAttentionBias(
    (mlp): Sequential(
      (0): RMSNorm()
      (1): Linear(in_features=4, out_features=16, bias=True)
      (2): SiLU()
      (3): Dropout(p=0.1, inplace=False)
      (4): Linear(in_features=16, out_features=16, bias=True)
      (5): SiLU()
      (6): Dropout(p=0.1, inplace=False)
      (7): Linear(in_features=16, out_features=8, bias=True)
    )
  )
  (encoder): ParticleTransformerEncoder(
    (layers): ModuleList(
      (0-7): 8 x ParticleTransformerBlock(
        (attn_norm): RMSNorm()
        (self_attn): MultiheadAttention(
          (out_proj): NonDynamicallyQuantizableLinear(in_features=128, out_features=128, bias=True)
        )
        (attn_dropout): Dropout(p=0.1, inplace=False)
        (ffn_norm): RMSNorm()
        (ffn): SwiGLUFFN(
          (fc1): Linear(in_features=128, out_features=1024, bias=True)
          (act): SwiGLU()
          (fc2): Linear(in_features=512, out_features=128, bias=True)
          (dropout): Dropout(p=0.1, inplace=False)
        )
      )
    )
  )
  (cls_pooling): CLSPooling(
    (layers): ModuleList(
      (0-1): 2 x ClassAttentionBlock(
        (query_norm): LayerNorm((128,), eps=1e-05, elementwise_affine=True)
        (context_norm): LayerNorm((128,), eps=1e-05, elementwise_affine=True)
        (attn): MultiheadAttention(
          (out_proj): NonDynamicallyQuantizableLinear(in_features=128, out_features=128, bias=True)
        )
        (attn_dropout): Dropout(p=0.0, inplace=False)
        (ffn_norm): LayerNorm((128,), eps=1e-05, elementwise_affine=True)
        (ffn): Sequential(
          (0): Linear(in_features=128, out_features=512, bias=True)
          (1): GELU(approximate='none')
          (2): Dropout(p=0.0, inplace=False)
          (3): Linear(in_features=512, out_features=128, bias=True)
          (4): Dropout(p=0.0, inplace=False)
        )
      )
    )
  )
  (representation_head): RepresentationHead(
    (net): Sequential(
      (0): RMSNorm()
      (1): Linear(in_features=128, out_features=128, bias=True)
      (2): SiLU()
      (3): Dropout(p=0.1, inplace=False)
      (4): Linear(in_features=128, out_features=128, bias=True)
    )
  )
  (augmentation): MultiViewAugmentation()
  (negative_augmentation): CorruptedNegativeAugmentation()
  (loss): LeJEPASIGRegTripletClassificationLoss(
    (triplet_loss): LeJEPASIGRegTripletLoss(
      (lejepa_loss): LeJEPASIGRegLoss(
        (sigreg_loss_fn): SlicingUnivariateTest(
          (univariate_test): EppsPulley()
        )
      )
    )
  )
  (classification_head): CategoricalClassificationHead(
    (net): Sequential(
      (0): RMSNorm()
      (1): Linear(in_features=128, out_features=128, bias=True)
      (2): SiLU()
      (3): Dropout(p=0.1, inplace=False)
      (4): Linear(in_features=128, out_features=4, bias=True)
    )
  )
)
Number of trainable parameters: 2695664
Skipping augmentation sample plots.
Initialized run summary at plots/run-lejepa-ak8-semisup-m0.2-zjets/summary.json

Epoch [1/12]
Learning rate: 1e-07
Saved new best model state_dict to plots/run-lejepa-ak8-semisup-m0.2-zjets/best_model.pth
Saved last model state_dict to plots/run-lejepa-ak8-semisup-m0.2-zjets/last_model.pth
Epoch 1 train losses: {'total_loss': 1.8348737644553184, 'invariant_loss': 0.22341554162837565, 'sigreg_loss': 77.033125, 'triplet_loss': 0.05836663228366524, 'triplet_pos_distance': 0.057964531121077016, 'triplet_neg_distance': 0.6089409680729732, 'classification_loss': 1.301610881090164}
Epoch 1 val losses: {'total_loss': 0.8329398304224014, 'invariant_loss': 0.14374924026429653, 'sigreg_loss': 31.22375, 'triplet_loss': 0.027865731976926326, 'triplet_pos_distance': 0.02633483146317303, 'triplet_neg_distance': 1.017071087360382, 'classification_loss': 1.2374552047252656}
Updated run summary at plots/run-lejepa-ak8-semisup-m0.2-zjets/summary.json

Epoch [2/12]
Learning rate: 0.0001001
Saved new best model state_dict to plots/run-lejepa-ak8-semisup-m0.2-zjets/best_model.pth
Saved last model state_dict to plots/run-lejepa-ak8-semisup-m0.2-zjets/last_model.pth
Epoch 2 train losses: {'total_loss': 0.7074140561819077, 'invariant_loss': 0.20230360065400602, 'sigreg_loss': 22.0814375, 'triplet_loss': 0.016601440805010498, 'triplet_pos_distance': 0.05577030454203486, 'triplet_neg_distance': 1.1765747250914573, 'classification_loss': 1.2367015495300293}
Epoch 2 val losses: {'total_loss': 0.5831650233268738, 'invariant_loss': 0.13261599481105804, 'sigreg_loss': 19.4025, 'triplet_loss': 0.019599818633869292, 'triplet_pos_distance': 0.024432924231514334, 'triplet_neg_distance': 1.2461760866641998, 'classification_loss': 1.2108434295654298}
Updated run summary at plots/run-lejepa-ak8-semisup-m0.2-zjets/summary.json

Epoch [3/12]
Learning rate: 0.0002001
Saved new best model state_dict to plots/run-lejepa-ak8-semisup-m0.2-zjets/best_model.pth
Saved last model state_dict to plots/run-lejepa-ak8-semisup-m0.2-zjets/last_model.pth
Epoch 3 train losses: {'total_loss': 0.5834746795594692, 'invariant_loss': 0.19818824169039725, 'sigreg_loss': 16.2116875, 'triplet_loss': 0.010602054156828671, 'triplet_pos_distance': 0.0566950264647603, 'triplet_neg_distance': 1.3536099503040313, 'classification_loss': 1.1997004178762436}
Epoch 3 val losses: {'total_loss': 0.5078041824698448, 'invariant_loss': 0.12664277471601962, 'sigreg_loss': 16.048125, 'triplet_loss': 0.01145290580112487, 'triplet_pos_distance': 0.023923830520361664, 'triplet_neg_distance': 1.4114415812492371, 'classification_loss': 1.1819629776477814}
Updated run summary at plots/run-lejepa-ak8-semisup-m0.2-zjets/summary.json

Epoch [4/12]
Learning rate: 0.0003001
Saved new best model state_dict to plots/run-lejepa-ak8-semisup-m0.2-zjets/best_model.pth
Saved last model state_dict to plots/run-lejepa-ak8-semisup-m0.2-zjets/last_model.pth
Epoch 4 train losses: {'total_loss': 0.5231943968534469, 'invariant_loss': 0.18742323088645935, 'sigreg_loss': 13.794875, 'triplet_loss': 0.007400544746080414, 'triplet_pos_distance': 0.054368321016430854, 'triplet_neg_distance': 1.460598743081093, 'classification_loss': 1.1824190583229064}
Epoch 4 val losses: {'total_loss': 0.4832846376299858, 'invariant_loss': 0.11359410479664803, 'sigreg_loss': 15.486875, 'triplet_loss': 0.010606943811289966, 'triplet_pos_distance': 0.020308956606313586, 'triplet_neg_distance': 1.395094976425171, 'classification_loss': 1.1761124014854432}
Updated run summary at plots/run-lejepa-ak8-semisup-m0.2-zjets/summary.json

Epoch [5/12]
Learning rate: 0.0004001
Saved new best model state_dict to plots/run-lejepa-ak8-semisup-m0.2-zjets/best_model.pth
Saved last model state_dict to plots/run-lejepa-ak8-semisup-m0.2-zjets/last_model.pth
Mahalanobis metrics saved to plots/run-lejepa-ak8-semisup-m0.2-zjets/mahalanobis_eval/epoch_0005/mahalanobis_metrics.json
Mahalanobis AUC, QCD+WJets+TTbar+Hbb train vs ZJets: 0.526645
Mahalanobis AUC, QCD+WJets+TTbar+Hbb val vs ZJets: 0.514112
Epoch 5 train losses: {'total_loss': 0.4870818962752819, 'invariant_loss': 0.18056491565704347, 'sigreg_loss': 12.35125, 'triplet_loss': 0.006670700601069257, 'triplet_pos_distance': 0.05140388160571456, 'triplet_neg_distance': 1.4536393586397172, 'classification_loss': 1.1767247123122215}
Epoch 5 val losses: {'total_loss': 0.42969110995531085, 'invariant_loss': 0.11099867962300777, 'sigreg_loss': 12.98625, 'triplet_loss': 0.008731451644562184, 'triplet_pos_distance': 0.020321128712967037, 'triplet_neg_distance': 1.417752869129181, 'classification_loss': 1.161854498386383}
Updated run summary at plots/run-lejepa-ak8-semisup-m0.2-zjets/summary.json

Epoch [6/12]
Learning rate: 0.0005001
Saved new best model state_dict to plots/run-lejepa-ak8-semisup-m0.2-zjets/best_model.pth
Saved last model state_dict to plots/run-lejepa-ak8-semisup-m0.2-zjets/last_model.pth
Epoch 6 train losses: {'total_loss': 0.462302265137434, 'invariant_loss': 0.17653279913961886, 'sigreg_loss': 11.321125, 'triplet_loss': 0.006214306789916009, 'triplet_pos_distance': 0.04990574207156897, 'triplet_neg_distance': 1.4292447580099106, 'classification_loss': 1.1745621975064278}
Epoch 6 val losses: {'total_loss': 0.4157361963391304, 'invariant_loss': 0.10432319544255733, 'sigreg_loss': 12.6275, 'triplet_loss': 0.008071084483526647, 'triplet_pos_distance': 0.019442148213274776, 'triplet_neg_distance': 1.3364478266239166, 'classification_loss': 1.1615319073200225}
Updated run summary at plots/run-lejepa-ak8-semisup-m0.2-zjets/summary.json

Epoch [7/12]
Learning rate: 0.0006001
Saved new best model state_dict to plots/run-lejepa-ak8-semisup-m0.2-zjets/best_model.pth
Saved last model state_dict to plots/run-lejepa-ak8-semisup-m0.2-zjets/last_model.pth
Epoch 7 train losses: {'total_loss': 0.446866712808609, 'invariant_loss': 0.17292380519211292, 'sigreg_loss': 10.7795625, 'triplet_loss': 0.0058566181168425826, 'triplet_pos_distance': 0.04914861600473523, 'triplet_neg_distance': 1.4315512154102326, 'classification_loss': 1.1552112535834314}
Epoch 7 val losses: {'total_loss': 0.3956026178598404, 'invariant_loss': 0.11288661278784275, 'sigreg_loss': 11.25375, 'triplet_loss': 0.0081162233883515, 'triplet_pos_distance': 0.02012610960751772, 'triplet_neg_distance': 1.3452987802028655, 'classification_loss': 1.1365251708030701}
Updated run summary at plots/run-lejepa-ak8-semisup-m0.2-zjets/summary.json

Epoch [8/12]
Learning rate: 0.0007001
Saved new best model state_dict to plots/run-lejepa-ak8-semisup-m0.2-zjets/best_model.pth
Saved last model state_dict to plots/run-lejepa-ak8-semisup-m0.2-zjets/last_model.pth
Epoch 8 train losses: {'total_loss': 0.43510418096184733, 'invariant_loss': 0.1702531516775489, 'sigreg_loss': 10.347875, 'triplet_loss': 0.005806722292443737, 'triplet_pos_distance': 0.04837114684097469, 'triplet_neg_distance': 1.4330245304107665, 'classification_loss': 1.1462469334602357}
Epoch 8 val losses: {'total_loss': 0.38601074695587156, 'invariant_loss': 0.10279998257756233, 'sigreg_loss': 11.288125, 'triplet_loss': 0.007257167967036366, 'triplet_pos_distance': 0.017760740872472525, 'triplet_neg_distance': 1.331068571805954, 'classification_loss': 1.1338806295394896}
Updated run summary at plots/run-lejepa-ak8-semisup-m0.2-zjets/summary.json

Epoch [9/12]
Learning rate: 0.0008001
Saved new best model state_dict to plots/run-lejepa-ak8-semisup-m0.2-zjets/best_model.pth
Saved last model state_dict to plots/run-lejepa-ak8-semisup-m0.2-zjets/last_model.pth
Epoch 9 train losses: {'total_loss': 0.4261615773439407, 'invariant_loss': 0.16886619265377523, 'sigreg_loss': 9.9578125, 'triplet_loss': 0.005606947320629842, 'triplet_pos_distance': 0.04746671277284622, 'triplet_neg_distance': 1.4386838480234145, 'classification_loss': 1.1516077795624733}
Epoch 9 val losses: {'total_loss': 0.37472573906183243, 'invariant_loss': 0.11012135930359364, 'sigreg_loss': 10.324375, 'triplet_loss': 0.006741664111614227, 'triplet_pos_distance': 0.01898307014722377, 'triplet_neg_distance': 1.440593535900116, 'classification_loss': 1.1483308625221254}
Updated run summary at plots/run-lejepa-ak8-semisup-m0.2-zjets/summary.json

Epoch [10/12]
Learning rate: 0.0009001
Saved last model state_dict to plots/run-lejepa-ak8-semisup-m0.2-zjets/last_model.pth
Mahalanobis metrics saved to plots/run-lejepa-ak8-semisup-m0.2-zjets/mahalanobis_eval/epoch_0010/mahalanobis_metrics.json
Mahalanobis AUC, QCD+WJets+TTbar+Hbb train vs ZJets: 0.514955
Mahalanobis AUC, QCD+WJets+TTbar+Hbb val vs ZJets: 0.507541
Epoch 10 train losses: {'total_loss': 0.42301664799451827, 'invariant_loss': 0.16824979097396137, 'sigreg_loss': 9.82803125, 'triplet_loss': 0.005507058514747768, 'triplet_pos_distance': 0.04705456053465605, 'triplet_neg_distance': 1.4515867871046066, 'classification_loss': 1.153365915119648}
Epoch 10 val losses: {'total_loss': 0.383026422560215, 'invariant_loss': 0.10253129303455352, 'sigreg_loss': 11.14, 'triplet_loss': 0.007574860767927021, 'triplet_pos_distance': 0.019215804492123425, 'triplet_neg_distance': 1.2869701194763183, 'classification_loss': 1.1386981689929963}
Updated run summary at plots/run-lejepa-ak8-semisup-m0.2-zjets/summary.json

Epoch [11/12]
Learning rate: 0.001
Saved new best model state_dict to plots/run-lejepa-ak8-semisup-m0.2-zjets/best_model.pth
Saved last model state_dict to plots/run-lejepa-ak8-semisup-m0.2-zjets/last_model.pth
Epoch 11 train losses: {'total_loss': 0.410018678933382, 'invariant_loss': 0.16572627906501294, 'sigreg_loss': 9.30734375, 'triplet_loss': 0.005204021227546036, 'triplet_pos_distance': 0.046097558392211795, 'triplet_neg_distance': 1.4341528189182282, 'classification_loss': 1.1522953780293466}
Epoch 11 val losses: {'total_loss': 0.3512455433607101, 'invariant_loss': 0.101425661444664, 'sigreg_loss': 9.6390625, 'triplet_loss': 0.006113925876561553, 'triplet_pos_distance': 0.017991040544584395, 'triplet_neg_distance': 1.3789151525497436, 'classification_loss': 1.128896374106407}
Updated run summary at plots/run-lejepa-ak8-semisup-m0.2-zjets/summary.json

Epoch [12/12]
Learning rate: 0.0005005
Saved new best model state_dict to plots/run-lejepa-ak8-semisup-m0.2-zjets/best_model.pth
Saved last model state_dict to plots/run-lejepa-ak8-semisup-m0.2-zjets/last_model.pth
Mahalanobis metrics saved to plots/run-lejepa-ak8-semisup-m0.2-zjets/mahalanobis_eval/epoch_0012/mahalanobis_metrics.json
Mahalanobis AUC, QCD+WJets+TTbar+Hbb train vs ZJets: 0.527055
Mahalanobis AUC, QCD+WJets+TTbar+Hbb val vs ZJets: 0.514172
Epoch 12 train losses: {'total_loss': 0.38381891149282454, 'invariant_loss': 0.1585407784730196, 'sigreg_loss': 8.432375, 'triplet_loss': 0.00435035420244094, 'triplet_pos_distance': 0.04498313174769282, 'triplet_neg_distance': 1.4495123856067658, 'classification_loss': 1.1240884478092195}
Epoch 12 val losses: {'total_loss': 0.3341450682282448, 'invariant_loss': 0.09635733664035798, 'sigreg_loss': 9.081875, 'triplet_loss': 0.005800563837401569, 'triplet_pos_distance': 0.017538909036666155, 'triplet_neg_distance': 1.3847814345359801, 'classification_loss': 1.1107550805807114}
Updated run summary at plots/run-lejepa-ak8-semisup-m0.2-zjets/summary.json
Saved run summary to plots/run-lejepa-ak8-semisup-m0.2-zjets/summary.json
Job finished at: Fri Jul 17 10:19:19 AM EDT 2026
