## SLURM PROLOG ###############################################################
##    Job ID : 3718514
##  Job Name : JETANOMALY
##  Nodelist : gpu3102
##      CPUs : 1
##  Mem/Node : 32000 MB
## Directory : /oscar/home/lwang223/jetAnomalyDetection
##   Job Started : Wed Jul  8 08:37:38 AM EDT 2026
###############################################################################

==========================================
Job started at: Wed Jul  8 08:37:38 AM EDT 2026
Job ID: 3718514
Node: gpu3102
==========================================

GPU Information (from host):
Wed Jul  8 08:37:38 2026       
+-----------------------------------------------------------------------------------------+
| NVIDIA-SMI 575.57.08              Driver Version: 575.57.08      CUDA Version: 12.9     |
|-----------------------------------------+------------------------+----------------------+
| GPU  Name                 Persistence-M | Bus-Id          Disp.A | Volatile Uncorr. ECC |
| Fan  Temp   Perf          Pwr:Usage/Cap |           Memory-Usage | GPU-Util  Compute M. |
|                                         |                        |               MIG M. |
|=========================================+========================+======================|
|   0  NVIDIA L40S                    On  |   00000000:E1:00.0 Off |                    0 |
| N/A   50C    P8             67W /  350W |      74MiB /  46068MiB |      0%      Default |
|                                         |                        |                  N/A |
+-----------------------------------------+------------------------+----------------------+
                                                                                         
+-----------------------------------------------------------------------------------------+
| Processes:                                                                              |
|  GPU   GI   CI              PID   Type   Process name                        GPU Memory |
|        ID   ID                                                               Usage      |
|=========================================================================================|
|    0   N/A  N/A          158297      G   /usr/libexec/Xorg                        64MiB |
+-----------------------------------------------------------------------------------------+

PyTorch version: 2.6.0+cu124
Loading background from data/processed/qcd-vs-wjet-pt-200to400/QCD_scaled_scaled.pkl
Loading signal from data/processed/qcd-vs-wjet-pt-200to400/WJet_scaled_scaled.pkl
Background rows: 125183
Signal rows: 4067
Background columns: ['pt', 'eta', 'phi', 'fj_phi', 'fj_eta', 'fj_pt', 'fj_mass', 'fj_msoftdrop', 'fj_particleNetWithMass_QCD', 'fj_particleNet_XbbVsQCD', 'fj_particleNet_XccVsQCD', 'fj_particleNet_XqqVsQCD', 'fj_particleNet_QCD', 'fj_particleNet_massCorr', 'trkHighPurity', 'charge', 'lostInnerHits', 'lostOuterHits', 'numberOfHits', 'numberOfPixelHits', 'pdgId', 'pvAssocQuality', 'trkAlgo', 'trkQuality', 'd0', 'd0Err', 'dz', 'dzErr', 'mass', 'puppiWeight', 'puppiWeightNoLep', 'trkChi2', 'trkEta', 'trkP', 'trkPhi', 'trkPt', 'vtxChi2', 'dz/dzErr', 'd0/d0Err', 'dR', 'within_bounds', 'log_pt', 'pdgId_-211', 'pdgId_-13', 'pdgId_-11', 'pdgId_11', 'pdgId_13', 'pdgId_22', 'pdgId_130', 'pdgId_211']
Signal columns: ['pt', 'eta', 'phi', 'fj_phi', 'fj_eta', 'fj_pt', 'fj_mass', 'fj_msoftdrop', 'fj_particleNetWithMass_QCD', 'fj_particleNet_XbbVsQCD', 'fj_particleNet_XccVsQCD', 'fj_particleNet_XqqVsQCD', 'fj_particleNet_QCD', 'fj_particleNet_massCorr', 'trkHighPurity', 'charge', 'lostInnerHits', 'lostOuterHits', 'numberOfHits', 'numberOfPixelHits', 'pdgId', 'pvAssocQuality', 'trkAlgo', 'trkQuality', 'd0', 'd0Err', 'dz', 'dzErr', 'mass', 'puppiWeight', 'puppiWeightNoLep', 'trkChi2', 'trkEta', 'trkP', 'trkPhi', 'trkPt', 'vtxChi2', 'dz/dzErr', 'd0/d0Err', 'dR', 'within_bounds', 'log_pt', 'pdgId_-211', 'pdgId_-13', 'pdgId_-11', 'pdgId_11', 'pdgId_13', 'pdgId_22', 'pdgId_130', 'pdgId_211']
Background rows: 125183
Signal rows: 4067
Node feature names: ['eta', 'phi', 'pt', 'd0/d0Err', 'dz/dzErr', 'charge', 'mass', 'log_pt', 'pdgId_-211', 'pdgId_-13', 'pdgId_-11', 'pdgId_11', 'pdgId_13', 'pdgId_22', 'pdgId_130', 'pdgId_211']
Loading background node tensors...
Skipping event 690 due to error: Too few nodes: 3.
Skipping event 903 due to error: Too few nodes: 2.
Skipping event 1095 due to error: Too few nodes: 3.
Skipping event 2302 due to error: Feature eta is not one-dimensional.
Skipping event 2708 due to error: Too few nodes: 3.
Skipping event 2795 due to error: Too few nodes: 3.
Skipping event 2994 due to error: Too few nodes: 2.
Skipping event 5169 due to error: Too few nodes: 3.
Skipping event 5404 due to error: Too few nodes: 3.
Skipping event 6126 due to error: Too few nodes: 3.
Skipping event 7154 due to error: Too few nodes: 2.
Skipping event 7657 due to error: Feature eta is not one-dimensional.
Skipping event 7661 due to error: Too few nodes: 3.
Skipping event 8113 due to error: Too few nodes: 3.
Skipping event 8834 due to error: Too few nodes: 3.
Skipping event 9508 due to error: Too few nodes: 3.
Skipping event 11309 due to error: Too few nodes: 3.
Skipping event 11442 due to error: Feature eta is not one-dimensional.
Skipping event 11894 due to error: Too few nodes: 2.
Skipping event 14069 due to error: Too few nodes: 3.
Skipping event 14304 due to error: Too few nodes: 3.
Skipping event 14898 due to error: Too few nodes: 3.
Skipping event 15402 due to error: Too few nodes: 3.
Skipping event 15714 due to error: Too few nodes: 3.
Skipping event 17191 due to error: Too few nodes: 3.
Skipping event 18023 due to error: Too few nodes: 3.
Skipping event 18236 due to error: Too few nodes: 2.
Skipping event 18428 due to error: Too few nodes: 3.
Skipping event 19635 due to error: Feature eta is not one-dimensional.
Skipping event 20041 due to error: Too few nodes: 3.
Skipping event 20128 due to error: Too few nodes: 3.
Skipping event 20547 due to error: Too few nodes: 3.
Skipping event 21051 due to error: Too few nodes: 3.
Skipping event 21363 due to error: Too few nodes: 3.
Skipping event 22840 due to error: Too few nodes: 3.
Skipping event 23501 due to error: Too few nodes: 3.
Skipping event 24529 due to error: Too few nodes: 2.
Skipping event 25032 due to error: Feature eta is not one-dimensional.
Skipping event 25036 due to error: Too few nodes: 3.
Skipping event 25488 due to error: Too few nodes: 3.
Skipping event 26501 due to error: Too few nodes: 2.
Skipping event 26745 due to error: Too few nodes: 3.
Skipping event 26797 due to error: Feature eta is not one-dimensional.
Skipping event 28975 due to error: Too few nodes: 3.
Skipping event 30073 due to error: Too few nodes: 2.
Skipping event 30296 due to error: Too few nodes: 3.
Skipping event 30607 due to error: Feature eta is not one-dimensional.
Skipping event 31301 due to error: Too few nodes: 3.
Skipping event 32017 due to error: Too few nodes: 3.
Skipping event 32548 due to error: Too few nodes: 3.
Skipping event 32565 due to error: Feature eta is not one-dimensional.
Skipping event 34074 due to error: Too few nodes: 3.
Skipping event 38606 due to error: Too few nodes: 3.
Skipping event 38898 due to error: Too few nodes: 3.
Skipping event 39034 due to error: Too few nodes: 3.
Skipping event 39128 due to error: Too few nodes: 2.
Skipping event 39261 due to error: Too few nodes: 2.
Skipping event 39683 due to error: Too few nodes: 3.
Skipping event 39904 due to error: Too few nodes: 2.
Skipping event 39920 due to error: Too few nodes: 3.
Skipping event 40251 due to error: Too few nodes: 3.
Skipping event 40531 due to error: Too few nodes: 3.
Skipping event 40688 due to error: Too few nodes: 3.
Skipping event 41335 due to error: Too few nodes: 3.
Skipping event 42412 due to error: Too few nodes: 3.
Skipping event 43032 due to error: Too few nodes: 3.
Skipping event 43513 due to error: Too few nodes: 2.
Skipping event 44435 due to error: Too few nodes: 3.
Skipping event 44692 due to error: Too few nodes: 3.
Skipping event 45037 due to error: Too few nodes: 3.
Skipping event 45650 due to error: Too few nodes: 3.
Skipping event 45655 due to error: Too few nodes: 2.
Skipping event 45982 due to error: Too few nodes: 3.
Skipping event 47039 due to error: Too few nodes: 3.
Skipping event 47921 due to error: Too few nodes: 3.
Skipping event 48534 due to error: Too few nodes: 3.
Skipping event 48539 due to error: Too few nodes: 2.
Skipping event 48866 due to error: Too few nodes: 3.
Skipping event 49923 due to error: Too few nodes: 3.
Skipping event 50914 due to error: Too few nodes: 2.
Skipping event 51072 due to error: Too few nodes: 3.
Skipping event 51443 due to error: Too few nodes: 2.
Skipping event 51686 due to error: Too few nodes: 3.
Skipping event 53388 due to error: Too few nodes: 3.
Skipping event 53761 due to error: Too few nodes: 2.
Skipping event 53919 due to error: Too few nodes: 3.
Skipping event 54290 due to error: Too few nodes: 2.
Skipping event 54533 due to error: Too few nodes: 3.
Skipping event 56235 due to error: Too few nodes: 3.
Skipping event 56461 due to error: Too few nodes: 3.
Skipping event 56740 due to error: Too few nodes: 3.
Skipping event 56926 due to error: Too few nodes: 3.
Skipping event 56958 due to error: Too few nodes: 2.
Skipping event 57153 due to error: Too few nodes: 3.
Skipping event 57865 due to error: Too few nodes: 3.
Skipping event 58521 due to error: Too few nodes: 2.
Skipping event 58689 due to error: Too few nodes: 3.
Skipping event 59271 due to error: Too few nodes: 3.
Skipping event 59550 due to error: Too few nodes: 3.
Skipping event 59736 due to error: Too few nodes: 3.
Skipping event 59768 due to error: Too few nodes: 2.
Skipping event 59963 due to error: Too few nodes: 3.
Skipping event 60675 due to error: Too few nodes: 3.
Skipping event 61331 due to error: Too few nodes: 2.
Skipping event 61499 due to error: Too few nodes: 3.
Skipping event 62909 due to error: Too few nodes: 3.
Skipping event 63270 due to error: Too few nodes: 3.
Skipping event 65653 due to error: Too few nodes: 3.
Skipping event 65790 due to error: Too few nodes: 3.
Skipping event 66176 due to error: Too few nodes: 3.
Skipping event 67708 due to error: Too few nodes: 3.
Skipping event 67815 due to error: Feature eta is not one-dimensional.
Skipping event 68612 due to error: Too few nodes: 3.
Skipping event 68748 due to error: Too few nodes: 3.
Skipping event 68842 due to error: Too few nodes: 2.
Skipping event 68975 due to error: Too few nodes: 2.
Skipping event 69397 due to error: Too few nodes: 3.
Skipping event 69618 due to error: Too few nodes: 2.
Skipping event 69634 due to error: Too few nodes: 3.
Skipping event 69965 due to error: Too few nodes: 3.
Skipping event 70245 due to error: Too few nodes: 3.
Skipping event 70402 due to error: Too few nodes: 3.
Skipping event 71049 due to error: Too few nodes: 3.
Skipping event 71536 due to error: Feature eta is not one-dimensional.
Skipping event 71785 due to error: Too few nodes: 3.
Skipping event 73274 due to error: Too few nodes: 3.
Skipping event 74443 due to error: Feature eta is not one-dimensional.
Skipping event 75302 due to error: Too few nodes: 3.
Skipping event 75390 due to error: Too few nodes: 3.
Skipping event 75674 due to error: Too few nodes: 2.
Skipping event 76596 due to error: Too few nodes: 3.
Skipping event 77345 due to error: Too few nodes: 2.
Skipping event 77886 due to error: Too few nodes: 3.
Skipping event 78065 due to error: Too few nodes: 3.
Skipping event 78431 due to error: Too few nodes: 3.
Skipping event 78724 due to error: Too few nodes: 3.
Skipping event 78928 due to error: Too few nodes: 3.
Skipping event 79810 due to error: Too few nodes: 3.
Skipping event 79834 due to error: Too few nodes: 3.
Skipping event 80508 due to error: Too few nodes: 3.
Skipping event 80533 due to error: Too few nodes: 3.
Skipping event 81132 due to error: Too few nodes: 2.
Skipping event 81302 due to error: Too few nodes: 3.
Skipping event 82490 due to error: Feature eta is not one-dimensional.
Skipping event 83555 due to error: Too few nodes: 3.
Skipping event 83734 due to error: Too few nodes: 3.
Skipping event 84100 due to error: Too few nodes: 3.
Skipping event 84393 due to error: Too few nodes: 3.
Skipping event 84597 due to error: Too few nodes: 3.
Skipping event 85479 due to error: Too few nodes: 3.
Skipping event 85503 due to error: Too few nodes: 3.
Skipping event 86177 due to error: Too few nodes: 3.
Skipping event 86202 due to error: Too few nodes: 3.
Skipping event 86801 due to error: Too few nodes: 2.
Skipping event 86971 due to error: Too few nodes: 3.
Skipping event 88159 due to error: Feature eta is not one-dimensional.
Skipping event 89495 due to error: Too few nodes: 3.
Skipping event 89583 due to error: Too few nodes: 3.
Skipping event 89867 due to error: Too few nodes: 2.
Skipping event 90789 due to error: Too few nodes: 3.
Skipping event 91538 due to error: Too few nodes: 2.
Skipping event 92007 due to error: Too few nodes: 3.
Skipping event 92032 due to error: Feature eta is not one-dimensional.
Skipping event 92060 due to error: Too few nodes: 3.
Skipping event 93981 due to error: Too few nodes: 3.
Skipping event 94046 due to error: Too few nodes: 2.
Skipping event 94859 due to error: Too few nodes: 3.
Skipping event 95045 due to error: Too few nodes: 2.
Skipping event 95981 due to error: Too few nodes: 3.
Skipping event 96012 due to error: Too few nodes: 3.
Skipping event 96576 due to error: Too few nodes: 2.
Skipping event 97076 due to error: Too few nodes: 3.
Skipping event 97737 due to error: Too few nodes: 3.
Skipping event 99216 due to error: Too few nodes: 3.
Skipping event 99303 due to error: Too few nodes: 2.
Skipping event 100467 due to error: Too few nodes: 3.
Skipping event 102812 due to error: Too few nodes: 2.
Skipping event 104013 due to error: Too few nodes: 2.
Skipping event 104949 due to error: Too few nodes: 3.
Skipping event 104980 due to error: Too few nodes: 3.
Skipping event 105544 due to error: Too few nodes: 2.
Skipping event 106044 due to error: Too few nodes: 3.
Skipping event 106705 due to error: Too few nodes: 3.
Skipping event 108184 due to error: Too few nodes: 3.
Skipping event 108271 due to error: Too few nodes: 2.
Skipping event 109435 due to error: Too few nodes: 3.
Skipping event 109839 due to error: Too few nodes: 3.
Skipping event 109938 due to error: Too few nodes: 3.
Skipping event 110823 due to error: Too few nodes: 3.
Skipping event 111524 due to error: Too few nodes: 3.
Skipping event 111617 due to error: Too few nodes: 3.
Skipping event 112090 due to error: Too few nodes: 3.
Skipping event 112401 due to error: Too few nodes: 3.
Skipping event 112481 due to error: Too few nodes: 3.
Skipping event 115973 due to error: Too few nodes: 3.
Skipping event 116072 due to error: Too few nodes: 3.
Skipping event 116957 due to error: Too few nodes: 3.
Skipping event 117658 due to error: Too few nodes: 3.
Skipping event 117751 due to error: Too few nodes: 3.
Skipping event 118224 due to error: Too few nodes: 3.
Skipping event 118535 due to error: Too few nodes: 3.
Skipping event 118615 due to error: Too few nodes: 3.
Skipping event 118925 due to error: Too few nodes: 3.
Skipping event 120230 due to error: Too few nodes: 3.
Skipping event 120663 due to error: Too few nodes: 3.
Skipping event 121186 due to error: Too few nodes: 3.
Skipping event 123050 due to error: Too few nodes: 2.
Skipping event 124371 due to error: Too few nodes: 3.
Skipping event 124715 due to error: Too few nodes: 3.
Loading signal node tensors...
Skipping event 424 due to error: Too few nodes: 3.
Skipping event 2523 due to error: Too few nodes: 2.
Skipping event 3794 due to error: Too few nodes: 3.
Loaded background train events: 99979
Loaded background val events: 24995
Loaded signal events: 4064
Feature mean: tensor([-8.9176e-05, -4.3704e-05,  3.6615e-02,  1.8351e-04, -6.9755e-06,
         3.9663e-03,  1.0762e-01, -1.2395e-02,  3.8354e-01,  9.7974e-04,
         1.6717e-03,  1.7881e-03,  9.0023e-04,  1.8262e-01,  4.0949e-02,
         3.8755e-01])
Feature std: tensor([0.1677, 0.1677, 0.0618, 1.3809, 1.1207, 0.8811, 0.0585, 0.9443, 0.4862,
        0.0313, 0.0409, 0.0422, 0.0300, 0.3864, 0.1982, 0.4872])
Example node tensor shape: torch.Size([8, 16])
Selected SSL model: mahalanobis
Model summary:
LeJEPAMahalanobisParticleTransformerRepresentation(
  (node_embedding): NodeEmbedding(
    (net): Sequential(
      (0): Linear(in_features=16, out_features=128, bias=True)
      (1): GELU(approximate='none')
      (2): LayerNorm((128,), eps=1e-05, elementwise_affine=True)
      (3): Linear(in_features=128, out_features=512, bias=True)
      (4): GELU(approximate='none')
      (5): LayerNorm((512,), eps=1e-05, elementwise_affine=True)
      (6): Linear(in_features=512, out_features=128, bias=True)
      (7): Dropout(p=0.1, inplace=False)
    )
  )
  (pairwise_bias): PairwiseAttentionBias(
    (mlp): Sequential(
      (0): RMSNorm()
      (1): Linear(in_features=4, out_features=16, bias=True)
      (2): SiLU()
      (3): Dropout(p=0.1, inplace=False)
      (4): Linear(in_features=16, out_features=16, bias=True)
      (5): SiLU()
      (6): Dropout(p=0.1, inplace=False)
      (7): Linear(in_features=16, out_features=8, bias=True)
    )
  )
  (encoder): ParticleTransformerEncoder(
    (layers): ModuleList(
      (0-7): 8 x ParticleTransformerBlock(
        (attn_norm): RMSNorm()
        (self_attn): MultiheadAttention(
          (out_proj): NonDynamicallyQuantizableLinear(in_features=128, out_features=128, bias=True)
        )
        (attn_dropout): Dropout(p=0.1, inplace=False)
        (ffn_norm): RMSNorm()
        (ffn): SwiGLUFFN(
          (fc1): Linear(in_features=128, out_features=1024, bias=True)
          (act): SwiGLU()
          (fc2): Linear(in_features=512, out_features=128, bias=True)
          (dropout): Dropout(p=0.1, inplace=False)
        )
      )
    )
  )
  (cls_pooling): CLSPooling(
    (layers): ModuleList(
      (0-1): 2 x ClassAttentionBlock(
        (query_norm): LayerNorm((128,), eps=1e-05, elementwise_affine=True)
        (context_norm): LayerNorm((128,), eps=1e-05, elementwise_affine=True)
        (attn): MultiheadAttention(
          (out_proj): NonDynamicallyQuantizableLinear(in_features=128, out_features=128, bias=True)
        )
        (attn_dropout): Dropout(p=0.0, inplace=False)
        (ffn_norm): LayerNorm((128,), eps=1e-05, elementwise_affine=True)
        (ffn): Sequential(
          (0): Linear(in_features=128, out_features=512, bias=True)
          (1): GELU(approximate='none')
          (2): Dropout(p=0.0, inplace=False)
          (3): Linear(in_features=512, out_features=128, bias=True)
          (4): Dropout(p=0.0, inplace=False)
        )
      )
    )
  )
  (representation_head): RepresentationHead(
    (net): Sequential(
      (0): RMSNorm()
      (1): Linear(in_features=128, out_features=128, bias=True)
      (2): SiLU()
      (3): Dropout(p=0.1, inplace=False)
      (4): Linear(in_features=128, out_features=128, bias=True)
    )
  )
  (augmentation): MultiViewAugmentation()
  (negative_augmentation): CorruptedNegativeAugmentation()
  (loss): LeJEPASIGRegMahalanobisLoss(
    (lejepa_loss): LeJEPASIGRegLoss(
      (sigreg_loss_fn): SlicingUnivariateTest(
        (univariate_test): EppsPulley()
      )
    )
  )
)
Number of trainable parameters: 2678508
Initialized run summary at plots/run-lejepa-mahala-0.02/summary.json

Epoch [1/50]
Learning rate: 2.5575448e-07
Saved new best model to plots/run-lejepa-mahala-0.02/best_model.pth
Collecting background train latents...
Collecting background validation latents...
Collecting signal latents...
Background train latents: (99979, 128)
Background val latents: (24995, 128)
Signal latents: (4064, 128)
Mahalanobis metrics saved to plots/run-lejepa-mahala-0.02/mahalanobis_eval/epoch_0001/mahalanobis_metrics.json
Mahalanobis AUC, QCD train vs WJet: 0.589814
Mahalanobis AUC, QCD val vs WJet: 0.586963
Epoch 1 train losses: {'total_loss': 4.2009969635692705, 'invariant_loss': 0.3366714626160043, 'sigreg_loss': 193.9878516624041, 'mahalanobis_loss': -0.7520152923396176, 'negative_mahalanobis_sq_mean': 296.56373771804067, 'negative_mahalanobis_mean': 16.846850163491485, 'ema_mean_norm': 1.5032814978943456}
Epoch 1 val losses: {'total_loss': 2.088454876627241, 'invariant_loss': 0.43056335801980933, 'sigreg_loss': 82.61734693877551, 'mahalanobis_loss': 0.2614461659472816, 'negative_mahalanobis_sq_mean': 100.32339041573661, 'negative_mahalanobis_mean': 9.97148423292199, 'ema_mean_norm': 1.0708346366882324}
Updated run summary at plots/run-lejepa-mahala-0.02/summary.json

Epoch [2/50]
Learning rate: 0.00010025575
Saved new best model to plots/run-lejepa-mahala-0.02/best_model.pth
Collecting background train latents...
Collecting background validation latents...
Collecting signal latents...
Background train latents: (99979, 128)
Background val latents: (24995, 128)
Signal latents: (4064, 128)
Mahalanobis metrics saved to plots/run-lejepa-mahala-0.02/mahalanobis_eval/epoch_0002/mahalanobis_metrics.json
Mahalanobis AUC, QCD train vs WJet: 0.525894
Mahalanobis AUC, QCD val vs WJet: 0.524224
Epoch 2 train losses: {'total_loss': 1.3556046443217247, 'invariant_loss': 0.4038250244334531, 'sigreg_loss': 48.20044757033248, 'mahalanobis_loss': -0.6112466388956055, 'negative_mahalanobis_sq_mean': 247.47135293087385, 'negative_mahalanobis_mean': 15.54450619739035, 'ema_mean_norm': 0.7061976432190527}
Epoch 2 val losses: {'total_loss': 1.1347906109021635, 'invariant_loss': 0.24181176311507516, 'sigreg_loss': 44.30612244897959, 'mahalanobis_loss': 0.3409065655907806, 'negative_mahalanobis_sq_mean': 91.84377312173649, 'negative_mahalanobis_mean': 9.561955004322286, 'ema_mean_norm': 0.5671882033348083}
Updated run summary at plots/run-lejepa-mahala-0.02/summary.json

Epoch [3/50]
Learning rate: 0.00020025575
Saved new best model to plots/run-lejepa-mahala-0.02/best_model.pth
Collecting background train latents...
Collecting background validation latents...
Collecting signal latents...
Background train latents: (99979, 128)
Background val latents: (24995, 128)
Signal latents: (4064, 128)
Mahalanobis metrics saved to plots/run-lejepa-mahala-0.02/mahalanobis_eval/epoch_0003/mahalanobis_metrics.json
Mahalanobis AUC, QCD train vs WJet: 0.530682
Mahalanobis AUC, QCD val vs WJet: 0.528189
Epoch 3 train losses: {'total_loss': 0.9470077539648851, 'invariant_loss': 0.29957349945212264, 'sigreg_loss': 32.909367007672635, 'mahalanobis_loss': -0.5399422227879009, 'negative_mahalanobis_sq_mean': 232.3573190050052, 'negative_mahalanobis_mean': 15.029916187686384, 'ema_mean_norm': 0.4532501865988192}
Epoch 3 val losses: {'total_loss': 0.878678386308709, 'invariant_loss': 0.21215250084594806, 'sigreg_loss': 33.09183673469388, 'mahalanobis_loss': 0.22281859739094365, 'negative_mahalanobis_sq_mean': 104.32607098014988, 'negative_mahalanobis_mean': 10.16778241371622, 'ema_mean_norm': 0.41679438948631287}
Updated run summary at plots/run-lejepa-mahala-0.02/summary.json

Epoch [4/50]
Learning rate: 0.00030025575
Saved new best model to plots/run-lejepa-mahala-0.02/best_model.pth
Collecting background train latents...
Collecting background validation latents...
Collecting signal latents...
Background train latents: (99979, 128)
Background val latents: (24995, 128)
Signal latents: (4064, 128)
Mahalanobis metrics saved to plots/run-lejepa-mahala-0.02/mahalanobis_eval/epoch_0004/mahalanobis_metrics.json
Mahalanobis AUC, QCD train vs WJet: 0.512770
Mahalanobis AUC, QCD val vs WJet: 0.512940
Epoch 4 train losses: {'total_loss': 0.7778815980762472, 'invariant_loss': 0.29455199883417094, 'sigreg_loss': 24.65505115089514, 'mahalanobis_loss': -0.49134883566585646, 'negative_mahalanobis_sq_mean': 221.47776521258342, 'negative_mahalanobis_mean': 14.671433607330712, 'ema_mean_norm': 0.36778523565253335}
Epoch 4 val losses: {'total_loss': 0.7858664089319657, 'invariant_loss': 0.21559805134121252, 'sigreg_loss': 28.341836734693878, 'mahalanobis_loss': 0.18214403655456038, 'negative_mahalanobis_sq_mean': 108.75680253943618, 'negative_mahalanobis_mean': 10.379193267043757, 'ema_mean_norm': 0.322780966758728}
Updated run summary at plots/run-lejepa-mahala-0.02/summary.json

Epoch [5/50]
Learning rate: 0.00040025575
Saved new best model to plots/run-lejepa-mahala-0.02/best_model.pth
Collecting background train latents...
Collecting background validation latents...
Collecting signal latents...
Background train latents: (99979, 128)
Background val latents: (24995, 128)
Signal latents: (4064, 128)
Mahalanobis metrics saved to plots/run-lejepa-mahala-0.02/mahalanobis_eval/epoch_0005/mahalanobis_metrics.json
Mahalanobis AUC, QCD train vs WJet: 0.531881
Mahalanobis AUC, QCD val vs WJet: 0.530494
Epoch 5 train losses: {'total_loss': 0.6907131568245266, 'invariant_loss': 0.3002252291383036, 'sigreg_loss': 19.976023017902815, 'mahalanobis_loss': -0.45255096969397174, 'negative_mahalanobis_sq_mean': 212.34011364714874, 'negative_mahalanobis_mean': 14.377899540659717, 'ema_mean_norm': 0.28175114655433714}
Epoch 5 val losses: {'total_loss': 0.6256239079699224, 'invariant_loss': 0.20269549105848586, 'sigreg_loss': 20.975765306122447, 'mahalanobis_loss': 0.16726744539883673, 'negative_mahalanobis_sq_mean': 110.48696416738082, 'negative_mahalanobis_mean': 10.458889075687953, 'ema_mean_norm': 0.2517679035663605}
Updated run summary at plots/run-lejepa-mahala-0.02/summary.json

Epoch [6/50]
Learning rate: 0.00050025575
Saved new best model to plots/run-lejepa-mahala-0.02/best_model.pth
Collecting background train latents...
Collecting background validation latents...
Collecting signal latents...
Background train latents: (99979, 128)
Background val latents: (24995, 128)
Signal latents: (4064, 128)
Mahalanobis metrics saved to plots/run-lejepa-mahala-0.02/mahalanobis_eval/epoch_0006/mahalanobis_metrics.json
Mahalanobis AUC, QCD train vs WJet: 0.530273
Mahalanobis AUC, QCD val vs WJet: 0.527574
Epoch 6 train losses: {'total_loss': 0.6351551431829058, 'invariant_loss': 0.30614387607940324, 'sigreg_loss': 16.867487212276213, 'mahalanobis_loss': -0.4177433469563799, 'negative_mahalanobis_sq_mean': 204.4112195261299, 'negative_mahalanobis_mean': 14.118833973584577, 'ema_mean_norm': 0.25926487635621026}
Epoch 6 val losses: {'total_loss': 0.5926758887208238, 'invariant_loss': 0.2098100439322238, 'sigreg_loss': 19.06377551020408, 'mahalanobis_loss': 0.0793971492319691, 'negative_mahalanobis_sq_mean': 120.88204411097935, 'negative_mahalanobis_mean': 10.934346928888438, 'ema_mean_norm': 0.2514552175998688}
Updated run summary at plots/run-lejepa-mahala-0.02/summary.json

Epoch [7/50]
Learning rate: 0.00060025575
Saved new best model to plots/run-lejepa-mahala-0.02/best_model.pth
Collecting background train latents...
Collecting background validation latents...
Collecting signal latents...
Background train latents: (99979, 128)
Background val latents: (24995, 128)
Signal latents: (4064, 128)
Mahalanobis metrics saved to plots/run-lejepa-mahala-0.02/mahalanobis_eval/epoch_0007/mahalanobis_metrics.json
Mahalanobis AUC, QCD train vs WJet: 0.538715
Mahalanobis AUC, QCD val vs WJet: 0.537405
Epoch 7 train losses: {'total_loss': 0.5976238827723677, 'invariant_loss': 0.30481170190264806, 'sigreg_loss': 15.029891304347826, 'mahalanobis_loss': -0.39033650483011895, 'negative_mahalanobis_sq_mean': 198.90475893142582, 'negative_mahalanobis_mean': 13.927413957503141, 'ema_mean_norm': 0.2470862161168052}
Epoch 7 val losses: {'total_loss': 0.5877632593013802, 'invariant_loss': 0.19544026088349672, 'sigreg_loss': 19.524234693877553, 'mahalanobis_loss': 0.08489994697120724, 'negative_mahalanobis_sq_mean': 120.94180796097736, 'negative_mahalanobis_mean': 10.920556107345892, 'ema_mean_norm': 0.22696711122989655}
Updated run summary at plots/run-lejepa-mahala-0.02/summary.json

Epoch [8/50]
Learning rate: 0.00070025575
Saved new best model to plots/run-lejepa-mahala-0.02/best_model.pth
Collecting background train latents...
Collecting background validation latents...
Collecting signal latents...
Background train latents: (99979, 128)
Background val latents: (24995, 128)
Signal latents: (4064, 128)
Mahalanobis metrics saved to plots/run-lejepa-mahala-0.02/mahalanobis_eval/epoch_0008/mahalanobis_metrics.json
Mahalanobis AUC, QCD train vs WJet: 0.535406
Mahalanobis AUC, QCD val vs WJet: 0.535050
Epoch 8 train losses: {'total_loss': 0.5721505270589649, 'invariant_loss': 0.3026410336689571, 'sigreg_loss': 13.84910485933504, 'mahalanobis_loss': -0.3744796586158635, 'negative_mahalanobis_sq_mean': 195.50427433413924, 'negative_mahalanobis_mean': 13.812416496179292, 'ema_mean_norm': 0.23562238371128316}
Epoch 8 val losses: {'total_loss': 0.5590683437731802, 'invariant_loss': 0.1931430163736246, 'sigreg_loss': 18.244260204081634, 'mahalanobis_loss': 0.05348121813897576, 'negative_mahalanobis_sq_mean': 124.2224398243184, 'negative_mahalanobis_mean': 11.080152278043785, 'ema_mean_norm': 0.23250623047351837}
Updated run summary at plots/run-lejepa-mahala-0.02/summary.json

Epoch [9/50]
Learning rate: 0.00080025575
Saved new best model to plots/run-lejepa-mahala-0.02/best_model.pth
Collecting background train latents...
Collecting background validation latents...
Collecting signal latents...
Background train latents: (99979, 128)
Background val latents: (24995, 128)
Signal latents: (4064, 128)
Mahalanobis metrics saved to plots/run-lejepa-mahala-0.02/mahalanobis_eval/epoch_0009/mahalanobis_metrics.json
Mahalanobis AUC, QCD train vs WJet: 0.540932
Mahalanobis AUC, QCD val vs WJet: 0.537919
Epoch 9 train losses: {'total_loss': 0.552072999956053, 'invariant_loss': 0.30150527063080723, 'sigreg_loss': 12.888586956521738, 'mahalanobis_loss': -0.360615428451382, 'negative_mahalanobis_sq_mean': 191.67819342649807, 'negative_mahalanobis_mean': 13.69635052937071, 'ema_mean_norm': 0.22082195482443057}
Epoch 9 val losses: {'total_loss': 0.5362329656372264, 'invariant_loss': 0.19148300299230886, 'sigreg_loss': 17.2047193877551, 'mahalanobis_loss': 0.02658055392236506, 'negative_mahalanobis_sq_mean': 127.74749818140147, 'negative_mahalanobis_mean': 11.233322970721186, 'ema_mean_norm': 0.20822079479694366}
Updated run summary at plots/run-lejepa-mahala-0.02/summary.json

Epoch [10/50]
Learning rate: 0.00090025575
Saved new best model to plots/run-lejepa-mahala-0.02/best_model.pth
Collecting background train latents...
Collecting background validation latents...
Collecting signal latents...
Background train latents: (99979, 128)
Background val latents: (24995, 128)
Signal latents: (4064, 128)
Mahalanobis metrics saved to plots/run-lejepa-mahala-0.02/mahalanobis_eval/epoch_0010/mahalanobis_metrics.json
Mahalanobis AUC, QCD train vs WJet: 0.535278
Mahalanobis AUC, QCD val vs WJet: 0.534447
Epoch 10 train losses: {'total_loss': 0.5357776691236764, 'invariant_loss': 0.3004039021404198, 'sigreg_loss': 12.125479539641944, 'mahalanobis_loss': -0.3565467413124221, 'negative_mahalanobis_sq_mean': 190.69722749753987, 'negative_mahalanobis_mean': 13.665248600113422, 'ema_mean_norm': 0.20000750832545483}
Epoch 10 val losses: {'total_loss': 0.4921300508538071, 'invariant_loss': 0.20847560465335846, 'sigreg_loss': 14.24936224489796, 'mahalanobis_loss': -0.06612186901727501, 'negative_mahalanobis_sq_mean': 139.5917686929508, 'negative_mahalanobis_mean': 11.754685372722392, 'ema_mean_norm': 0.19594529271125793}
Updated run summary at plots/run-lejepa-mahala-0.02/summary.json

Epoch [11/50]
Learning rate: 0.001
Saved new best model to plots/run-lejepa-mahala-0.02/best_model.pth
Collecting background train latents...
Collecting background validation latents...
Collecting signal latents...
Background train latents: (99979, 128)
Background val latents: (24995, 128)
Signal latents: (4064, 128)
Mahalanobis metrics saved to plots/run-lejepa-mahala-0.02/mahalanobis_eval/epoch_0011/mahalanobis_metrics.json
Mahalanobis AUC, QCD train vs WJet: 0.525313
Mahalanobis AUC, QCD val vs WJet: 0.525283
Epoch 11 train losses: {'total_loss': 0.5249049915834461, 'invariant_loss': 0.30278230734798306, 'sigreg_loss': 11.443574168797953, 'mahalanobis_loss': -0.3380047497923112, 'negative_mahalanobis_sq_mean': 186.70231593295438, 'negative_mahalanobis_mean': 13.530276152179065, 'ema_mean_norm': 0.18028023877107274}
Epoch 11 val losses: {'total_loss': 0.4631865067141397, 'invariant_loss': 0.2039372309738276, 'sigreg_loss': 13.053571428571429, 'mahalanobis_loss': -0.09208437192196749, 'negative_mahalanobis_sq_mean': 143.70357124172912, 'negative_mahalanobis_mean': 11.91725999481824, 'ema_mean_norm': 0.18029524385929108}
Updated run summary at plots/run-lejepa-mahala-0.02/summary.json

Epoch [12/50]
Learning rate: 0.00099846021
Saved new best model to plots/run-lejepa-mahala-0.02/best_model.pth
Collecting background train latents...
Collecting background validation latents...
Collecting signal latents...
Background train latents: (99979, 128)
Background val latents: (24995, 128)
Signal latents: (4064, 128)
Mahalanobis metrics saved to plots/run-lejepa-mahala-0.02/mahalanobis_eval/epoch_0012/mahalanobis_metrics.json
Mahalanobis AUC, QCD train vs WJet: 0.538894
Mahalanobis AUC, QCD val vs WJet: 0.539243
Epoch 12 train losses: {'total_loss': 0.5004236977880873, 'invariant_loss': 0.3019795830902236, 'sigreg_loss': 10.279012148337596, 'mahalanobis_loss': -0.35655187138968414, 'negative_mahalanobis_sq_mean': 190.45935441039103, 'negative_mahalanobis_mean': 13.661159283669708, 'ema_mean_norm': 0.17165629378974895}
Epoch 12 val losses: {'total_loss': 0.4479541219010645, 'invariant_loss': 0.2214563970967215, 'sigreg_loss': 11.43813775510204, 'mahalanobis_loss': -0.11384957473801106, 'negative_mahalanobis_sq_mean': 147.47937961500517, 'negative_mahalanobis_mean': 12.059169545465586, 'ema_mean_norm': 0.1601567566394806}
Updated run summary at plots/run-lejepa-mahala-0.02/summary.json

Epoch [13/50]
Learning rate: 0.00099385033
Collecting background train latents...
Collecting background validation latents...
Collecting signal latents...
Background train latents: (99979, 128)
Background val latents: (24995, 128)
Signal latents: (4064, 128)
Mahalanobis metrics saved to plots/run-lejepa-mahala-0.02/mahalanobis_eval/epoch_0013/mahalanobis_metrics.json
Mahalanobis AUC, QCD train vs WJet: 0.534471
Mahalanobis AUC, QCD val vs WJet: 0.535470
Epoch 13 train losses: {'total_loss': 0.49400173474455733, 'invariant_loss': 0.30387987436540903, 'sigreg_loss': 9.856617647058824, 'mahalanobis_loss': -0.34994530818803843, 'negative_mahalanobis_sq_mean': 190.14513461608107, 'negative_mahalanobis_mean': 13.631879030895965, 'ema_mean_norm': 0.16517625097423563}
Epoch 13 val losses: {'total_loss': 0.4711464698217353, 'invariant_loss': 0.19132692488480588, 'sigreg_loss': 14.104591836734693, 'mahalanobis_loss': -0.11138247911419187, 'negative_mahalanobis_sq_mean': 148.60590284697864, 'negative_mahalanobis_mean': 12.074131430411825, 'ema_mean_norm': 0.15788477659225464}
Updated run summary at plots/run-lejepa-mahala-0.02/summary.json

Epoch [14/50]
Learning rate: 0.00098619878
Saved new best model to plots/run-lejepa-mahala-0.02/best_model.pth
Collecting background train latents...
Collecting background validation latents...
Collecting signal latents...
Background train latents: (99979, 128)
Background val latents: (24995, 128)
Signal latents: (4064, 128)
Mahalanobis metrics saved to plots/run-lejepa-mahala-0.02/mahalanobis_eval/epoch_0014/mahalanobis_metrics.json
Mahalanobis AUC, QCD train vs WJet: 0.544347
Mahalanobis AUC, QCD val vs WJet: 0.543809
Epoch 14 train losses: {'total_loss': 0.48436825126028427, 'invariant_loss': 0.3034892122611365, 'sigreg_loss': 9.419916879795396, 'mahalanobis_loss': -0.37712895489104875, 'negative_mahalanobis_sq_mean': 198.69047085891293, 'negative_mahalanobis_mean': 13.873106595500351, 'ema_mean_norm': 0.15658465332692237}
Epoch 14 val losses: {'total_loss': 0.44103073374349244, 'invariant_loss': 0.1935170861531277, 'sigreg_loss': 12.558035714285714, 'mahalanobis_loss': -0.18460562931639807, 'negative_mahalanobis_sq_mean': 163.22274935975366, 'negative_mahalanobis_mean': 12.584699260945223, 'ema_mean_norm': 0.15240131318569183}
Updated run summary at plots/run-lejepa-mahala-0.02/summary.json

Epoch [15/50]
Learning rate: 0.00097555273
Saved new best model to plots/run-lejepa-mahala-0.02/best_model.pth
Collecting background train latents...
Collecting background validation latents...
Collecting signal latents...
Background train latents: (99979, 128)
Background val latents: (24995, 128)
Signal latents: (4064, 128)
Mahalanobis metrics saved to plots/run-lejepa-mahala-0.02/mahalanobis_eval/epoch_0015/mahalanobis_metrics.json
Mahalanobis AUC, QCD train vs WJet: 0.551428
Mahalanobis AUC, QCD val vs WJet: 0.553573
Epoch 15 train losses: {'total_loss': 0.47682400417449833, 'invariant_loss': 0.30419953285580703, 'sigreg_loss': 9.047634271099744, 'mahalanobis_loss': -0.41733987339774664, 'negative_mahalanobis_sq_mean': 214.28863981983545, 'negative_mahalanobis_mean': 14.259685216352457, 'ema_mean_norm': 0.1480621380345596}
Epoch 15 val losses: {'total_loss': 0.41945081188970684, 'invariant_loss': 0.19219331352078184, 'sigreg_loss': 11.644132653061224, 'mahalanobis_loss': -0.27914526693674985, 'negative_mahalanobis_sq_mean': 207.8145261492048, 'negative_mahalanobis_mean': 13.607380584794647, 'ema_mean_norm': 0.14777937531471252}
Updated run summary at plots/run-lejepa-mahala-0.02/summary.json

Epoch [16/50]
Learning rate: 0.00096197783
Collecting background train latents...
Collecting background validation latents...
Collecting signal latents...
Background train latents: (99979, 128)
Background val latents: (24995, 128)
Signal latents: (4064, 128)
Mahalanobis metrics saved to plots/run-lejepa-mahala-0.02/mahalanobis_eval/epoch_0016/mahalanobis_metrics.json
Mahalanobis AUC, QCD train vs WJet: 0.546753
Mahalanobis AUC, QCD val vs WJet: 0.547131
Epoch 16 train losses: {'total_loss': 0.47076430436595323, 'invariant_loss': 0.30560171863307123, 'sigreg_loss': 8.643781969309464, 'mahalanobis_loss': -0.38632209225536307, 'negative_mahalanobis_sq_mean': 211.86314719900145, 'negative_mahalanobis_mean': 14.092815208922872, 'ema_mean_norm': 0.1571377978452941}
Epoch 16 val losses: {'total_loss': 0.468404618148901, 'invariant_loss': 0.1789328796522958, 'sigreg_loss': 14.646045918367347, 'mahalanobis_loss': -0.17235940314677298, 'negative_mahalanobis_sq_mean': 174.17058734504545, 'negative_mahalanobis_mean': 12.709844170784464, 'ema_mean_norm': 0.15448710322380066}
Updated run summary at plots/run-lejepa-mahala-0.02/summary.json

Epoch [17/50]
Learning rate: 0.00094555776
Saved new best model to plots/run-lejepa-mahala-0.02/best_model.pth
Collecting background train latents...
Collecting background validation latents...
Collecting signal latents...
Background train latents: (99979, 128)
Background val latents: (24995, 128)
Signal latents: (4064, 128)
Mahalanobis metrics saved to plots/run-lejepa-mahala-0.02/mahalanobis_eval/epoch_0017/mahalanobis_metrics.json
Mahalanobis AUC, QCD train vs WJet: 0.537127
Mahalanobis AUC, QCD val vs WJet: 0.539768
Epoch 17 train losses: {'total_loss': 0.46715306427777575, 'invariant_loss': 0.30609781830512045, 'sigreg_loss': 8.503676470588236, 'mahalanobis_loss': -0.4514487348020534, 'negative_mahalanobis_sq_mean': 243.65454999138328, 'negative_mahalanobis_mean': 14.770965898128422, 'ema_mean_norm': 0.14959824233866104}
Epoch 17 val losses: {'total_loss': 0.4089032694393275, 'invariant_loss': 0.21021133113880547, 'sigreg_loss': 10.603316326530612, 'mahalanobis_loss': -0.6670853075932484, 'negative_mahalanobis_sq_mean': 356.9274204799107, 'negative_mahalanobis_mean': 17.103003015323562, 'ema_mean_norm': 0.15186473727226257}
Updated run summary at plots/run-lejepa-mahala-0.02/summary.json

Epoch [18/50]
Learning rate: 0.00092639376
Collecting background train latents...
Collecting background validation latents...
Collecting signal latents...
Background train latents: (99979, 128)
Background val latents: (24995, 128)
Signal latents: (4064, 128)
Mahalanobis metrics saved to plots/run-lejepa-mahala-0.02/mahalanobis_eval/epoch_0018/mahalanobis_metrics.json
Mahalanobis AUC, QCD train vs WJet: 0.541957
Mahalanobis AUC, QCD val vs WJet: 0.543662
Epoch 18 train losses: {'total_loss': 0.458550565230572, 'invariant_loss': 0.3070474508625772, 'sigreg_loss': 8.052829283887467, 'mahalanobis_loss': -0.47823805024709237, 'negative_mahalanobis_sq_mean': 292.764870880205, 'negative_mahalanobis_mean': 15.360809660323746, 'ema_mean_norm': 0.15821647731696858}
Epoch 18 val losses: {'total_loss': 0.40946168406885497, 'invariant_loss': 0.18972065740702104, 'sigreg_loss': 11.190369897959183, 'mahalanobis_loss': -0.20455428851502283, 'negative_mahalanobis_sq_mean': 217.2489680076132, 'negative_mahalanobis_mean': 13.267216954912458, 'ema_mean_norm': 0.17747098207473755}
Updated run summary at plots/run-lejepa-mahala-0.02/summary.json

Epoch [19/50]
Learning rate: 0.00090460399
Collecting background train latents...
Collecting background validation latents...
Collecting signal latents...
Background train latents: (99979, 128)
Background val latents: (24995, 128)
Signal latents: (4064, 128)
Mahalanobis metrics saved to plots/run-lejepa-mahala-0.02/mahalanobis_eval/epoch_0019/mahalanobis_metrics.json
Mahalanobis AUC, QCD train vs WJet: 0.545756
Mahalanobis AUC, QCD val vs WJet: 0.546436
Epoch 19 train losses: {'total_loss': 0.45317779950168735, 'invariant_loss': 0.30551027382731133, 'sigreg_loss': 7.883791560102302, 'mahalanobis_loss': -0.5002429375944235, 'negative_mahalanobis_sq_mean': 349.49614729234935, 'negative_mahalanobis_mean': 15.91462212145481, 'ema_mean_norm': 0.1744470043331766}
Epoch 19 val losses: {'total_loss': 0.4229272074845372, 'invariant_loss': 0.18698408165756536, 'sigreg_loss': 12.149872448979592, 'mahalanobis_loss': -0.3560644889972648, 'negative_mahalanobis_sq_mean': 288.5680267956792, 'negative_mahalanobis_mean': 14.752309838119817, 'ema_mean_norm': 0.17225776612758636}
Updated run summary at plots/run-lejepa-mahala-0.02/summary.json

Epoch [20/50]
Learning rate: 0.00088032278
Saved new best model to plots/run-lejepa-mahala-0.02/best_model.pth
Collecting background train latents...
Collecting background validation latents...
Collecting signal latents...
Background train latents: (99979, 128)
Background val latents: (24995, 128)
Signal latents: (4064, 128)
Mahalanobis metrics saved to plots/run-lejepa-mahala-0.02/mahalanobis_eval/epoch_0020/mahalanobis_metrics.json
Mahalanobis AUC, QCD train vs WJet: 0.539483
Mahalanobis AUC, QCD val vs WJet: 0.541852
Epoch 20 train losses: {'total_loss': 0.44993242644288045, 'invariant_loss': 0.3068021160867208, 'sigreg_loss': 7.727221867007673, 'mahalanobis_loss': -0.5706289317982886, 'negative_mahalanobis_sq_mean': 468.95236549475004, 'negative_mahalanobis_mean': 17.16815350915465, 'ema_mean_norm': 0.17676372688902003}
Epoch 20 val losses: {'total_loss': 0.38835479562379877, 'invariant_loss': 0.19966723572234718, 'sigreg_loss': 10.029336734693878, 'mahalanobis_loss': -0.5918298266371902, 'negative_mahalanobis_sq_mean': 652.7682999591439, 'negative_mahalanobis_mean': 18.749826801066497, 'ema_mean_norm': 0.1800752431154251}
Updated run summary at plots/run-lejepa-mahala-0.02/summary.json

Epoch [21/50]
Learning rate: 0.00085369984
Collecting background train latents...
Collecting background validation latents...
Collecting signal latents...
Background train latents: (99979, 128)
Background val latents: (24995, 128)
Signal latents: (4064, 128)
Mahalanobis metrics saved to plots/run-lejepa-mahala-0.02/mahalanobis_eval/epoch_0021/mahalanobis_metrics.json
Mahalanobis AUC, QCD train vs WJet: 0.563337
Mahalanobis AUC, QCD val vs WJet: 0.562397
Epoch 21 train losses: {'total_loss': 0.44802657676779706, 'invariant_loss': 0.3061673128239029, 'sigreg_loss': 7.579923273657289, 'mahalanobis_loss': -0.48663544178466356, 'negative_mahalanobis_sq_mean': 443.20972620190867, 'negative_mahalanobis_mean': 16.39856532894437, 'ema_mean_norm': 0.17818678759248055}
Epoch 21 val losses: {'total_loss': 0.40255714496787715, 'invariant_loss': 0.18485316178020167, 'sigreg_loss': 11.299107142857142, 'mahalanobis_loss': -0.4155225692963114, 'negative_mahalanobis_sq_mean': 572.1458338523398, 'negative_mahalanobis_mean': 17.040571845307642, 'ema_mean_norm': 0.1702215075492859}
Updated run summary at plots/run-lejepa-mahala-0.02/summary.json

Epoch [22/50]
Learning rate: 0.0008248993
Collecting background train latents...
Collecting background validation latents...
Collecting signal latents...
Background train latents: (99979, 128)
Background val latents: (24995, 128)
Signal latents: (4064, 128)
Mahalanobis metrics saved to plots/run-lejepa-mahala-0.02/mahalanobis_eval/epoch_0022/mahalanobis_metrics.json
Mahalanobis AUC, QCD train vs WJet: 0.567517
Mahalanobis AUC, QCD val vs WJet: 0.568289
Epoch 22 train losses: {'total_loss': 0.44091652810116255, 'invariant_loss': 0.3067570209045849, 'sigreg_loss': 7.489210358056266, 'mahalanobis_loss': -0.7819593583836275, 'negative_mahalanobis_sq_mean': 1415.4754565695057, 'negative_mahalanobis_mean': 23.515796183320262, 'ema_mean_norm': 0.17554406471112194}
Epoch 22 val losses: {'total_loss': 0.41453193158519513, 'invariant_loss': 0.17696646266445823, 'sigreg_loss': 12.576530612244898, 'mahalanobis_loss': -0.7014460442017536, 'negative_mahalanobis_sq_mean': 1731.2775293466996, 'negative_mahalanobis_mean': 25.38815350435218, 'ema_mean_norm': 0.19371068477630615}
Updated run summary at plots/run-lejepa-mahala-0.02/summary.json

Epoch [23/50]
Learning rate: 0.00079409873
Saved new best model to plots/run-lejepa-mahala-0.02/best_model.pth
Collecting background train latents...
Collecting background validation latents...
Collecting signal latents...
Background train latents: (99979, 128)
Background val latents: (24995, 128)
Signal latents: (4064, 128)
Mahalanobis metrics saved to plots/run-lejepa-mahala-0.02/mahalanobis_eval/epoch_0023/mahalanobis_metrics.json
Mahalanobis AUC, QCD train vs WJet: 0.555840
Mahalanobis AUC, QCD val vs WJet: 0.555800
Epoch 23 train losses: {'total_loss': 0.44369671320366433, 'invariant_loss': 0.3083594614435035, 'sigreg_loss': 7.4251118925831205, 'mahalanobis_loss': -0.659508099393619, 'negative_mahalanobis_sq_mean': 586.1248627099235, 'negative_mahalanobis_mean': 18.44644266016343, 'ema_mean_norm': 0.19316239708372393}
Epoch 23 val losses: {'total_loss': 0.3652635064660286, 'invariant_loss': 0.19499854484991153, 'sigreg_loss': 9.427933673469388, 'mahalanobis_loss': -0.9155627191066742, 'negative_mahalanobis_sq_mean': 1294.3390577666614, 'negative_mahalanobis_mean': 24.23735252691775, 'ema_mean_norm': 0.2040950059890747}
Updated run summary at plots/run-lejepa-mahala-0.02/summary.json

Epoch [24/50]
Learning rate: 0.00076148803
Collecting background train latents...
Collecting background validation latents...
Collecting signal latents...
Background train latents: (99979, 128)
Background val latents: (24995, 128)
Signal latents: (4064, 128)
Mahalanobis metrics saved to plots/run-lejepa-mahala-0.02/mahalanobis_eval/epoch_0024/mahalanobis_metrics.json
Mahalanobis AUC, QCD train vs WJet: 0.568466
Mahalanobis AUC, QCD val vs WJet: 0.568288
Epoch 24 train losses: {'total_loss': 0.4343852440414526, 'invariant_loss': 0.30848061482009986, 'sigreg_loss': 7.266863810741688, 'mahalanobis_loss': -0.972978644816162, 'negative_mahalanobis_sq_mean': 1065.1352512915726, 'negative_mahalanobis_mean': 23.648243262639742, 'ema_mean_norm': 0.20224032773995948}
Epoch 24 val losses: {'total_loss': 0.3696198588123127, 'invariant_loss': 0.18874581766371823, 'sigreg_loss': 9.894132653061224, 'mahalanobis_loss': -0.8484774967845605, 'negative_mahalanobis_sq_mean': 1673.9865747568558, 'negative_mahalanobis_mean': 25.572690243623693, 'ema_mean_norm': 0.21300840377807617}
Updated run summary at plots/run-lejepa-mahala-0.02/summary.json

Epoch [25/50]
Learning rate: 0.00072726825
Saved new best model to plots/run-lejepa-mahala-0.02/best_model.pth
Collecting background train latents...
Collecting background validation latents...
Collecting signal latents...
Background train latents: (99979, 128)
Background val latents: (24995, 128)
Signal latents: (4064, 128)
Mahalanobis metrics saved to plots/run-lejepa-mahala-0.02/mahalanobis_eval/epoch_0025/mahalanobis_metrics.json
Mahalanobis AUC, QCD train vs WJet: 0.556496
Mahalanobis AUC, QCD val vs WJet: 0.557943
Epoch 25 train losses: {'total_loss': 0.42464282887671, 'invariant_loss': 0.309864981552524, 'sigreg_loss': 7.157528772378517, 'mahalanobis_loss': -1.4192983288594219, 'negative_mahalanobis_sq_mean': 3675.093906490394, 'negative_mahalanobis_mean': 38.271276820346216, 'ema_mean_norm': 0.22316261653400138}
Epoch 25 val losses: {'total_loss': 0.34687420178432854, 'invariant_loss': 0.19796695149674706, 'sigreg_loss': 9.25733418367347, 'mahalanobis_loss': -1.8130480525444965, 'negative_mahalanobis_sq_mean': 8130.379638671875, 'negative_mahalanobis_mean': 56.467533228348714, 'ema_mean_norm': 0.21851955354213715}
Updated run summary at plots/run-lejepa-mahala-0.02/summary.json

Epoch [26/50]
Learning rate: 0.00069165037
Collecting background train latents...
Collecting background validation latents...
Collecting signal latents...
Background train latents: (99979, 128)
Background val latents: (24995, 128)
Signal latents: (4064, 128)
Mahalanobis metrics saved to plots/run-lejepa-mahala-0.02/mahalanobis_eval/epoch_0026/mahalanobis_metrics.json
Mahalanobis AUC, QCD train vs WJet: 0.554230
Mahalanobis AUC, QCD val vs WJet: 0.555700
Epoch 26 train losses: {'total_loss': 0.41599011184919216, 'invariant_loss': 0.3119016113641012, 'sigreg_loss': 7.203644501278772, 'mahalanobis_loss': -1.9991595423435007, 'negative_mahalanobis_sq_mean': 8585.644576831242, 'negative_mahalanobis_mean': 59.82448734956629, 'ema_mean_norm': 0.24214996919607568}
Epoch 26 val losses: {'total_loss': 0.35759755756173817, 'invariant_loss': 0.19206614913989087, 'sigreg_loss': 9.950255102040817, 'mahalanobis_loss': -1.6768934872685646, 'negative_mahalanobis_sq_mean': 6869.341189014668, 'negative_mahalanobis_mean': 51.50749023593202, 'ema_mean_norm': 0.24490569531917572}
Updated run summary at plots/run-lejepa-mahala-0.02/summary.json

Epoch [27/50]
Learning rate: 0.00065485399
Collecting background train latents...
Collecting background validation latents...
Collecting signal latents...
Background train latents: (99979, 128)
Background val latents: (24995, 128)
Signal latents: (4064, 128)
Mahalanobis metrics saved to plots/run-lejepa-mahala-0.02/mahalanobis_eval/epoch_0027/mahalanobis_metrics.json
Mahalanobis AUC, QCD train vs WJet: 0.570590
Mahalanobis AUC, QCD val vs WJet: 0.570008
Epoch 27 train losses: {'total_loss': 0.42691353916207236, 'invariant_loss': 0.313131202898367, 'sigreg_loss': 7.016384271099744, 'mahalanobis_loss': -1.3280217447854064, 'negative_mahalanobis_sq_mean': 3313.620706699693, 'negative_mahalanobis_mean': 35.47718798839833, 'ema_mean_norm': 0.22959680367461252}
Epoch 27 val losses: {'total_loss': 0.367893246059515, 'invariant_loss': 0.18736705655346111, 'sigreg_loss': 10.82780612244898, 'mahalanobis_loss': -1.80107839253484, 'negative_mahalanobis_sq_mean': 5243.863101881378, 'negative_mahalanobis_mean': 48.438644837359995, 'ema_mean_norm': 0.2320440709590912}
Updated run summary at plots/run-lejepa-mahala-0.02/summary.json

Epoch [28/50]
Learning rate: 0.00061710596
Collecting background train latents...
Collecting background validation latents...
Collecting signal latents...
Background train latents: (99979, 128)
Background val latents: (24995, 128)
Signal latents: (4064, 128)
Mahalanobis metrics saved to plots/run-lejepa-mahala-0.02/mahalanobis_eval/epoch_0028/mahalanobis_metrics.json
Mahalanobis AUC, QCD train vs WJet: 0.555568
Mahalanobis AUC, QCD val vs WJet: 0.554807
Epoch 28 train losses: {'total_loss': 0.4197036082787282, 'invariant_loss': 0.31392267155830206, 'sigreg_loss': 6.980658567774936, 'mahalanobis_loss': -1.6920638327174784, 'negative_mahalanobis_sq_mean': 5568.849033053269, 'negative_mahalanobis_mean': 47.16346778772066, 'ema_mean_norm': 0.22915902737613833}
Epoch 28 val losses: {'total_loss': 0.3511566464998284, 'invariant_loss': 0.19638357326692465, 'sigreg_loss': 9.547831632653061, 'mahalanobis_loss': -1.8092380153889558, 'negative_mahalanobis_sq_mean': 5590.636389907526, 'negative_mahalanobis_mean': 49.30835661596181, 'ema_mean_norm': 0.2318935990333557}
Updated run summary at plots/run-lejepa-mahala-0.02/summary.json

Epoch [29/50]
Learning rate: 0.00057863902
Collecting background train latents...
Collecting background validation latents...
Collecting signal latents...
Background train latents: (99979, 128)
Background val latents: (24995, 128)
Signal latents: (4064, 128)
Mahalanobis metrics saved to plots/run-lejepa-mahala-0.02/mahalanobis_eval/epoch_0029/mahalanobis_metrics.json
Mahalanobis AUC, QCD train vs WJet: 0.555890
Mahalanobis AUC, QCD val vs WJet: 0.558510
Epoch 29 train losses: {'total_loss': 0.4102687363886772, 'invariant_loss': 0.3114194786152267, 'sigreg_loss': 6.953644501278772, 'mahalanobis_loss': -2.012298118732774, 'negative_mahalanobis_sq_mean': 9688.667889763326, 'negative_mahalanobis_mean': 62.74545203206484, 'ema_mean_norm': 0.22264419442704877}
Epoch 29 val losses: {'total_loss': 0.36239455305800145, 'invariant_loss': 0.1867211363753494, 'sigreg_loss': 10.482461734693878, 'mahalanobis_loss': -1.6989306284456838, 'negative_mahalanobis_sq_mean': 9101.492939851722, 'negative_mahalanobis_mean': 56.424737190713685, 'ema_mean_norm': 0.218473419547081}
Updated run summary at plots/run-lejepa-mahala-0.02/summary.json

Epoch [30/50]
Learning rate: 0.00053969032
Saved new best model to plots/run-lejepa-mahala-0.02/best_model.pth
Collecting background train latents...
Collecting background validation latents...
Collecting signal latents...
Background train latents: (99979, 128)
Background val latents: (24995, 128)
Signal latents: (4064, 128)
Mahalanobis metrics saved to plots/run-lejepa-mahala-0.02/mahalanobis_eval/epoch_0030/mahalanobis_metrics.json
Mahalanobis AUC, QCD train vs WJet: 0.558531
Mahalanobis AUC, QCD val vs WJet: 0.558293
Epoch 30 train losses: {'total_loss': 0.40386763329396164, 'invariant_loss': 0.31115896660653525, 'sigreg_loss': 6.728900255754476, 'mahalanobis_loss': -2.093419495750876, 'negative_mahalanobis_sq_mean': 13014.389561021419, 'negative_mahalanobis_mean': 70.98967490232813, 'ema_mean_norm': 0.22844423715720702}
Epoch 30 val losses: {'total_loss': 0.32982201083582274, 'invariant_loss': 0.185152888145982, 'sigreg_loss': 9.830676020408163, 'mahalanobis_loss': -2.5954462946677697, 'negative_mahalanobis_sq_mean': 19563.610750159438, 'negative_mahalanobis_mean': 92.81865972402144, 'ema_mean_norm': 0.23550711572170258}
Updated run summary at plots/run-lejepa-mahala-0.02/summary.json

Epoch [31/50]
Learning rate: 0.0005005
Saved new best model to plots/run-lejepa-mahala-0.02/best_model.pth
Collecting background train latents...
Collecting background validation latents...
Collecting signal latents...
Background train latents: (99979, 128)
Background val latents: (24995, 128)
Signal latents: (4064, 128)
Mahalanobis metrics saved to plots/run-lejepa-mahala-0.02/mahalanobis_eval/epoch_0031/mahalanobis_metrics.json
Mahalanobis AUC, QCD train vs WJet: 0.550177
Mahalanobis AUC, QCD val vs WJet: 0.552641
Epoch 31 train losses: {'total_loss': 0.3889965078105097, 'invariant_loss': 0.31027084413696737, 'sigreg_loss': 6.696291560102302, 'mahalanobis_loss': -2.7596637455703656, 'negative_mahalanobis_sq_mean': 21301.4576831242, 'negative_mahalanobis_mean': 98.06469003623708, 'ema_mean_norm': 0.23450575147748298}
Epoch 31 val losses: {'total_loss': 0.3228186031385344, 'invariant_loss': 0.22561874407894758, 'sigreg_loss': 8.393494897959183, 'mahalanobis_loss': -3.532465805812758, 'negative_mahalanobis_sq_mean': 29517.875896843114, 'negative_mahalanobis_mean': 129.51207842145647, 'ema_mean_norm': 0.22894395887851715}
Updated run summary at plots/run-lejepa-mahala-0.02/summary.json

Epoch [32/50]
Learning rate: 0.00046130968
Collecting background train latents...
Collecting background validation latents...
Collecting signal latents...
Background train latents: (99979, 128)
Background val latents: (24995, 128)
Signal latents: (4064, 128)
Mahalanobis metrics saved to plots/run-lejepa-mahala-0.02/mahalanobis_eval/epoch_0032/mahalanobis_metrics.json
Mahalanobis AUC, QCD train vs WJet: 0.564566
Mahalanobis AUC, QCD val vs WJet: 0.565586
Epoch 32 train losses: {'total_loss': 0.3945703012559115, 'invariant_loss': 0.3120271927865265, 'sigreg_loss': 6.6914961636828645, 'mahalanobis_loss': -2.564545590554357, 'negative_mahalanobis_sq_mean': 20063.968096876997, 'negative_mahalanobis_mean': 91.48263817126184, 'ema_mean_norm': 0.22844910850305386}
Epoch 32 val losses: {'total_loss': 0.3408828131398376, 'invariant_loss': 0.18307083829933282, 'sigreg_loss': 9.811543367346939, 'mahalanobis_loss': -1.9238546709625088, 'negative_mahalanobis_sq_mean': 22738.133609693876, 'negative_mahalanobis_mean': 86.42806890059491, 'ema_mean_norm': 0.21914011240005493}
Updated run summary at plots/run-lejepa-mahala-0.02/summary.json

Epoch [33/50]
Learning rate: 0.00042236098
Collecting background train latents...
Collecting background validation latents...
Collecting signal latents...
Background train latents: (99979, 128)
Background val latents: (24995, 128)
Signal latents: (4064, 128)
Mahalanobis metrics saved to plots/run-lejepa-mahala-0.02/mahalanobis_eval/epoch_0033/mahalanobis_metrics.json
Mahalanobis AUC, QCD train vs WJet: 0.561730
Mahalanobis AUC, QCD val vs WJet: 0.560829
Epoch 33 train losses: {'total_loss': 0.3847979865110744, 'invariant_loss': 0.3100983307642095, 'sigreg_loss': 6.571451406649617, 'mahalanobis_loss': -2.836271359792451, 'negative_mahalanobis_sq_mean': 26956.17360084319, 'negative_mahalanobis_mean': 108.36572243185604, 'ema_mean_norm': 0.22705893268060806}
Epoch 33 val losses: {'total_loss': 0.33331833110780135, 'invariant_loss': 0.1822123612676348, 'sigreg_loss': 9.936543367346939, 'mahalanobis_loss': -2.3822215576561128, 'negative_mahalanobis_sq_mean': 29598.684789540817, 'negative_mahalanobis_mean': 104.72493837317641, 'ema_mean_norm': 0.21884235739707947}
Updated run summary at plots/run-lejepa-mahala-0.02/summary.json

Epoch [34/50]
Learning rate: 0.00038389404
Collecting background train latents...
Collecting background validation latents...
Collecting signal latents...
Background train latents: (99979, 128)
Background val latents: (24995, 128)
Signal latents: (4064, 128)
Mahalanobis metrics saved to plots/run-lejepa-mahala-0.02/mahalanobis_eval/epoch_0034/mahalanobis_metrics.json
Mahalanobis AUC, QCD train vs WJet: 0.547424
Mahalanobis AUC, QCD val vs WJet: 0.548910
Epoch 34 train losses: {'total_loss': 0.3824722947519454, 'invariant_loss': 0.30898417315214793, 'sigreg_loss': 6.505115089514066, 'mahalanobis_loss': -2.8310986720692473, 'negative_mahalanobis_sq_mean': 33341.63343190537, 'negative_mahalanobis_mean': 118.80908154343705, 'ema_mean_norm': 0.2125552372859262}
Epoch 34 val losses: {'total_loss': 0.32561501799797526, 'invariant_loss': 0.18891772156467243, 'sigreg_loss': 9.775510204081632, 'mahalanobis_loss': -2.9407253849263095, 'negative_mahalanobis_sq_mean': 35679.32330197704, 'negative_mahalanobis_mean': 123.8281828432667, 'ema_mean_norm': 0.21274705231189728}
Updated run summary at plots/run-lejepa-mahala-0.02/summary.json

Epoch [35/50]
Learning rate: 0.00034614601
Saved new best model to plots/run-lejepa-mahala-0.02/best_model.pth
Collecting background train latents...
Collecting background validation latents...
Collecting signal latents...
Background train latents: (99979, 128)
Background val latents: (24995, 128)
Signal latents: (4064, 128)
Mahalanobis metrics saved to plots/run-lejepa-mahala-0.02/mahalanobis_eval/epoch_0035/mahalanobis_metrics.json
Mahalanobis AUC, QCD train vs WJet: 0.557094
Mahalanobis AUC, QCD val vs WJet: 0.556700
Epoch 35 train losses: {'total_loss': 0.37809133064716366, 'invariant_loss': 0.30986210162682304, 'sigreg_loss': 6.446451406649617, 'mahalanobis_loss': -3.03403839766217, 'negative_mahalanobis_sq_mean': 38209.0858326007, 'negative_mahalanobis_mean': 128.15684142442007, 'ema_mean_norm': 0.22292300445192}
Epoch 35 val losses: {'total_loss': 0.3219213844562063, 'invariant_loss': 0.1822976527773604, 'sigreg_loss': 9.519132653061224, 'mahalanobis_loss': -2.537806827194837, 'negative_mahalanobis_sq_mean': 32395.5703125, 'negative_mahalanobis_mean': 111.43504162223972, 'ema_mean_norm': 0.2159130573272705}
Updated run summary at plots/run-lejepa-mahala-0.02/summary.json

Epoch [36/50]
Learning rate: 0.00030934963
Collecting background train latents...
Collecting background validation latents...
Collecting signal latents...
Background train latents: (99979, 128)
Background val latents: (24995, 128)
Signal latents: (4064, 128)
Mahalanobis metrics saved to plots/run-lejepa-mahala-0.02/mahalanobis_eval/epoch_0036/mahalanobis_metrics.json
Mahalanobis AUC, QCD train vs WJet: 0.550940
Mahalanobis AUC, QCD val vs WJet: 0.554371
Epoch 36 train losses: {'total_loss': 0.37744150419369377, 'invariant_loss': 0.31094304382648613, 'sigreg_loss': 6.541799872122762, 'mahalanobis_loss': -3.2174214313707084, 'negative_mahalanobis_sq_mean': 42087.80811171276, 'negative_mahalanobis_mean': 137.89620359962248, 'ema_mean_norm': 0.20453708639840032}
Epoch 36 val losses: {'total_loss': 0.32195129534419703, 'invariant_loss': 0.190835852860188, 'sigreg_loss': 9.339923469387756, 'mahalanobis_loss': -2.7838526404633814, 'negative_mahalanobis_sq_mean': 26207.437878667093, 'negative_mahalanobis_mean': 107.3291897676429, 'ema_mean_norm': 0.19595609605312347}
Updated run summary at plots/run-lejepa-mahala-0.02/summary.json

Epoch [37/50]
Learning rate: 0.00027373175
