W0713 08:35:44.822000 2601847 /oscar/home/lwang223/.conda/envs/jet/lib/python3.11/site-packages/torch/distributed/run.py:792] 
W0713 08:35:44.822000 2601847 /oscar/home/lwang223/.conda/envs/jet/lib/python3.11/site-packages/torch/distributed/run.py:792] *****************************************
W0713 08:35:44.822000 2601847 /oscar/home/lwang223/.conda/envs/jet/lib/python3.11/site-packages/torch/distributed/run.py:792] Setting OMP_NUM_THREADS environment variable for each process to be 1 in default, to avoid your system being overloaded, please further tune the variable for optimal performance in your application as needed. 
W0713 08:35:44.822000 2601847 /oscar/home/lwang223/.conda/envs/jet/lib/python3.11/site-packages/torch/distributed/run.py:792] *****************************************
[rank0]:[E713 08:45:53.902180583 ProcessGroupNCCL.cpp:629] [Rank 0] Watchdog caught collective operation timeout: WorkNCCL(SeqNum=1, OpType=ALLGATHER, NumelIn=1, NumelOut=2, Timeout(ms)=600000) ran for 600047 milliseconds before timing out.
[rank0]:[E713 08:45:53.903219665 ProcessGroupNCCL.cpp:2168] [PG ID 0 PG GUID 0(default_pg) Rank 0]  failure detected by watchdog at work sequence id: 1 PG status: last enqueued work: 1, last completed work: -1
[rank0]:[E713 08:45:53.903230652 ProcessGroupNCCL.cpp:667] Stack trace of the failed collective not found, potentially because FlightRecorder is disabled. You can enable it by setting TORCH_NCCL_TRACE_BUFFER_SIZE to a non-zero value.
[rank1]:[E713 08:45:53.904384056 ProcessGroupNCCL.cpp:629] [Rank 1] Watchdog caught collective operation timeout: WorkNCCL(SeqNum=1, OpType=ALLGATHER, NumelIn=1, NumelOut=2, Timeout(ms)=600000) ran for 600049 milliseconds before timing out.
[rank1]:[E713 08:45:53.905090909 ProcessGroupNCCL.cpp:2168] [PG ID 0 PG GUID 0(default_pg) Rank 1]  failure detected by watchdog at work sequence id: 1 PG status: last enqueued work: 1, last completed work: -1
[rank1]:[E713 08:45:53.905103117 ProcessGroupNCCL.cpp:667] Stack trace of the failed collective not found, potentially because FlightRecorder is disabled. You can enable it by setting TORCH_NCCL_TRACE_BUFFER_SIZE to a non-zero value.
[rank0]: Traceback (most recent call last):
[rank0]:   File "/oscar/home/lwang223/jetAnomalyDetection/scripts/run_train_nae_part_jetclass.py", line 1061, in <module>
[rank0]:     main()
[rank0]:   File "/oscar/home/lwang223/jetAnomalyDetection/scripts/run_train_nae_part_jetclass.py", line 1053, in main
[rank0]:     trainer = TrainNAE(args)
[rank0]:               ^^^^^^^^^^^^^^
[rank0]:   File "/oscar/home/lwang223/jetAnomalyDetection/scripts/run_train_nae_part_jetclass.py", line 384, in __init__
[rank0]:     self._build_nae()
[rank0]:   File "/oscar/home/lwang223/jetAnomalyDetection/scripts/run_train_nae_part_jetclass.py", line 422, in _build_nae
[rank0]:     self.nae = DDP(
[rank0]:                ^^^^
[rank0]:   File "/users/lwang223/.conda/envs/jet/lib/python3.11/site-packages/torch/nn/parallel/distributed.py", line 825, in __init__
[rank0]:     _verify_param_shape_across_processes(self.process_group, parameters)
[rank0]:   File "/users/lwang223/.conda/envs/jet/lib/python3.11/site-packages/torch/distributed/utils.py", line 294, in _verify_param_shape_across_processes
[rank0]:     return dist._verify_params_across_processes(process_group, tensors, logger)
[rank0]:            ^^^^^^^^^^^^^^^^^^^^^^^^^^^^^^^^^^^^^^^^^^^^^^^^^^^^^^^^^^^^^^^^^^^^
[rank0]: RuntimeError: DDP expects same model across all ranks, but Rank 0 has 20 params, while rank 1 has inconsistent 0 params.
[rank1]: Traceback (most recent call last):
[rank1]:   File "/oscar/home/lwang223/jetAnomalyDetection/scripts/run_train_nae_part_jetclass.py", line 1061, in <module>
[rank1]:     main()
[rank1]:   File "/oscar/home/lwang223/jetAnomalyDetection/scripts/run_train_nae_part_jetclass.py", line 1053, in main
[rank1]:     trainer = TrainNAE(args)
[rank1]:               ^^^^^^^^^^^^^^
[rank1]:   File "/oscar/home/lwang223/jetAnomalyDetection/scripts/run_train_nae_part_jetclass.py", line 384, in __init__
[rank1]:     self._build_nae()
[rank1]:   File "/oscar/home/lwang223/jetAnomalyDetection/scripts/run_train_nae_part_jetclass.py", line 422, in _build_nae
[rank1]:     self.nae = DDP(
[rank1]:                ^^^^
[rank1]:   File "/users/lwang223/.conda/envs/jet/lib/python3.11/site-packages/torch/nn/parallel/distributed.py", line 825, in __init__
[rank1]:     _verify_param_shape_across_processes(self.process_group, parameters)
[rank1]:   File "/users/lwang223/.conda/envs/jet/lib/python3.11/site-packages/torch/distributed/utils.py", line 294, in _verify_param_shape_across_processes
[rank1]:     return dist._verify_params_across_processes(process_group, tensors, logger)
[rank1]:            ^^^^^^^^^^^^^^^^^^^^^^^^^^^^^^^^^^^^^^^^^^^^^^^^^^^^^^^^^^^^^^^^^^^^
[rank1]: RuntimeError: DDP expects same model across all ranks, but Rank 1 has 20 params, while rank 0 has inconsistent 0 params.
[rank0]:[E713 08:45:54.081329104 ProcessGroupNCCL.cpp:681] [Rank 0] Some NCCL operations have failed or timed out. Due to the asynchronous nature of CUDA kernels, subsequent GPU operations might run on corrupted/incomplete data.
[rank0]:[E713 08:45:54.081347472 ProcessGroupNCCL.cpp:695] [Rank 0] To avoid data inconsistency, we are taking the entire process down.
[rank0]:[E713 08:45:54.082445663 ProcessGroupNCCL.cpp:1895] [PG ID 0 PG GUID 0(default_pg) Rank 0] Process group watchdog thread terminated with exception: [Rank 0] Watchdog caught collective operation timeout: WorkNCCL(SeqNum=1, OpType=ALLGATHER, NumelIn=1, NumelOut=2, Timeout(ms)=600000) ran for 600047 milliseconds before timing out.
Exception raised from checkTimeout at /pytorch/torch/csrc/distributed/c10d/ProcessGroupNCCL.cpp:632 (most recent call first):
frame #0: c10::Error::Error(c10::SourceLocation, std::string) + 0x96 (0x7efe0bb5d1b6 in /users/lwang223/.conda/envs/jet/lib/python3.11/site-packages/torch/lib/libc10.so)
frame #1: c10d::ProcessGroupNCCL::WorkNCCL::checkTimeout(std::optional<std::chrono::duration<long, std::ratio<1l, 1000l> > >) + 0x2b4 (0x7efe0cea6c74 in /users/lwang223/.conda/envs/jet/lib/python3.11/site-packages/torch/lib/libtorch_cuda.so)
frame #2: c10d::ProcessGroupNCCL::watchdogHandler() + 0x890 (0x7efe0cea87d0 in /users/lwang223/.conda/envs/jet/lib/python3.11/site-packages/torch/lib/libtorch_cuda.so)
frame #3: c10d::ProcessGroupNCCL::ncclCommWatchdog() + 0x14d (0x7efe0cea96ed in /users/lwang223/.conda/envs/jet/lib/python3.11/site-packages/torch/lib/libtorch_cuda.so)
frame #4: <unknown function> + 0x145c0 (0x7efe55f205c0 in /users/lwang223/.conda/envs/jet/lib/python3.11/site-packages/torch/lib/libtorch.so)
frame #5: <unknown function> + 0x8b2fa (0x7efe725272fa in /lib64/libc.so.6)
frame #6: <unknown function> + 0x110440 (0x7efe725ac440 in /lib64/libc.so.6)

terminate called after throwing an instance of 'c10::DistBackendError'
  what():  [PG ID 0 PG GUID 0(default_pg) Rank 0] Process group watchdog thread terminated with exception: [Rank 0] Watchdog caught collective operation timeout: WorkNCCL(SeqNum=1, OpType=ALLGATHER, NumelIn=1, NumelOut=2, Timeout(ms)=600000) ran for 600047 milliseconds before timing out.
Exception raised from checkTimeout at /pytorch/torch/csrc/distributed/c10d/ProcessGroupNCCL.cpp:632 (most recent call first):
frame #0: c10::Error::Error(c10::SourceLocation, std::string) + 0x96 (0x7efe0bb5d1b6 in /users/lwang223/.conda/envs/jet/lib/python3.11/site-packages/torch/lib/libc10.so)
frame #1: c10d::ProcessGroupNCCL::WorkNCCL::checkTimeout(std::optional<std::chrono::duration<long, std::ratio<1l, 1000l> > >) + 0x2b4 (0x7efe0cea6c74 in /users/lwang223/.conda/envs/jet/lib/python3.11/site-packages/torch/lib/libtorch_cuda.so)
frame #2: c10d::ProcessGroupNCCL::watchdogHandler() + 0x890 (0x7efe0cea87d0 in /users/lwang223/.conda/envs/jet/lib/python3.11/site-packages/torch/lib/libtorch_cuda.so)
frame #3: c10d::ProcessGroupNCCL::ncclCommWatchdog() + 0x14d (0x7efe0cea96ed in /users/lwang223/.conda/envs/jet/lib/python3.11/site-packages/torch/lib/libtorch_cuda.so)
frame #4: <unknown function> + 0x145c0 (0x7efe55f205c0 in /users/lwang223/.conda/envs/jet/lib/python3.11/site-packages/torch/lib/libtorch.so)
frame #5: <unknown function> + 0x8b2fa (0x7efe725272fa in /lib64/libc.so.6)
frame #6: <unknown function> + 0x110440 (0x7efe725ac440 in /lib64/libc.so.6)

Exception raised from ncclCommWatchdog at /pytorch/torch/csrc/distributed/c10d/ProcessGroupNCCL.cpp:1901 (most recent call first):
frame #0: c10::Error::Error(c10::SourceLocation, std::string) + 0x96 (0x7efe0bb5d1b6 in /users/lwang223/.conda/envs/jet/lib/python3.11/site-packages/torch/lib/libc10.so)
frame #1: <unknown function> + 0xe5c6fc (0x7efe0cb046fc in /users/lwang223/.conda/envs/jet/lib/python3.11/site-packages/torch/lib/libtorch_cuda.so)
frame #2: <unknown function> + 0x145c0 (0x7efe55f205c0 in /users/lwang223/.conda/envs/jet/lib/python3.11/site-packages/torch/lib/libtorch.so)
frame #3: <unknown function> + 0x8b2fa (0x7efe725272fa in /lib64/libc.so.6)
frame #4: <unknown function> + 0x110440 (0x7efe725ac440 in /lib64/libc.so.6)

[rank1]:[E713 08:45:54.414643545 ProcessGroupNCCL.cpp:681] [Rank 1] Some NCCL operations have failed or timed out. Due to the asynchronous nature of CUDA kernels, subsequent GPU operations might run on corrupted/incomplete data.
[rank1]:[E713 08:45:54.414672769 ProcessGroupNCCL.cpp:695] [Rank 1] To avoid data inconsistency, we are taking the entire process down.
[rank1]:[E713 08:45:54.415785993 ProcessGroupNCCL.cpp:1895] [PG ID 0 PG GUID 0(default_pg) Rank 1] Process group watchdog thread terminated with exception: [Rank 1] Watchdog caught collective operation timeout: WorkNCCL(SeqNum=1, OpType=ALLGATHER, NumelIn=1, NumelOut=2, Timeout(ms)=600000) ran for 600049 milliseconds before timing out.
Exception raised from checkTimeout at /pytorch/torch/csrc/distributed/c10d/ProcessGroupNCCL.cpp:632 (most recent call first):
frame #0: c10::Error::Error(c10::SourceLocation, std::string) + 0x96 (0x7f694fb7e1b6 in /users/lwang223/.conda/envs/jet/lib/python3.11/site-packages/torch/lib/libc10.so)
frame #1: c10d::ProcessGroupNCCL::WorkNCCL::checkTimeout(std::optional<std::chrono::duration<long, std::ratio<1l, 1000l> > >) + 0x2b4 (0x7f6950ec7c74 in /users/lwang223/.conda/envs/jet/lib/python3.11/site-packages/torch/lib/libtorch_cuda.so)
frame #2: c10d::ProcessGroupNCCL::watchdogHandler() + 0x890 (0x7f6950ec97d0 in /users/lwang223/.conda/envs/jet/lib/python3.11/site-packages/torch/lib/libtorch_cuda.so)
frame #3: c10d::ProcessGroupNCCL::ncclCommWatchdog() + 0x14d (0x7f6950eca6ed in /users/lwang223/.conda/envs/jet/lib/python3.11/site-packages/torch/lib/libtorch_cuda.so)
frame #4: <unknown function> + 0x145c0 (0x7f6999f415c0 in /users/lwang223/.conda/envs/jet/lib/python3.11/site-packages/torch/lib/libtorch.so)
frame #5: <unknown function> + 0x8b2fa (0x7f69b66482fa in /lib64/libc.so.6)
frame #6: <unknown function> + 0x110440 (0x7f69b66cd440 in /lib64/libc.so.6)

terminate called after throwing an instance of 'c10::DistBackendError'
  what():  [PG ID 0 PG GUID 0(default_pg) Rank 1] Process group watchdog thread terminated with exception: [Rank 1] Watchdog caught collective operation timeout: WorkNCCL(SeqNum=1, OpType=ALLGATHER, NumelIn=1, NumelOut=2, Timeout(ms)=600000) ran for 600049 milliseconds before timing out.
Exception raised from checkTimeout at /pytorch/torch/csrc/distributed/c10d/ProcessGroupNCCL.cpp:632 (most recent call first):
frame #0: c10::Error::Error(c10::SourceLocation, std::string) + 0x96 (0x7f694fb7e1b6 in /users/lwang223/.conda/envs/jet/lib/python3.11/site-packages/torch/lib/libc10.so)
frame #1: c10d::ProcessGroupNCCL::WorkNCCL::checkTimeout(std::optional<std::chrono::duration<long, std::ratio<1l, 1000l> > >) + 0x2b4 (0x7f6950ec7c74 in /users/lwang223/.conda/envs/jet/lib/python3.11/site-packages/torch/lib/libtorch_cuda.so)
frame #2: c10d::ProcessGroupNCCL::watchdogHandler() + 0x890 (0x7f6950ec97d0 in /users/lwang223/.conda/envs/jet/lib/python3.11/site-packages/torch/lib/libtorch_cuda.so)
frame #3: c10d::ProcessGroupNCCL::ncclCommWatchdog() + 0x14d (0x7f6950eca6ed in /users/lwang223/.conda/envs/jet/lib/python3.11/site-packages/torch/lib/libtorch_cuda.so)
frame #4: <unknown function> + 0x145c0 (0x7f6999f415c0 in /users/lwang223/.conda/envs/jet/lib/python3.11/site-packages/torch/lib/libtorch.so)
frame #5: <unknown function> + 0x8b2fa (0x7f69b66482fa in /lib64/libc.so.6)
frame #6: <unknown function> + 0x110440 (0x7f69b66cd440 in /lib64/libc.so.6)

Exception raised from ncclCommWatchdog at /pytorch/torch/csrc/distributed/c10d/ProcessGroupNCCL.cpp:1901 (most recent call first):
frame #0: c10::Error::Error(c10::SourceLocation, std::string) + 0x96 (0x7f694fb7e1b6 in /users/lwang223/.conda/envs/jet/lib/python3.11/site-packages/torch/lib/libc10.so)
frame #1: <unknown function> + 0xe5c6fc (0x7f6950b256fc in /users/lwang223/.conda/envs/jet/lib/python3.11/site-packages/torch/lib/libtorch_cuda.so)
frame #2: <unknown function> + 0x145c0 (0x7f6999f415c0 in /users/lwang223/.conda/envs/jet/lib/python3.11/site-packages/torch/lib/libtorch.so)
frame #3: <unknown function> + 0x8b2fa (0x7f69b66482fa in /lib64/libc.so.6)
frame #4: <unknown function> + 0x110440 (0x7f69b66cd440 in /lib64/libc.so.6)

W0713 08:45:59.280000 2601847 /oscar/home/lwang223/.conda/envs/jet/lib/python3.11/site-packages/torch/distributed/elastic/multiprocessing/api.py:897] Sending process 2601864 closing signal SIGTERM
E0713 08:45:59.445000 2601847 /oscar/home/lwang223/.conda/envs/jet/lib/python3.11/site-packages/torch/distributed/elastic/multiprocessing/api.py:869] failed (exitcode: -6) local_rank: 0 (pid: 2601863) of binary: /users/lwang223/.conda/envs/jet/bin/python
Traceback (most recent call last):
  File "/users/lwang223/.conda/envs/jet/bin/torchrun", line 6, in <module>
    sys.exit(main())
             ^^^^^^
  File "/users/lwang223/.conda/envs/jet/lib/python3.11/site-packages/torch/distributed/elastic/multiprocessing/errors/__init__.py", line 355, in wrapper
    return f(*args, **kwargs)
           ^^^^^^^^^^^^^^^^^^
  File "/users/lwang223/.conda/envs/jet/lib/python3.11/site-packages/torch/distributed/run.py", line 918, in main
    run(args)
  File "/users/lwang223/.conda/envs/jet/lib/python3.11/site-packages/torch/distributed/run.py", line 909, in run
    elastic_launch(
  File "/users/lwang223/.conda/envs/jet/lib/python3.11/site-packages/torch/distributed/launcher/api.py", line 138, in __call__
    return launch_agent(self._config, self._entrypoint, list(args))
           ^^^^^^^^^^^^^^^^^^^^^^^^^^^^^^^^^^^^^^^^^^^^^^^^^^^^^^^^
  File "/users/lwang223/.conda/envs/jet/lib/python3.11/site-packages/torch/distributed/launcher/api.py", line 269, in launch_agent
    raise ChildFailedError(
torch.distributed.elastic.multiprocessing.errors.ChildFailedError: 
========================================================
scripts/run_train_nae_part_jetclass.py FAILED
--------------------------------------------------------
Failures:
  <NO_OTHER_FAILURES>
--------------------------------------------------------
Root Cause (first observed failure):
[0]:
  time      : 2026-07-13_08:45:59
  host      : gpu2709.oscar.ccv.brown.edu
  rank      : 0 (local_rank: 0)
  exitcode  : -6 (pid: 2601863)
  error_file: <N/A>
  traceback : Signal 6 (SIGABRT) received by PID 2601863
========================================================
