## SLURM PROLOG ###############################################################
##    Job ID : 3942219
##  Job Name : JETANOMALY-JETCLASS
##  Nodelist : gpu2709
##      CPUs : 1
##  Mem/Node : 96000 MB
## Directory : /oscar/home/lwang223/jetAnomalyDetection
##   Job Started : Mon Jul 13 08:35:38 AM EDT 2026
###############################################################################

==========================================
Job started at: Mon Jul 13 08:35:38 AM EDT 2026
Job ID: 3942219
Node: gpu2709
==========================================

GPU Information (from host):
Mon Jul 13 08:35:38 2026       
+-----------------------------------------------------------------------------------------+
| NVIDIA-SMI 575.57.08              Driver Version: 575.57.08      CUDA Version: 12.9     |
|-----------------------------------------+------------------------+----------------------+
| GPU  Name                 Persistence-M | Bus-Id          Disp.A | Volatile Uncorr. ECC |
| Fan  Temp   Perf          Pwr:Usage/Cap |           Memory-Usage | GPU-Util  Compute M. |
|                                         |                        |               MIG M. |
|=========================================+========================+======================|
|   0  NVIDIA L40S                    On  |   00000000:81:00.0 Off |                    0 |
| N/A   34C    P8             54W /  350W |      76MiB /  46068MiB |      0%      Default |
|                                         |                        |                  N/A |
+-----------------------------------------+------------------------+----------------------+
|   1  NVIDIA L40S                    On  |   00000000:A1:00.0 Off |                    0 |
| N/A   35C    P8             34W /  350W |      76MiB /  46068MiB |      0%      Default |
|                                         |                        |                  N/A |
+-----------------------------------------+------------------------+----------------------+
                                                                                         
+-----------------------------------------------------------------------------------------+
| Processes:                                                                              |
|  GPU   GI   CI              PID   Type   Process name                        GPU Memory |
|        ID   ID                                                               Usage      |
|=========================================================================================|
|    0   N/A  N/A          157322      G   /usr/libexec/Xorg                        64MiB |
|    1   N/A  N/A          157322      G   /usr/libexec/Xorg                        64MiB |
+-----------------------------------------------------------------------------------------+

PyTorch version: 2.6.0+cu124
Loaded frozen backbone from plots/run-lejepa-semi-sup-jetclass-ddp/best_model.pth
Backbone model: semi-sup
Representation dimension: 128
