## SLURM PROLOG ###############################################################
##    Job ID : 4106689
##  Job Name : JETANOMALY-JETCLASS
##  Nodelist : gpu2708
##      CPUs : 1
##  Mem/Node : 96000 MB
## Directory : /oscar/home/lwang223/jetAnomalyDetection
##   Job Started : Sun Jul 19 05:39:39 EDT 2026
###############################################################################

==========================================
Job started at: Sun Jul 19 05:39:39 EDT 2026
Job ID: 4106689
Node: gpu2708
==========================================

GPU Information (from host):
Sun Jul 19 05:39:39 2026       
+-----------------------------------------------------------------------------------------+
| NVIDIA-SMI 575.57.08              Driver Version: 575.57.08      CUDA Version: 12.9     |
|-----------------------------------------+------------------------+----------------------+
| GPU  Name                 Persistence-M | Bus-Id          Disp.A | Volatile Uncorr. ECC |
| Fan  Temp   Perf          Pwr:Usage/Cap |           Memory-Usage | GPU-Util  Compute M. |
|                                         |                        |               MIG M. |
|=========================================+========================+======================|
|   0  NVIDIA L40S                    On  |   00000000:01:00.0 Off |                    0 |
| N/A   27C    P8             32W /  350W |      75MiB /  46068MiB |      0%      Default |
|                                         |                        |                  N/A |
+-----------------------------------------+------------------------+----------------------+
                                                                                         
+-----------------------------------------------------------------------------------------+
| Processes:                                                                              |
|  GPU   GI   CI              PID   Type   Process name                        GPU Memory |
|        ID   ID                                                               Usage      |
|=========================================================================================|
|    0   N/A  N/A          157414      G   /usr/libexec/Xorg                        64MiB |
+-----------------------------------------------------------------------------------------+

PyTorch version: 2.6.0+cu124
Loading /oscar/home/lwang223/jetAnomalyDetection/plots/run-lejepa-semi-sup-triplet-jetclass-ddp-fast-wjet-longlongmult/best_model.pth on cuda:0
Sampling 100 x 256 events from each split
Full-jet density latent space: representation
Background labels: QCD+Hbb+Hcc+Hgg+H4q+Hqql+Zqq+Tbqq+Tbl
Signal labels: Wqq
Full-jet latent collection retains the interleaved background-signal path for compatibility with older models; current eval-mode normalization uses frozen statistics.
Legacy checkpoint detected: feature running stats are absent. Evaluation will use per-batch feature stats.

Collecting latents for full-events from train, val, and signals...
Regrouped interleaved full latents: train background=23000, validation background=23000, signal=2600
AUC fit=0.524452, held-out=0.521596, validation=0.520762

Per-class centroid and Mahalanobis diagnostic
QCD: centroid shift=0.159513, AUC held-out=0.769284, validation=0.748644
Hbb: centroid shift=0.0930127, AUC held-out=0.911611, validation=0.912805
Hcc: centroid shift=0.178285, AUC held-out=0.716305, validation=0.713413
Hgg: centroid shift=0.131219, AUC held-out=0.757078, validation=0.771151
H4q: centroid shift=0.133669, AUC held-out=0.715327, validation=0.707636
Hqql: centroid shift=0.122299, AUC held-out=0.951721, validation=0.950662
Zqq: centroid shift=0.175704, AUC held-out=0.443264, validation=0.439369
Tbqq: centroid shift=0.149132, AUC held-out=0.885515, validation=0.893902
Tbl: centroid shift=0.136962, AUC held-out=0.998884, validation=0.998191

Saved diagnostics to /oscar/home/lwang223/jetAnomalyDetection/plots/run-lejepa-semi-sup-triplet-jetclass-ddp-fast-wjet-longlongmult/latent_diagnostics
