## SLURM PROLOG ###############################################################
##    Job ID : 4267085
##  Job Name : JETANOMALY
##  Nodelist : gpu3003
##      CPUs : 1
##  Mem/Node : 72000 MB
## Directory : /oscar/home/lwang223/jetAnomalyDetection
##   Job Started : Fri Jul 24 09:39:21 AM EDT 2026
###############################################################################

==========================================
Job started at: Fri Jul 24 09:39:21 AM EDT 2026
Job ID: 4267085
Node: gpu3003
==========================================

GPU Information (from host):
Fri Jul 24 09:39:21 2026       
+-----------------------------------------------------------------------------------------+
| NVIDIA-SMI 575.57.08              Driver Version: 575.57.08      CUDA Version: 12.9     |
|-----------------------------------------+------------------------+----------------------+
| GPU  Name                 Persistence-M | Bus-Id          Disp.A | Volatile Uncorr. ECC |
| Fan  Temp   Perf          Pwr:Usage/Cap |           Memory-Usage | GPU-Util  Compute M. |
|                                         |                        |               MIG M. |
|=========================================+========================+======================|
|   0  NVIDIA L40S                    On  |   00000000:E1:00.0 Off |                    0 |
| N/A   29C    P8             33W /  350W |      77MiB /  46068MiB |      0%      Default |
|                                         |                        |                  N/A |
+-----------------------------------------+------------------------+----------------------+
                                                                                         
+-----------------------------------------------------------------------------------------+
| Processes:                                                                              |
|  GPU   GI   CI              PID   Type   Process name                        GPU Memory |
|        ID   ID                                                               Usage      |
|=========================================================================================|
|    0   N/A  N/A          179375      G   /usr/libexec/Xorg                        64MiB |
+-----------------------------------------------------------------------------------------+

PyTorch version: 2.6.0+cu124
Dataset backend: cms
Dataset root: /HEP/export/home/hgao50/jet-anomaly-data/ak8-v3
Loading /oscar/home/lwang223/jetAnomalyDetection/plots/quickrun/all-cms-mc/best_model.pth on cuda:0
Sampling 100 x 128 events from each source stream
Full-jet density latent space: representation
Training labels: QCD+Hbb+Zqq+Wqq+Tbqq
Visualization signal labels: QCD+Hbb+Zqq+Wqq+Tbqq
Dataset label axis: ['label_QCD', 'label_Hbb', 'label_Wqq', 'label_Zqq', 'label_Tbqq']
Particle feature order:
   0: part_px
   1: part_py
   2: part_pz
   3: part_energy
   4: part_pt
   5: log_pt_fraction
   6: part_deta
   7: part_dphi
   8: Cpfcan_dxysig
   9: log_Cpfcan_dxysig
  10: Cpfcan_dzsig
  11: log_Cpfcan_dzsig
  12: part_charge
  13: part_isChargedHadron
  14: part_isNeutralHadron
  15: part_isPhoton
  16: part_isElectron
  17: part_isMuon
Batch-standardized particle features: ['log_pt_fraction', 'Cpfcan_dxysig', 'log_Cpfcan_dxysig', 'Cpfcan_dzsig', 'log_Cpfcan_dzsig']
CMS split source: /oscar/home/lwang223/jetAnomalyDetection/plots/quickrun/all-cms-mc/cms_split_manifest.json; sha256=ee26830093633ebb266cd2384fe4727dfa20eb6b0f03c3331d2e2d5f5dc9ef3b

Collecting full-event latents...
Collected full latents: train=12800, validation=12800, shared signal test=12800
Global AUC fit=0.501139, held-out=0.495044, validation=0.489863

Rotating pairwise class-specific Mahalanobis diagnostics
signal=QCD, background=Hbb: train AUC=0.725572, validation AUC=0.739384
signal=QCD, background=Zqq: train AUC=0.396372, validation AUC=0.397375
signal=QCD, background=Wqq: train AUC=0.415945, validation AUC=0.431717
signal=QCD, background=Tbqq: train AUC=0.719654, validation AUC=0.718663
signal=Hbb, background=QCD: train AUC=0.866354, validation AUC=0.825261
signal=Hbb, background=Zqq: train AUC=0.679532, validation AUC=0.679530
signal=Hbb, background=Wqq: train AUC=0.768637, validation AUC=0.778075
signal=Hbb, background=Tbqq: train AUC=0.680862, validation AUC=0.679156
signal=Zqq, background=QCD: train AUC=0.689756, validation AUC=0.607470
signal=Zqq, background=Hbb: train AUC=0.752590, validation AUC=0.766778
signal=Zqq, background=Wqq: train AUC=0.527556, validation AUC=0.546586
signal=Zqq, background=Tbqq: train AUC=0.729300, validation AUC=0.728480
signal=Wqq, background=QCD: train AUC=0.671705, validation AUC=0.584172
signal=Wqq, background=Hbb: train AUC=0.760977, validation AUC=0.776291
signal=Wqq, background=Zqq: train AUC=0.480444, validation AUC=0.480360
signal=Wqq, background=Tbqq: train AUC=0.729551, validation AUC=0.728960
signal=Tbqq, background=QCD: train AUC=0.822083, validation AUC=0.760568
signal=Tbqq, background=Hbb: train AUC=0.586565, validation AUC=0.596816
signal=Tbqq, background=Zqq: train AUC=0.548478, validation AUC=0.547964
signal=Tbqq, background=Wqq: train AUC=0.647308, validation AUC=0.661622

Saved diagnostics to /oscar/home/lwang223/jetAnomalyDetection/plots/quickrun/all-cms-mc/latent_diagnostics
