## SLURM PROLOG ###############################################################
##    Job ID : 3965717
##  Job Name : JETANOMALY-JETCLASS
##  Nodelist : gpu3003
##      CPUs : 1
##  Mem/Node : 48000 MB
## Directory : /oscar/home/lwang223/jetAnomalyDetection
##   Job Started : Tue Jul 14 04:06:28 AM EDT 2026
###############################################################################

==========================================
Job started at: Tue Jul 14 04:06:28 AM EDT 2026
Job ID: 3965717
Node: gpu3003
==========================================

GPU Information (from host):
Tue Jul 14 04:06:28 2026       
+-----------------------------------------------------------------------------------------+
| NVIDIA-SMI 575.57.08              Driver Version: 575.57.08      CUDA Version: 12.9     |
|-----------------------------------------+------------------------+----------------------+
| GPU  Name                 Persistence-M | Bus-Id          Disp.A | Volatile Uncorr. ECC |
| Fan  Temp   Perf          Pwr:Usage/Cap |           Memory-Usage | GPU-Util  Compute M. |
|                                         |                        |               MIG M. |
|=========================================+========================+======================|
|   0  NVIDIA L40S                    On  |   00000000:C1:00.0 Off |                    0 |
| N/A   35C    P8             33W /  350W |      91MiB /  46068MiB |      0%      Default |
|                                         |                        |                  N/A |
+-----------------------------------------+------------------------+----------------------+
                                                                                         
+-----------------------------------------------------------------------------------------+
| Processes:                                                                              |
|  GPU   GI   CI              PID   Type   Process name                        GPU Memory |
|        ID   ID                                                               Usage      |
|=========================================================================================|
|    0   N/A  N/A          179375      G   /usr/libexec/Xorg                        78MiB |
+-----------------------------------------------------------------------------------------+

PyTorch version: 2.6.0+cu124
Loading /oscar/home/lwang223/jetAnomalyDetection/plots/run-lejepa-semi-sup-triplet-jetclass-ddp-fast-wjet-long/best_model.pth on cuda:0
Sampling 100 x 128 events from each split
Full-jet density latent space: representation
Background labels: QCD+Hbb+Hcc+Hgg
Signal labels: Wqq
Full-jet latent collection will interleave background and signal events inside every forward pass, then regroup representations by their original labels. This gives all Mahalanobis and per-class comparisons a shared batch-standardization context.

[1/8] Unaugmented full-jet Mahalanobis diagnostic
Regrouped interleaved full latents: train background=10200, validation background=10200, signal=2600
AUC fit=0.545253, held-out=0.520475, validation=0.529484

[2/8] Full-jet latent norm diagnostic
Full latent norm mean/median: train bg=5.238335/5.239064, val bg=5.225962/5.236180, signal=5.383022/5.400315

[3/8] Augmented local-global diagnostics
Raw MSE AUC train=0.498926, validation=0.497424
Cosine AUC train=0.504104, validation=0.502320
Normalized-MSE AUC train=0.504104, validation=0.502320
Global-anchor norm mean/median: train bg=5.187482/5.208728, val bg=5.183624/5.203015, Wqq=5.172935/5.220720

[4/9] Triplet positive-vs-corrupted-negative response diagnostic
Triplet margin score: AUC train=0.459545, validation=0.459783
Triplet hinge violation: AUC train=0.499752, validation=0.498519

[5/9] Per-class centroid and Mahalanobis diagnostic
QCD: centroid shift=0.138073, AUC held-out=0.626698, validation=0.631186
Hbb: centroid shift=0.126247, AUC held-out=0.925733, validation=0.924750
Hcc: centroid shift=0.153736, AUC held-out=0.679176, validation=0.679831
Hgg: centroid shift=0.141512, AUC held-out=0.779319, validation=0.777399

[6/9] Multi-Gaussian nearest-component Mahalanobis diagnostic
Multi-Gaussian K=6: AUC fit=0.589744, held-out=0.549436, validation=0.557721

[7/9] Standardized latent-space kNN diagnostic
kNN k=30: AUC fit=0.597148, held-out=0.590005, validation=0.594937

[8/9] Class-conditional Gaussian-mixture likelihood diagnostic
Class-conditional mixture NLL: AUC fit=0.622289, held-out=0.596577, validation=0.599677

[9/9] Two-sided local-global consistency diagnostic
Two-sided local-global: AUC fit=0.529599, held-out=0.533138, validation=0.541931

Saved diagnostics to /oscar/home/lwang223/jetAnomalyDetection/plots/run-lejepa-semi-sup-triplet-jetclass-ddp-fast-wjet-long/latent_diagnostics
Loading /oscar/home/lwang223/jetAnomalyDetection/plots/run-lejepa-semi-sup-triplet-jetclass-ddp-fast-hbb-long/best_model.pth on cuda:0
Sampling 100 x 128 events from each split
Full-jet density latent space: representation
Background labels: QCD+Wqq+Hcc+Hgg
Signal labels: Hbb
Full-jet latent collection will interleave background and signal events inside every forward pass, then regroup representations by their original labels. This gives all Mahalanobis and per-class comparisons a shared batch-standardization context.

[1/8] Unaugmented full-jet Mahalanobis diagnostic
Regrouped interleaved full latents: train background=10200, validation background=10200, signal=2600
AUC fit=0.549569, held-out=0.536967, validation=0.538827

[2/8] Full-jet latent norm diagnostic
Full latent norm mean/median: train bg=5.348366/5.350914, val bg=5.342599/5.342744, signal=5.344186/5.353557

[3/8] Augmented local-global diagnostics
Raw MSE AUC train=0.462509, validation=0.458264
Cosine AUC train=0.460022, validation=0.455561
Normalized-MSE AUC train=0.460022, validation=0.455561
Global-anchor norm mean/median: train bg=5.332063/5.332692, val bg=5.330662/5.333835, Hbb=5.340073/5.342835

[4/9] Triplet positive-vs-corrupted-negative response diagnostic
Triplet margin score: AUC train=0.658036, validation=0.661162
Triplet hinge violation: AUC train=0.529446, validation=0.527262

[5/9] Per-class centroid and Mahalanobis diagnostic
QCD: centroid shift=0.121216, AUC held-out=0.932984, validation=0.928373
Wqq: centroid shift=0.165156, AUC held-out=0.845786, validation=0.845739
Hcc: centroid shift=0.148071, AUC held-out=0.430715, validation=0.420821
Hgg: centroid shift=0.143548, AUC held-out=0.828444, validation=0.817952

[6/9] Multi-Gaussian nearest-component Mahalanobis diagnostic
Multi-Gaussian K=6: AUC fit=0.584381, held-out=0.549552, validation=0.551222

[7/9] Standardized latent-space kNN diagnostic
kNN k=30: AUC fit=0.612578, held-out=0.615227, validation=0.614708

[8/9] Class-conditional Gaussian-mixture likelihood diagnostic
Class-conditional mixture NLL: AUC fit=0.563143, held-out=0.540830, validation=0.538410

[9/9] Two-sided local-global consistency diagnostic
Two-sided local-global: AUC fit=0.468343, held-out=0.471870, validation=0.476003

Saved diagnostics to /oscar/home/lwang223/jetAnomalyDetection/plots/run-lejepa-semi-sup-triplet-jetclass-ddp-fast-hbb-long/latent_diagnostics
