## SLURM PROLOG ###############################################################
##    Job ID : 3615913
##  Job Name : JETANOMALY
##  Nodelist : gpu3101
##      CPUs : 1
##  Mem/Node : 32000 MB
## Directory : /oscar/home/lwang223/jetAnomalyDetection
##   Job Started : Thu Jul  2 07:06:27 AM EDT 2026
###############################################################################

==========================================
Job started at: Thu Jul  2 07:06:27 AM EDT 2026
Job ID: 3615913
Node: gpu3101
==========================================

GPU Information (from host):
Thu Jul  2 07:06:27 2026       
+-----------------------------------------------------------------------------------------+
| NVIDIA-SMI 575.57.08              Driver Version: 575.57.08      CUDA Version: 12.9     |
|-----------------------------------------+------------------------+----------------------+
| GPU  Name                 Persistence-M | Bus-Id          Disp.A | Volatile Uncorr. ECC |
| Fan  Temp   Perf          Pwr:Usage/Cap |           Memory-Usage | GPU-Util  Compute M. |
|                                         |                        |               MIG M. |
|=========================================+========================+======================|
|   0  NVIDIA L40S                    On  |   00000000:81:00.0 Off |                    0 |
| N/A   28C    P8             32W /  350W |      74MiB /  46068MiB |      0%      Default |
|                                         |                        |                  N/A |
+-----------------------------------------+------------------------+----------------------+
                                                                                         
+-----------------------------------------------------------------------------------------+
| Processes:                                                                              |
|  GPU   GI   CI              PID   Type   Process name                        GPU Memory |
|        ID   ID                                                               Usage      |
|=========================================================================================|
|    0   N/A  N/A          182625      G   /usr/libexec/Xorg                        64MiB |
+-----------------------------------------------------------------------------------------+

PyTorch version: 2.6.0+cu124
Background rows: 125183
Signal rows: 4067
Node features: ['eta', 'phi', 'pt', 'd0/d0Err', 'dz/dzErr', 'mass', 'charge']
Loading background node tensors...
