## SLURM PROLOG ###############################################################
##    Job ID : 6830752
##  Job Name : JETANOMALY
##  Nodelist : gpu3003
##      CPUs : 1
##  Mem/Node : 65536 MB
## Directory : /oscar/home/lwang223/jetAnomalyDetection
##   Job Started : Tue Sep 29 08:30:31 PM EDT 2026
###############################################################################

==========================================
Job started at: Tue Sep 29 08:30:31 PM EDT 2026
Job ID: 6830752
Node: gpu3003
==========================================

GPU Information (from host):
Tue Sep 29 20:30:31 2026       
+-----------------------------------------------------------------------------------------+
| NVIDIA-SMI 575.57.08              Driver Version: 575.57.08      CUDA Version: 12.9     |
|-----------------------------------------+------------------------+----------------------+
| GPU  Name                 Persistence-M | Bus-Id          Disp.A | Volatile Uncorr. ECC |
| Fan  Temp   Perf          Pwr:Usage/Cap |           Memory-Usage | GPU-Util  Compute M. |
|                                         |                        |               MIG M. |
|=========================================+========================+======================|
|   0  NVIDIA L40S                    On  |   00000000:C1:00.0 Off |                    0 |
| N/A   36C    P8             33W /  350W |      91MiB /  46068MiB |      0%      Default |
|                                         |                        |                  N/A |
+-----------------------------------------+------------------------+----------------------+
                                                                                         
+-----------------------------------------------------------------------------------------+
| Processes:                                                                              |
|  GPU   GI   CI              PID   Type   Process name                        GPU Memory |
|        ID   ID                                                               Usage      |
|=========================================================================================|
|    0   N/A  N/A          179375      G   /usr/libexec/Xorg                        78MiB |
+-----------------------------------------------------------------------------------------+

PyTorch version: 2.6.0+cu124
