W0730 15:36:21.936000 434423 /oscar/home/lwang223/.conda/envs/jet/lib/python3.11/site-packages/torch/distributed/run.py:792] 
W0730 15:36:21.936000 434423 /oscar/home/lwang223/.conda/envs/jet/lib/python3.11/site-packages/torch/distributed/run.py:792] *****************************************
W0730 15:36:21.936000 434423 /oscar/home/lwang223/.conda/envs/jet/lib/python3.11/site-packages/torch/distributed/run.py:792] Setting OMP_NUM_THREADS environment variable for each process to be 1 in default, to avoid your system being overloaded, please further tune the variable for optimal performance in your application as needed. 
W0730 15:36:21.936000 434423 /oscar/home/lwang223/.conda/envs/jet/lib/python3.11/site-packages/torch/distributed/run.py:792] *****************************************
[rank0]: Traceback (most recent call last):
[rank0]:   File "/oscar/home/lwang223/jetAnomalyDetection/scripts/run_train_lejepa_part.py", line 3334, in <module>
[rank0]:     trainer.train()
[rank0]:   File "/oscar/home/lwang223/jetAnomalyDetection/scripts/run_train_lejepa_part.py", line 2374, in train
[rank0]:     optimizer.load_state_dict(payload["optimizer_state_dict"])
[rank0]:                               ~~~~~~~^^^^^^^^^^^^^^^^^^^^^^^^
[rank0]: TypeError: 'NoneType' object is not subscriptable
[rank1]: Traceback (most recent call last):
[rank1]:   File "/oscar/home/lwang223/jetAnomalyDetection/scripts/run_train_lejepa_part.py", line 3334, in <module>
[rank1]:     trainer.train()
[rank1]:   File "/oscar/home/lwang223/jetAnomalyDetection/scripts/run_train_lejepa_part.py", line 2374, in train
[rank1]:     optimizer.load_state_dict(payload["optimizer_state_dict"])
[rank1]:                               ~~~~~~~^^^^^^^^^^^^^^^^^^^^^^^^
[rank1]: TypeError: 'NoneType' object is not subscriptable
[rank0]:[W730 15:38:59.695886701 ProcessGroupNCCL.cpp:1496] Warning: WARNING: destroy_process_group() was not called before program exit, which can leak resources. For more info, please see https://pytorch.org/docs/stable/distributed.html#shutdown (function operator())
[2026-07-30T15:39:00.284] error: *** JOB 4437949 ON gpu3101 CANCELLED AT 2026-07-30T15:39:00 DUE to SIGNAL Terminated ***
