## SLURM PROLOG ###############################################################
##    Job ID : 4067829
##  Job Name : AK8-SS-m1.0-zjets
##  Nodelist : gpu3003
##      CPUs : 1
##  Mem/Node : 90000 MB
## Directory : /oscar/home/hgao50/jetAnomalyDetection
##   Job Started : Fri Jul 17 06:40:24 PM EDT 2026
###############################################################################

==========================================
Job started at: Fri Jul 17 06:40:24 PM EDT 2026
Job ID: 4067829
Node: gpu3003
MARGIN=1.0  SIGNAL=zjets
==========================================

GPU Information (from host):
Fri Jul 17 18:40:24 2026       
+-----------------------------------------------------------------------------------------+
| NVIDIA-SMI 575.57.08              Driver Version: 575.57.08      CUDA Version: 12.9     |
|-----------------------------------------+------------------------+----------------------+
| GPU  Name                 Persistence-M | Bus-Id          Disp.A | Volatile Uncorr. ECC |
| Fan  Temp   Perf          Pwr:Usage/Cap |           Memory-Usage | GPU-Util  Compute M. |
|                                         |                        |               MIG M. |
|=========================================+========================+======================|
|   0  NVIDIA L40S                    On  |   00000000:41:00.0 Off |                    0 |
| N/A   30C    P8             33W /  350W |      77MiB /  46068MiB |      0%      Default |
|                                         |                        |                  N/A |
+-----------------------------------------+------------------------+----------------------+
                                                                                         
+-----------------------------------------------------------------------------------------+
| Processes:                                                                              |
|  GPU   GI   CI              PID   Type   Process name                        GPU Memory |
|        ID   ID                                                               Usage      |
|=========================================================================================|
|    0   N/A  N/A          179375      G   /usr/libexec/Xorg                        64MiB |
+-----------------------------------------------------------------------------------------+

PyTorch 2.2.1+cu118, cuda=True, device=NVIDIA L40S
Staged qcd: 395 files -> /tmp/ak8_semisup_zjets_m1.0_4067829/qcd
Staged wjets: 200 files -> /tmp/ak8_semisup_zjets_m1.0_4067829/wjets
Staged ttbar: 199 files -> /tmp/ak8_semisup_zjets_m1.0_4067829/ttbar
Staged hbb: 188 files -> /tmp/ak8_semisup_zjets_m1.0_4067829/hbb
Staged signal zjets: 200 files -> /tmp/ak8_semisup_zjets_m1.0_4067829/signal_zjets
Background dirs: /tmp/ak8_semisup_zjets_m1.0_4067829/qcd,/tmp/ak8_semisup_zjets_m1.0_4067829/wjets,/tmp/ak8_semisup_zjets_m1.0_4067829/ttbar,/tmp/ak8_semisup_zjets_m1.0_4067829/hbb
Background names: QCD,WJets,TTbar,Hbb
Signal: zjets (ZJets)
Margin: 1.0
Output dir: plots/run-lejepa-ak8-semisup-m1.0-zjets
Streaming backgrounds from /tmp/ak8_semisup_zjets_m1.0_4067829/qcd,/tmp/ak8_semisup_zjets_m1.0_4067829/wjets,/tmp/ak8_semisup_zjets_m1.0_4067829/ttbar,/tmp/ak8_semisup_zjets_m1.0_4067829/hbb
Streaming signal from /tmp/ak8_semisup_zjets_m1.0_4067829/signal_zjets
Node feature names: ['eta', 'phi', 'pt', 'd0/d0Err', 'dz/dzErr', 'charge', 'mass', 'log_pt', 'pdgId_-211', 'pdgId_-13', 'pdgId_-11', 'pdgId_11', 'pdgId_13', 'pdgId_22', 'pdgId_130', 'pdgId_211']
Streaming mode: discovering ROOT shards (no full in-memory load).
  class 0 (QCD): 395 ROOT files
  class 1 (WJets): 200 ROOT files
  class 2 (TTbar): 199 ROOT files
  class 3 (Hbb): 188 ROOT files
  split QCD: train_files=355 val_files=40
  split WJets: train_files=180 val_files=20
  split TTbar: train_files=179 val_files=20
  split Hbb: train_files=169 val_files=19
  signal (ZJets): 200 ROOT files
Streaming configured: steps_per_epoch=1000, val_steps=100, eval_steps=100
Streaming datasets already prepared in load(); skipping RAM materialization.
Skipping feature plots in streaming mode.
Selected SSL model: semi-sup-triplet
Model summary:
LeJEPASemiSupervisedTripletParticleTransformerRepresentation(
  (node_embedding): NodeEmbedding(
    (net): Sequential(
      (0): Linear(in_features=16, out_features=128, bias=True)
      (1): GELU(approximate='none')
      (2): LayerNorm((128,), eps=1e-05, elementwise_affine=True)
      (3): Linear(in_features=128, out_features=512, bias=True)
      (4): GELU(approximate='none')
      (5): LayerNorm((512,), eps=1e-05, elementwise_affine=True)
      (6): Linear(in_features=512, out_features=128, bias=True)
      (7): Dropout(p=0.1, inplace=False)
    )
  )
  (pairwise_bias): PairwiseAttentionBias(
    (mlp): Sequential(
      (0): RMSNorm()
      (1): Linear(in_features=4, out_features=16, bias=True)
      (2): SiLU()
      (3): Dropout(p=0.1, inplace=False)
      (4): Linear(in_features=16, out_features=16, bias=True)
      (5): SiLU()
      (6): Dropout(p=0.1, inplace=False)
      (7): Linear(in_features=16, out_features=8, bias=True)
    )
  )
  (encoder): ParticleTransformerEncoder(
    (layers): ModuleList(
      (0-7): 8 x ParticleTransformerBlock(
        (attn_norm): RMSNorm()
        (self_attn): MultiheadAttention(
          (out_proj): NonDynamicallyQuantizableLinear(in_features=128, out_features=128, bias=True)
        )
        (attn_dropout): Dropout(p=0.1, inplace=False)
        (ffn_norm): RMSNorm()
        (ffn): SwiGLUFFN(
          (fc1): Linear(in_features=128, out_features=1024, bias=True)
          (act): SwiGLU()
          (fc2): Linear(in_features=512, out_features=128, bias=True)
          (dropout): Dropout(p=0.1, inplace=False)
        )
      )
    )
  )
  (cls_pooling): CLSPooling(
    (layers): ModuleList(
      (0-1): 2 x ClassAttentionBlock(
        (query_norm): LayerNorm((128,), eps=1e-05, elementwise_affine=True)
        (context_norm): LayerNorm((128,), eps=1e-05, elementwise_affine=True)
        (attn): MultiheadAttention(
          (out_proj): NonDynamicallyQuantizableLinear(in_features=128, out_features=128, bias=True)
        )
        (attn_dropout): Dropout(p=0.0, inplace=False)
        (ffn_norm): LayerNorm((128,), eps=1e-05, elementwise_affine=True)
        (ffn): Sequential(
          (0): Linear(in_features=128, out_features=512, bias=True)
          (1): GELU(approximate='none')
          (2): Dropout(p=0.0, inplace=False)
          (3): Linear(in_features=512, out_features=128, bias=True)
          (4): Dropout(p=0.0, inplace=False)
        )
      )
    )
  )
  (representation_head): RepresentationHead(
    (net): Sequential(
      (0): RMSNorm()
      (1): Linear(in_features=128, out_features=128, bias=True)
      (2): SiLU()
      (3): Dropout(p=0.1, inplace=False)
      (4): Linear(in_features=128, out_features=128, bias=True)
    )
  )
  (augmentation): MultiViewAugmentation()
  (negative_augmentation): CorruptedNegativeAugmentation()
  (loss): LeJEPASIGRegTripletClassificationLoss(
    (triplet_loss): LeJEPASIGRegTripletLoss(
      (lejepa_loss): LeJEPASIGRegLoss(
        (sigreg_loss_fn): SlicingUnivariateTest(
          (univariate_test): EppsPulley()
        )
      )
    )
  )
  (classification_head): CategoricalClassificationHead(
    (net): Sequential(
      (0): RMSNorm()
      (1): Linear(in_features=128, out_features=128, bias=True)
      (2): SiLU()
      (3): Dropout(p=0.1, inplace=False)
      (4): Linear(in_features=128, out_features=4, bias=True)
    )
  )
)
Number of trainable parameters: 2695664
Skipping augmentation sample plots.
Initialized run summary at plots/run-lejepa-ak8-semisup-m1.0-zjets/summary.json

Epoch [1/12]
Learning rate: 1e-07
Saved new best model state_dict to plots/run-lejepa-ak8-semisup-m1.0-zjets/best_model.pth
Saved last model state_dict to plots/run-lejepa-ak8-semisup-m1.0-zjets/last_model.pth
Epoch 1 train losses: {'total_loss': 1.8553500351905823, 'invariant_loss': 0.24794894016068428, 'sigreg_loss': 74.455375, 'triplet_loss': 0.5342558231651783, 'triplet_pos_distance': 0.06385188341280446, 'triplet_neg_distance': 0.6812924534315243, 'classification_loss': 1.295174407839775}
Epoch 1 val losses: {'total_loss': 0.8295766496658326, 'invariant_loss': 0.13489162385463715, 'sigreg_loss': 30.47375, 'triplet_loss': 0.2436870104074478, 'triplet_pos_distance': 0.025019421074539423, 'triplet_neg_distance': 1.2007444846630095, 'classification_loss': 1.2129670333862306}
Updated run summary at plots/run-lejepa-ak8-semisup-m1.0-zjets/summary.json

Epoch [2/12]
Learning rate: 0.0001001
Saved new best model state_dict to plots/run-lejepa-ak8-semisup-m1.0-zjets/best_model.pth
Saved last model state_dict to plots/run-lejepa-ak8-semisup-m1.0-zjets/last_model.pth
Epoch 2 train losses: {'total_loss': 0.7104969785213471, 'invariant_loss': 0.19238166810572147, 'sigreg_loss': 22.0096875, 'triplet_loss': 0.18397928068041802, 'triplet_pos_distance': 0.05460504146665335, 'triplet_neg_distance': 1.418044737458229, 'classification_loss': 1.1907539147138595}
Epoch 2 val losses: {'total_loss': 0.5879426300525665, 'invariant_loss': 0.11371849164366722, 'sigreg_loss': 19.98375, 'triplet_loss': 0.16304564021527768, 'triplet_pos_distance': 0.020883496310561897, 'triplet_neg_distance': 1.441539031267166, 'classification_loss': 1.1654228138923646}
Updated run summary at plots/run-lejepa-ak8-semisup-m1.0-zjets/summary.json

Epoch [3/12]
Learning rate: 0.0002001
Saved new best model state_dict to plots/run-lejepa-ak8-semisup-m1.0-zjets/best_model.pth
Saved last model state_dict to plots/run-lejepa-ak8-semisup-m1.0-zjets/last_model.pth
Epoch 3 train losses: {'total_loss': 0.5743696915507317, 'invariant_loss': 0.18848504166305066, 'sigreg_loss': 15.7021875, 'triplet_loss': 0.1383528544008732, 'triplet_pos_distance': 0.055061161138117314, 'triplet_neg_distance': 1.5896101509332656, 'classification_loss': 1.1602841336131096}
Epoch 3 val losses: {'total_loss': 0.5101095852255821, 'invariant_loss': 0.12155033960938454, 'sigreg_loss': 15.86875, 'triplet_loss': 0.13343920737504958, 'triplet_pos_distance': 0.02267722962424159, 'triplet_neg_distance': 1.5602197086811065, 'classification_loss': 1.1566502225399018}
Updated run summary at plots/run-lejepa-ak8-semisup-m1.0-zjets/summary.json

Epoch [4/12]
Learning rate: 0.0003001
Saved new best model state_dict to plots/run-lejepa-ak8-semisup-m1.0-zjets/best_model.pth
Saved last model state_dict to plots/run-lejepa-ak8-semisup-m1.0-zjets/last_model.pth
Epoch 4 train losses: {'total_loss': 0.5270565415918828, 'invariant_loss': 0.1841577022075653, 'sigreg_loss': 13.6305625, 'triplet_loss': 0.12116567762941122, 'triplet_pos_distance': 0.053697819765657184, 'triplet_neg_distance': 1.6637858831882477, 'classification_loss': 1.163282080888748}
Epoch 4 val losses: {'total_loss': 0.463574216067791, 'invariant_loss': 0.12225246213376523, 'sigreg_loss': 13.6125, 'triplet_loss': 0.1104196535050869, 'triplet_pos_distance': 0.021550022941082717, 'triplet_neg_distance': 1.73582963347435, 'classification_loss': 1.161455072760582}
Updated run summary at plots/run-lejepa-ak8-semisup-m1.0-zjets/summary.json

Epoch [5/12]
Learning rate: 0.0004001
Saved new best model state_dict to plots/run-lejepa-ak8-semisup-m1.0-zjets/best_model.pth
Saved last model state_dict to plots/run-lejepa-ak8-semisup-m1.0-zjets/last_model.pth
Mahalanobis metrics saved to plots/run-lejepa-ak8-semisup-m1.0-zjets/mahalanobis_eval/epoch_0005/mahalanobis_metrics.json
Mahalanobis AUC, QCD+WJets+TTbar+Hbb train vs ZJets: 0.516853
Mahalanobis AUC, QCD+WJets+TTbar+Hbb val vs ZJets: 0.493462
Epoch 5 train losses: {'total_loss': 0.49533977949619296, 'invariant_loss': 0.17868315243721009, 'sigreg_loss': 12.377625, 'triplet_loss': 0.10832388350367546, 'triplet_pos_distance': 0.05124449709430337, 'triplet_neg_distance': 1.7362567867040635, 'classification_loss': 1.1652737836837768}
Epoch 5 val losses: {'total_loss': 0.4550627866387367, 'invariant_loss': 0.10972083613276482, 'sigreg_loss': 13.788125, 'triplet_loss': 0.11935621343553066, 'triplet_pos_distance': 0.02037388728931546, 'triplet_neg_distance': 1.646662838459015, 'classification_loss': 1.1538688385486602}
Updated run summary at plots/run-lejepa-ak8-semisup-m1.0-zjets/summary.json

Epoch [6/12]
Learning rate: 0.0005001
Saved new best model state_dict to plots/run-lejepa-ak8-semisup-m1.0-zjets/best_model.pth
Saved last model state_dict to plots/run-lejepa-ak8-semisup-m1.0-zjets/last_model.pth
Epoch 6 train losses: {'total_loss': 0.475099511384964, 'invariant_loss': 0.17760118420422077, 'sigreg_loss': 11.467875, 'triplet_loss': 0.0984463645145297, 'triplet_pos_distance': 0.05070049178227782, 'triplet_neg_distance': 1.7988980011940003, 'classification_loss': 1.1660425060987472}
Epoch 6 val losses: {'total_loss': 0.41429448157548904, 'invariant_loss': 0.10687134593725205, 'sigreg_loss': 11.994375, 'triplet_loss': 0.09577428378164768, 'triplet_pos_distance': 0.02019859800580889, 'triplet_neg_distance': 1.8435814273357392, 'classification_loss': 1.1590625476837157}
Updated run summary at plots/run-lejepa-ak8-semisup-m1.0-zjets/summary.json

Epoch [7/12]
Learning rate: 0.0006001
Saved new best model state_dict to plots/run-lejepa-ak8-semisup-m1.0-zjets/best_model.pth
Saved last model state_dict to plots/run-lejepa-ak8-semisup-m1.0-zjets/last_model.pth
Epoch 7 train losses: {'total_loss': 0.45659489592909813, 'invariant_loss': 0.1749583017230034, 'sigreg_loss': 10.7625, 'triplet_loss': 0.09113128361105918, 'triplet_pos_distance': 0.05044475485011935, 'triplet_neg_distance': 1.8443658885955811, 'classification_loss': 1.1455669069886207}
Epoch 7 val losses: {'total_loss': 0.4069342011213303, 'invariant_loss': 0.10490303725004196, 'sigreg_loss': 11.76625, 'triplet_loss': 0.09811858996748925, 'triplet_pos_distance': 0.018262699423357846, 'triplet_neg_distance': 1.7036095798015594, 'classification_loss': 1.1383314085006715}
Updated run summary at plots/run-lejepa-ak8-semisup-m1.0-zjets/summary.json

Epoch [8/12]
Learning rate: 0.0007001
Saved new best model state_dict to plots/run-lejepa-ak8-semisup-m1.0-zjets/best_model.pth
Saved last model state_dict to plots/run-lejepa-ak8-semisup-m1.0-zjets/last_model.pth
Epoch 8 train losses: {'total_loss': 0.44646561148762703, 'invariant_loss': 0.1725793280005455, 'sigreg_loss': 10.41621875, 'triplet_loss': 0.08720676381140947, 'triplet_pos_distance': 0.04959262404963374, 'triplet_neg_distance': 1.8854732531309129, 'classification_loss': 1.1370425558686257}
Epoch 8 val losses: {'total_loss': 0.3946382263302803, 'invariant_loss': 0.10481770418584346, 'sigreg_loss': 11.233125, 'triplet_loss': 0.08505726028233766, 'triplet_pos_distance': 0.01818727482575923, 'triplet_neg_distance': 1.7486338675022126, 'classification_loss': 1.1335224986076355}
Updated run summary at plots/run-lejepa-ak8-semisup-m1.0-zjets/summary.json

Epoch [9/12]
Learning rate: 0.0008001
Saved new best model state_dict to plots/run-lejepa-ak8-semisup-m1.0-zjets/best_model.pth
Saved last model state_dict to plots/run-lejepa-ak8-semisup-m1.0-zjets/last_model.pth
Epoch 9 train losses: {'total_loss': 0.43543892228603365, 'invariant_loss': 0.17052019654214381, 'sigreg_loss': 9.985875, 'triplet_loss': 0.0798660953603685, 'triplet_pos_distance': 0.048536225631833074, 'triplet_neg_distance': 1.9229644428491592, 'classification_loss': 1.144345393538475}
Epoch 9 val losses: {'total_loss': 0.3857524383068085, 'invariant_loss': 0.11405307054519653, 'sigreg_loss': 10.354375, 'triplet_loss': 0.07811918087303639, 'triplet_pos_distance': 0.01996053443290293, 'triplet_neg_distance': 2.05407891869545, 'classification_loss': 1.1359521961212158}
Updated run summary at plots/run-lejepa-ak8-semisup-m1.0-zjets/summary.json

Epoch [10/12]
Learning rate: 0.0009001
Saved last model state_dict to plots/run-lejepa-ak8-semisup-m1.0-zjets/last_model.pth
Mahalanobis metrics saved to plots/run-lejepa-ak8-semisup-m1.0-zjets/mahalanobis_eval/epoch_0010/mahalanobis_metrics.json
Mahalanobis AUC, QCD+WJets+TTbar+Hbb train vs ZJets: 0.512835
Mahalanobis AUC, QCD+WJets+TTbar+Hbb val vs ZJets: 0.501872
Epoch 10 train losses: {'total_loss': 0.43245797300338745, 'invariant_loss': 0.17115348900854588, 'sigreg_loss': 9.80553125, 'triplet_loss': 0.07765693889185786, 'triplet_pos_distance': 0.04830112646892667, 'triplet_neg_distance': 1.9752742903232574, 'classification_loss': 1.1484124510288238}
Epoch 10 val losses: {'total_loss': 0.3911238133907318, 'invariant_loss': 0.10443230576813221, 'sigreg_loss': 11.0425, 'triplet_loss': 0.08746130257844925, 'triplet_pos_distance': 0.019697199212387204, 'triplet_neg_distance': 1.7996196818351746, 'classification_loss': 1.141329469680786}
Updated run summary at plots/run-lejepa-ak8-semisup-m1.0-zjets/summary.json

Epoch [11/12]
Learning rate: 0.001
Saved new best model state_dict to plots/run-lejepa-ak8-semisup-m1.0-zjets/best_model.pth
Saved last model state_dict to plots/run-lejepa-ak8-semisup-m1.0-zjets/last_model.pth
Epoch 11 train losses: {'total_loss': 0.417284408301115, 'invariant_loss': 0.16811765092611314, 'sigreg_loss': 9.2454375, 'triplet_loss': 0.06911382911913097, 'triplet_pos_distance': 0.047575910471379754, 'triplet_neg_distance': 2.0115171214342116, 'classification_loss': 1.147158195734024}
Epoch 11 val losses: {'total_loss': 0.3505438941717148, 'invariant_loss': 0.10699805721640587, 'sigreg_loss': 9.1053125, 'triplet_loss': 0.052777610048651696, 'triplet_pos_distance': 0.019077226016670466, 'triplet_neg_distance': 2.1469652366638186, 'classification_loss': 1.1227834236621856}
Updated run summary at plots/run-lejepa-ak8-semisup-m1.0-zjets/summary.json

Epoch [12/12]
Learning rate: 0.0005005
Saved new best model state_dict to plots/run-lejepa-ak8-semisup-m1.0-zjets/best_model.pth
Saved last model state_dict to plots/run-lejepa-ak8-semisup-m1.0-zjets/last_model.pth
Mahalanobis metrics saved to plots/run-lejepa-ak8-semisup-m1.0-zjets/mahalanobis_eval/epoch_0012/mahalanobis_metrics.json
Mahalanobis AUC, QCD+WJets+TTbar+Hbb train vs ZJets: 0.523854
Mahalanobis AUC, QCD+WJets+TTbar+Hbb val vs ZJets: 0.505772
Epoch 12 train losses: {'total_loss': 0.3885776709020138, 'invariant_loss': 0.16064431317150593, 'sigreg_loss': 8.3458125, 'triplet_loss': 0.05017224758677184, 'triplet_pos_distance': 0.04616182495653629, 'triplet_neg_distance': 2.221692517399788, 'classification_loss': 1.1198265155553817}
Epoch 12 val losses: {'total_loss': 0.3394645917415619, 'invariant_loss': 0.09687140636146069, 'sigreg_loss': 9.118125, 'triplet_loss': 0.04782725844532251, 'triplet_pos_distance': 0.017842692006379366, 'triplet_neg_distance': 2.1707235980033874, 'classification_loss': 1.1095295119285584}
Updated run summary at plots/run-lejepa-ak8-semisup-m1.0-zjets/summary.json
Saved run summary to plots/run-lejepa-ak8-semisup-m1.0-zjets/summary.json
Job finished at: Fri Jul 17 07:48:56 PM EDT 2026
