## SLURM PROLOG ###############################################################
##    Job ID : 4048429
##  Job Name : AK8-SS-m0.1-wjets
##  Nodelist : gpu2708
##      CPUs : 1
##  Mem/Node : 90000 MB
## Directory : /oscar/home/hgao50/jetAnomalyDetection
##   Job Started : Thu Jul 16 08:52:53 PM EDT 2026
###############################################################################

==========================================
Job started at: Thu Jul 16 08:52:54 PM EDT 2026
Job ID: 4048429
Node: gpu2708
MARGIN=0.1  SIGNAL=wjets
==========================================

GPU Information (from host):
Thu Jul 16 20:52:54 2026       
+-----------------------------------------------------------------------------------------+
| NVIDIA-SMI 575.57.08              Driver Version: 575.57.08      CUDA Version: 12.9     |
|-----------------------------------------+------------------------+----------------------+
| GPU  Name                 Persistence-M | Bus-Id          Disp.A | Volatile Uncorr. ECC |
| Fan  Temp   Perf          Pwr:Usage/Cap |           Memory-Usage | GPU-Util  Compute M. |
|                                         |                        |               MIG M. |
|=========================================+========================+======================|
|   0  NVIDIA L40S                    On  |   00000000:01:00.0 Off |                    0 |
| N/A   44C    P8             35W /  350W |      75MiB /  46068MiB |      0%      Default |
|                                         |                        |                  N/A |
+-----------------------------------------+------------------------+----------------------+
                                                                                         
+-----------------------------------------------------------------------------------------+
| Processes:                                                                              |
|  GPU   GI   CI              PID   Type   Process name                        GPU Memory |
|        ID   ID                                                               Usage      |
|=========================================================================================|
|    0   N/A  N/A          157414      G   /usr/libexec/Xorg                        64MiB |
+-----------------------------------------------------------------------------------------+

PyTorch 2.2.1+cu118, cuda=True, device=NVIDIA L40S
Staged qcd: 395 files -> /tmp/ak8_semisup_wjets_m0.1_4048429/qcd
Staged zjets: 200 files -> /tmp/ak8_semisup_wjets_m0.1_4048429/zjets
Staged ttbar: 199 files -> /tmp/ak8_semisup_wjets_m0.1_4048429/ttbar
Staged hbb: 188 files -> /tmp/ak8_semisup_wjets_m0.1_4048429/hbb
Staged signal wjets: 200 files -> /tmp/ak8_semisup_wjets_m0.1_4048429/signal_wjets
Background dirs: /tmp/ak8_semisup_wjets_m0.1_4048429/qcd,/tmp/ak8_semisup_wjets_m0.1_4048429/zjets,/tmp/ak8_semisup_wjets_m0.1_4048429/ttbar,/tmp/ak8_semisup_wjets_m0.1_4048429/hbb
Background names: QCD,ZJets,TTbar,Hbb
Signal: wjets (WJets)
Margin: 0.1
Output dir: plots/run-lejepa-ak8-semisup-m0.1-wjets
Streaming backgrounds from /tmp/ak8_semisup_wjets_m0.1_4048429/qcd,/tmp/ak8_semisup_wjets_m0.1_4048429/zjets,/tmp/ak8_semisup_wjets_m0.1_4048429/ttbar,/tmp/ak8_semisup_wjets_m0.1_4048429/hbb
Streaming signal from /tmp/ak8_semisup_wjets_m0.1_4048429/signal_wjets
Node feature names: ['eta', 'phi', 'pt', 'd0/d0Err', 'dz/dzErr', 'charge', 'mass', 'log_pt', 'pdgId_-211', 'pdgId_-13', 'pdgId_-11', 'pdgId_11', 'pdgId_13', 'pdgId_22', 'pdgId_130', 'pdgId_211']
Streaming mode: discovering ROOT shards (no full in-memory load).
  class 0 (QCD): 395 ROOT files
  class 1 (ZJets): 200 ROOT files
  class 2 (TTbar): 199 ROOT files
  class 3 (Hbb): 188 ROOT files
  split QCD: train_files=355 val_files=40
  split ZJets: train_files=180 val_files=20
  split TTbar: train_files=179 val_files=20
  split Hbb: train_files=169 val_files=19
  signal (WJets): 200 ROOT files
Streaming configured: steps_per_epoch=1000, val_steps=100, eval_steps=100
Streaming datasets already prepared in load(); skipping RAM materialization.
Skipping feature plots in streaming mode.
Selected SSL model: semi-sup-triplet
Model summary:
LeJEPASemiSupervisedTripletParticleTransformerRepresentation(
  (node_embedding): NodeEmbedding(
    (net): Sequential(
      (0): Linear(in_features=16, out_features=128, bias=True)
      (1): GELU(approximate='none')
      (2): LayerNorm((128,), eps=1e-05, elementwise_affine=True)
      (3): Linear(in_features=128, out_features=512, bias=True)
      (4): GELU(approximate='none')
      (5): LayerNorm((512,), eps=1e-05, elementwise_affine=True)
      (6): Linear(in_features=512, out_features=128, bias=True)
      (7): Dropout(p=0.1, inplace=False)
    )
  )
  (pairwise_bias): PairwiseAttentionBias(
    (mlp): Sequential(
      (0): RMSNorm()
      (1): Linear(in_features=4, out_features=16, bias=True)
      (2): SiLU()
      (3): Dropout(p=0.1, inplace=False)
      (4): Linear(in_features=16, out_features=16, bias=True)
      (5): SiLU()
      (6): Dropout(p=0.1, inplace=False)
      (7): Linear(in_features=16, out_features=8, bias=True)
    )
  )
  (encoder): ParticleTransformerEncoder(
    (layers): ModuleList(
      (0-7): 8 x ParticleTransformerBlock(
        (attn_norm): RMSNorm()
        (self_attn): MultiheadAttention(
          (out_proj): NonDynamicallyQuantizableLinear(in_features=128, out_features=128, bias=True)
        )
        (attn_dropout): Dropout(p=0.1, inplace=False)
        (ffn_norm): RMSNorm()
        (ffn): SwiGLUFFN(
          (fc1): Linear(in_features=128, out_features=1024, bias=True)
          (act): SwiGLU()
          (fc2): Linear(in_features=512, out_features=128, bias=True)
          (dropout): Dropout(p=0.1, inplace=False)
        )
      )
    )
  )
  (cls_pooling): CLSPooling(
    (layers): ModuleList(
      (0-1): 2 x ClassAttentionBlock(
        (query_norm): LayerNorm((128,), eps=1e-05, elementwise_affine=True)
        (context_norm): LayerNorm((128,), eps=1e-05, elementwise_affine=True)
        (attn): MultiheadAttention(
          (out_proj): NonDynamicallyQuantizableLinear(in_features=128, out_features=128, bias=True)
        )
        (attn_dropout): Dropout(p=0.0, inplace=False)
        (ffn_norm): LayerNorm((128,), eps=1e-05, elementwise_affine=True)
        (ffn): Sequential(
          (0): Linear(in_features=128, out_features=512, bias=True)
          (1): GELU(approximate='none')
          (2): Dropout(p=0.0, inplace=False)
          (3): Linear(in_features=512, out_features=128, bias=True)
          (4): Dropout(p=0.0, inplace=False)
        )
      )
    )
  )
  (representation_head): RepresentationHead(
    (net): Sequential(
      (0): RMSNorm()
      (1): Linear(in_features=128, out_features=128, bias=True)
      (2): SiLU()
      (3): Dropout(p=0.1, inplace=False)
      (4): Linear(in_features=128, out_features=128, bias=True)
    )
  )
  (augmentation): MultiViewAugmentation()
  (negative_augmentation): CorruptedNegativeAugmentation()
  (loss): LeJEPASIGRegTripletClassificationLoss(
    (triplet_loss): LeJEPASIGRegTripletLoss(
      (lejepa_loss): LeJEPASIGRegLoss(
        (sigreg_loss_fn): SlicingUnivariateTest(
          (univariate_test): EppsPulley()
        )
      )
    )
  )
  (classification_head): CategoricalClassificationHead(
    (net): Sequential(
      (0): RMSNorm()
      (1): Linear(in_features=128, out_features=128, bias=True)
      (2): SiLU()
      (3): Dropout(p=0.1, inplace=False)
      (4): Linear(in_features=128, out_features=4, bias=True)
    )
  )
)
Number of trainable parameters: 2695664
Skipping augmentation sample plots.
Initialized run summary at plots/run-lejepa-ak8-semisup-m0.1-wjets/summary.json

Epoch [1/12]
Learning rate: 1e-07
Saved new best model state_dict to plots/run-lejepa-ak8-semisup-m0.1-wjets/best_model.pth
Saved last model state_dict to plots/run-lejepa-ak8-semisup-m0.1-wjets/last_model.pth
Epoch 1 train losses: {'total_loss': 1.8346816384792328, 'invariant_loss': 0.22261098011210562, 'sigreg_loss': 77.222125, 'triplet_loss': 0.022322788431309165, 'triplet_pos_distance': 0.0574190775223542, 'triplet_neg_distance': 0.5986522546019405, 'classification_loss': 1.3119239543676375}
Epoch 1 val losses: {'total_loss': 0.8712568747997284, 'invariant_loss': 0.1347966133058071, 'sigreg_loss': 33.6275, 'triplet_loss': 0.011101531991735102, 'triplet_pos_distance': 0.024340780545026065, 'triplet_neg_distance': 0.9689031887054443, 'classification_loss': 1.2570021736621857}
Updated run summary at plots/run-lejepa-ak8-semisup-m0.1-wjets/summary.json

Epoch [2/12]
Learning rate: 0.0001001
Saved new best model state_dict to plots/run-lejepa-ak8-semisup-m0.1-wjets/best_model.pth
Saved last model state_dict to plots/run-lejepa-ak8-semisup-m0.1-wjets/last_model.pth
Epoch 2 train losses: {'total_loss': 0.7091865963339805, 'invariant_loss': 0.20311310984194278, 'sigreg_loss': 22.153625, 'triplet_loss': 0.0052416422336827966, 'triplet_pos_distance': 0.0559830569177866, 'triplet_neg_distance': 1.139829451918602, 'classification_loss': 1.249619259595871}
Epoch 2 val losses: {'total_loss': 0.5824635797739028, 'invariant_loss': 0.13067144334316252, 'sigreg_loss': 19.48, 'triplet_loss': 0.007988065457902848, 'triplet_pos_distance': 0.023595839655026794, 'triplet_neg_distance': 1.1716539525985719, 'classification_loss': 1.22806981921196}
Updated run summary at plots/run-lejepa-ak8-semisup-m0.1-wjets/summary.json

Epoch [3/12]
Learning rate: 0.0002001
Saved new best model state_dict to plots/run-lejepa-ak8-semisup-m0.1-wjets/best_model.pth
Saved last model state_dict to plots/run-lejepa-ak8-semisup-m0.1-wjets/last_model.pth
Epoch 3 train losses: {'total_loss': 0.5845225540995598, 'invariant_loss': 0.20103308230638503, 'sigreg_loss': 16.1015625, 'triplet_loss': 0.003561065586283803, 'triplet_pos_distance': 0.05719101781770587, 'triplet_neg_distance': 1.2890257940292358, 'classification_loss': 1.2219836995601654}
Epoch 3 val losses: {'total_loss': 0.5112996402382851, 'invariant_loss': 0.1246351557970047, 'sigreg_loss': 16.2825, 'triplet_loss': 0.005982157615944743, 'triplet_pos_distance': 0.02463025984354317, 'triplet_neg_distance': 1.3017095375061034, 'classification_loss': 1.2080441582202912}
Updated run summary at plots/run-lejepa-ak8-semisup-m0.1-wjets/summary.json

Epoch [4/12]
Learning rate: 0.0003001
Saved new best model state_dict to plots/run-lejepa-ak8-semisup-m0.1-wjets/best_model.pth
Saved last model state_dict to plots/run-lejepa-ak8-semisup-m0.1-wjets/last_model.pth
Epoch 4 train losses: {'total_loss': 0.5275593218505382, 'invariant_loss': 0.19270210196077825, 'sigreg_loss': 13.7249375, 'triplet_loss': 0.0024983022957458163, 'triplet_pos_distance': 0.055335430048406124, 'triplet_neg_distance': 1.3944888260364532, 'classification_loss': 1.2018547691106796}
Epoch 4 val losses: {'total_loss': 0.474754763841629, 'invariant_loss': 0.1360630426555872, 'sigreg_loss': 13.94375, 'triplet_loss': 0.003519605550682172, 'triplet_pos_distance': 0.02495764280669391, 'triplet_neg_distance': 1.4730231416225434, 'classification_loss': 1.1882794964313508}
Updated run summary at plots/run-lejepa-ak8-semisup-m0.1-wjets/summary.json

Epoch [5/12]
Learning rate: 0.0004001
Saved new best model state_dict to plots/run-lejepa-ak8-semisup-m0.1-wjets/best_model.pth
Saved last model state_dict to plots/run-lejepa-ak8-semisup-m0.1-wjets/last_model.pth
