## SLURM PROLOG ###############################################################
##    Job ID : 4067816
##  Job Name : AK8-SS-m0.2-wjets
##  Nodelist : gpu3005
##      CPUs : 1
##  Mem/Node : 90000 MB
## Directory : /oscar/home/hgao50/jetAnomalyDetection
##   Job Started : Fri Jul 17 02:08:00 PM EDT 2026
###############################################################################

==========================================
Job started at: Fri Jul 17 02:08:00 PM EDT 2026
Job ID: 4067816
Node: gpu3005
MARGIN=0.2  SIGNAL=wjets
==========================================

GPU Information (from host):
Fri Jul 17 14:08:00 2026       
+-----------------------------------------------------------------------------------------+
| NVIDIA-SMI 575.57.08              Driver Version: 575.57.08      CUDA Version: 12.9     |
|-----------------------------------------+------------------------+----------------------+
| GPU  Name                 Persistence-M | Bus-Id          Disp.A | Volatile Uncorr. ECC |
| Fan  Temp   Perf          Pwr:Usage/Cap |           Memory-Usage | GPU-Util  Compute M. |
|                                         |                        |               MIG M. |
|=========================================+========================+======================|
|   0  NVIDIA L40S                    On  |   00000000:61:00.0 Off |                    0 |
| N/A   28C    P8             31W /  350W |      75MiB /  46068MiB |      0%      Default |
|                                         |                        |                  N/A |
+-----------------------------------------+------------------------+----------------------+
                                                                                         
+-----------------------------------------------------------------------------------------+
| Processes:                                                                              |
|  GPU   GI   CI              PID   Type   Process name                        GPU Memory |
|        ID   ID                                                               Usage      |
|=========================================================================================|
|    0   N/A  N/A          161852      G   /usr/libexec/Xorg                        64MiB |
+-----------------------------------------------------------------------------------------+

PyTorch 2.2.1+cu118, cuda=True, device=NVIDIA L40S
Staged qcd: 395 files -> /tmp/ak8_semisup_wjets_m0.2_4067816/qcd
Staged zjets: 200 files -> /tmp/ak8_semisup_wjets_m0.2_4067816/zjets
Staged ttbar: 199 files -> /tmp/ak8_semisup_wjets_m0.2_4067816/ttbar
Staged hbb: 188 files -> /tmp/ak8_semisup_wjets_m0.2_4067816/hbb
Staged signal wjets: 200 files -> /tmp/ak8_semisup_wjets_m0.2_4067816/signal_wjets
Background dirs: /tmp/ak8_semisup_wjets_m0.2_4067816/qcd,/tmp/ak8_semisup_wjets_m0.2_4067816/zjets,/tmp/ak8_semisup_wjets_m0.2_4067816/ttbar,/tmp/ak8_semisup_wjets_m0.2_4067816/hbb
Background names: QCD,ZJets,TTbar,Hbb
Signal: wjets (WJets)
Margin: 0.2
Output dir: plots/run-lejepa-ak8-semisup-m0.2-wjets
Streaming backgrounds from /tmp/ak8_semisup_wjets_m0.2_4067816/qcd,/tmp/ak8_semisup_wjets_m0.2_4067816/zjets,/tmp/ak8_semisup_wjets_m0.2_4067816/ttbar,/tmp/ak8_semisup_wjets_m0.2_4067816/hbb
Streaming signal from /tmp/ak8_semisup_wjets_m0.2_4067816/signal_wjets
Node feature names: ['eta', 'phi', 'pt', 'd0/d0Err', 'dz/dzErr', 'charge', 'mass', 'log_pt', 'pdgId_-211', 'pdgId_-13', 'pdgId_-11', 'pdgId_11', 'pdgId_13', 'pdgId_22', 'pdgId_130', 'pdgId_211']
Streaming mode: discovering ROOT shards (no full in-memory load).
  class 0 (QCD): 395 ROOT files
  class 1 (ZJets): 200 ROOT files
  class 2 (TTbar): 199 ROOT files
  class 3 (Hbb): 188 ROOT files
  split QCD: train_files=355 val_files=40
  split ZJets: train_files=180 val_files=20
  split TTbar: train_files=179 val_files=20
  split Hbb: train_files=169 val_files=19
  signal (WJets): 200 ROOT files
Streaming configured: steps_per_epoch=1000, val_steps=100, eval_steps=100
Streaming datasets already prepared in load(); skipping RAM materialization.
Skipping feature plots in streaming mode.
Selected SSL model: semi-sup-triplet
Model summary:
LeJEPASemiSupervisedTripletParticleTransformerRepresentation(
  (node_embedding): NodeEmbedding(
    (net): Sequential(
      (0): Linear(in_features=16, out_features=128, bias=True)
      (1): GELU(approximate='none')
      (2): LayerNorm((128,), eps=1e-05, elementwise_affine=True)
      (3): Linear(in_features=128, out_features=512, bias=True)
      (4): GELU(approximate='none')
      (5): LayerNorm((512,), eps=1e-05, elementwise_affine=True)
      (6): Linear(in_features=512, out_features=128, bias=True)
      (7): Dropout(p=0.1, inplace=False)
    )
  )
  (pairwise_bias): PairwiseAttentionBias(
    (mlp): Sequential(
      (0): RMSNorm()
      (1): Linear(in_features=4, out_features=16, bias=True)
      (2): SiLU()
      (3): Dropout(p=0.1, inplace=False)
      (4): Linear(in_features=16, out_features=16, bias=True)
      (5): SiLU()
      (6): Dropout(p=0.1, inplace=False)
      (7): Linear(in_features=16, out_features=8, bias=True)
    )
  )
  (encoder): ParticleTransformerEncoder(
    (layers): ModuleList(
      (0-7): 8 x ParticleTransformerBlock(
        (attn_norm): RMSNorm()
        (self_attn): MultiheadAttention(
          (out_proj): NonDynamicallyQuantizableLinear(in_features=128, out_features=128, bias=True)
        )
        (attn_dropout): Dropout(p=0.1, inplace=False)
        (ffn_norm): RMSNorm()
        (ffn): SwiGLUFFN(
          (fc1): Linear(in_features=128, out_features=1024, bias=True)
          (act): SwiGLU()
          (fc2): Linear(in_features=512, out_features=128, bias=True)
          (dropout): Dropout(p=0.1, inplace=False)
        )
      )
    )
  )
  (cls_pooling): CLSPooling(
    (layers): ModuleList(
      (0-1): 2 x ClassAttentionBlock(
        (query_norm): LayerNorm((128,), eps=1e-05, elementwise_affine=True)
        (context_norm): LayerNorm((128,), eps=1e-05, elementwise_affine=True)
        (attn): MultiheadAttention(
          (out_proj): NonDynamicallyQuantizableLinear(in_features=128, out_features=128, bias=True)
        )
        (attn_dropout): Dropout(p=0.0, inplace=False)
        (ffn_norm): LayerNorm((128,), eps=1e-05, elementwise_affine=True)
        (ffn): Sequential(
          (0): Linear(in_features=128, out_features=512, bias=True)
          (1): GELU(approximate='none')
          (2): Dropout(p=0.0, inplace=False)
          (3): Linear(in_features=512, out_features=128, bias=True)
          (4): Dropout(p=0.0, inplace=False)
        )
      )
    )
  )
  (representation_head): RepresentationHead(
    (net): Sequential(
      (0): RMSNorm()
      (1): Linear(in_features=128, out_features=128, bias=True)
      (2): SiLU()
      (3): Dropout(p=0.1, inplace=False)
      (4): Linear(in_features=128, out_features=128, bias=True)
    )
  )
  (augmentation): MultiViewAugmentation()
  (negative_augmentation): CorruptedNegativeAugmentation()
  (loss): LeJEPASIGRegTripletClassificationLoss(
    (triplet_loss): LeJEPASIGRegTripletLoss(
      (lejepa_loss): LeJEPASIGRegLoss(
        (sigreg_loss_fn): SlicingUnivariateTest(
          (univariate_test): EppsPulley()
        )
      )
    )
  )
  (classification_head): CategoricalClassificationHead(
    (net): Sequential(
      (0): RMSNorm()
      (1): Linear(in_features=128, out_features=128, bias=True)
      (2): SiLU()
      (3): Dropout(p=0.1, inplace=False)
      (4): Linear(in_features=128, out_features=4, bias=True)
    )
  )
)
Number of trainable parameters: 2695664
Skipping augmentation sample plots.
Initialized run summary at plots/run-lejepa-ak8-semisup-m0.2-wjets/summary.json

Epoch [1/12]
Learning rate: 1e-07
Saved new best model state_dict to plots/run-lejepa-ak8-semisup-m0.2-wjets/best_model.pth
Saved last model state_dict to plots/run-lejepa-ak8-semisup-m0.2-wjets/last_model.pth
Epoch 1 train losses: {'total_loss': 1.8130372236967087, 'invariant_loss': 0.24661342645809053, 'sigreg_loss': 74.75225, 'triplet_loss': 0.060048000904731454, 'triplet_pos_distance': 0.06268538342253305, 'triplet_neg_distance': 0.6134534910097719, 'classification_loss': 1.307715960264206}
Epoch 1 val losses: {'total_loss': 0.8240865707397461, 'invariant_loss': 0.14145110338926314, 'sigreg_loss': 30.94, 'triplet_loss': 0.01867131977342069, 'triplet_pos_distance': 0.025612231083214282, 'triplet_neg_distance': 1.050715775489807, 'classification_loss': 1.238804244995117}
Updated run summary at plots/run-lejepa-ak8-semisup-m0.2-wjets/summary.json

Epoch [2/12]
Learning rate: 0.0001001
Saved new best model state_dict to plots/run-lejepa-ak8-semisup-m0.2-wjets/best_model.pth
Saved last model state_dict to plots/run-lejepa-ak8-semisup-m0.2-wjets/last_model.pth
Epoch 2 train losses: {'total_loss': 0.7028145188689232, 'invariant_loss': 0.19653141178190708, 'sigreg_loss': 22.2273125, 'triplet_loss': 0.01065817101718858, 'triplet_pos_distance': 0.055018894776701924, 'triplet_neg_distance': 1.2317535722255706, 'classification_loss': 1.2133692927360535}
Epoch 2 val losses: {'total_loss': 0.5637640395760536, 'invariant_loss': 0.11176220461726188, 'sigreg_loss': 19.5875, 'triplet_loss': 0.01113562950398773, 'triplet_pos_distance': 0.020032421872019767, 'triplet_neg_distance': 1.2818069672584533, 'classification_loss': 1.181827926635742}
Updated run summary at plots/run-lejepa-ak8-semisup-m0.2-wjets/summary.json

Epoch [3/12]
Learning rate: 0.0002001
Saved new best model state_dict to plots/run-lejepa-ak8-semisup-m0.2-wjets/best_model.pth
Saved last model state_dict to plots/run-lejepa-ak8-semisup-m0.2-wjets/last_model.pth
Epoch 3 train losses: {'total_loss': 0.5661286339461803, 'invariant_loss': 0.18901718026399614, 'sigreg_loss': 15.86875, 'triplet_loss': 0.007346430392703041, 'triplet_pos_distance': 0.05482975049689412, 'triplet_neg_distance': 1.3677993211746216, 'classification_loss': 1.1799189751148225}
Epoch 3 val losses: {'total_loss': 0.5156071561574936, 'invariant_loss': 0.12488256372511387, 'sigreg_loss': 16.524375, 'triplet_loss': 0.009541652179323137, 'triplet_pos_distance': 0.024157715551555155, 'triplet_neg_distance': 1.375672299861908, 'classification_loss': 1.1848616909980774}
Updated run summary at plots/run-lejepa-ak8-semisup-m0.2-wjets/summary.json

Epoch [4/12]
Learning rate: 0.0003001
Saved new best model state_dict to plots/run-lejepa-ak8-semisup-m0.2-wjets/best_model.pth
Saved last model state_dict to plots/run-lejepa-ak8-semisup-m0.2-wjets/last_model.pth
Epoch 4 train losses: {'total_loss': 0.5140827117860317, 'invariant_loss': 0.1814807264059782, 'sigreg_loss': 13.64125, 'triplet_loss': 0.006739216098096221, 'triplet_pos_distance': 0.05205584604293108, 'triplet_neg_distance': 1.3969938975572587, 'classification_loss': 1.1815494799613953}
Epoch 4 val losses: {'total_loss': 0.4527778670191765, 'invariant_loss': 0.11899872101843358, 'sigreg_loss': 13.678125, 'triplet_loss': 0.008563385778106749, 'triplet_pos_distance': 0.021773943435400723, 'triplet_neg_distance': 1.439307817220688, 'classification_loss': 1.1852139008045197}
Updated run summary at plots/run-lejepa-ak8-semisup-m0.2-wjets/summary.json

Epoch [5/12]
Learning rate: 0.0004001
Saved new best model state_dict to plots/run-lejepa-ak8-semisup-m0.2-wjets/best_model.pth
Saved last model state_dict to plots/run-lejepa-ak8-semisup-m0.2-wjets/last_model.pth
Mahalanobis metrics saved to plots/run-lejepa-ak8-semisup-m0.2-wjets/mahalanobis_eval/epoch_0005/mahalanobis_metrics.json
Mahalanobis AUC, QCD+ZJets+TTbar+Hbb train vs WJets: 0.547731
Mahalanobis AUC, QCD+ZJets+TTbar+Hbb val vs WJets: 0.526543
Epoch 5 train losses: {'total_loss': 0.4876881995499134, 'invariant_loss': 0.17658699929714203, 'sigreg_loss': 12.5635, 'triplet_loss': 0.006235868123825639, 'triplet_pos_distance': 0.05046274230629206, 'triplet_neg_distance': 1.3956498745679855, 'classification_loss': 1.1845522031784057}
Epoch 5 val losses: {'total_loss': 0.44898384779691697, 'invariant_loss': 0.11135092496871948, 'sigreg_loss': 13.8875, 'triplet_loss': 0.00836351684294641, 'triplet_pos_distance': 0.021278508407995105, 'triplet_neg_distance': 1.3869333589076995, 'classification_loss': 1.1800720965862275}
Updated run summary at plots/run-lejepa-ak8-semisup-m0.2-wjets/summary.json

Epoch [6/12]
Learning rate: 0.0005001
Saved new best model state_dict to plots/run-lejepa-ak8-semisup-m0.2-wjets/best_model.pth
Saved last model state_dict to plots/run-lejepa-ak8-semisup-m0.2-wjets/last_model.pth
Epoch 6 train losses: {'total_loss': 0.4651320639848709, 'invariant_loss': 0.17310369347035884, 'sigreg_loss': 11.6106875, 'triplet_loss': 0.006169165536994115, 'triplet_pos_distance': 0.04912804375588894, 'triplet_neg_distance': 1.3876688619852067, 'classification_loss': 1.1836001209020615}
Epoch 6 val losses: {'total_loss': 0.41429549276828764, 'invariant_loss': 0.09898775644600391, 'sigreg_loss': 12.80625, 'triplet_loss': 0.008346836417913436, 'triplet_pos_distance': 0.018906492656096816, 'triplet_neg_distance': 1.3119559252262116, 'classification_loss': 1.166218843460083}
Updated run summary at plots/run-lejepa-ak8-semisup-m0.2-wjets/summary.json

Epoch [7/12]
Learning rate: 0.0006001
Saved last model state_dict to plots/run-lejepa-ak8-semisup-m0.2-wjets/last_model.pth
Epoch 7 train losses: {'total_loss': 0.4474850936233997, 'invariant_loss': 0.16945616690814494, 'sigreg_loss': 10.95965625, 'triplet_loss': 0.005714798282599077, 'triplet_pos_distance': 0.04815037742070854, 'triplet_neg_distance': 1.389586592078209, 'classification_loss': 1.1654769925475121}
Epoch 7 val losses: {'total_loss': 0.4225552618503571, 'invariant_loss': 0.10297580420970917, 'sigreg_loss': 13.01875, 'triplet_loss': 0.007642409885302186, 'triplet_pos_distance': 0.018059123866260053, 'triplet_neg_distance': 1.2645711600780487, 'classification_loss': 1.1669293451309204}
Updated run summary at plots/run-lejepa-ak8-semisup-m0.2-wjets/summary.json

Epoch [8/12]
Learning rate: 0.0007001
Saved new best model state_dict to plots/run-lejepa-ak8-semisup-m0.2-wjets/best_model.pth
Saved last model state_dict to plots/run-lejepa-ak8-semisup-m0.2-wjets/last_model.pth
Epoch 8 train losses: {'total_loss': 0.4372092477977276, 'invariant_loss': 0.16826640309393406, 'sigreg_loss': 10.5258125, 'triplet_loss': 0.00578842461865861, 'triplet_pos_distance': 0.04777807375788689, 'triplet_neg_distance': 1.393559651374817, 'classification_loss': 1.1569088817834854}
Epoch 8 val losses: {'total_loss': 0.3932364645600319, 'invariant_loss': 0.10510906964540481, 'sigreg_loss': 11.484375, 'triplet_loss': 0.007175510241650045, 'triplet_pos_distance': 0.018773236786946656, 'triplet_neg_distance': 1.2998991000652313, 'classification_loss': 1.1544469249248506}
Updated run summary at plots/run-lejepa-ak8-semisup-m0.2-wjets/summary.json

Epoch [9/12]
Learning rate: 0.0008001
Saved new best model state_dict to plots/run-lejepa-ak8-semisup-m0.2-wjets/best_model.pth
Saved last model state_dict to plots/run-lejepa-ak8-semisup-m0.2-wjets/last_model.pth
Epoch 9 train losses: {'total_loss': 0.4288726420104504, 'invariant_loss': 0.16781851207464935, 'sigreg_loss': 10.1093125, 'triplet_loss': 0.005815124705899507, 'triplet_pos_distance': 0.047314797434955834, 'triplet_neg_distance': 1.3911380064487457, 'classification_loss': 1.1658585292100907}
Epoch 9 val losses: {'total_loss': 0.3687988555431366, 'invariant_loss': 0.10444285750389098, 'sigreg_loss': 10.29875, 'triplet_loss': 0.007275692191906273, 'triplet_pos_distance': 0.019736315151676537, 'triplet_neg_distance': 1.3759982442855836, 'classification_loss': 1.152842071056366}
Updated run summary at plots/run-lejepa-ak8-semisup-m0.2-wjets/summary.json

Epoch [10/12]
Learning rate: 0.0009001
Saved last model state_dict to plots/run-lejepa-ak8-semisup-m0.2-wjets/last_model.pth
Mahalanobis metrics saved to plots/run-lejepa-ak8-semisup-m0.2-wjets/mahalanobis_eval/epoch_0010/mahalanobis_metrics.json
Mahalanobis AUC, QCD+ZJets+TTbar+Hbb train vs WJets: 0.547415
Mahalanobis AUC, QCD+ZJets+TTbar+Hbb val vs WJets: 0.531214
Epoch 10 train losses: {'total_loss': 0.42134929063916204, 'invariant_loss': 0.16651067197322844, 'sigreg_loss': 9.79746875, 'triplet_loss': 0.005463765742722899, 'triplet_pos_distance': 0.04686299795843661, 'triplet_neg_distance': 1.4131387379169464, 'classification_loss': 1.1667627462744712}
Epoch 10 val losses: {'total_loss': 0.3701936596632004, 'invariant_loss': 0.10542469576001168, 'sigreg_loss': 10.314375, 'triplet_loss': 0.007208964494056999, 'triplet_pos_distance': 0.018529150867834687, 'triplet_neg_distance': 1.345190659761429, 'classification_loss': 1.1557660591602326}
Updated run summary at plots/run-lejepa-ak8-semisup-m0.2-wjets/summary.json

Epoch [11/12]
Learning rate: 0.001
Saved new best model state_dict to plots/run-lejepa-ak8-semisup-m0.2-wjets/best_model.pth
Saved last model state_dict to plots/run-lejepa-ak8-semisup-m0.2-wjets/last_model.pth
Epoch 11 train losses: {'total_loss': 0.4111365638971329, 'invariant_loss': 0.16523223703354598, 'sigreg_loss': 9.3469375, 'triplet_loss': 0.00529923168825917, 'triplet_pos_distance': 0.04616176370345056, 'triplet_neg_distance': 1.419700449347496, 'classification_loss': 1.1687770680189133}
Epoch 11 val losses: {'total_loss': 0.3486514115333557, 'invariant_loss': 0.09965459711849689, 'sigreg_loss': 9.551875, 'triplet_loss': 0.0068986280728131535, 'triplet_pos_distance': 0.01851458113640547, 'triplet_neg_distance': 1.3486510527133941, 'classification_loss': 1.1448500061035156}
Updated run summary at plots/run-lejepa-ak8-semisup-m0.2-wjets/summary.json

Epoch [12/12]
Learning rate: 0.0005005
Saved new best model state_dict to plots/run-lejepa-ak8-semisup-m0.2-wjets/best_model.pth
Saved last model state_dict to plots/run-lejepa-ak8-semisup-m0.2-wjets/last_model.pth
Mahalanobis metrics saved to plots/run-lejepa-ak8-semisup-m0.2-wjets/mahalanobis_eval/epoch_0012/mahalanobis_metrics.json
Mahalanobis AUC, QCD+ZJets+TTbar+Hbb train vs WJets: 0.541003
Mahalanobis AUC, QCD+ZJets+TTbar+Hbb val vs WJets: 0.526454
Epoch 12 train losses: {'total_loss': 0.38363684457540514, 'invariant_loss': 0.15842349304258824, 'sigreg_loss': 8.376625, 'triplet_loss': 0.004718056868063286, 'triplet_pos_distance': 0.044698916528373954, 'triplet_neg_distance': 1.4088751779794693, 'classification_loss': 1.1440300723314285}
Epoch 12 val losses: {'total_loss': 0.33433203399181366, 'invariant_loss': 0.09578434966504573, 'sigreg_loss': 9.055625, 'triplet_loss': 0.006356850229203701, 'triplet_pos_distance': 0.017454356560483573, 'triplet_neg_distance': 1.347315603494644, 'classification_loss': 1.1355837535858155}
Updated run summary at plots/run-lejepa-ak8-semisup-m0.2-wjets/summary.json
Saved run summary to plots/run-lejepa-ak8-semisup-m0.2-wjets/summary.json
Job finished at: Fri Jul 17 03:13:55 PM EDT 2026
