Traceback (most recent call last):
  File "/oscar/home/lwang223/jetAnomalyDetection/scripts/run_train_lejepa_part_jetclass.py", line 101, in <module>
    from helpers.jetclass_dataloader import read_file
ModuleNotFoundError: No module named 'helpers.jetclass_dataloader'
Traceback (most recent call last):
  File "/oscar/home/lwang223/jetAnomalyDetection/scripts/diagnose_lejepa_latents.py", line 1767, in <module>
    main()
  File "/oscar/home/lwang223/jetAnomalyDetection/scripts/diagnose_lejepa_latents.py", line 1376, in main
    with summary_path.open() as handle:
         ^^^^^^^^^^^^^^^^^^^
  File "/users/lwang223/.conda/envs/jet/lib/python3.11/pathlib.py", line 1044, in open
    return io.open(self, mode, buffering, encoding, errors, newline)
           ^^^^^^^^^^^^^^^^^^^^^^^^^^^^^^^^^^^^^^^^^^^^^^^^^^^^^^^^^
FileNotFoundError: [Errno 2] No such file or directory: '/oscar/home/lwang223/jetAnomalyDetection/plots/margin-sweep/wqq-0.2/summary.json'
Traceback (most recent call last):
  File "/oscar/home/lwang223/jetAnomalyDetection/scripts/run_train_lejepa_part_jetclass.py", line 101, in <module>
    from helpers.jetclass_dataloader import read_file
ModuleNotFoundError: No module named 'helpers.jetclass_dataloader'
Traceback (most recent call last):
  File "/oscar/home/lwang223/jetAnomalyDetection/scripts/diagnose_lejepa_latents.py", line 1767, in <module>
    main()
  File "/oscar/home/lwang223/jetAnomalyDetection/scripts/diagnose_lejepa_latents.py", line 1376, in main
    with summary_path.open() as handle:
         ^^^^^^^^^^^^^^^^^^^
  File "/users/lwang223/.conda/envs/jet/lib/python3.11/pathlib.py", line 1044, in open
    return io.open(self, mode, buffering, encoding, errors, newline)
           ^^^^^^^^^^^^^^^^^^^^^^^^^^^^^^^^^^^^^^^^^^^^^^^^^^^^^^^^^
FileNotFoundError: [Errno 2] No such file or directory: '/oscar/home/lwang223/jetAnomalyDetection/plots/margin-sweep/wqq-0.5/summary.json'
Traceback (most recent call last):
  File "/oscar/home/lwang223/jetAnomalyDetection/scripts/run_train_lejepa_part_jetclass.py", line 101, in <module>
    from helpers.jetclass_dataloader import read_file
ModuleNotFoundError: No module named 'helpers.jetclass_dataloader'
Traceback (most recent call last):
  File "/oscar/home/lwang223/jetAnomalyDetection/scripts/diagnose_lejepa_latents.py", line 1767, in <module>
    main()
  File "/oscar/home/lwang223/jetAnomalyDetection/scripts/diagnose_lejepa_latents.py", line 1376, in main
    with summary_path.open() as handle:
         ^^^^^^^^^^^^^^^^^^^
  File "/users/lwang223/.conda/envs/jet/lib/python3.11/pathlib.py", line 1044, in open
    return io.open(self, mode, buffering, encoding, errors, newline)
           ^^^^^^^^^^^^^^^^^^^^^^^^^^^^^^^^^^^^^^^^^^^^^^^^^^^^^^^^^
FileNotFoundError: [Errno 2] No such file or directory: '/oscar/home/lwang223/jetAnomalyDetection/plots/margin-sweep/wqq-1.0/summary.json'
Traceback (most recent call last):
  File "/oscar/home/lwang223/jetAnomalyDetection/scripts/run_train_lejepa_part_jetclass.py", line 101, in <module>
    from helpers.jetclass_dataloader import read_file
ModuleNotFoundError: No module named 'helpers.jetclass_dataloader'
Traceback (most recent call last):
  File "/oscar/home/lwang223/jetAnomalyDetection/scripts/diagnose_lejepa_latents.py", line 1767, in <module>
    main()
  File "/oscar/home/lwang223/jetAnomalyDetection/scripts/diagnose_lejepa_latents.py", line 1376, in main
    with summary_path.open() as handle:
         ^^^^^^^^^^^^^^^^^^^
  File "/users/lwang223/.conda/envs/jet/lib/python3.11/pathlib.py", line 1044, in open
    return io.open(self, mode, buffering, encoding, errors, newline)
           ^^^^^^^^^^^^^^^^^^^^^^^^^^^^^^^^^^^^^^^^^^^^^^^^^^^^^^^^^
FileNotFoundError: [Errno 2] No such file or directory: '/oscar/home/lwang223/jetAnomalyDetection/plots/margin-sweep/wqq-2.0/summary.json'
