## SLURM PROLOG ###############################################################
##    Job ID : 4136603
##  Job Name : JETANOMALY-JETCLASS
##  Nodelist : gpu3006
##      CPUs : 1
##  Mem/Node : 48000 MB
## Directory : /oscar/home/lwang223/jetAnomalyDetection
##   Job Started : Tue Jul 21 12:24:03 EDT 2026
###############################################################################

==========================================
Job started at: Tue Jul 21 12:24:03 EDT 2026
Job ID: 4136603
Node: gpu3006
==========================================

GPU Information (from host):
Tue Jul 21 12:24:03 2026       
+-----------------------------------------------------------------------------------------+
| NVIDIA-SMI 575.57.08              Driver Version: 575.57.08      CUDA Version: 12.9     |
|-----------------------------------------+------------------------+----------------------+
| GPU  Name                 Persistence-M | Bus-Id          Disp.A | Volatile Uncorr. ECC |
| Fan  Temp   Perf          Pwr:Usage/Cap |           Memory-Usage | GPU-Util  Compute M. |
|                                         |                        |               MIG M. |
|=========================================+========================+======================|
|   0  NVIDIA L40S                    On  |   00000000:61:00.0 Off |                    0 |
| N/A   31C    P8             34W /  350W |      74MiB /  46068MiB |      0%      Default |
|                                         |                        |                  N/A |
+-----------------------------------------+------------------------+----------------------+
                                                                                         
+-----------------------------------------------------------------------------------------+
| Processes:                                                                              |
|  GPU   GI   CI              PID   Type   Process name                        GPU Memory |
|        ID   ID                                                               Usage      |
|=========================================================================================|
|    0   N/A  N/A          161799      G   /usr/libexec/Xorg                        64MiB |
+-----------------------------------------------------------------------------------------+

PyTorch version: 2.6.0+cu124
