## SLURM PROLOG ###############################################################
##    Job ID : 4438136
##  Job Name : JETANOMALY
##  Nodelist : gpu3004
##      CPUs : 1
##  Mem/Node : 131072 MB
## Directory : /oscar/home/lwang223/jetAnomalyDetection
##   Job Started : Thu Jul 30 03:40:20 PM EDT 2026
###############################################################################

==========================================
Job started at: Thu Jul 30 03:40:20 PM EDT 2026
Job ID: 4438136
Node: gpu3004
==========================================

GPU Information (from host):
Thu Jul 30 15:40:20 2026       
+-----------------------------------------------------------------------------------------+
| NVIDIA-SMI 575.57.08              Driver Version: 575.57.08      CUDA Version: 12.9     |
|-----------------------------------------+------------------------+----------------------+
| GPU  Name                 Persistence-M | Bus-Id          Disp.A | Volatile Uncorr. ECC |
| Fan  Temp   Perf          Pwr:Usage/Cap |           Memory-Usage | GPU-Util  Compute M. |
|                                         |                        |               MIG M. |
|=========================================+========================+======================|
|   0  NVIDIA L40S                    On  |   00000000:01:00.0 Off |                    0 |
| N/A   40C    P8             34W /  350W |      75MiB /  46068MiB |      0%      Default |
|                                         |                        |                  N/A |
+-----------------------------------------+------------------------+----------------------+
|   1  NVIDIA L40S                    On  |   00000000:21:00.0 Off |                    0 |
| N/A   38C    P8             34W /  350W |      80MiB /  46068MiB |      0%      Default |
|                                         |                        |                  N/A |
+-----------------------------------------+------------------------+----------------------+
                                                                                         
+-----------------------------------------------------------------------------------------+
| Processes:                                                                              |
|  GPU   GI   CI              PID   Type   Process name                        GPU Memory |
|        ID   ID                                                               Usage      |
|=========================================================================================|
|    0   N/A  N/A          184125      G   /usr/libexec/Xorg                        64MiB |
|    1   N/A  N/A          184125      G   /usr/libexec/Xorg                        64MiB |
+-----------------------------------------------------------------------------------------+

PyTorch version: 2.6.0+cu124
Dataset: cms
Dataset root: /HEP/export/home/lwang223/jet-anomaly-data/ak8-v5
Background labels: ['label_QCD', 'label_Hbb', 'label_Zqq', 'label_Wqq', 'label_Tbqq']
Signal labels: ['label_QCD', 'label_Hbb', 'label_Zqq', 'label_Wqq', 'label_Tbqq']
Particle features: ['part_px', 'part_py', 'part_pz', 'part_energy', 'part_pt', 'log_pt_fraction', 'part_deta', 'part_dphi', 'Cpfcan_dxysig', 'Cpfcan_dzsig', 'part_charge', 'part_isChargedHadron', 'part_isNeutralHadron', 'part_isPhoton', 'part_isElectron', 'part_isMuon']
Batch-normalized particle features: ['log_pt_fraction', 'Cpfcan_dxysig', 'Cpfcan_dzsig']
Lazy cms datasets ready; no full split has been loaded into RAM.
Background train ROOT shards: 870
Background val ROOT shards: 109
Background test ROOT shards: 109
Signal test ROOT shards: 109
Per-event particle shape: (128, 16)
CMS active shards per worker: requested=2, effective=5; at least one active shard per requested jet type.
Selected SSL model: semi-sup-triplet
Number of trainable parameters: 2,699,793

Epoch [1/40]
