## SLURM PROLOG ###############################################################
##    Job ID : 6830666
##  Job Name : JETANOMALY
##  Nodelist : gpu3004
##      CPUs : 1
##  Mem/Node : 65536 MB
## Directory : /oscar/home/lwang223/jetAnomalyDetection
##   Job Started : Tue Sep 29 08:24:28 PM EDT 2026
###############################################################################

==========================================
Job started at: Tue Sep 29 08:24:28 PM EDT 2026
Job ID: 6830666
Node: gpu3004
==========================================

GPU Information (from host):
Tue Sep 29 20:24:28 2026       
+-----------------------------------------------------------------------------------------+
| NVIDIA-SMI 575.57.08              Driver Version: 575.57.08      CUDA Version: 12.9     |
|-----------------------------------------+------------------------+----------------------+
| GPU  Name                 Persistence-M | Bus-Id          Disp.A | Volatile Uncorr. ECC |
| Fan  Temp   Perf          Pwr:Usage/Cap |           Memory-Usage | GPU-Util  Compute M. |
|                                         |                        |               MIG M. |
|=========================================+========================+======================|
|   0  NVIDIA L40S                    On  |   00000000:E1:00.0 Off |                    0 |
| N/A   30C    P8             32W /  350W |      77MiB /  46068MiB |      0%      Default |
|                                         |                        |                  N/A |
+-----------------------------------------+------------------------+----------------------+
                                                                                         
+-----------------------------------------------------------------------------------------+
| Processes:                                                                              |
|  GPU   GI   CI              PID   Type   Process name                        GPU Memory |
|        ID   ID                                                               Usage      |
|=========================================================================================|
|    0   N/A  N/A          184125      G   /usr/libexec/Xorg                        64MiB |
+-----------------------------------------------------------------------------------------+

PyTorch version: 2.6.0+cu124
Epoch 1: training done; validating 5 jet types.
Validation label_QCD: up to 100 batches; starting streaming loader (4 workers).
Validation label_QCD: 12,800 events in 12.9s.
Validation label_Wqq: up to 100 batches; starting streaming loader (4 workers).
Validation label_Wqq: 12,800 events in 12.5s.
Validation label_Hcc: up to 100 batches; starting streaming loader (4 workers).
Validation label_Hcc: 12,800 events in 11.7s.
Validation label_Hgg: up to 100 batches; starting streaming loader (4 workers).
Validation label_Hgg: 12,800 events in 13.6s.
Validation label_Hbb: up to 100 batches; starting streaming loader (4 workers).
Validation label_Hbb: 12,800 events in 12.0s.
Epoch 1: validation done in 62.8s; computing ROC AUC.
label_QCD vs label_Hbb: validation ROC AUC = 0.633452
label_Wqq vs label_Hbb: validation ROC AUC = 0.549904
label_Hcc vs label_Hbb: validation ROC AUC = 0.517800
label_Hgg vs label_Hbb: validation ROC AUC = 0.517512
All backgrounds vs label_Hbb: validation ROC AUC = 0.554667
Epoch 1: saving flow checkpoints and history.
Epoch 1: plotting progress.
Epoch 1: validation NLL=0.591017, best=0.591017
Epoch 2: training done; validating 5 jet types.
Validation label_QCD: up to 100 batches; starting streaming loader (4 workers).
Validation label_QCD: 12,800 events in 13.6s.
Validation label_Wqq: up to 100 batches; starting streaming loader (4 workers).
Validation label_Wqq: 12,800 events in 12.0s.
Validation label_Hcc: up to 100 batches; starting streaming loader (4 workers).
Validation label_Hcc: 12,800 events in 12.2s.
Validation label_Hgg: up to 100 batches; starting streaming loader (4 workers).
Validation label_Hgg: 12,800 events in 13.4s.
Validation label_Hbb: up to 100 batches; starting streaming loader (4 workers).
Validation label_Hbb: 12,800 events in 11.8s.
Epoch 2: validation done in 63.1s; computing ROC AUC.
label_QCD vs label_Hbb: validation ROC AUC = 0.628128
label_Wqq vs label_Hbb: validation ROC AUC = 0.537074
label_Hcc vs label_Hbb: validation ROC AUC = 0.514239
label_Hgg vs label_Hbb: validation ROC AUC = 0.510744
All backgrounds vs label_Hbb: validation ROC AUC = 0.547546
Epoch 2: saving flow checkpoints and history.
Epoch 2: plotting progress.
Epoch 2: validation NLL=0.343394, best=0.343394
Epoch 3: training done; validating 5 jet types.
Validation label_QCD: up to 100 batches; starting streaming loader (4 workers).
Validation label_QCD: 12,800 events in 13.5s.
Validation label_Wqq: up to 100 batches; starting streaming loader (4 workers).
Validation label_Wqq: 12,800 events in 11.4s.
Validation label_Hcc: up to 100 batches; starting streaming loader (4 workers).
Validation label_Hcc: 12,800 events in 12.4s.
Validation label_Hgg: up to 100 batches; starting streaming loader (4 workers).
Validation label_Hgg: 12,800 events in 13.9s.
Validation label_Hbb: up to 100 batches; starting streaming loader (4 workers).
Validation label_Hbb: 12,800 events in 12.1s.
Epoch 3: validation done in 63.2s; computing ROC AUC.
label_QCD vs label_Hbb: validation ROC AUC = 0.628038
label_Wqq vs label_Hbb: validation ROC AUC = 0.529977
label_Hcc vs label_Hbb: validation ROC AUC = 0.509795
label_Hgg vs label_Hbb: validation ROC AUC = 0.505137
All backgrounds vs label_Hbb: validation ROC AUC = 0.543237
Epoch 3: saving flow checkpoints and history.
Epoch 3: plotting progress.
Epoch 3: validation NLL=0.206445, best=0.206445
Epoch 4: training done; validating 5 jet types.
Validation label_QCD: up to 100 batches; starting streaming loader (4 workers).
Validation label_QCD: 12,800 events in 14.2s.
Validation label_Wqq: up to 100 batches; starting streaming loader (4 workers).
Validation label_Wqq: 12,800 events in 12.2s.
Validation label_Hcc: up to 100 batches; starting streaming loader (4 workers).
Validation label_Hcc: 12,800 events in 11.7s.
Validation label_Hgg: up to 100 batches; starting streaming loader (4 workers).
Validation label_Hgg: 12,800 events in 14.7s.
Validation label_Hbb: up to 100 batches; starting streaming loader (4 workers).
Validation label_Hbb: 12,800 events in 12.5s.
Epoch 4: validation done in 65.3s; computing ROC AUC.
label_QCD vs label_Hbb: validation ROC AUC = 0.636372
label_Wqq vs label_Hbb: validation ROC AUC = 0.540989
label_Hcc vs label_Hbb: validation ROC AUC = 0.515159
label_Hgg vs label_Hbb: validation ROC AUC = 0.511280
All backgrounds vs label_Hbb: validation ROC AUC = 0.550950
Epoch 4: saving flow checkpoints and history.
Epoch 4: plotting progress.
Epoch 4: validation NLL=0.124251, best=0.124251
Epoch 5: training done; validating 5 jet types.
Validation label_QCD: up to 100 batches; starting streaming loader (4 workers).
Validation label_QCD: 12,800 events in 13.4s.
Validation label_Wqq: up to 100 batches; starting streaming loader (4 workers).
Validation label_Wqq: 12,800 events in 11.7s.
Validation label_Hcc: up to 100 batches; starting streaming loader (4 workers).
Validation label_Hcc: 12,800 events in 12.0s.
Validation label_Hgg: up to 100 batches; starting streaming loader (4 workers).
Validation label_Hgg: 12,800 events in 13.6s.
Validation label_Hbb: up to 100 batches; starting streaming loader (4 workers).
Validation label_Hbb: 12,800 events in 12.4s.
Epoch 5: validation done in 63.0s; computing ROC AUC.
label_QCD vs label_Hbb: validation ROC AUC = 0.637852
label_Wqq vs label_Hbb: validation ROC AUC = 0.539465
label_Hcc vs label_Hbb: validation ROC AUC = 0.517226
label_Hgg vs label_Hbb: validation ROC AUC = 0.513155
All backgrounds vs label_Hbb: validation ROC AUC = 0.551924
Epoch 5: saving flow checkpoints and history.
Epoch 5: plotting progress.
Epoch 5: validation NLL=0.074030, best=0.074030
Epoch 6: training done; validating 5 jet types.
Validation label_QCD: up to 100 batches; starting streaming loader (4 workers).
Validation label_QCD: 12,800 events in 13.4s.
Validation label_Wqq: up to 100 batches; starting streaming loader (4 workers).
Validation label_Wqq: 12,800 events in 11.5s.
Validation label_Hcc: up to 100 batches; starting streaming loader (4 workers).
Validation label_Hcc: 12,800 events in 11.5s.
Validation label_Hgg: up to 100 batches; starting streaming loader (4 workers).
Validation label_Hgg: 12,800 events in 12.8s.
Validation label_Hbb: up to 100 batches; starting streaming loader (4 workers).
Validation label_Hbb: 12,800 events in 11.8s.
Epoch 6: validation done in 61.0s; computing ROC AUC.
label_QCD vs label_Hbb: validation ROC AUC = 0.643209
label_Wqq vs label_Hbb: validation ROC AUC = 0.545171
label_Hcc vs label_Hbb: validation ROC AUC = 0.518269
label_Hgg vs label_Hbb: validation ROC AUC = 0.516324
All backgrounds vs label_Hbb: validation ROC AUC = 0.555743
Epoch 6: saving flow checkpoints and history.
Epoch 6: plotting progress.
Epoch 6: validation NLL=0.035838, best=0.035838
Epoch 7: training done; validating 5 jet types.
Validation label_QCD: up to 100 batches; starting streaming loader (4 workers).
Validation label_QCD: 12,800 events in 13.6s.
Validation label_Wqq: up to 100 batches; starting streaming loader (4 workers).
Validation label_Wqq: 12,800 events in 11.2s.
Validation label_Hcc: up to 100 batches; starting streaming loader (4 workers).
Validation label_Hcc: 12,800 events in 11.7s.
Validation label_Hgg: up to 100 batches; starting streaming loader (4 workers).
Validation label_Hgg: 12,800 events in 13.9s.
Validation label_Hbb: up to 100 batches; starting streaming loader (4 workers).
Validation label_Hbb: 12,800 events in 12.7s.
Epoch 7: validation done in 63.2s; computing ROC AUC.
label_QCD vs label_Hbb: validation ROC AUC = 0.636388
label_Wqq vs label_Hbb: validation ROC AUC = 0.541751
label_Hcc vs label_Hbb: validation ROC AUC = 0.517187
label_Hgg vs label_Hbb: validation ROC AUC = 0.512163
All backgrounds vs label_Hbb: validation ROC AUC = 0.551872
Epoch 7: saving flow checkpoints and history.
Epoch 7: plotting progress.
Epoch 7: validation NLL=0.006880, best=0.006880
Epoch 8: training done; validating 5 jet types.
Validation label_QCD: up to 100 batches; starting streaming loader (4 workers).
Validation label_QCD: 12,800 events in 13.1s.
Validation label_Wqq: up to 100 batches; starting streaming loader (4 workers).
