## SLURM PROLOG ###############################################################
##    Job ID : 4242719
##  Job Name : JETANOMALY
##  Nodelist : gpu3005
##      CPUs : 1
##  Mem/Node : 72000 MB
## Directory : /oscar/home/lwang223/jetAnomalyDetection
##   Job Started : Thu Jul 23 09:31:49 PM EDT 2026
###############################################################################

==========================================
Job started at: Thu Jul 23 09:31:49 PM EDT 2026
Job ID: 4242719
Node: gpu3005
==========================================

GPU Information (from host):
Thu Jul 23 21:31:49 2026       
+-----------------------------------------------------------------------------------------+
| NVIDIA-SMI 575.57.08              Driver Version: 575.57.08      CUDA Version: 12.9     |
|-----------------------------------------+------------------------+----------------------+
| GPU  Name                 Persistence-M | Bus-Id          Disp.A | Volatile Uncorr. ECC |
| Fan  Temp   Perf          Pwr:Usage/Cap |           Memory-Usage | GPU-Util  Compute M. |
|                                         |                        |               MIG M. |
|=========================================+========================+======================|
|   0  NVIDIA L40S                    On  |   00000000:E1:00.0 Off |                    0 |
| N/A   26C    P8             32W /  350W |      75MiB /  46068MiB |      0%      Default |
|                                         |                        |                  N/A |
+-----------------------------------------+------------------------+----------------------+
                                                                                         
+-----------------------------------------------------------------------------------------+
| Processes:                                                                              |
|  GPU   GI   CI              PID   Type   Process name                        GPU Memory |
|        ID   ID                                                               Usage      |
|=========================================================================================|
|    0   N/A  N/A          161852      G   /usr/libexec/Xorg                        64MiB |
+-----------------------------------------------------------------------------------------+

PyTorch version: 2.6.0+cu124
Dataset: cms
Dataset root: /HEP/export/home/hgao50/jet-anomaly-data/ak8-v3
Background labels: ['label_QCD', 'label_Hbb', 'label_Zqq', 'label_Wqq', 'label_Tbqq']
Signal labels: ['label_QCD', 'label_Hbb', 'label_Zqq', 'label_Wqq', 'label_Tbqq']
Particle features: ['part_px', 'part_py', 'part_pz', 'part_energy', 'part_pt', 'log_pt_fraction', 'part_deta', 'part_dphi', 'Cpfcan_dxysig', 'log_Cpfcan_dxysig', 'Cpfcan_dzsig', 'log_Cpfcan_dzsig', 'part_charge', 'part_isChargedHadron', 'part_isNeutralHadron', 'part_isPhoton', 'part_isElectron', 'part_isMuon']
Batch-normalized particle features: ['log_pt_fraction', 'Cpfcan_dxysig', 'log_Cpfcan_dxysig', 'Cpfcan_dzsig', 'log_Cpfcan_dzsig']
Lazy cms datasets ready; no full split has been loaded into RAM.
Background train ROOT shards: 2388
Background val ROOT shards: 299
Background test ROOT shards: 299
Signal test ROOT shards: 299
Per-event particle shape: (128, 18)
CMS active shards per worker: requested=4, effective=9; minimum family coverage=9.
Selected SSL model: semi-sup-triplet
Number of trainable parameters: 107,057

Epoch [1/40]
Saved new best model state_dict/full checkpoint to plots/quickrun/all-cms-mc/best_model.pth and plots/quickrun/all-cms-mc/best_checkpoint.pt
Saved last model state_dict/full checkpoint to plots/quickrun/all-cms-mc/last_model.pth and plots/quickrun/all-cms-mc/last_checkpoint.pt
Epoch 1 train losses: {'total_loss': 5.284699924498796, 'invariant_loss': 0.4083498026317684, 'sigreg_loss': 94.21253125, 'triplet_loss': 0.09029344298737124, 'triplet_pos_distance': 0.09887473174973274, 'triplet_neg_distance': 0.414315354043385, 'classification_loss': 1.5669772254824639}
Epoch 1 val losses: {'total_loss': 2.050303546190262, 'invariant_loss': 0.4603030771017075, 'sigreg_loss': 28.7525, 'triplet_loss': 0.035789680313318965, 'triplet_pos_distance': 0.10683645091950894, 'triplet_neg_distance': 0.6136202526092529, 'classification_loss': 1.4884335494041443}
Updated run summary at plots/quickrun/all-cms-mc/summary.json

Epoch [2/40]
Saved new best model state_dict/full checkpoint to plots/quickrun/all-cms-mc/best_model.pth and plots/quickrun/all-cms-mc/best_checkpoint.pt
Saved last model state_dict/full checkpoint to plots/quickrun/all-cms-mc/last_model.pth and plots/quickrun/all-cms-mc/last_checkpoint.pt
Epoch 2 train losses: {'total_loss': 1.4787021652460097, 'invariant_loss': 0.3305356698669493, 'sigreg_loss': 20.01121875, 'triplet_loss': 0.022831179823493586, 'triplet_pos_distance': 0.06770313907600939, 'triplet_neg_distance': 0.8022450269460678, 'classification_loss': 1.453384469807148}
Epoch 2 val losses: {'total_loss': 1.1799239087104798, 'invariant_loss': 0.24315895840525628, 'sigreg_loss': 15.87375, 'triplet_loss': 0.020386997666209935, 'triplet_pos_distance': 0.043997024185955524, 'triplet_neg_distance': 0.9820766991376877, 'classification_loss': 1.4105437254905702}
Updated run summary at plots/quickrun/all-cms-mc/summary.json

Epoch [3/40]
Saved new best model state_dict/full checkpoint to plots/quickrun/all-cms-mc/best_model.pth and plots/quickrun/all-cms-mc/best_checkpoint.pt
Saved last model state_dict/full checkpoint to plots/quickrun/all-cms-mc/last_model.pth and plots/quickrun/all-cms-mc/last_checkpoint.pt
Epoch 3 train losses: {'total_loss': 1.0158853303045035, 'invariant_loss': 0.2424096319936216, 'sigreg_loss': 12.65884375, 'triplet_loss': 0.018086354046827183, 'triplet_pos_distance': 0.04945023404341191, 'triplet_neg_distance': 1.0966621136218309, 'classification_loss': 1.387505494594574}
Epoch 3 val losses: {'total_loss': 0.8896781951189041, 'invariant_loss': 0.20570532083511353, 'sigreg_loss': 10.936875, 'triplet_loss': 0.017713391594588755, 'triplet_pos_distance': 0.03593774475157261, 'triplet_neg_distance': 1.145007610321045, 'classification_loss': 1.353655856847763}
Updated run summary at plots/quickrun/all-cms-mc/summary.json

Epoch [4/40]
Saved new best model state_dict/full checkpoint to plots/quickrun/all-cms-mc/best_model.pth and plots/quickrun/all-cms-mc/best_checkpoint.pt
Saved last model state_dict/full checkpoint to plots/quickrun/all-cms-mc/last_model.pth and plots/quickrun/all-cms-mc/last_checkpoint.pt
Epoch 4 train losses: {'total_loss': 0.863907720670104, 'invariant_loss': 0.2269123607799411, 'sigreg_loss': 10.1224765625, 'triplet_loss': 0.015861793958814815, 'triplet_pos_distance': 0.04671181994909421, 'triplet_neg_distance': 1.1713166245818138, 'classification_loss': 1.2927000718116761}
Epoch 4 val losses: {'total_loss': 0.7915479719638825, 'invariant_loss': 0.20595204815268517, 'sigreg_loss': 9.058125, 'triplet_loss': 0.0159462265111506, 'triplet_pos_distance': 0.035657314751297235, 'triplet_neg_distance': 1.2064039456844329, 'classification_loss': 1.3116925525665284}
Updated run summary at plots/quickrun/all-cms-mc/summary.json

Epoch [5/40]
Saved new best model state_dict/full checkpoint to plots/quickrun/all-cms-mc/best_model.pth and plots/quickrun/all-cms-mc/best_checkpoint.pt
Saved last model state_dict/full checkpoint to plots/quickrun/all-cms-mc/last_model.pth and plots/quickrun/all-cms-mc/last_checkpoint.pt
Epoch 5 train losses: {'total_loss': 0.7997915294617415, 'invariant_loss': 0.21973527166619897, 'sigreg_loss': 9.0861796875, 'triplet_loss': 0.01424580282624811, 'triplet_pos_distance': 0.04566834105737507, 'triplet_neg_distance': 1.225912069350481, 'classification_loss': 1.2432111907452346}
Epoch 5 val losses: {'total_loss': 0.7845323497056961, 'invariant_loss': 0.19236501917243004, 'sigreg_loss': 9.278125, 'triplet_loss': 0.013866539420560002, 'triplet_pos_distance': 0.03284007186070084, 'triplet_neg_distance': 1.240752558708191, 'classification_loss': 1.267767550945282}
Updated run summary at plots/quickrun/all-cms-mc/summary.json

Epoch [6/40]
Saved new best model state_dict/full checkpoint to plots/quickrun/all-cms-mc/best_model.pth and plots/quickrun/all-cms-mc/best_checkpoint.pt
Saved last model state_dict/full checkpoint to plots/quickrun/all-cms-mc/last_model.pth and plots/quickrun/all-cms-mc/last_checkpoint.pt
Epoch 6 train losses: {'total_loss': 0.7629622760415077, 'invariant_loss': 0.21338162261247634, 'sigreg_loss': 8.4756484375, 'triplet_loss': 0.011172794471262022, 'triplet_pos_distance': 0.04435209669359028, 'triplet_neg_distance': 1.289301301777363, 'classification_loss': 1.2470017893612384}
Epoch 6 val losses: {'total_loss': 0.7337479203939438, 'invariant_loss': 0.18897121354937554, 'sigreg_loss': 8.385625, 'triplet_loss': 0.010907874810509383, 'triplet_pos_distance': 0.03350853975862265, 'triplet_neg_distance': 1.307096903324127, 'classification_loss': 1.243304399251938}
Updated run summary at plots/quickrun/all-cms-mc/summary.json

Epoch [7/40]
Saved new best model state_dict/full checkpoint to plots/quickrun/all-cms-mc/best_model.pth and plots/quickrun/all-cms-mc/best_checkpoint.pt
Saved last model state_dict/full checkpoint to plots/quickrun/all-cms-mc/last_model.pth and plots/quickrun/all-cms-mc/last_checkpoint.pt
Epoch 7 train losses: {'total_loss': 0.7419973528087139, 'invariant_loss': 0.2082696674540639, 'sigreg_loss': 8.1446171875, 'triplet_loss': 0.009377343786065466, 'triplet_pos_distance': 0.04304171485826373, 'triplet_neg_distance': 1.3224467786252498, 'classification_loss': 1.2556581726521254}
Epoch 7 val losses: {'total_loss': 0.6978340834379196, 'invariant_loss': 0.18128769621253013, 'sigreg_loss': 7.8434375, 'triplet_loss': 0.008887290805578232, 'triplet_pos_distance': 0.03107791760005057, 'triplet_neg_distance': 1.3125036811828614, 'classification_loss': 1.2350921368598937}
Updated run summary at plots/quickrun/all-cms-mc/summary.json

Epoch [8/40]
Saved last model state_dict/full checkpoint to plots/quickrun/all-cms-mc/last_model.pth and plots/quickrun/all-cms-mc/last_checkpoint.pt
Epoch 8 train losses: {'total_loss': 0.7216576622873545, 'invariant_loss': 0.20239400175586342, 'sigreg_loss': 7.83696875, 'triplet_loss': 0.008214730783423874, 'triplet_pos_distance': 0.04168595911562443, 'triplet_neg_distance': 1.345748378276825, 'classification_loss': 1.2660770334899425}
Epoch 8 val losses: {'total_loss': 0.7030983304977417, 'invariant_loss': 0.17276115491986274, 'sigreg_loss': 8.061875, 'triplet_loss': 0.008658061889000236, 'triplet_pos_distance': 0.029252310283482075, 'triplet_neg_distance': 1.336099773645401, 'classification_loss': 1.2636589515209198}
Updated run summary at plots/quickrun/all-cms-mc/summary.json

Epoch [9/40]
Saved new best model state_dict/full checkpoint to plots/quickrun/all-cms-mc/best_model.pth and plots/quickrun/all-cms-mc/best_checkpoint.pt
Saved last model state_dict/full checkpoint to plots/quickrun/all-cms-mc/last_model.pth and plots/quickrun/all-cms-mc/last_checkpoint.pt
Epoch 9 train losses: {'total_loss': 0.711754080966115, 'invariant_loss': 0.19854754760861396, 'sigreg_loss': 7.770703125, 'triplet_loss': 0.007802040502720047, 'triplet_pos_distance': 0.04120598440011963, 'triplet_neg_distance': 1.346823348790407, 'classification_loss': 1.2389506834596395}
Epoch 9 val losses: {'total_loss': 0.6828128772974015, 'invariant_loss': 0.17283915162086486, 'sigreg_loss': 7.551875, 'triplet_loss': 0.00764500379562378, 'triplet_pos_distance': 0.029262886829674244, 'triplet_neg_distance': 1.3411865055561065, 'classification_loss': 1.3163108539581299}
Updated run summary at plots/quickrun/all-cms-mc/summary.json

Epoch [10/40]
Saved last model state_dict/full checkpoint to plots/quickrun/all-cms-mc/last_model.pth and plots/quickrun/all-cms-mc/last_checkpoint.pt
Epoch 10 train losses: {'total_loss': 0.7018725047260523, 'invariant_loss': 0.19605420659482478, 'sigreg_loss': 7.6414765625, 'triplet_loss': 0.007680463704862632, 'triplet_pos_distance': 0.04052066900487989, 'triplet_neg_distance': 1.3491757062077523, 'classification_loss': 1.2297870648503304}
Epoch 10 val losses: {'total_loss': 0.6968591696023941, 'invariant_loss': 0.174366522282362, 'sigreg_loss': 7.69875, 'triplet_loss': 0.008343700212426483, 'triplet_pos_distance': 0.03023897847160697, 'triplet_neg_distance': 1.2934861493110656, 'classification_loss': 1.3659967017173766}
Updated run summary at plots/quickrun/all-cms-mc/summary.json

Epoch [11/40]
Saved new best model state_dict/full checkpoint to plots/quickrun/all-cms-mc/best_model.pth and plots/quickrun/all-cms-mc/best_checkpoint.pt
Saved last model state_dict/full checkpoint to plots/quickrun/all-cms-mc/last_model.pth and plots/quickrun/all-cms-mc/last_checkpoint.pt
Epoch 11 train losses: {'total_loss': 0.7017496619969606, 'invariant_loss': 0.1943685457520187, 'sigreg_loss': 7.60909375, 'triplet_loss': 0.0075270103348884735, 'triplet_pos_distance': 0.03977857862180099, 'triplet_neg_distance': 1.356663466900587, 'classification_loss': 1.2617869761437177}
Epoch 11 val losses: {'total_loss': 0.6772687363624573, 'invariant_loss': 0.1731357616186142, 'sigreg_loss': 7.3625, 'triplet_loss': 0.007225357803981751, 'triplet_pos_distance': 0.02993673802353442, 'triplet_neg_distance': 1.3923506259918212, 'classification_loss': 1.3536355793476105}
Updated run summary at plots/quickrun/all-cms-mc/summary.json

Epoch [12/40]
Saved last model state_dict/full checkpoint to plots/quickrun/all-cms-mc/last_model.pth and plots/quickrun/all-cms-mc/last_checkpoint.pt
Epoch 12 train losses: {'total_loss': 0.6940916951149702, 'invariant_loss': 0.19170297533273697, 'sigreg_loss': 7.51240625, 'triplet_loss': 0.007327148278709501, 'triplet_pos_distance': 0.03953018684731796, 'triplet_neg_distance': 1.3571731261312963, 'classification_loss': 1.2604466561079026}
Epoch 12 val losses: {'total_loss': 0.6918401902914048, 'invariant_loss': 0.1573432618379593, 'sigreg_loss': 8.0915625, 'triplet_loss': 0.007844694238156081, 'triplet_pos_distance': 0.02814944981597364, 'triplet_neg_distance': 1.3634264373779297, 'classification_loss': 1.2916166853904725}
Updated run summary at plots/quickrun/all-cms-mc/summary.json

Epoch [13/40]
Saved new best model state_dict/full checkpoint to plots/quickrun/all-cms-mc/best_model.pth and plots/quickrun/all-cms-mc/best_checkpoint.pt
Saved last model state_dict/full checkpoint to plots/quickrun/all-cms-mc/last_model.pth and plots/quickrun/all-cms-mc/last_checkpoint.pt
Epoch 13 train losses: {'total_loss': 0.6837045609951019, 'invariant_loss': 0.19028731132298707, 'sigreg_loss': 7.3506640625, 'triplet_loss': 0.007082092272641603, 'triplet_pos_distance': 0.03937763428501785, 'triplet_neg_distance': 1.3660765216350554, 'classification_loss': 1.251902302905917}
Epoch 13 val losses: {'total_loss': 0.670823460817337, 'invariant_loss': 0.16335353508591652, 'sigreg_loss': 7.573125, 'triplet_loss': 0.007333550113253295, 'triplet_pos_distance': 0.027697022212669252, 'triplet_neg_distance': 1.4187855839729309, 'classification_loss': 1.2806468832492828}
Updated run summary at plots/quickrun/all-cms-mc/summary.json

Epoch [14/40]
Saved new best model state_dict/full checkpoint to plots/quickrun/all-cms-mc/best_model.pth and plots/quickrun/all-cms-mc/best_checkpoint.pt
Saved last model state_dict/full checkpoint to plots/quickrun/all-cms-mc/last_model.pth and plots/quickrun/all-cms-mc/last_checkpoint.pt
Epoch 14 train losses: {'total_loss': 0.6768182873427868, 'invariant_loss': 0.18638826923072338, 'sigreg_loss': 7.3391640625, 'triplet_loss': 0.007169135470699984, 'triplet_pos_distance': 0.038807071658317, 'triplet_neg_distance': 1.3591704615354538, 'classification_loss': 1.2275581909567117}
Epoch 14 val losses: {'total_loss': 0.6565089696645736, 'invariant_loss': 0.16035606160759927, 'sigreg_loss': 7.343125, 'triplet_loss': 0.007524437913671136, 'triplet_pos_distance': 0.02792132129892707, 'triplet_neg_distance': 1.2793838346004487, 'classification_loss': 1.2819342815876007}
Updated run summary at plots/quickrun/all-cms-mc/summary.json

Epoch [15/40]
Saved new best model state_dict/full checkpoint to plots/quickrun/all-cms-mc/best_model.pth and plots/quickrun/all-cms-mc/best_checkpoint.pt
Saved last model state_dict/full checkpoint to plots/quickrun/all-cms-mc/last_model.pth and plots/quickrun/all-cms-mc/last_checkpoint.pt
Epoch 15 train losses: {'total_loss': 0.6718867126554251, 'invariant_loss': 0.1855002158805728, 'sigreg_loss': 7.307, 'triplet_loss': 0.00706654437049292, 'triplet_pos_distance': 0.038736780629493296, 'triplet_neg_distance': 1.3654889543056488, 'classification_loss': 1.2033095599263905}
Epoch 15 val losses: {'total_loss': 0.6535627627372742, 'invariant_loss': 0.16699491754174234, 'sigreg_loss': 7.1996875, 'triplet_loss': 0.006867963219992817, 'triplet_pos_distance': 0.028687667828053237, 'triplet_neg_distance': 1.369623500108719, 'classification_loss': 1.258615083694458}
Updated run summary at plots/quickrun/all-cms-mc/summary.json

Epoch [16/40]
Saved last model state_dict/full checkpoint to plots/quickrun/all-cms-mc/last_model.pth and plots/quickrun/all-cms-mc/last_checkpoint.pt
Epoch 16 train losses: {'total_loss': 0.6788071919232607, 'invariant_loss': 0.1862005809620023, 'sigreg_loss': 7.305234375, 'triplet_loss': 0.00710641193727497, 'triplet_pos_distance': 0.03848325883364305, 'triplet_neg_distance': 1.3574502072930337, 'classification_loss': 1.2664229725450278}
Epoch 16 val losses: {'total_loss': 0.6751167207956315, 'invariant_loss': 0.15492001056671142, 'sigreg_loss': 7.89625, 'triplet_loss': 0.007792975599877536, 'triplet_pos_distance': 0.02670054802671075, 'triplet_neg_distance': 1.3703499412536622, 'classification_loss': 1.246517858505249}
Updated run summary at plots/quickrun/all-cms-mc/summary.json

Epoch [17/40]
Saved last model state_dict/full checkpoint to plots/quickrun/all-cms-mc/last_model.pth and plots/quickrun/all-cms-mc/last_checkpoint.pt
Epoch 17 train losses: {'total_loss': 0.6719487976133823, 'invariant_loss': 0.1842128929272294, 'sigreg_loss': 7.224546875, 'triplet_loss': 0.007224983468680875, 'triplet_pos_distance': 0.03817153926286847, 'triplet_neg_distance': 1.3562872588038444, 'classification_loss': 1.257909834831953}
Epoch 17 val losses: {'total_loss': 0.6797207778692246, 'invariant_loss': 0.1554891923069954, 'sigreg_loss': 7.9275, 'triplet_loss': 0.007801724239252508, 'triplet_pos_distance': 0.026422008303925396, 'triplet_neg_distance': 1.3728938436508178, 'classification_loss': 1.2708422005176545}
Updated run summary at plots/quickrun/all-cms-mc/summary.json

Epoch [18/40]
Saved last model state_dict/full checkpoint to plots/quickrun/all-cms-mc/last_model.pth and plots/quickrun/all-cms-mc/last_checkpoint.pt
Epoch 18 train losses: {'total_loss': 0.6696807972192764, 'invariant_loss': 0.1837377807609737, 'sigreg_loss': 7.152671875, 'triplet_loss': 0.007149159957130905, 'triplet_pos_distance': 0.03787980713322759, 'triplet_neg_distance': 1.3516062444746495, 'classification_loss': 1.2759088269323111}
Epoch 18 val losses: {'total_loss': 0.6666327029466629, 'invariant_loss': 0.15480256602168083, 'sigreg_loss': 7.6425, 'triplet_loss': 0.006899782435502857, 'triplet_pos_distance': 0.026540674129500987, 'triplet_neg_distance': 1.3241373491287232, 'classification_loss': 1.2903077399730682}
Updated run summary at plots/quickrun/all-cms-mc/summary.json

Epoch [19/40]
Saved new best model state_dict/full checkpoint to plots/quickrun/all-cms-mc/best_model.pth and plots/quickrun/all-cms-mc/best_checkpoint.pt
Saved last model state_dict/full checkpoint to plots/quickrun/all-cms-mc/last_model.pth and plots/quickrun/all-cms-mc/last_checkpoint.pt
Epoch 19 train losses: {'total_loss': 0.6637013500630855, 'invariant_loss': 0.18038550480082632, 'sigreg_loss': 7.1677734375, 'triplet_loss': 0.007148415525851305, 'triplet_pos_distance': 0.037463134056888524, 'triplet_neg_distance': 1.3552542088627815, 'classification_loss': 1.242020681515336}
Epoch 19 val losses: {'total_loss': 0.6379557919502258, 'invariant_loss': 0.1489557434618473, 'sigreg_loss': 7.235625, 'triplet_loss': 0.008601136589422822, 'triplet_pos_distance': 0.025299401367083193, 'triplet_neg_distance': 1.3330440151691436, 'classification_loss': 1.2634304940700531}
Updated run summary at plots/quickrun/all-cms-mc/summary.json

Epoch [20/40]
Saved new best model state_dict/full checkpoint to plots/quickrun/all-cms-mc/best_model.pth and plots/quickrun/all-cms-mc/best_checkpoint.pt
Saved last model state_dict/full checkpoint to plots/quickrun/all-cms-mc/last_model.pth and plots/quickrun/all-cms-mc/last_checkpoint.pt
Epoch 20 train losses: {'total_loss': 0.6597157366424798, 'invariant_loss': 0.17857434821501375, 'sigreg_loss': 7.155828125, 'triplet_loss': 0.007145099212008062, 'triplet_pos_distance': 0.03717694257432595, 'triplet_neg_distance': 1.3473876884877682, 'classification_loss': 1.2263731865137815}
Epoch 20 val losses: {'total_loss': 0.6328910857439041, 'invariant_loss': 0.16215508341789245, 'sigreg_loss': 6.8621875, 'triplet_loss': 0.00688233372522518, 'triplet_pos_distance': 0.02756054136902094, 'triplet_neg_distance': 1.3479969811439514, 'classification_loss': 1.2690323412418365}
Updated run summary at plots/quickrun/all-cms-mc/summary.json

Epoch [21/40]
Saved last model state_dict/full checkpoint to plots/quickrun/all-cms-mc/last_model.pth and plots/quickrun/all-cms-mc/last_checkpoint.pt
Epoch 21 train losses: {'total_loss': 0.6597200069129467, 'invariant_loss': 0.1791578253954649, 'sigreg_loss': 7.099453125, 'triplet_loss': 0.007041387278353795, 'triplet_pos_distance': 0.03727623582724482, 'triplet_neg_distance': 1.3477006905674935, 'classification_loss': 1.248841563165188}
Epoch 21 val losses: {'total_loss': 0.6351418143510819, 'invariant_loss': 0.15506908670067787, 'sigreg_loss': 7.125625, 'triplet_loss': 0.007663953066803515, 'triplet_pos_distance': 0.02736026776023209, 'triplet_neg_distance': 1.3411614143848418, 'classification_loss': 1.2291961002349854}
Updated run summary at plots/quickrun/all-cms-mc/summary.json

Epoch [22/40]
Saved last model state_dict/full checkpoint to plots/quickrun/all-cms-mc/last_model.pth and plots/quickrun/all-cms-mc/last_checkpoint.pt
Epoch 22 train losses: {'total_loss': 0.6481291390061379, 'invariant_loss': 0.17621960486844182, 'sigreg_loss': 7.0811171875, 'triplet_loss': 0.006779816350026522, 'triplet_pos_distance': 0.03682161350362003, 'triplet_neg_distance': 1.3538185637295246, 'classification_loss': 1.1717392707169056}
Epoch 22 val losses: {'total_loss': 0.6346077954769135, 'invariant_loss': 0.14528762958943844, 'sigreg_loss': 7.2828125, 'triplet_loss': 0.007340376991778612, 'triplet_pos_distance': 0.024420121032744647, 'triplet_neg_distance': 1.3364635384082795, 'classification_loss': 1.2450409531593323}
Updated run summary at plots/quickrun/all-cms-mc/summary.json

Epoch [23/40]
Saved last model state_dict/full checkpoint to plots/quickrun/all-cms-mc/last_model.pth and plots/quickrun/all-cms-mc/last_checkpoint.pt
Epoch 23 train losses: {'total_loss': 0.6408588902577758, 'invariant_loss': 0.17514290020614862, 'sigreg_loss': 7.0155078125, 'triplet_loss': 0.0066961223951657305, 'triplet_pos_distance': 0.03700950604537502, 'triplet_neg_distance': 1.3522579224407674, 'classification_loss': 1.1428367483019828}
Epoch 23 val losses: {'total_loss': 0.6392071229219437, 'invariant_loss': 0.15472103603184223, 'sigreg_loss': 7.1703125, 'triplet_loss': 0.006538515246938914, 'triplet_pos_distance': 0.026206117868423463, 'triplet_neg_distance': 1.3498049342632295, 'classification_loss': 1.2529707384109496}
Updated run summary at plots/quickrun/all-cms-mc/summary.json

Epoch [24/40]
Saved new best model state_dict/full checkpoint to plots/quickrun/all-cms-mc/best_model.pth and plots/quickrun/all-cms-mc/best_checkpoint.pt
Saved last model state_dict/full checkpoint to plots/quickrun/all-cms-mc/last_model.pth and plots/quickrun/all-cms-mc/last_checkpoint.pt
Epoch 24 train losses: {'total_loss': 0.6406125312745571, 'invariant_loss': 0.17536865197494625, 'sigreg_loss': 6.9332890625, 'triplet_loss': 0.006767232670623343, 'triplet_pos_distance': 0.03715757655072957, 'triplet_neg_distance': 1.3496058164238929, 'classification_loss': 1.1791578101217746}
Epoch 24 val losses: {'total_loss': 0.6313076424598694, 'invariant_loss': 0.14359018668532372, 'sigreg_loss': 7.21625, 'triplet_loss': 0.007418538113124668, 'triplet_pos_distance': 0.02455584591254592, 'triplet_neg_distance': 1.3531476974487304, 'classification_loss': 1.2614551556110383}
Updated run summary at plots/quickrun/all-cms-mc/summary.json

Epoch [25/40]
Saved new best model state_dict/full checkpoint to plots/quickrun/all-cms-mc/best_model.pth and plots/quickrun/all-cms-mc/best_checkpoint.pt
Saved last model state_dict/full checkpoint to plots/quickrun/all-cms-mc/last_model.pth and plots/quickrun/all-cms-mc/last_checkpoint.pt
Epoch 25 train losses: {'total_loss': 0.6411172330826521, 'invariant_loss': 0.17500697343796492, 'sigreg_loss': 6.863140625, 'triplet_loss': 0.006638429512793664, 'triplet_pos_distance': 0.03669338357402012, 'triplet_neg_distance': 1.3494599462151526, 'classification_loss': 1.222884495601058}
Epoch 25 val losses: {'total_loss': 0.6301757460832595, 'invariant_loss': 0.15187430366873741, 'sigreg_loss': 7.0146875, 'triplet_loss': 0.0066340534458868205, 'triplet_pos_distance': 0.025638995384797456, 'triplet_neg_distance': 1.3832656300067903, 'classification_loss': 1.2683725035190583}
Updated run summary at plots/quickrun/all-cms-mc/summary.json

Epoch [26/40]
Saved new best model state_dict/full checkpoint to plots/quickrun/all-cms-mc/best_model.pth and plots/quickrun/all-cms-mc/best_checkpoint.pt
Saved last model state_dict/full checkpoint to plots/quickrun/all-cms-mc/last_model.pth and plots/quickrun/all-cms-mc/last_checkpoint.pt
Epoch 26 train losses: {'total_loss': 0.6366840151399374, 'invariant_loss': 0.17465534269437194, 'sigreg_loss': 6.840984375, 'triplet_loss': 0.00656986286060419, 'triplet_pos_distance': 0.03681420426862314, 'triplet_neg_distance': 1.3472227228581906, 'classification_loss': 1.193367671176791}
Epoch 26 val losses: {'total_loss': 0.6284369188547134, 'invariant_loss': 0.15791283890604974, 'sigreg_loss': 6.87125, 'triplet_loss': 0.007269598473794758, 'triplet_pos_distance': 0.027064427714794875, 'triplet_neg_distance': 1.3518301784992217, 'classification_loss': 1.2622290027141572}
Updated run summary at plots/quickrun/all-cms-mc/summary.json

Epoch [27/40]
Saved new best model state_dict/full checkpoint to plots/quickrun/all-cms-mc/best_model.pth and plots/quickrun/all-cms-mc/best_checkpoint.pt
Saved last model state_dict/full checkpoint to plots/quickrun/all-cms-mc/last_model.pth and plots/quickrun/all-cms-mc/last_checkpoint.pt
Epoch 27 train losses: {'total_loss': 0.6287378387451172, 'invariant_loss': 0.17273457307741047, 'sigreg_loss': 6.752046875, 'triplet_loss': 0.0066493382362241395, 'triplet_pos_distance': 0.036476034042425456, 'triplet_neg_distance': 1.3420964893400669, 'classification_loss': 1.1775702670216561}
Epoch 27 val losses: {'total_loss': 0.6180828785896302, 'invariant_loss': 0.14533677250146865, 'sigreg_loss': 6.9725, 'triplet_loss': 0.006968030473217368, 'triplet_pos_distance': 0.024496793802827595, 'triplet_neg_distance': 1.3113624894618987, 'classification_loss': 1.2332859790325166}
Updated run summary at plots/quickrun/all-cms-mc/summary.json

Epoch [28/40]
Saved last model state_dict/full checkpoint to plots/quickrun/all-cms-mc/last_model.pth and plots/quickrun/all-cms-mc/last_checkpoint.pt
Epoch 28 train losses: {'total_loss': 0.6250340598374605, 'invariant_loss': 0.17375185014307498, 'sigreg_loss': 6.642375, 'triplet_loss': 0.0064502677837153894, 'triplet_pos_distance': 0.03655710325622931, 'triplet_neg_distance': 1.3388761382699013, 'classification_loss': 1.1851681494116784}
Epoch 28 val losses: {'total_loss': 0.6251272776722908, 'invariant_loss': 0.14389760300517082, 'sigreg_loss': 7.11375, 'triplet_loss': 0.007155186939053237, 'triplet_pos_distance': 0.024122033109888433, 'triplet_neg_distance': 1.3183818852901459, 'classification_loss': 1.248305583000183}
Updated run summary at plots/quickrun/all-cms-mc/summary.json

Epoch [29/40]
Saved last model state_dict/full checkpoint to plots/quickrun/all-cms-mc/last_model.pth and plots/quickrun/all-cms-mc/last_checkpoint.pt
Epoch 29 train losses: {'total_loss': 0.6153956323489547, 'invariant_loss': 0.17099511923640967, 'sigreg_loss': 6.5835859375, 'triplet_loss': 0.006474550796847325, 'triplet_pos_distance': 0.03622922901203856, 'triplet_neg_distance': 1.3411403591930866, 'classification_loss': 1.145755613103509}
Epoch 29 val losses: {'total_loss': 0.6263968750834465, 'invariant_loss': 0.1350274906307459, 'sigreg_loss': 7.3790625, 'triplet_loss': 0.007393453696276992, 'triplet_pos_distance': 0.022862923918291925, 'triplet_neg_distance': 1.2823245084285737, 'classification_loss': 1.2168472385406495}
Updated run summary at plots/quickrun/all-cms-mc/summary.json

Epoch [30/40]
Saved new best model state_dict/full checkpoint to plots/quickrun/all-cms-mc/best_model.pth and plots/quickrun/all-cms-mc/best_checkpoint.pt
Saved last model state_dict/full checkpoint to plots/quickrun/all-cms-mc/last_model.pth and plots/quickrun/all-cms-mc/last_checkpoint.pt
Epoch 30 train losses: {'total_loss': 0.6173952502906322, 'invariant_loss': 0.1719551121108234, 'sigreg_loss': 6.4974140625, 'triplet_loss': 0.006458816365338862, 'triplet_pos_distance': 0.0362526270118542, 'triplet_neg_distance': 1.3298279721736908, 'classification_loss': 1.1993658428043128}
Epoch 30 val losses: {'total_loss': 0.595791076719761, 'invariant_loss': 0.14936041563749314, 'sigreg_loss': 6.4609375, 'triplet_loss': 0.006628774655982852, 'triplet_pos_distance': 0.02496246068738401, 'triplet_neg_distance': 1.3325993192195893, 'classification_loss': 1.2267207527160644}
Updated run summary at plots/quickrun/all-cms-mc/summary.json

Epoch [31/40]
Saved last model state_dict/full checkpoint to plots/quickrun/all-cms-mc/last_model.pth and plots/quickrun/all-cms-mc/last_checkpoint.pt
Epoch 31 train losses: {'total_loss': 0.6148271874040365, 'invariant_loss': 0.17132963504642248, 'sigreg_loss': 6.436515625, 'triplet_loss': 0.006449867959890981, 'triplet_pos_distance': 0.03619195750402287, 'triplet_neg_distance': 1.3332841005921363, 'classification_loss': 1.2103004909604789}
Epoch 31 val losses: {'total_loss': 0.601763334274292, 'invariant_loss': 0.14235657773911953, 'sigreg_loss': 6.7271875, 'triplet_loss': 0.006758883877191693, 'triplet_pos_distance': 0.023905119867995383, 'triplet_neg_distance': 1.3301291787624359, 'classification_loss': 1.2242227625846862}
Updated run summary at plots/quickrun/all-cms-mc/summary.json

Epoch [32/40]
Saved last model state_dict/full checkpoint to plots/quickrun/all-cms-mc/last_model.pth and plots/quickrun/all-cms-mc/last_checkpoint.pt
Epoch 32 train losses: {'total_loss': 0.6099908765628934, 'invariant_loss': 0.17223786425963045, 'sigreg_loss': 6.30903125, 'triplet_loss': 0.006215380681445822, 'triplet_pos_distance': 0.035986589922569694, 'triplet_neg_distance': 1.3353448242247106, 'classification_loss': 1.2168591095805168}
Epoch 32 val losses: {'total_loss': 0.6052115494012833, 'invariant_loss': 0.14835151217877865, 'sigreg_loss': 6.6221875, 'triplet_loss': 0.00668954093940556, 'triplet_pos_distance': 0.02540557948872447, 'triplet_neg_distance': 1.3552219104766845, 'classification_loss': 1.2511686074733734}
Updated run summary at plots/quickrun/all-cms-mc/summary.json

Epoch [33/40]
Saved new best model state_dict/full checkpoint to plots/quickrun/all-cms-mc/best_model.pth and plots/quickrun/all-cms-mc/best_checkpoint.pt
Saved last model state_dict/full checkpoint to plots/quickrun/all-cms-mc/last_model.pth and plots/quickrun/all-cms-mc/last_checkpoint.pt
Epoch 33 train losses: {'total_loss': 0.6058208893537521, 'invariant_loss': 0.1714473279081285, 'sigreg_loss': 6.2568828125, 'triplet_loss': 0.006184795146691613, 'triplet_pos_distance': 0.036078498937189576, 'triplet_neg_distance': 1.3309400824308395, 'classification_loss': 1.209232884645462}
Epoch 33 val losses: {'total_loss': 0.593754890859127, 'invariant_loss': 0.14618622712790966, 'sigreg_loss': 6.50375, 'triplet_loss': 0.006586087201721966, 'triplet_pos_distance': 0.02502970553934574, 'triplet_neg_distance': 1.3221296381950378, 'classification_loss': 1.2168544185161592}
Updated run summary at plots/quickrun/all-cms-mc/summary.json

Epoch [34/40]
Saved new best model state_dict/full checkpoint to plots/quickrun/all-cms-mc/best_model.pth and plots/quickrun/all-cms-mc/best_checkpoint.pt
Saved last model state_dict/full checkpoint to plots/quickrun/all-cms-mc/last_model.pth and plots/quickrun/all-cms-mc/last_checkpoint.pt
Epoch 34 train losses: {'total_loss': 0.5971709435656667, 'invariant_loss': 0.16883965296670794, 'sigreg_loss': 6.20699609375, 'triplet_loss': 0.006328405081032542, 'triplet_pos_distance': 0.03591822528047487, 'triplet_neg_distance': 1.3212417490184307, 'classification_loss': 1.1733809337168932}
Epoch 34 val losses: {'total_loss': 0.5848576065897941, 'invariant_loss': 0.1368817289173603, 'sigreg_loss': 6.5228125, 'triplet_loss': 0.007170824382919818, 'triplet_pos_distance': 0.02323264685459435, 'triplet_neg_distance': 1.2956594848632812, 'classification_loss': 1.2113574683666228}
Updated run summary at plots/quickrun/all-cms-mc/summary.json

Epoch [35/40]
Saved new best model state_dict/full checkpoint to plots/quickrun/all-cms-mc/best_model.pth and plots/quickrun/all-cms-mc/best_checkpoint.pt
Saved last model state_dict/full checkpoint to plots/quickrun/all-cms-mc/last_model.pth and plots/quickrun/all-cms-mc/last_checkpoint.pt
Epoch 35 train losses: {'total_loss': 0.5943738567084074, 'invariant_loss': 0.16917349458485842, 'sigreg_loss': 6.1325390625, 'triplet_loss': 0.006156909288023598, 'triplet_pos_distance': 0.03596577850123867, 'triplet_neg_distance': 1.32410342374444, 'classification_loss': 1.1796235152930021}
Epoch 35 val losses: {'total_loss': 0.5798028728365898, 'invariant_loss': 0.1389785086363554, 'sigreg_loss': 6.3921875, 'triplet_loss': 0.006607965058647096, 'triplet_pos_distance': 0.02405892902985215, 'triplet_neg_distance': 1.3005262625217437, 'classification_loss': 1.2057371985912324}
Updated run summary at plots/quickrun/all-cms-mc/summary.json

Epoch [36/40]
Saved last model state_dict/full checkpoint to plots/quickrun/all-cms-mc/last_model.pth and plots/quickrun/all-cms-mc/last_checkpoint.pt
Epoch 36 train losses: {'total_loss': 0.5932969978451729, 'invariant_loss': 0.16942843716591596, 'sigreg_loss': 6.0488984375, 'triplet_loss': 0.00611343827896053, 'triplet_pos_distance': 0.03575207343650982, 'triplet_neg_distance': 1.3217454659044743, 'classification_loss': 1.208050628706813}
Epoch 36 val losses: {'total_loss': 0.5800311794877052, 'invariant_loss': 0.13946077205240726, 'sigreg_loss': 6.3715625, 'triplet_loss': 0.006528310303110629, 'triplet_pos_distance': 0.023007285073399542, 'triplet_neg_distance': 1.3018617200851441, 'classification_loss': 1.2137265658378602}
Updated run summary at plots/quickrun/all-cms-mc/summary.json

Epoch [37/40]
Saved last model state_dict/full checkpoint to plots/quickrun/all-cms-mc/last_model.pth and plots/quickrun/all-cms-mc/last_checkpoint.pt
Epoch 37 train losses: {'total_loss': 0.5949978100284934, 'invariant_loss': 0.16985062563046813, 'sigreg_loss': 6.0143671875, 'triplet_loss': 0.006136613576847594, 'triplet_pos_distance': 0.035830723434221, 'triplet_neg_distance': 1.3210865893065928, 'classification_loss': 1.2379230579733849}
Epoch 37 val losses: {'total_loss': 0.5824254778027534, 'invariant_loss': 0.14311217449605465, 'sigreg_loss': 6.3284375, 'triplet_loss': 0.0064779601758345965, 'triplet_pos_distance': 0.023909671865403652, 'triplet_neg_distance': 1.3173377645015716, 'classification_loss': 1.2230808115005494}
Updated run summary at plots/quickrun/all-cms-mc/summary.json

Epoch [38/40]
Saved new best model state_dict/full checkpoint to plots/quickrun/all-cms-mc/best_model.pth and plots/quickrun/all-cms-mc/best_checkpoint.pt
Saved last model state_dict/full checkpoint to plots/quickrun/all-cms-mc/last_model.pth and plots/quickrun/all-cms-mc/last_checkpoint.pt
Epoch 38 train losses: {'total_loss': 0.588425405524671, 'invariant_loss': 0.1685944100432098, 'sigreg_loss': 5.9612265625, 'triplet_loss': 0.006151824173633941, 'triplet_pos_distance': 0.035585008106194436, 'triplet_neg_distance': 1.317345209389925, 'classification_loss': 1.2115574963390827}
Epoch 38 val losses: {'total_loss': 0.5797568428516388, 'invariant_loss': 0.13698876477777958, 'sigreg_loss': 6.3553125, 'triplet_loss': 0.006829141483176499, 'triplet_pos_distance': 0.02327095089480281, 'triplet_neg_distance': 1.291679812669754, 'classification_loss': 1.2434102272987366}
Updated run summary at plots/quickrun/all-cms-mc/summary.json

Epoch [39/40]
Saved new best model state_dict/full checkpoint to plots/quickrun/all-cms-mc/best_model.pth and plots/quickrun/all-cms-mc/best_checkpoint.pt
Saved last model state_dict/full checkpoint to plots/quickrun/all-cms-mc/last_model.pth and plots/quickrun/all-cms-mc/last_checkpoint.pt
Epoch 39 train losses: {'total_loss': 0.5837303168028594, 'invariant_loss': 0.1678329532183707, 'sigreg_loss': 5.919, 'triplet_loss': 0.006156156860466581, 'triplet_pos_distance': 0.03539085621666163, 'triplet_neg_distance': 1.3140282217264176, 'classification_loss': 1.1931055173128844}
Epoch 39 val losses: {'total_loss': 0.5783589980006218, 'invariant_loss': 0.13982860177755355, 'sigreg_loss': 6.250625, 'triplet_loss': 0.006531633199192584, 'triplet_pos_distance': 0.023267603060230613, 'triplet_neg_distance': 1.3031205892562867, 'classification_loss': 1.253479322195053}
Updated run summary at plots/quickrun/all-cms-mc/summary.json

Epoch [40/40]
Saved new best model state_dict/full checkpoint to plots/quickrun/all-cms-mc/best_model.pth and plots/quickrun/all-cms-mc/best_checkpoint.pt
Saved last model state_dict/full checkpoint to plots/quickrun/all-cms-mc/last_model.pth and plots/quickrun/all-cms-mc/last_checkpoint.pt
Epoch 40 train losses: {'total_loss': 0.5852378941178322, 'invariant_loss': 0.16813674394786357, 'sigreg_loss': 5.914859375, 'triplet_loss': 0.006150293366867118, 'triplet_pos_distance': 0.03550796020310372, 'triplet_neg_distance': 1.3138460926413535, 'classification_loss': 1.2074978754967451}
Epoch 40 val losses: {'total_loss': 0.5766640111804009, 'invariant_loss': 0.13850255832076072, 'sigreg_loss': 6.2525, 'triplet_loss': 0.006474990372080356, 'triplet_pos_distance': 0.022721530320122838, 'triplet_neg_distance': 1.302953474521637, 'classification_loss': 1.2491629588603974}
Updated run summary at plots/quickrun/all-cms-mc/summary.json
Saved run summary to plots/quickrun/all-cms-mc/summary.json
Dataset backend: cms
Dataset root: /HEP/export/home/hgao50/jet-anomaly-data/ak8-v3
Loading /oscar/home/lwang223/jetAnomalyDetection/plots/quickrun/all-cms-mc/best_model.pth on cuda:0
Sampling 100 x 128 events from each source stream
Full-jet density latent space: representation
Training labels: QCD+Hbb+Zqq+Wqq+Tbqq
Visualization signal labels: QCD+Hbb+Zqq+Wqq+Tbqq
Dataset label axis: ['label_QCD', 'label_Hbb', 'label_Wqq', 'label_Zqq', 'label_Tbqq']
Particle feature order:
   0: part_px
   1: part_py
   2: part_pz
   3: part_energy
   4: part_pt
   5: log_pt_fraction
   6: part_deta
   7: part_dphi
   8: Cpfcan_dxysig
   9: log_Cpfcan_dxysig
  10: Cpfcan_dzsig
  11: log_Cpfcan_dzsig
  12: part_charge
  13: part_isChargedHadron
  14: part_isNeutralHadron
  15: part_isPhoton
  16: part_isElectron
  17: part_isMuon
Batch-standardized particle features: ['log_pt_fraction', 'Cpfcan_dxysig', 'log_Cpfcan_dxysig', 'Cpfcan_dzsig', 'log_Cpfcan_dzsig']
CMS split source: /oscar/home/lwang223/jetAnomalyDetection/plots/quickrun/all-cms-mc/cms_split_manifest.json; sha256=ee26830093633ebb266cd2384fe4727dfa20eb6b0f03c3331d2e2d5f5dc9ef3b

Collecting full-event latents...
Collected full latents: train=6400, validation=6400, train-context signal test=6400, validation-context signal test=6400
Global AUC fit=0.519910, held-out=0.497535, validation=0.491241

Rotating pairwise class-specific Mahalanobis diagnostics
signal=QCD, background=Hbb: train AUC=0.701734, validation AUC=0.694150
signal=QCD, background=Zqq: train AUC=0.436461, validation AUC=0.405753
signal=QCD, background=Wqq: train AUC=0.444639, validation AUC=0.423131
signal=QCD, background=Tbqq: train AUC=0.735439, validation AUC=0.724480
signal=Hbb, background=QCD: train AUC=0.768706, validation AUC=0.751654
signal=Hbb, background=Zqq: train AUC=0.670134, validation AUC=0.656287
signal=Hbb, background=Wqq: train AUC=0.746116, validation AUC=0.724794
signal=Hbb, background=Tbqq: train AUC=0.682181, validation AUC=0.668041
signal=Zqq, background=QCD: train AUC=0.621730, validation AUC=0.591142
signal=Zqq, background=Hbb: train AUC=0.693900, validation AUC=0.715013
signal=Zqq, background=Wqq: train AUC=0.532545, validation AUC=0.520109
signal=Zqq, background=Tbqq: train AUC=0.708261, validation AUC=0.713063
signal=Wqq, background=QCD: train AUC=0.599559, validation AUC=0.568749
signal=Wqq, background=Hbb: train AUC=0.701779, validation AUC=0.715589
signal=Wqq, background=Zqq: train AUC=0.482812, validation AUC=0.470889
signal=Wqq, background=Tbqq: train AUC=0.692899, validation AUC=0.690022
signal=Tbqq, background=QCD: train AUC=0.710456, validation AUC=0.672554
signal=Tbqq, background=Hbb: train AUC=0.565554, validation AUC=0.589083
signal=Tbqq, background=Zqq: train AUC=0.582305, validation AUC=0.553282
signal=Tbqq, background=Wqq: train AUC=0.652932, validation AUC=0.628251

Saved diagnostics to /oscar/home/lwang223/jetAnomalyDetection/plots/quickrun/all-cms-mc/latent_diagnostics
