## SLURM PROLOG ###############################################################
##    Job ID : 4067815
##  Job Name : AK8-SS-m0.1-hbb
##  Nodelist : gpu3003
##      CPUs : 1
##  Mem/Node : 90000 MB
## Directory : /oscar/home/hgao50/jetAnomalyDetection
##   Job Started : Fri Jul 17 01:01:18 PM EDT 2026
###############################################################################

==========================================
Job started at: Fri Jul 17 01:01:18 PM EDT 2026
Job ID: 4067815
Node: gpu3003
MARGIN=0.1  SIGNAL=hbb
==========================================

GPU Information (from host):
Fri Jul 17 13:01:18 2026       
+-----------------------------------------------------------------------------------------+
| NVIDIA-SMI 575.57.08              Driver Version: 575.57.08      CUDA Version: 12.9     |
|-----------------------------------------+------------------------+----------------------+
| GPU  Name                 Persistence-M | Bus-Id          Disp.A | Volatile Uncorr. ECC |
| Fan  Temp   Perf          Pwr:Usage/Cap |           Memory-Usage | GPU-Util  Compute M. |
|                                         |                        |               MIG M. |
|=========================================+========================+======================|
|   0  NVIDIA L40S                    On  |   00000000:01:00.0 Off |                    0 |
| N/A   32C    P8             32W /  350W |      77MiB /  46068MiB |      0%      Default |
|                                         |                        |                  N/A |
+-----------------------------------------+------------------------+----------------------+
                                                                                         
+-----------------------------------------------------------------------------------------+
| Processes:                                                                              |
|  GPU   GI   CI              PID   Type   Process name                        GPU Memory |
|        ID   ID                                                               Usage      |
|=========================================================================================|
|    0   N/A  N/A          179375      G   /usr/libexec/Xorg                        64MiB |
+-----------------------------------------------------------------------------------------+

PyTorch 2.2.1+cu118, cuda=True, device=NVIDIA L40S
Staged qcd: 395 files -> /tmp/ak8_semisup_hbb_m0.1_4067815/qcd
Staged wjets: 200 files -> /tmp/ak8_semisup_hbb_m0.1_4067815/wjets
Staged zjets: 200 files -> /tmp/ak8_semisup_hbb_m0.1_4067815/zjets
Staged ttbar: 199 files -> /tmp/ak8_semisup_hbb_m0.1_4067815/ttbar
Staged signal hbb: 188 files -> /tmp/ak8_semisup_hbb_m0.1_4067815/signal_hbb
Background dirs: /tmp/ak8_semisup_hbb_m0.1_4067815/qcd,/tmp/ak8_semisup_hbb_m0.1_4067815/wjets,/tmp/ak8_semisup_hbb_m0.1_4067815/zjets,/tmp/ak8_semisup_hbb_m0.1_4067815/ttbar
Background names: QCD,WJets,ZJets,TTbar
Signal: hbb (Hbb)
Margin: 0.1
Output dir: plots/run-lejepa-ak8-semisup-m0.1-hbb
Streaming backgrounds from /tmp/ak8_semisup_hbb_m0.1_4067815/qcd,/tmp/ak8_semisup_hbb_m0.1_4067815/wjets,/tmp/ak8_semisup_hbb_m0.1_4067815/zjets,/tmp/ak8_semisup_hbb_m0.1_4067815/ttbar
Streaming signal from /tmp/ak8_semisup_hbb_m0.1_4067815/signal_hbb
Node feature names: ['eta', 'phi', 'pt', 'd0/d0Err', 'dz/dzErr', 'charge', 'mass', 'log_pt', 'pdgId_-211', 'pdgId_-13', 'pdgId_-11', 'pdgId_11', 'pdgId_13', 'pdgId_22', 'pdgId_130', 'pdgId_211']
Streaming mode: discovering ROOT shards (no full in-memory load).
  class 0 (QCD): 395 ROOT files
  class 1 (WJets): 200 ROOT files
  class 2 (ZJets): 200 ROOT files
  class 3 (TTbar): 199 ROOT files
  split QCD: train_files=355 val_files=40
  split WJets: train_files=180 val_files=20
  split ZJets: train_files=180 val_files=20
  split TTbar: train_files=179 val_files=20
  signal (Hbb): 188 ROOT files
Streaming configured: steps_per_epoch=1000, val_steps=100, eval_steps=100
Streaming datasets already prepared in load(); skipping RAM materialization.
Skipping feature plots in streaming mode.
Selected SSL model: semi-sup-triplet
Model summary:
LeJEPASemiSupervisedTripletParticleTransformerRepresentation(
  (node_embedding): NodeEmbedding(
    (net): Sequential(
      (0): Linear(in_features=16, out_features=128, bias=True)
      (1): GELU(approximate='none')
      (2): LayerNorm((128,), eps=1e-05, elementwise_affine=True)
      (3): Linear(in_features=128, out_features=512, bias=True)
      (4): GELU(approximate='none')
      (5): LayerNorm((512,), eps=1e-05, elementwise_affine=True)
      (6): Linear(in_features=512, out_features=128, bias=True)
      (7): Dropout(p=0.1, inplace=False)
    )
  )
  (pairwise_bias): PairwiseAttentionBias(
    (mlp): Sequential(
      (0): RMSNorm()
      (1): Linear(in_features=4, out_features=16, bias=True)
      (2): SiLU()
      (3): Dropout(p=0.1, inplace=False)
      (4): Linear(in_features=16, out_features=16, bias=True)
      (5): SiLU()
      (6): Dropout(p=0.1, inplace=False)
      (7): Linear(in_features=16, out_features=8, bias=True)
    )
  )
  (encoder): ParticleTransformerEncoder(
    (layers): ModuleList(
      (0-7): 8 x ParticleTransformerBlock(
        (attn_norm): RMSNorm()
        (self_attn): MultiheadAttention(
          (out_proj): NonDynamicallyQuantizableLinear(in_features=128, out_features=128, bias=True)
        )
        (attn_dropout): Dropout(p=0.1, inplace=False)
        (ffn_norm): RMSNorm()
        (ffn): SwiGLUFFN(
          (fc1): Linear(in_features=128, out_features=1024, bias=True)
          (act): SwiGLU()
          (fc2): Linear(in_features=512, out_features=128, bias=True)
          (dropout): Dropout(p=0.1, inplace=False)
        )
      )
    )
  )
  (cls_pooling): CLSPooling(
    (layers): ModuleList(
      (0-1): 2 x ClassAttentionBlock(
        (query_norm): LayerNorm((128,), eps=1e-05, elementwise_affine=True)
        (context_norm): LayerNorm((128,), eps=1e-05, elementwise_affine=True)
        (attn): MultiheadAttention(
          (out_proj): NonDynamicallyQuantizableLinear(in_features=128, out_features=128, bias=True)
        )
        (attn_dropout): Dropout(p=0.0, inplace=False)
        (ffn_norm): LayerNorm((128,), eps=1e-05, elementwise_affine=True)
        (ffn): Sequential(
          (0): Linear(in_features=128, out_features=512, bias=True)
          (1): GELU(approximate='none')
          (2): Dropout(p=0.0, inplace=False)
          (3): Linear(in_features=512, out_features=128, bias=True)
          (4): Dropout(p=0.0, inplace=False)
        )
      )
    )
  )
  (representation_head): RepresentationHead(
    (net): Sequential(
      (0): RMSNorm()
      (1): Linear(in_features=128, out_features=128, bias=True)
      (2): SiLU()
      (3): Dropout(p=0.1, inplace=False)
      (4): Linear(in_features=128, out_features=128, bias=True)
    )
  )
  (augmentation): MultiViewAugmentation()
  (negative_augmentation): CorruptedNegativeAugmentation()
  (loss): LeJEPASIGRegTripletClassificationLoss(
    (triplet_loss): LeJEPASIGRegTripletLoss(
      (lejepa_loss): LeJEPASIGRegLoss(
        (sigreg_loss_fn): SlicingUnivariateTest(
          (univariate_test): EppsPulley()
        )
      )
    )
  )
  (classification_head): CategoricalClassificationHead(
    (net): Sequential(
      (0): RMSNorm()
      (1): Linear(in_features=128, out_features=128, bias=True)
      (2): SiLU()
      (3): Dropout(p=0.1, inplace=False)
      (4): Linear(in_features=128, out_features=4, bias=True)
    )
  )
)
Number of trainable parameters: 2695664
Skipping augmentation sample plots.
Initialized run summary at plots/run-lejepa-ak8-semisup-m0.1-hbb/summary.json

Epoch [1/12]
Learning rate: 1e-07
Saved new best model state_dict to plots/run-lejepa-ak8-semisup-m0.1-hbb/best_model.pth
Saved last model state_dict to plots/run-lejepa-ak8-semisup-m0.1-hbb/last_model.pth
Epoch 1 train losses: {'total_loss': 1.8288427358865738, 'invariant_loss': 0.26260546265449375, 'sigreg_loss': 74.801375, 'triplet_loss': 0.02415509187267162, 'triplet_pos_distance': 0.06692765596252866, 'triplet_neg_distance': 0.5870048469183966, 'classification_loss': 1.3564743132591248}
Epoch 1 val losses: {'total_loss': 0.8168680226802826, 'invariant_loss': 0.1563872754573822, 'sigreg_loss': 29.645, 'triplet_loss': 0.008941821483895183, 'triplet_pos_distance': 0.030125090572983026, 'triplet_neg_distance': 0.9977351534366607, 'classification_loss': 1.3370437669754027}
Updated run summary at plots/run-lejepa-ak8-semisup-m0.1-hbb/summary.json

Epoch [2/12]
Learning rate: 0.0001001
Saved new best model state_dict to plots/run-lejepa-ak8-semisup-m0.1-hbb/best_model.pth
Saved last model state_dict to plots/run-lejepa-ak8-semisup-m0.1-hbb/last_model.pth
Epoch 2 train losses: {'total_loss': 0.7281691881418229, 'invariant_loss': 0.2171500334739685, 'sigreg_loss': 22.237125, 'triplet_loss': 0.004513600492035039, 'triplet_pos_distance': 0.0598038544729352, 'triplet_neg_distance': 1.149749676644802, 'classification_loss': 1.3172543845176696}
Epoch 2 val losses: {'total_loss': 0.6230888450145722, 'invariant_loss': 0.1383350522071123, 'sigreg_loss': 20.9625, 'triplet_loss': 0.005632054347079247, 'triplet_pos_distance': 0.02539658173918724, 'triplet_neg_distance': 1.2698483896255492, 'classification_loss': 1.2982648849487304}
Updated run summary at plots/run-lejepa-ak8-semisup-m0.1-hbb/summary.json

Epoch [3/12]
Learning rate: 0.0002001
Saved new best model state_dict to plots/run-lejepa-ak8-semisup-m0.1-hbb/best_model.pth
Saved last model state_dict to plots/run-lejepa-ak8-semisup-m0.1-hbb/last_model.pth
Epoch 3 train losses: {'total_loss': 0.5996358336806298, 'invariant_loss': 0.2098431152999401, 'sigreg_loss': 16.276125, 'triplet_loss': 0.0023544850454782136, 'triplet_pos_distance': 0.05930163909494877, 'triplet_neg_distance': 1.3825098127126694, 'classification_loss': 1.280950093984604}
Epoch 3 val losses: {'total_loss': 0.5299551734328269, 'invariant_loss': 0.13622042067348958, 'sigreg_loss': 16.451875, 'triplet_loss': 0.0036379992915317417, 'triplet_pos_distance': 0.024829002348706126, 'triplet_neg_distance': 1.3872322630882263, 'classification_loss': 1.286559669971466}
Updated run summary at plots/run-lejepa-ak8-semisup-m0.1-hbb/summary.json

Epoch [4/12]
Learning rate: 0.0003001
Saved new best model state_dict to plots/run-lejepa-ak8-semisup-m0.1-hbb/best_model.pth
Saved last model state_dict to plots/run-lejepa-ak8-semisup-m0.1-hbb/last_model.pth
Epoch 4 train losses: {'total_loss': 0.5359880819320678, 'invariant_loss': 0.20203603272140025, 'sigreg_loss': 13.4938125, 'triplet_loss': 0.0018342021530261263, 'triplet_pos_distance': 0.05696769352257252, 'triplet_neg_distance': 1.427184636592865, 'classification_loss': 1.2773451895713805}
Epoch 4 val losses: {'total_loss': 0.47680769354104996, 'invariant_loss': 0.12907213069498538, 'sigreg_loss': 14.168125, 'triplet_loss': 0.002883985104272142, 'triplet_pos_distance': 0.023227209281176327, 'triplet_neg_distance': 1.4386742448806762, 'classification_loss': 1.2815604066848756}
Updated run summary at plots/run-lejepa-ak8-semisup-m0.1-hbb/summary.json

Epoch [5/12]
Learning rate: 0.0004001
Saved new best model state_dict to plots/run-lejepa-ak8-semisup-m0.1-hbb/best_model.pth
Saved last model state_dict to plots/run-lejepa-ak8-semisup-m0.1-hbb/last_model.pth
Mahalanobis metrics saved to plots/run-lejepa-ak8-semisup-m0.1-hbb/mahalanobis_eval/epoch_0005/mahalanobis_metrics.json
Mahalanobis AUC, QCD+WJets+ZJets+TTbar train vs Hbb: 0.538154
Mahalanobis AUC, QCD+WJets+ZJets+TTbar val vs Hbb: 0.531304
Epoch 5 train losses: {'total_loss': 0.4984183014035225, 'invariant_loss': 0.1910869850218296, 'sigreg_loss': 12.153875, 'triplet_loss': 0.001697335940785706, 'triplet_pos_distance': 0.05371220511198044, 'triplet_neg_distance': 1.4294319878816604, 'classification_loss': 1.2813174765110016}
Epoch 5 val losses: {'total_loss': 0.445777862071991, 'invariant_loss': 0.12365025103092193, 'sigreg_loss': 12.895, 'triplet_loss': 0.00268645029340405, 'triplet_pos_distance': 0.02370155475102365, 'triplet_neg_distance': 1.4097400677204133, 'classification_loss': 1.280538660287857}
Updated run summary at plots/run-lejepa-ak8-semisup-m0.1-hbb/summary.json

Epoch [6/12]
Learning rate: 0.0005001
Saved new best model state_dict to plots/run-lejepa-ak8-semisup-m0.1-hbb/best_model.pth
Saved last model state_dict to plots/run-lejepa-ak8-semisup-m0.1-hbb/last_model.pth
Epoch 6 train losses: {'total_loss': 0.4758591007888317, 'invariant_loss': 0.1851774224936962, 'sigreg_loss': 11.3255, 'triplet_loss': 0.0016058201304113026, 'triplet_pos_distance': 0.05150235573202372, 'triplet_neg_distance': 1.415366228222847, 'classification_loss': 1.2801484178304672}
Epoch 6 val losses: {'total_loss': 0.4288758310675621, 'invariant_loss': 0.1214673375338316, 'sigreg_loss': 12.15, 'triplet_loss': 0.002481593160191551, 'triplet_pos_distance': 0.022214405722916126, 'triplet_neg_distance': 1.386184401512146, 'classification_loss': 1.282269124984741}
Updated run summary at plots/run-lejepa-ak8-semisup-m0.1-hbb/summary.json

Epoch [7/12]
Learning rate: 0.0006001
Saved last model state_dict to plots/run-lejepa-ak8-semisup-m0.1-hbb/last_model.pth
Epoch 7 train losses: {'total_loss': 0.4580135036408901, 'invariant_loss': 0.17997659873962402, 'sigreg_loss': 10.716125, 'triplet_loss': 0.0015102183175913523, 'triplet_pos_distance': 0.05026048733666539, 'triplet_neg_distance': 1.4181678274869918, 'classification_loss': 1.2711355340480806}
Epoch 7 val losses: {'total_loss': 0.43030924409627913, 'invariant_loss': 0.11962852954864502, 'sigreg_loss': 12.334375, 'triplet_loss': 0.0022803655813913794, 'triplet_pos_distance': 0.021504942970350386, 'triplet_neg_distance': 1.343019915819168, 'classification_loss': 1.2754597330093385}
Updated run summary at plots/run-lejepa-ak8-semisup-m0.1-hbb/summary.json

Epoch [8/12]
Learning rate: 0.0007001
Saved new best model state_dict to plots/run-lejepa-ak8-semisup-m0.1-hbb/best_model.pth
Saved last model state_dict to plots/run-lejepa-ak8-semisup-m0.1-hbb/last_model.pth
Epoch 8 train losses: {'total_loss': 0.4480388863682747, 'invariant_loss': 0.17883706253767012, 'sigreg_loss': 10.291625, 'triplet_loss': 0.0014682499460759572, 'triplet_pos_distance': 0.04960936170071364, 'triplet_neg_distance': 1.4228510130643846, 'classification_loss': 1.2644201883077621}
Epoch 8 val losses: {'total_loss': 0.40028817832469943, 'invariant_loss': 0.12623893335461617, 'sigreg_loss': 10.515, 'triplet_loss': 0.0018953310884535313, 'triplet_pos_distance': 0.02274718870408833, 'triplet_neg_distance': 1.4416412544250488, 'classification_loss': 1.2721160602569581}
Updated run summary at plots/run-lejepa-ak8-semisup-m0.1-hbb/summary.json

Epoch [9/12]
Learning rate: 0.0008001
Saved new best model state_dict to plots/run-lejepa-ak8-semisup-m0.1-hbb/best_model.pth
Saved last model state_dict to plots/run-lejepa-ak8-semisup-m0.1-hbb/last_model.pth
Epoch 9 train losses: {'total_loss': 0.44043831098079683, 'invariant_loss': 0.1781979094594717, 'sigreg_loss': 9.929875, 'triplet_loss': 0.0014902745391445933, 'triplet_pos_distance': 0.04895428605005145, 'triplet_neg_distance': 1.4222142317295074, 'classification_loss': 1.269854703426361}
Epoch 9 val losses: {'total_loss': 0.39301741421222686, 'invariant_loss': 0.11420167550444603, 'sigreg_loss': 10.759375, 'triplet_loss': 0.0021880895912181585, 'triplet_pos_distance': 0.021443145321682094, 'triplet_neg_distance': 1.3411718773841859, 'classification_loss': 1.2676416862010955}
Updated run summary at plots/run-lejepa-ak8-semisup-m0.1-hbb/summary.json

Epoch [10/12]
Learning rate: 0.0009001
Saved last model state_dict to plots/run-lejepa-ak8-semisup-m0.1-hbb/last_model.pth
Mahalanobis metrics saved to plots/run-lejepa-ak8-semisup-m0.1-hbb/mahalanobis_eval/epoch_0010/mahalanobis_metrics.json
Mahalanobis AUC, QCD+WJets+ZJets+TTbar train vs Hbb: 0.495881
Mahalanobis AUC, QCD+WJets+ZJets+TTbar val vs Hbb: 0.483921
Epoch 10 train losses: {'total_loss': 0.4341152458488941, 'invariant_loss': 0.1771455007046461, 'sigreg_loss': 9.65915625, 'triplet_loss': 0.001492936169670429, 'triplet_pos_distance': 0.0487723277695477, 'triplet_neg_distance': 1.4211843497753143, 'classification_loss': 1.2729714350700378}
Epoch 10 val losses: {'total_loss': 0.40872611552476884, 'invariant_loss': 0.12614384815096855, 'sigreg_loss': 10.939375, 'triplet_loss': 0.0019628258078591898, 'triplet_pos_distance': 0.023336691707372667, 'triplet_neg_distance': 1.4180939507484436, 'classification_loss': 1.2725243270397186}
Updated run summary at plots/run-lejepa-ak8-semisup-m0.1-hbb/summary.json

Epoch [11/12]
Learning rate: 0.001
Saved new best model state_dict to plots/run-lejepa-ak8-semisup-m0.1-hbb/best_model.pth
Saved last model state_dict to plots/run-lejepa-ak8-semisup-m0.1-hbb/last_model.pth
Epoch 11 train losses: {'total_loss': 0.4223814691901207, 'invariant_loss': 0.17444498451054097, 'sigreg_loss': 9.20621875, 'triplet_loss': 0.0014446473406278528, 'triplet_pos_distance': 0.04784777145460248, 'triplet_neg_distance': 1.4144895279407501, 'classification_loss': 1.2738090415000916}
Epoch 11 val losses: {'total_loss': 0.37065445572137834, 'invariant_loss': 0.1156851228326559, 'sigreg_loss': 9.564375, 'triplet_loss': 0.001970597608597018, 'triplet_pos_distance': 0.02125666311942041, 'triplet_neg_distance': 1.3880208361148834, 'classification_loss': 1.2708359909057618}
Updated run summary at plots/run-lejepa-ak8-semisup-m0.1-hbb/summary.json

Epoch [12/12]
Learning rate: 0.0005005
Saved new best model state_dict to plots/run-lejepa-ak8-semisup-m0.1-hbb/best_model.pth
Saved last model state_dict to plots/run-lejepa-ak8-semisup-m0.1-hbb/last_model.pth
Mahalanobis metrics saved to plots/run-lejepa-ak8-semisup-m0.1-hbb/mahalanobis_eval/epoch_0012/mahalanobis_metrics.json
Mahalanobis AUC, QCD+WJets+ZJets+TTbar train vs Hbb: 0.580009
Mahalanobis AUC, QCD+WJets+ZJets+TTbar val vs Hbb: 0.573644
Epoch 12 train losses: {'total_loss': 0.39547909471392634, 'invariant_loss': 0.1677395106256008, 'sigreg_loss': 8.24125, 'triplet_loss': 0.0013292793948494364, 'triplet_pos_distance': 0.04646889145299792, 'triplet_neg_distance': 1.4119867599010467, 'classification_loss': 1.2552775801420213}
Epoch 12 val losses: {'total_loss': 0.3507128709554672, 'invariant_loss': 0.11018292114138603, 'sigreg_loss': 8.865, 'triplet_loss': 0.0018159760913113133, 'triplet_pos_distance': 0.020057886391878128, 'triplet_neg_distance': 1.3547501432895661, 'classification_loss': 1.2610686218738556}
Updated run summary at plots/run-lejepa-ak8-semisup-m0.1-hbb/summary.json
Saved run summary to plots/run-lejepa-ak8-semisup-m0.1-hbb/summary.json
Job finished at: Fri Jul 17 02:09:48 PM EDT 2026
