## SLURM PROLOG ###############################################################
##    Job ID : 4027482
##  Job Name : JETANOMALY-AK8-TRIP
##  Nodelist : gpu3003
##      CPUs : 1
##  Mem/Node : 128000 MB
## Directory : /oscar/home/hgao50/jetAnomalyDetection
##   Job Started : Thu Jul 16 09:11:02 AM EDT 2026
###############################################################################

==========================================
Job started at: Thu Jul 16 09:11:02 AM EDT 2026
Job ID: 4027482
Node: gpu3003
==========================================

GPU Information (from host):
Thu Jul 16 09:11:02 2026       
+-----------------------------------------------------------------------------------------+
| NVIDIA-SMI 575.57.08              Driver Version: 575.57.08      CUDA Version: 12.9     |
|-----------------------------------------+------------------------+----------------------+
| GPU  Name                 Persistence-M | Bus-Id          Disp.A | Volatile Uncorr. ECC |
| Fan  Temp   Perf          Pwr:Usage/Cap |           Memory-Usage | GPU-Util  Compute M. |
|                                         |                        |               MIG M. |
|=========================================+========================+======================|
|   0  NVIDIA L40S                    On  |   00000000:01:00.0 Off |                    0 |
| N/A   30C    P8             32W /  350W |      77MiB /  46068MiB |      0%      Default |
|                                         |                        |                  N/A |
+-----------------------------------------+------------------------+----------------------+
                                                                                         
+-----------------------------------------------------------------------------------------+
| Processes:                                                                              |
|  GPU   GI   CI              PID   Type   Process name                        GPU Memory |
|        ID   ID                                                               Usage      |
|=========================================================================================|
|    0   N/A  N/A          179375      G   /usr/libexec/Xorg                        64MiB |
+-----------------------------------------------------------------------------------------+

PyTorch 2.2.1+cu118, cuda=True, device=NVIDIA L40S
Staged QCD files:   400
Staged WJets files: 200
Output dir: plots/run-lejepa-ak8-triplet-fracb-scaled
Loading background from /tmp/ak8_triplet_4027482/qcd
Loading signal from /tmp/ak8_triplet_4027482/wjets
Node feature names: ['eta', 'phi', 'pt', 'd0/d0Err', 'dz/dzErr', 'charge', 'mass', 'log_pt', 'pdgId_-211', 'pdgId_-13', 'pdgId_-11', 'pdgId_11', 'pdgId_13', 'pdgId_22', 'pdgId_130', 'pdgId_211']
Using JetClass-style dataloader.read_file on DeepNTuplizer ROOT (pt >= 200.0, pt <= 400.0, max_num_particles=128)
Background jets: 300000  x_particles=(300000, 16, 128)
Signal jets: 20000  x_particles=(20000, 16, 128)
Loading background node tensors...
Loading signal node tensors...
Loaded background train events: 239993
Loaded background val events: 59999
Loaded signal events: 19997
Feature mean: tensor([-3.2783e-01, -3.2330e-01,  2.7991e-02,  1.0775e+00, -6.8739e-04,
         8.0242e-03,  9.4685e-02, -4.5022e+00,  0.0000e+00,  0.0000e+00,
         0.0000e+00,  3.6086e-03,  2.1904e-03,  2.4160e-01,  7.8690e-02,
         6.7389e-01])
Feature std: tensor([0.1566, 0.1553, 0.0582, 1.5963, 1.2568, 0.8244, 0.0648, 1.2518, 1.0000,
        1.0000, 1.0000, 0.0600, 0.0467, 0.4281, 0.2693, 0.4688])
Example node tensor shape: torch.Size([12, 16])
Selected SSL model: triplet
Model summary:
LeJEPATripletParticleTransformerRepresentation(
  (node_embedding): NodeEmbedding(
    (net): Sequential(
      (0): Linear(in_features=16, out_features=128, bias=True)
      (1): GELU(approximate='none')
      (2): LayerNorm((128,), eps=1e-05, elementwise_affine=True)
      (3): Linear(in_features=128, out_features=512, bias=True)
      (4): GELU(approximate='none')
      (5): LayerNorm((512,), eps=1e-05, elementwise_affine=True)
      (6): Linear(in_features=512, out_features=128, bias=True)
      (7): Dropout(p=0.1, inplace=False)
    )
  )
  (pairwise_bias): PairwiseAttentionBias(
    (mlp): Sequential(
      (0): RMSNorm()
      (1): Linear(in_features=4, out_features=16, bias=True)
      (2): SiLU()
      (3): Dropout(p=0.1, inplace=False)
      (4): Linear(in_features=16, out_features=16, bias=True)
      (5): SiLU()
      (6): Dropout(p=0.1, inplace=False)
      (7): Linear(in_features=16, out_features=8, bias=True)
    )
  )
  (encoder): ParticleTransformerEncoder(
    (layers): ModuleList(
      (0-7): 8 x ParticleTransformerBlock(
        (attn_norm): RMSNorm()
        (self_attn): MultiheadAttention(
          (out_proj): NonDynamicallyQuantizableLinear(in_features=128, out_features=128, bias=True)
        )
        (attn_dropout): Dropout(p=0.1, inplace=False)
        (ffn_norm): RMSNorm()
        (ffn): SwiGLUFFN(
          (fc1): Linear(in_features=128, out_features=1024, bias=True)
          (act): SwiGLU()
          (fc2): Linear(in_features=512, out_features=128, bias=True)
          (dropout): Dropout(p=0.1, inplace=False)
        )
      )
    )
  )
  (cls_pooling): CLSPooling(
    (layers): ModuleList(
      (0-1): 2 x ClassAttentionBlock(
        (query_norm): LayerNorm((128,), eps=1e-05, elementwise_affine=True)
        (context_norm): LayerNorm((128,), eps=1e-05, elementwise_affine=True)
        (attn): MultiheadAttention(
          (out_proj): NonDynamicallyQuantizableLinear(in_features=128, out_features=128, bias=True)
        )
        (attn_dropout): Dropout(p=0.0, inplace=False)
        (ffn_norm): LayerNorm((128,), eps=1e-05, elementwise_affine=True)
        (ffn): Sequential(
          (0): Linear(in_features=128, out_features=512, bias=True)
          (1): GELU(approximate='none')
          (2): Dropout(p=0.0, inplace=False)
          (3): Linear(in_features=512, out_features=128, bias=True)
          (4): Dropout(p=0.0, inplace=False)
        )
      )
    )
  )
  (representation_head): RepresentationHead(
    (net): Sequential(
      (0): RMSNorm()
      (1): Linear(in_features=128, out_features=128, bias=True)
      (2): SiLU()
      (3): Dropout(p=0.1, inplace=False)
      (4): Linear(in_features=128, out_features=128, bias=True)
    )
  )
  (augmentation): MultiViewAugmentation()
  (negative_augmentation): CorruptedNegativeAugmentation()
  (loss): LeJEPASIGRegTripletLoss(
    (lejepa_loss): LeJEPASIGRegLoss(
      (sigreg_loss_fn): SlicingUnivariateTest(
        (univariate_test): EppsPulley()
      )
    )
  )
)
Number of trainable parameters: 2678508
Initialized run summary at plots/run-lejepa-ak8-triplet-fracb-scaled/summary.json

Epoch [1/100]
Learning rate: 5.3333333e-08
Saved new best model state_dict to plots/run-lejepa-ak8-triplet-fracb-scaled/best_model.pth
Saved last model state_dict to plots/run-lejepa-ak8-triplet-fracb-scaled/last_model.pth
