## SLURM PROLOG ###############################################################
##    Job ID : 3928664
##  Job Name : JETANOMALY-JETCLASS
##  Nodelist : gpu3101
##      CPUs : 1
##  Mem/Node : 96000 MB
## Directory : /oscar/home/lwang223/jetAnomalyDetection
##   Job Started : Sun Jul 12 09:57:09 AM EDT 2026
###############################################################################

==========================================
Job started at: Sun Jul 12 09:57:09 AM EDT 2026
Job ID: 3928664
Node: gpu3101
==========================================

GPU Information (from host):
Sun Jul 12 09:57:09 2026       
+-----------------------------------------------------------------------------------------+
| NVIDIA-SMI 575.57.08              Driver Version: 575.57.08      CUDA Version: 12.9     |
|-----------------------------------------+------------------------+----------------------+
| GPU  Name                 Persistence-M | Bus-Id          Disp.A | Volatile Uncorr. ECC |
| Fan  Temp   Perf          Pwr:Usage/Cap |           Memory-Usage | GPU-Util  Compute M. |
|                                         |                        |               MIG M. |
|=========================================+========================+======================|
|   0  NVIDIA L40S                    On  |   00000000:81:00.0 Off |                    0 |
| N/A   26C    P8             31W /  350W |      74MiB /  46068MiB |      0%      Default |
|                                         |                        |                  N/A |
+-----------------------------------------+------------------------+----------------------+
|   1  NVIDIA L40S                    On  |   00000000:A1:00.0 Off |                    0 |
| N/A   27C    P8             34W /  350W |      74MiB /  46068MiB |      0%      Default |
|                                         |                        |                  N/A |
+-----------------------------------------+------------------------+----------------------+
                                                                                         
+-----------------------------------------------------------------------------------------+
| Processes:                                                                              |
|  GPU   GI   CI              PID   Type   Process name                        GPU Memory |
|        ID   ID                                                               Usage      |
|=========================================================================================|
|    0   N/A  N/A          182625      G   /usr/libexec/Xorg                        64MiB |
|    1   N/A  N/A          182625      G   /usr/libexec/Xorg                        64MiB |
+-----------------------------------------------------------------------------------------+

PyTorch version: 2.6.0+cu124
JetClass root: /HEP/export/home/lwang223/JetClass/JetClass/Pythia
Background labels: ['label_QCD', 'label_Hbb', 'label_Hcc']
Signal labels: ['label_Wqq']
Particle features: ['part_px', 'part_py', 'part_pz', 'part_energy', 'part_pt', 'part_eta', 'part_phi', 'part_deta', 'part_dphi', 'part_d0val', 'part_d0err', 'part_dzval', 'part_dzerr', 'part_charge', 'part_isChargedHadron', 'part_isNeutralHadron', 'part_isPhoton', 'part_isElectron', 'part_isMuon']
Lazy JetClass datasets ready; no full split has been loaded into RAM.
Background train ROOT shards: 300
Background val ROOT shards: 15
Signal test ROOT shards: 20
Per-event particle shape: (128, 19)
Selected SSL model: semi-sup-triplet
Model summary:
LeJEPASemiSupervisedTripletParticleTransformerRepresentation(
  (node_embedding): NodeEmbedding(
    (net): Sequential(
      (0): Linear(in_features=19, out_features=128, bias=True)
      (1): GELU(approximate='none')
      (2): LayerNorm((128,), eps=1e-05, elementwise_affine=True)
      (3): Linear(in_features=128, out_features=512, bias=True)
      (4): GELU(approximate='none')
      (5): LayerNorm((512,), eps=1e-05, elementwise_affine=True)
      (6): Linear(in_features=512, out_features=128, bias=True)
      (7): Dropout(p=0.1, inplace=False)
    )
  )
  (pairwise_bias): PairwiseAttentionBias(
    (mlp): Sequential(
      (0): RMSNorm()
      (1): Linear(in_features=4, out_features=16, bias=True)
      (2): SiLU()
      (3): Dropout(p=0.1, inplace=False)
      (4): Linear(in_features=16, out_features=16, bias=True)
      (5): SiLU()
      (6): Dropout(p=0.1, inplace=False)
      (7): Linear(in_features=16, out_features=8, bias=True)
    )
  )
  (encoder): ParticleTransformerEncoder(
    (layers): ModuleList(
      (0-7): 8 x ParticleTransformerBlock(
        (attn_norm): RMSNorm()
        (self_attn): MultiheadAttention(
          (out_proj): NonDynamicallyQuantizableLinear(in_features=128, out_features=128, bias=True)
        )
        (attn_dropout): Dropout(p=0.1, inplace=False)
        (ffn_norm): RMSNorm()
        (ffn): SwiGLUFFN(
          (fc1): Linear(in_features=128, out_features=1024, bias=True)
          (act): SwiGLU()
          (fc2): Linear(in_features=512, out_features=128, bias=True)
          (dropout): Dropout(p=0.1, inplace=False)
        )
      )
    )
  )
  (cls_pooling): CLSPooling(
    (layers): ModuleList(
      (0-1): 2 x ClassAttentionBlock(
        (query_norm): LayerNorm((128,), eps=1e-05, elementwise_affine=True)
        (context_norm): LayerNorm((128,), eps=1e-05, elementwise_affine=True)
        (attn): MultiheadAttention(
          (out_proj): NonDynamicallyQuantizableLinear(in_features=128, out_features=128, bias=True)
        )
        (attn_dropout): Dropout(p=0.0, inplace=False)
        (ffn_norm): LayerNorm((128,), eps=1e-05, elementwise_affine=True)
        (ffn): Sequential(
          (0): Linear(in_features=128, out_features=512, bias=True)
          (1): GELU(approximate='none')
          (2): Dropout(p=0.0, inplace=False)
          (3): Linear(in_features=512, out_features=128, bias=True)
          (4): Dropout(p=0.0, inplace=False)
        )
      )
    )
  )
  (augmentation): MultiViewAugmentation()
  (negative_augmentation): CorruptedNegativeAugmentation()
  (loss): LeJEPASIGRegTripletClassificationLoss(
    (triplet_loss): LeJEPASIGRegTripletLoss(
      (lejepa_loss): LeJEPASIGRegLoss(
        (sigreg_loss_fn): SlicingUnivariateTest(
          (univariate_test): EppsPulley()
        )
      )
    )
  )
  (representation_head): RepresentationHead(
    (net): Sequential(
      (0): RMSNorm()
      (1): Linear(in_features=128, out_features=128, bias=True)
      (2): SiLU()
      (3): Dropout(p=0.1, inplace=False)
      (4): Linear(in_features=128, out_features=128, bias=True)
    )
  )
  (classification_head): CategoricalClassificationHead(
    (net): Sequential(
      (0): RMSNorm()
      (1): Linear(in_features=128, out_features=128, bias=True)
      (2): SiLU()
      (3): Dropout(p=0.1, inplace=False)
      (4): Linear(in_features=128, out_features=3, bias=True)
    )
  )
)
Number of trainable parameters: 2695919

Epoch [1/80]
Saved new best model state_dict to plots/run-lejepa-semi-sup-triplet-jetclass-ddp/best_model.pth
Saved last model state_dict to plots/run-lejepa-semi-sup-triplet-jetclass-ddp/last_model.pth
Updated run summary at plots/run-lejepa-semi-sup-triplet-jetclass-ddp/summary.json
Mahalanobis metrics saved to plots/run-lejepa-semi-sup-triplet-jetclass-ddp/mahalanobis_eval/epoch_0001/mahalanobis_metrics.json
Mahalanobis AUC, QCD+Hbb+Hcc train vs Wqq: 0.525875
Mahalanobis AUC, QCD+Hbb+Hcc val vs Wqq: 0.529607
Epoch 1 train losses: {'total_loss': 4.503340055346489, 'invariant_loss': 0.04935808898555115, 'sigreg_loss': 213.00825, 'triplet_loss': 0.8501072459816933, 'triplet_pos_distance': 0.017840975171886386, 'triplet_neg_distance': 0.2088942070119083, 'classification_loss': 1.0881499222517013}
Epoch 1 val losses: {'total_loss': 1.7253617238998413, 'invariant_loss': 0.013658781982958317, 'sigreg_loss': 76.03, 'triplet_loss': 0.8276624810695649, 'triplet_pos_distance': 0.0027546593034639953, 'triplet_neg_distance': 0.2527193567156792, 'classification_loss': 1.081554491519928}
Updated run summary at plots/run-lejepa-semi-sup-triplet-jetclass-ddp/summary.json

Epoch [2/80]
Saved new best model state_dict to plots/run-lejepa-semi-sup-triplet-jetclass-ddp/best_model.pth
Saved last model state_dict to plots/run-lejepa-semi-sup-triplet-jetclass-ddp/last_model.pth
Updated run summary at plots/run-lejepa-semi-sup-triplet-jetclass-ddp/summary.json
Mahalanobis metrics saved to plots/run-lejepa-semi-sup-triplet-jetclass-ddp/mahalanobis_eval/epoch_0002/mahalanobis_metrics.json
Mahalanobis AUC, QCD+Hbb+Hcc train vs Wqq: 0.513551
Mahalanobis AUC, QCD+Hbb+Hcc val vs Wqq: 0.515000
Epoch 2 train losses: {'total_loss': 1.2699327357411385, 'invariant_loss': 0.09032870398461819, 'sigreg_loss': 49.70825, 'triplet_loss': 0.7739744529128074, 'triplet_pos_distance': 0.030863258630037308, 'triplet_neg_distance': 0.361320979654789, 'classification_loss': 1.0795267981886865}
Epoch 2 val losses: {'total_loss': 1.1235581421852112, 'invariant_loss': 0.023209059573709966, 'sigreg_loss': 45.545, 'triplet_loss': 0.8110768377780915, 'triplet_pos_distance': 0.004005397101864218, 'triplet_neg_distance': 0.3016115456819534, 'classification_loss': 1.0853826093673706}
Updated run summary at plots/run-lejepa-semi-sup-triplet-jetclass-ddp/summary.json

Epoch [3/80]
