## SLURM PROLOG ###############################################################
##    Job ID : 4034600
##  Job Name : AK8-SS-m0.2-ttbar
##  Nodelist : gpu3003
##      CPUs : 1
##  Mem/Node : 128000 MB
## Directory : /oscar/home/hgao50/jetAnomalyDetection
##   Job Started : Thu Jul 16 03:10:43 PM EDT 2026
###############################################################################

==========================================
Job started at: Thu Jul 16 03:10:43 PM EDT 2026
Job ID: 4034600
Node: gpu3003
MARGIN=0.2  SIGNAL=ttbar
==========================================

GPU Information (from host):
Thu Jul 16 15:10:43 2026       
+-----------------------------------------------------------------------------------------+
| NVIDIA-SMI 575.57.08              Driver Version: 575.57.08      CUDA Version: 12.9     |
|-----------------------------------------+------------------------+----------------------+
| GPU  Name                 Persistence-M | Bus-Id          Disp.A | Volatile Uncorr. ECC |
| Fan  Temp   Perf          Pwr:Usage/Cap |           Memory-Usage | GPU-Util  Compute M. |
|                                         |                        |               MIG M. |
|=========================================+========================+======================|
|   0  NVIDIA L40S                    On  |   00000000:C1:00.0 Off |                    0 |
| N/A   42C    P8             35W /  350W |      91MiB /  46068MiB |      0%      Default |
|                                         |                        |                  N/A |
+-----------------------------------------+------------------------+----------------------+
                                                                                         
+-----------------------------------------------------------------------------------------+
| Processes:                                                                              |
|  GPU   GI   CI              PID   Type   Process name                        GPU Memory |
|        ID   ID                                                               Usage      |
|=========================================================================================|
|    0   N/A  N/A          179375      G   /usr/libexec/Xorg                        78MiB |
+-----------------------------------------------------------------------------------------+

