## SLURM PROLOG ###############################################################
##    Job ID : 3219412
##  Job Name : jet-ae
##  Nodelist : gpu2105
##      CPUs : 1
##  Mem/Node : 65536 MB
## Directory : /oscar/home/hgao50/jetAnomalyDetection
##   Job Started : Sun Jun 14 01:14:29 PM EDT 2026
###############################################################################
Job ID: 3219412
Host: gpu2105.oscar.ccv.brown.edu
Project: /oscar/home/hgao50/jetAnomalyDetection
Background: /users/hgao50/scratch/jet-anomaly-work/datasets/pt200to400-v1/processed/PT-200to400/scaledby_QCD/QCD_scaled.pkl
Signal: /users/hgao50/scratch/jet-anomaly-work/datasets/pt200to400-v1/processed/PT-200to400/scaledby_QCD/WJet_scaled.pkl
Output: /users/hgao50/scratch/jet-anomaly-runs/gae-pt200to400-v1
Sun Jun 14 13:14:30 2026       
+-----------------------------------------------------------------------------------------+
| NVIDIA-SMI 575.57.08              Driver Version: 575.57.08      CUDA Version: 12.9     |
|-----------------------------------------+------------------------+----------------------+
| GPU  Name                 Persistence-M | Bus-Id          Disp.A | Volatile Uncorr. ECC |
| Fan  Temp   Perf          Pwr:Usage/Cap |           Memory-Usage | GPU-Util  Compute M. |
|                                         |                        |               MIG M. |
|=========================================+========================+======================|
|   0  NVIDIA GeForce RTX 3090        On  |   00000000:41:00.0 Off |                  N/A |
| 30%   43C    P5            133W /  350W |      17MiB /  24576MiB |      0%      Default |
|                                         |                        |                  N/A |
+-----------------------------------------+------------------------+----------------------+
                                                                                         
+-----------------------------------------------------------------------------------------+
| Processes:                                                                              |
|  GPU   GI   CI              PID   Type   Process name                        GPU Memory |
|        ID   ID                                                               Usage      |
|=========================================================================================|
|    0   N/A  N/A          160710      G   /usr/libexec/Xorg                         5MiB |
+-----------------------------------------------------------------------------------------+
PyTorch: 2.2.1+cu118
CUDA available: True
GPU: NVIDIA GeForce RTX 3090
INFO:root:Using device='cuda'
INFO:root:Using device='cuda'
['pt', 'eta', 'phi', 'fj_phi', 'fj_eta', 'fj_pt', 'fj_mass', 'fj_msoftdrop', 'fj_particleNetWithMass_QCD', 'fj_particleNet_XbbVsQCD', 'fj_particleNet_XccVsQCD', 'fj_particleNet_XqqVsQCD', 'fj_particleNet_QCD', 'fj_particleNet_massCorr', 'trkHighPurity', 'charge', 'lostInnerHits', 'lostOuterHits', 'numberOfHits', 'numberOfPixelHits', 'pdgId', 'pvAssocQuality', 'trkAlgo', 'trkQuality', 'd0', 'd0Err', 'dz', 'dzErr', 'mass', 'puppiWeight', 'puppiWeightNoLep', 'trkChi2', 'trkEta', 'trkP', 'trkPhi', 'trkPt', 'vtxChi2', 'dz/dzErr', 'd0/d0Err', 'dR', 'within_bounds', 'log_pt', 'pdgId_-211', 'pdgId_-13', 'pdgId_-11', 'pdgId_11', 'pdgId_13', 'pdgId_22', 'pdgId_130', 'pdgId_211']
INFO:root:Number of training events after slicing: 93502
INFO:root:Number of test events after removing leptonic jet: 4258
INFO:root:
Sample background pt values:
0    [0.046527777, 0.060648147, 0.028510803, 0.1177...
1    [0.03296095, 0.029522276, 0.13902308, 0.010005...
2    [0.00865087, 0.012511055, 0.032816187, 0.48820...
3    [0.17660692, 0.094483934, 0.1803152, 0.1847960...
4    [0.011034922, 0.08265887, 0.068270385, 0.02551...
INFO:root:Sample signal pt values:
0    [0.035092458, 0.15621997, 0.045148894, 0.10536...
1    [0.0032114342, 0.0022360655, 0.087713934, 0.53...
2    [0.034397893, 0.43650794, 0.05532662, 0.149191...
3    [0.0017178243, 0.08002798, 0.13940091, 0.01213...
4    [0.17883435, 0.3346626, 0.03598543, 0.16411042...
INFO:root:Skipping event 24815 due to error: Graph construction failed: Too few valid particles to build a graph.
INFO:root:Skipping event 36566 due to error: Graph construction failed: Too few valid particles to build a graph.
INFO:root:Skipping event 40203 due to error: Graph construction failed: Too few valid particles to build a graph.
INFO:root:Skipping event 46879 due to error: Graph construction failed: Too few valid particles to build a graph.
INFO:root:Skipping event 48319 due to error: Graph construction failed: Too few valid particles to build a graph.
INFO:root:Skipping event 50586 due to error: Graph construction failed: Too few valid particles to build a graph.
INFO:root:Skipping event 54419 due to error: Graph construction failed: Too few valid particles to build a graph.
INFO:root:Skipping event 54695 due to error: Graph construction failed: Too few valid particles to build a graph.
INFO:root:Skipping event 56263 due to error: Graph construction failed: Too few valid particles to build a graph.
INFO:root:Skipping event 58812 due to error: Graph construction failed: Too few valid particles to build a graph.
INFO:root:Skipping event 66614 due to error: Graph construction failed: Too few valid particles to build a graph.
INFO:root:Skipping event 70161 due to error: Graph construction failed: Too few valid particles to build a graph.
INFO:root:Skipping event 70963 due to error: Graph construction failed: Too few valid particles to build a graph.
INFO:root:Skipping event 71640 due to error: Graph construction failed: Too few valid particles to build a graph.
INFO:root:Skipping event 72264 due to error: Graph construction failed: Too few valid particles to build a graph.
INFO:root:Skipping event 74257 due to error: Graph construction failed: Too few valid particles to build a graph.
INFO:root:Skipping event 84734 due to error: Graph construction failed: Too few valid particles to build a graph.
INFO:root:Skipping event 88589 due to error: Graph construction failed: Too few valid particles to build a graph.
INFO:root:Skipping event 89262 due to error: Graph construction failed: Too few valid particles to build a graph.
INFO:root:Skipping event 89808 due to error: Graph construction failed: Too few valid particles to build a graph.
INFO:root:Skipping event 91827 due to error: Graph construction failed: Too few valid particles to build a graph.
INFO:root:Number of background graphs: 93481
INFO:root:Number of signal graphs: 4258
INFO:root:Feature Means: tensor([ 0.0365, -0.0002, -0.0001,  0.0001, -0.0020])
INFO:root:Feature Stds: tensor([0.0607, 0.1675, 0.1709, 1.3756, 1.1225])
INFO:root:Number of features: 5
INFO:root:
Epoch [1/20]
INFO:root:Learning Rate: 0.000010
INFO:root:train loss: 0.6361967033050935
INFO:root:test loss: 0.6245179844366351
INFO:root:signal loss: 0.5779260780658798
INFO:root: (took 45.3637 s)
INFO:root:
Epoch [2/20]
INFO:root:Learning Rate: 0.000010
INFO:root:train loss: 0.5622018110915267
INFO:root:test loss: 0.5143507761803449
INFO:root:signal loss: 0.4727342881366415
INFO:root: (took 45.4803 s)
INFO:root:
Epoch [3/20]
INFO:root:Learning Rate: 0.000010
INFO:root:train loss: 0.45459309449758767
INFO:root:test loss: 0.4199119052997799
INFO:root:signal loss: 0.38797451040067543
INFO:root: (took 45.5457 s)
INFO:root:
Epoch [4/20]
INFO:root:Learning Rate: 0.000010
INFO:root:train loss: 0.3713561911884794
INFO:root:test loss: 0.33140674719136975
INFO:root:signal loss: 0.3062808172507828
INFO:root: (took 45.6323 s)
INFO:root:
Epoch [5/20]
INFO:root:Learning Rate: 0.000010
INFO:root:train loss: 0.27622927674327374
INFO:root:test loss: 0.23529055668770846
INFO:root:signal loss: 0.21657694608652014
INFO:root: (took 45.8104 s)
INFO:root:
Epoch [6/20]
INFO:root:Learning Rate: 0.000010
INFO:root:train loss: 0.199376737426447
INFO:root:test loss: 0.1750877981807925
INFO:root:signal loss: 0.16354855918926972
INFO:root: (took 45.7976 s)
INFO:root:
Epoch [7/20]
INFO:root:Learning Rate: 0.000010
INFO:root:train loss: 0.1521815265010217
INFO:root:test loss: 0.13672131477515084
INFO:root:signal loss: 0.13074010391857435
INFO:root: (took 45.6826 s)
INFO:root:
Epoch [8/20]
INFO:root:Learning Rate: 0.000010
INFO:root:train loss: 0.12060169952740722
INFO:root:test loss: 0.10936738921433684
INFO:root:signal loss: 0.10754378818582697
INFO:root: (took 45.7083 s)
INFO:root:
Epoch [9/20]
INFO:root:Learning Rate: 0.000010
INFO:root:train loss: 0.09586303546017719
INFO:root:test loss: 0.08583216216296018
INFO:root:signal loss: 0.08704469865844172
INFO:root: (took 45.7197 s)
INFO:root:
Epoch [10/20]
INFO:root:Learning Rate: 0.000010
INFO:root:train loss: 0.07385042195676024
INFO:root:test loss: 0.06466228493284153
INFO:root:signal loss: 0.06786407156663253
INFO:root: (took 45.6492 s)
INFO:root:
Epoch [11/20]
INFO:root:Learning Rate: 0.000010
INFO:root:train loss: 0.055076509306224826
INFO:root:test loss: 0.04765776624216085
INFO:root:signal loss: 0.05216957359653913
INFO:root: (took 45.6103 s)
INFO:root:
Epoch [12/20]
INFO:root:Learning Rate: 0.000010
INFO:root:train loss: 0.04139705521904627
INFO:root:test loss: 0.03628711724752865
INFO:root:signal loss: 0.04153223946362912
INFO:root: (took 45.5894 s)
INFO:root:
Epoch [13/20]
INFO:root:Learning Rate: 0.000010
INFO:root:train loss: 0.032418074615306075
INFO:root:test loss: 0.028769476477298026
INFO:root:signal loss: 0.03446015499566343
INFO:root: (took 45.5022 s)
INFO:root:
Epoch [14/20]
INFO:root:Learning Rate: 0.000010
INFO:root:train loss: 0.02635281461779382
INFO:root:test loss: 0.023645606106629843
INFO:root:signal loss: 0.02955722144384728
INFO:root: (took 45.5259 s)
INFO:root:
Epoch [15/20]
INFO:root:Learning Rate: 0.000010
INFO:root:train loss: 0.022194811691895727
INFO:root:test loss: 0.020146031942415397
INFO:root:signal loss: 0.026159894894134863
INFO:root: (took 45.4873 s)
INFO:root:
Epoch [16/20]
INFO:root:Learning Rate: 0.000010
INFO:root:train loss: 0.01938797327489859
INFO:root:test loss: 0.017807473874695078
INFO:root:signal loss: 0.02387749725270766
INFO:root: (took 45.4566 s)
INFO:root:
Epoch [17/20]
INFO:root:Learning Rate: 0.000010
INFO:root:train loss: 0.01750126110200218
INFO:root:test loss: 0.016240422699320318
INFO:root:signal loss: 0.022349040841186368
INFO:root: (took 45.5329 s)
INFO:root:
Epoch [18/20]
INFO:root:Learning Rate: 0.000010
INFO:root:train loss: 0.016222126752463185
INFO:root:test loss: 0.015174897877206968
INFO:root:signal loss: 0.02130542422665354
INFO:root: (took 45.6317 s)
INFO:root:
Epoch [19/20]
INFO:root:Learning Rate: 0.000010
INFO:root:train loss: 0.015346967229592536
INFO:root:test loss: 0.014423162186013822
INFO:root:signal loss: 0.020560979780311465
INFO:root: (took 45.6419 s)
INFO:root:
Epoch [20/20]
INFO:root:Learning Rate: 0.000010
INFO:root:train loss: 0.01472717508517518
INFO:root:test loss: 0.01388472864669342
INFO:root:signal loss: 0.02002327220059254
INFO:root: (took 45.5887 s)
INFO:root:AUC: 0.655
INFO:root:Saved run summary to /users/hgao50/scratch/jet-anomaly-runs/gae-pt200to400-v1/summary.json
