## SLURM PROLOG ###############################################################
##    Job ID : 3333378
##  Job Name : jet-ae
##  Nodelist : gpu3004
##      CPUs : 1
##  Mem/Node : 65536 MB
## Directory : /oscar/home/hgao50/jetAnomalyDetection
##   Job Started : Thu Jun 18 05:42:21 PM EDT 2026
###############################################################################
Job ID: 3333378
Host: gpu3004.oscar.ccv.brown.edu
Project: /oscar/home/hgao50/jetAnomalyDetection
Background: /users/hgao50/scratch/jet-anomaly-work/datasets/pt200to400-v1/processed/PT-200to400/scaledby_QCD/QCD_scaled.pkl
Signal: /users/hgao50/scratch/jet-anomaly-work/datasets/pt200to400-v1/processed/PT-200to400/scaledby_QCD/WJet_scaled.pkl
Output: /users/hgao50/scratch/jet-anomaly-runs/gae-pt200to400-v4
Thu Jun 18 17:42:22 2026       
+-----------------------------------------------------------------------------------------+
| NVIDIA-SMI 575.57.08              Driver Version: 575.57.08      CUDA Version: 12.9     |
|-----------------------------------------+------------------------+----------------------+
| GPU  Name                 Persistence-M | Bus-Id          Disp.A | Volatile Uncorr. ECC |
| Fan  Temp   Perf          Pwr:Usage/Cap |           Memory-Usage | GPU-Util  Compute M. |
|                                         |                        |               MIG M. |
|=========================================+========================+======================|
|   0  NVIDIA L40S                    On  |   00000000:C1:00.0 Off |                    0 |
| N/A   27C    P8             31W /  350W |      74MiB /  46068MiB |      0%      Default |
|                                         |                        |                  N/A |
+-----------------------------------------+------------------------+----------------------+
                                                                                         
+-----------------------------------------------------------------------------------------+
| Processes:                                                                              |
|  GPU   GI   CI              PID   Type   Process name                        GPU Memory |
|        ID   ID                                                               Usage      |
|=========================================================================================|
|    0   N/A  N/A          184125      G   /usr/libexec/Xorg                        64MiB |
+-----------------------------------------------------------------------------------------+
PyTorch: 2.2.1+cu118
CUDA available: True
GPU: NVIDIA L40S
INFO:root:Using device='cuda'
INFO:root:Using device='cuda'
