## SLURM PROLOG ###############################################################
##    Job ID : 3215699
##  Job Name : jet-data
##  Nodelist : node2304
##      CPUs : 1
##  Mem/Node : 98304 MB
## Directory : /oscar/home/hgao50/jetAnomalyDetection
##   Job Started : Sun Jun 14 08:06:44 AM EDT 2026
###############################################################################
Job ID: 3215699
Host: node2304.oscar.ccv.brown.edu
Project: /oscar/home/hgao50/jetAnomalyDetection
Output root: /users/hgao50/scratch/jet-anomaly-work/datasets/pt200to400-smoke
Workers: 4
Maximum events per ROOT file: 2000
QCD source 1: /users/hgao50/scratch/jet-anomaly-work/raw/QCD_PT-170to300_TuneCP5_13p6TeV_pythia8_1.root
QCD source 2: /users/hgao50/scratch/jet-anomaly-work/raw/QCD_PT-300to470_TuneCP5_13p6TeV_pythia8_1.root
WJet source: /users/hgao50/scratch/jet-anomaly-work/raw/WWto4Q_TuneCP5_13p6TeV_powheg-pythia8_1.root
Preprocessing marker found; reusing existing intermediate pickle files.
INFO:root:Will measure perf.
INFO:root:Concatenating QCD: (took 0.2996 s)
INFO:root:Combined QCD data length: 2642
INFO:root:Entered modify_df! len(df)=2642. Now calculating dz/dzErr...
INFO:root:Found dz/dzErr  (took 0.2776 s)
INFO:root:Found d0/d0Err  (took 0.2834 s)
INFO:root:Found dR  (took 0.0545 s)
INFO:root:Found within_bounds  (took 0.129 s), extracting jet-level metadata...
INFO:root:Found log_pt  (took 0.0371 s), calculating one-hot lists...
Columns before one-hot encoding: ['pt', 'eta', 'phi', 'fj_phi', 'fj_eta', 'fj_pt', 'fj_mass', 'fj_msoftdrop', 'fj_particleNetWithMass_QCD', 'fj_particleNet_XbbVsQCD', 'fj_particleNet_XccVsQCD', 'fj_particleNet_XqqVsQCD', 'fj_particleNet_QCD', 'fj_particleNet_massCorr', 'trkHighPurity', 'charge', 'lostInnerHits', 'lostOuterHits', 'numberOfHits', 'numberOfPixelHits', 'pdgId', 'pvAssocQuality', 'trkAlgo', 'trkQuality', 'd0', 'd0Err', 'dz', 'dzErr', 'mass', 'puppiWeight', 'puppiWeightNoLep', 'trkChi2', 'trkEta', 'trkP', 'trkPhi', 'trkPt', 'vtxChi2', 'dz/dzErr', 'd0/d0Err', 'dR', 'within_bounds', 'log_pt']
INFO:root:Found one-hot lists  (took 10.9264 s), now filtering out-of-bounds particles...
Columns after one-hot encoding: ['pt', 'eta', 'phi', 'fj_phi', 'fj_eta', 'fj_pt', 'fj_mass', 'fj_msoftdrop', 'fj_particleNetWithMass_QCD', 'fj_particleNet_XbbVsQCD', 'fj_particleNet_XccVsQCD', 'fj_particleNet_XqqVsQCD', 'fj_particleNet_QCD', 'fj_particleNet_massCorr', 'trkHighPurity', 'charge', 'lostInnerHits', 'lostOuterHits', 'numberOfHits', 'numberOfPixelHits', 'pdgId', 'pvAssocQuality', 'trkAlgo', 'trkQuality', 'd0', 'd0Err', 'dz', 'dzErr', 'mass', 'puppiWeight', 'puppiWeightNoLep', 'trkChi2', 'trkEta', 'trkP', 'trkPhi', 'trkPt', 'vtxChi2', 'dz/dzErr', 'd0/d0Err', 'dR', 'within_bounds', 'log_pt', 'pdgId_-211', 'pdgId_-13', 'pdgId_-11', 'pdgId_11', 'pdgId_13', 'pdgId_22', 'pdgId_130', 'pdgId_211']
INFO:root:Done!  (took 3.3489 s)
INFO:root:Concatenating WJet: (took 0.0124 s)
INFO:root:Combined WJet data length: 81
INFO:root:Entered modify_df! len(df)=81. Now calculating dz/dzErr...
INFO:root:Found dz/dzErr  (took 0.0104 s)
INFO:root:Found d0/d0Err  (took 0.0101 s)
INFO:root:Found dR  (took 0.0025 s)
INFO:root:Found within_bounds  (took 0.0052 s), extracting jet-level metadata...
INFO:root:Found log_pt  (took 0.002 s), calculating one-hot lists...
Columns before one-hot encoding: ['pt', 'eta', 'phi', 'fj_phi', 'fj_eta', 'fj_pt', 'fj_mass', 'fj_msoftdrop', 'fj_particleNetWithMass_QCD', 'fj_particleNet_XbbVsQCD', 'fj_particleNet_XccVsQCD', 'fj_particleNet_XqqVsQCD', 'fj_particleNet_QCD', 'fj_particleNet_massCorr', 'trkHighPurity', 'charge', 'lostInnerHits', 'lostOuterHits', 'numberOfHits', 'numberOfPixelHits', 'pdgId', 'pvAssocQuality', 'trkAlgo', 'trkQuality', 'd0', 'd0Err', 'dz', 'dzErr', 'mass', 'puppiWeight', 'puppiWeightNoLep', 'trkChi2', 'trkEta', 'trkP', 'trkPhi', 'trkPt', 'vtxChi2', 'dz/dzErr', 'd0/d0Err', 'dR', 'within_bounds', 'log_pt']
INFO:root:Found one-hot lists  (took 0.3285 s), now filtering out-of-bounds particles...
Columns after one-hot encoding: ['pt', 'eta', 'phi', 'fj_phi', 'fj_eta', 'fj_pt', 'fj_mass', 'fj_msoftdrop', 'fj_particleNetWithMass_QCD', 'fj_particleNet_XbbVsQCD', 'fj_particleNet_XccVsQCD', 'fj_particleNet_XqqVsQCD', 'fj_particleNet_QCD', 'fj_particleNet_massCorr', 'trkHighPurity', 'charge', 'lostInnerHits', 'lostOuterHits', 'numberOfHits', 'numberOfPixelHits', 'pdgId', 'pvAssocQuality', 'trkAlgo', 'trkQuality', 'd0', 'd0Err', 'dz', 'dzErr', 'mass', 'puppiWeight', 'puppiWeightNoLep', 'trkChi2', 'trkEta', 'trkP', 'trkPhi', 'trkPt', 'vtxChi2', 'dz/dzErr', 'd0/d0Err', 'dR', 'within_bounds', 'log_pt', 'pdgId_-211', 'pdgId_-13', 'pdgId_-11', 'pdgId_11', 'pdgId_13', 'pdgId_22', 'pdgId_130', 'pdgId_211']
INFO:root:Done!  (took 0.1008 s)
INFO:root:Now, scaling data with QCD as the base!
INFO:root:Features selected for scaling or passthrough:
['lostOuterHits', 'numberOfHits', 'numberOfPixelHits', 'pdgId', 'pvAssocQuality', 'trkAlgo', 'trkQuality', 'd0', 'd0Err', 'dz', 'dzErr', 'mass', 'puppiWeight', 'puppiWeightNoLep', 'trkChi2', 'trkEta', 'trkP', 'trkPhi', 'trkPt', 'vtxChi2', 'dz/dzErr', 'd0/d0Err', 'dR', 'within_bounds', 'log_pt', 'pdgId_-211', 'pdgId_-13', 'pdgId_-11', 'pdgId_11', 'pdgId_13', 'pdgId_22', 'pdgId_130', 'pdgId_211', 'fj_msoftdrop', 'fj_particleNetWithMass_QCD', 'fj_particleNet_XbbVsQCD', 'fj_particleNet_XccVsQCD', 'fj_particleNet_XqqVsQCD']
INFO:root:In find_scalers, col='lostOuterHits'
