## SLURM PROLOG ###############################################################
##    Job ID : 3215979
##  Job Name : jet-data
##  Nodelist : node2351
##      CPUs : 1
##  Mem/Node : 98304 MB
## Directory : /oscar/home/hgao50/jetAnomalyDetection
##   Job Started : Sun Jun 14 08:36:40 AM EDT 2026
###############################################################################
Job ID: 3215979
Host: node2351.oscar.ccv.brown.edu
Project: /oscar/home/hgao50/jetAnomalyDetection
Output root: /users/hgao50/scratch/jet-anomaly-work/datasets/pt200to400-v1
Workers: 4
Maximum events per ROOT file: all
QCD source 1: /users/hgao50/scratch/jet-anomaly-work/raw/QCD_PT-170to300_TuneCP5_13p6TeV_pythia8_1.root
QCD source 2: /users/hgao50/scratch/jet-anomaly-work/raw/QCD_PT-300to470_TuneCP5_13p6TeV_pythia8_1.root
WJet source: /users/hgao50/scratch/jet-anomaly-work/raw/WWto4Q_TuneCP5_13p6TeV_powheg-pythia8_1.root
Ignoring stale preprocessing marker because intermediate pickle files are missing.
INFO:root:Set up logger!
INFO:root:Will measure perf.
INFO:root:Loaded 1 file(s)!
INFO:root:Now preprocessing /users/hgao50/scratch/jet-anomaly-work/raw/QCD_PT-170to300_TuneCP5_13p6TeV_pythia8_1.root
INFO:root:self.savepath='/users/hgao50/scratch/jet-anomaly-work/datasets/pt200to400-v1/preprocessed/qcd'
INFO:root:74793 events in total, splitting into 4 chunks.
INFO:root:Initialised pool <multiprocessing.pool.Pool state=RUN pool_size=4> with 4 workers.
INFO:root:#0 (3354482): Received range 0 to 18698 (18698 events).
INFO:root:#1 (3354483): Received range 18698 to 37396 (18698 events).
INFO:root:#2 (3354484): Received range 37396 to 56094 (18698 events).
INFO:root:#3 (3354485): Received range 56094 to 74793 (18699 events).
INFO:root:#0 (3354482):  Preprocessed last few events, from 0 to 18698!
INFO:root:#1 (3354483):  Preprocessed last few events, from 18698 to 37396!
INFO:root:#2 (3354484):  Preprocessed last few events, from 37396 to 56094!
INFO:root:#3 (3354485):  Preprocessed last few events, from 56094 to 74793!
INFO:root:All done! Converting len(results)=4 dicts to dataframes and concatenating...
INFO:root:Concatenated len(results)=4 fatjets! Saving...
INFO:root:Saved chunk 0 to /users/hgao50/scratch/jet-anomaly-work/datasets/pt200to400-v1/preprocessed/qcd/QCD_PT-170to300_TuneCP5_13p6TeV_pythia8_1_chunk0_Pt200.0-400.0_3354472_165-0924-50.pkl.
INFO:root:Saved chunk 1 to /users/hgao50/scratch/jet-anomaly-work/datasets/pt200to400-v1/preprocessed/qcd/QCD_PT-170to300_TuneCP5_13p6TeV_pythia8_1_chunk1_Pt200.0-400.0_3354472_165-0924-52.pkl.
INFO:root:Saved chunk 2 to /users/hgao50/scratch/jet-anomaly-work/datasets/pt200to400-v1/preprocessed/qcd/QCD_PT-170to300_TuneCP5_13p6TeV_pythia8_1_chunk2_Pt200.0-400.0_3354472_165-0924-54.pkl.
INFO:root:Saved chunk 3 to /users/hgao50/scratch/jet-anomaly-work/datasets/pt200to400-v1/preprocessed/qcd/QCD_PT-170to300_TuneCP5_13p6TeV_pythia8_1_chunk3_Pt200.0-400.0_3354472_165-0924-55.pkl.
INFO:root:Set up logger!
INFO:root:Will measure perf.
INFO:root:Loaded 1 file(s)!
INFO:root:Now preprocessing /users/hgao50/scratch/jet-anomaly-work/raw/QCD_PT-300to470_TuneCP5_13p6TeV_pythia8_1.root
INFO:root:self.savepath='/users/hgao50/scratch/jet-anomaly-work/datasets/pt200to400-v1/preprocessed/qcd'
INFO:root:68900 events in total, splitting into 4 chunks.
INFO:root:Initialised pool <multiprocessing.pool.Pool state=RUN pool_size=4> with 4 workers.
INFO:root:#0 (3362026): Received range 51675 to 68900 (17225 events).
INFO:root:#1 (3362023): Received range 0 to 17225 (17225 events).
INFO:root:#2 (3362024): Received range 17225 to 34450 (17225 events).
INFO:root:#3 (3362025): Received range 34450 to 51675 (17225 events).
INFO:root:#1 (3362023):  Preprocessed last few events, from 0 to 17225!
INFO:root:#2 (3362024):  Preprocessed last few events, from 17225 to 34450!
INFO:root:#3 (3362025):  Preprocessed last few events, from 34450 to 51675!
INFO:root:#0 (3362026):  Preprocessed last few events, from 51675 to 68900!
INFO:root:All done! Converting len(results)=4 dicts to dataframes and concatenating...
INFO:root:Concatenated len(results)=4 fatjets! Saving...
INFO:root:Saved chunk 0 to /users/hgao50/scratch/jet-anomaly-work/datasets/pt200to400-v1/preprocessed/qcd/QCD_PT-300to470_TuneCP5_13p6TeV_pythia8_1_chunk0_Pt200.0-400.0_3362007_165-1011-37.pkl.
INFO:root:Saved chunk 1 to /users/hgao50/scratch/jet-anomaly-work/datasets/pt200to400-v1/preprocessed/qcd/QCD_PT-300to470_TuneCP5_13p6TeV_pythia8_1_chunk1_Pt200.0-400.0_3362007_165-1011-39.pkl.
INFO:root:Saved chunk 2 to /users/hgao50/scratch/jet-anomaly-work/datasets/pt200to400-v1/preprocessed/qcd/QCD_PT-300to470_TuneCP5_13p6TeV_pythia8_1_chunk2_Pt200.0-400.0_3362007_165-1011-41.pkl.
INFO:root:Saved chunk 3 to /users/hgao50/scratch/jet-anomaly-work/datasets/pt200to400-v1/preprocessed/qcd/QCD_PT-300to470_TuneCP5_13p6TeV_pythia8_1_chunk3_Pt200.0-400.0_3362007_165-1011-43.pkl.
INFO:root:Set up logger!
INFO:root:Will measure perf.
INFO:root:Loaded 1 file(s)!
INFO:root:Now preprocessing /users/hgao50/scratch/jet-anomaly-work/raw/WWto4Q_TuneCP5_13p6TeV_powheg-pythia8_1.root
INFO:root:self.savepath='/users/hgao50/scratch/jet-anomaly-work/datasets/pt200to400-v1/preprocessed/wjet'
INFO:root:120927 events in total, splitting into 4 chunks.
INFO:root:Initialised pool <multiprocessing.pool.Pool state=RUN pool_size=4> with 4 workers.
INFO:root:#0 (3371299): Received range 90695 to 120927 (30232 events).
INFO:root:#1 (3371298): Received range 60463 to 90695 (30232 events).
INFO:root:#2 (3371297): Received range 30231 to 60463 (30232 events).
INFO:root:#3 (3371296): Received range 0 to 30231 (30231 events).
INFO:root:#3 (3371296):  Preprocessed last few events, from 0 to 30231!
INFO:root:#1 (3371298):  Preprocessed last few events, from 60463 to 90695!
INFO:root:#2 (3371297):  Preprocessed last few events, from 30231 to 60463!
INFO:root:#0 (3371299):  Preprocessed last few events, from 90695 to 120927!
INFO:root:All done! Converting len(results)=4 dicts to dataframes and concatenating...
INFO:root:Concatenated len(results)=4 fatjets! Saving...
INFO:root:Saved chunk 0 to /users/hgao50/scratch/jet-anomaly-work/datasets/pt200to400-v1/preprocessed/wjet/WWto4Q_TuneCP5_13p6TeV_powheg-pythia8_1_chunk0_Pt200.0-400.0_3371276_165-1122-38.pkl.
INFO:root:Saved chunk 1 to /users/hgao50/scratch/jet-anomaly-work/datasets/pt200to400-v1/preprocessed/wjet/WWto4Q_TuneCP5_13p6TeV_powheg-pythia8_1_chunk1_Pt200.0-400.0_3371276_165-1122-39.pkl.
INFO:root:Saved chunk 2 to /users/hgao50/scratch/jet-anomaly-work/datasets/pt200to400-v1/preprocessed/wjet/WWto4Q_TuneCP5_13p6TeV_powheg-pythia8_1_chunk2_Pt200.0-400.0_3371276_165-1122-39.pkl.
INFO:root:Saved chunk 3 to /users/hgao50/scratch/jet-anomaly-work/datasets/pt200to400-v1/preprocessed/wjet/WWto4Q_TuneCP5_13p6TeV_powheg-pythia8_1_chunk3_Pt200.0-400.0_3371276_165-1122-39.pkl.
INFO:root:Will measure perf.
INFO:root:Concatenating QCD: (took 11.1631 s)
INFO:root:Combined QCD data length: 93502
INFO:root:Entered modify_df! len(df)=93502. Now calculating dz/dzErr...
INFO:root:Found dz/dzErr  (took 10.1742 s)
INFO:root:Found d0/d0Err  (took 10.2466 s)
INFO:root:Found dR  (took 1.961 s)
INFO:root:Found within_bounds  (took 4.6427 s), extracting jet-level metadata...
INFO:root:Found log_pt  (took 1.4209 s), calculating one-hot lists...
Columns before one-hot encoding: ['pt', 'eta', 'phi', 'fj_phi', 'fj_eta', 'fj_pt', 'fj_mass', 'fj_msoftdrop', 'fj_particleNetWithMass_QCD', 'fj_particleNet_XbbVsQCD', 'fj_particleNet_XccVsQCD', 'fj_particleNet_XqqVsQCD', 'fj_particleNet_QCD', 'fj_particleNet_massCorr', 'trkHighPurity', 'charge', 'lostInnerHits', 'lostOuterHits', 'numberOfHits', 'numberOfPixelHits', 'pdgId', 'pvAssocQuality', 'trkAlgo', 'trkQuality', 'd0', 'd0Err', 'dz', 'dzErr', 'mass', 'puppiWeight', 'puppiWeightNoLep', 'trkChi2', 'trkEta', 'trkP', 'trkPhi', 'trkPt', 'vtxChi2', 'dz/dzErr', 'd0/d0Err', 'dR', 'within_bounds', 'log_pt']
INFO:root:Found one-hot lists  (took 391.3075 s), now filtering out-of-bounds particles...
Columns after one-hot encoding: ['pt', 'eta', 'phi', 'fj_phi', 'fj_eta', 'fj_pt', 'fj_mass', 'fj_msoftdrop', 'fj_particleNetWithMass_QCD', 'fj_particleNet_XbbVsQCD', 'fj_particleNet_XccVsQCD', 'fj_particleNet_XqqVsQCD', 'fj_particleNet_QCD', 'fj_particleNet_massCorr', 'trkHighPurity', 'charge', 'lostInnerHits', 'lostOuterHits', 'numberOfHits', 'numberOfPixelHits', 'pdgId', 'pvAssocQuality', 'trkAlgo', 'trkQuality', 'd0', 'd0Err', 'dz', 'dzErr', 'mass', 'puppiWeight', 'puppiWeightNoLep', 'trkChi2', 'trkEta', 'trkP', 'trkPhi', 'trkPt', 'vtxChi2', 'dz/dzErr', 'd0/d0Err', 'dR', 'within_bounds', 'log_pt', 'pdgId_-211', 'pdgId_-13', 'pdgId_-11', 'pdgId_11', 'pdgId_13', 'pdgId_22', 'pdgId_130', 'pdgId_211']
INFO:root:Done!  (took 119.6289 s)
INFO:root:Concatenating WJet: (took 0.2939 s)
INFO:root:Combined WJet data length: 4258
INFO:root:Entered modify_df! len(df)=4258. Now calculating dz/dzErr...
INFO:root:Found dz/dzErr  (took 0.4612 s)
INFO:root:Found d0/d0Err  (took 0.4621 s)
INFO:root:Found dR  (took 0.0927 s)
INFO:root:Found within_bounds  (took 0.215 s), extracting jet-level metadata...
INFO:root:Found log_pt  (took 0.0635 s), calculating one-hot lists...
Columns before one-hot encoding: ['pt', 'eta', 'phi', 'fj_phi', 'fj_eta', 'fj_pt', 'fj_mass', 'fj_msoftdrop', 'fj_particleNetWithMass_QCD', 'fj_particleNet_XbbVsQCD', 'fj_particleNet_XccVsQCD', 'fj_particleNet_XqqVsQCD', 'fj_particleNet_QCD', 'fj_particleNet_massCorr', 'trkHighPurity', 'charge', 'lostInnerHits', 'lostOuterHits', 'numberOfHits', 'numberOfPixelHits', 'pdgId', 'pvAssocQuality', 'trkAlgo', 'trkQuality', 'd0', 'd0Err', 'dz', 'dzErr', 'mass', 'puppiWeight', 'puppiWeightNoLep', 'trkChi2', 'trkEta', 'trkP', 'trkPhi', 'trkPt', 'vtxChi2', 'dz/dzErr', 'd0/d0Err', 'dR', 'within_bounds', 'log_pt']
INFO:root:Found one-hot lists  (took 17.7768 s), now filtering out-of-bounds particles...
Columns after one-hot encoding: ['pt', 'eta', 'phi', 'fj_phi', 'fj_eta', 'fj_pt', 'fj_mass', 'fj_msoftdrop', 'fj_particleNetWithMass_QCD', 'fj_particleNet_XbbVsQCD', 'fj_particleNet_XccVsQCD', 'fj_particleNet_XqqVsQCD', 'fj_particleNet_QCD', 'fj_particleNet_massCorr', 'trkHighPurity', 'charge', 'lostInnerHits', 'lostOuterHits', 'numberOfHits', 'numberOfPixelHits', 'pdgId', 'pvAssocQuality', 'trkAlgo', 'trkQuality', 'd0', 'd0Err', 'dz', 'dzErr', 'mass', 'puppiWeight', 'puppiWeightNoLep', 'trkChi2', 'trkEta', 'trkP', 'trkPhi', 'trkPt', 'vtxChi2', 'dz/dzErr', 'd0/d0Err', 'dR', 'within_bounds', 'log_pt', 'pdgId_-211', 'pdgId_-13', 'pdgId_-11', 'pdgId_11', 'pdgId_13', 'pdgId_22', 'pdgId_130', 'pdgId_211']
INFO:root:Done!  (took 5.3554 s)
INFO:root:Now, scaling data with QCD as the base!
INFO:root:Features selected for scaling or passthrough:
['lostOuterHits', 'numberOfHits', 'numberOfPixelHits', 'pdgId', 'pvAssocQuality', 'trkAlgo', 'trkQuality', 'd0', 'd0Err', 'dz', 'dzErr', 'mass', 'puppiWeight', 'puppiWeightNoLep', 'trkChi2', 'trkEta', 'trkP', 'trkPhi', 'trkPt', 'vtxChi2', 'dz/dzErr', 'd0/d0Err', 'dR', 'within_bounds', 'log_pt', 'pdgId_-211', 'pdgId_-13', 'pdgId_-11', 'pdgId_11', 'pdgId_13', 'pdgId_22', 'pdgId_130', 'pdgId_211', 'fj_msoftdrop', 'fj_particleNetWithMass_QCD', 'fj_particleNet_XbbVsQCD', 'fj_particleNet_XccVsQCD', 'fj_particleNet_XqqVsQCD']
INFO:root:In find_scalers, col='lostOuterHits'
WARNING:root:Preserving lostOuterHits without scaling because the QCD reference contains no finite non-zero values.
INFO:root:In find_scalers, col='numberOfHits'
INFO:root:In find_scalers, col='numberOfPixelHits'
INFO:root:In find_scalers, col='pdgId'
INFO:root:In find_scalers, col='pvAssocQuality'
INFO:root:In find_scalers, col='trkAlgo'
WARNING:root:Preserving trkAlgo without scaling because its QCD 16th and 84th percentiles are identical.
INFO:root:In find_scalers, col='trkQuality'
WARNING:root:Preserving trkQuality without scaling because its QCD 16th and 84th percentiles are identical.
INFO:root:In find_scalers, col='d0'
INFO:root:In find_scalers, col='d0Err'
INFO:root:In find_scalers, col='dz'
INFO:root:In find_scalers, col='dzErr'
INFO:root:In find_scalers, col='mass'
WARNING:root:Preserving mass without scaling because its QCD 16th and 84th percentiles are identical.
INFO:root:In find_scalers, col='puppiWeight'
WARNING:root:Preserving puppiWeight without scaling because its QCD 16th and 84th percentiles are identical.
INFO:root:In find_scalers, col='puppiWeightNoLep'
WARNING:root:Preserving puppiWeightNoLep without scaling because its QCD 16th and 84th percentiles are identical.
INFO:root:In find_scalers, col='trkChi2'
INFO:root:In find_scalers, col='trkEta'
INFO:root:In find_scalers, col='trkP'
INFO:root:In find_scalers, col='trkPhi'
INFO:root:In find_scalers, col='trkPt'
INFO:root:In find_scalers, col='vtxChi2'
WARNING:root:Preserving vtxChi2 without scaling because its QCD 16th and 84th percentiles are identical.
INFO:root:In find_scalers, col='dz/dzErr'
INFO:root:In find_scalers, col='d0/d0Err'
INFO:root:In find_scalers, col='dR'
INFO:root:In find_scalers, col='within_bounds'
INFO:root:In find_scalers, col='log_pt'
INFO:root:In find_scalers, col='pdgId_-211'
INFO:root:In find_scalers, col='pdgId_-13'
INFO:root:In find_scalers, col='pdgId_-11'
INFO:root:In find_scalers, col='pdgId_11'
INFO:root:In find_scalers, col='pdgId_13'
INFO:root:In find_scalers, col='pdgId_22'
INFO:root:In find_scalers, col='pdgId_130'
INFO:root:In find_scalers, col='pdgId_211'
INFO:root:In find_scalers, col='fj_msoftdrop'
INFO:root:In find_scalers, col='fj_particleNetWithMass_QCD'
INFO:root:In find_scalers, col='fj_particleNet_XbbVsQCD'
INFO:root:In find_scalers, col='fj_particleNet_XccVsQCD'
INFO:root:In find_scalers, col='fj_particleNet_XqqVsQCD'
INFO:root:Scalers found  (took 156.8461 s), now applying to qcd:
INFO:root:Skipping col='pt', not in scaler
INFO:root:Skipping col='eta', not in scaler
INFO:root:Skipping col='phi', not in scaler
INFO:root:Preserving col='fj_phi'
INFO:root:Standardising fj_phi
INFO:root:Preserving col='fj_eta'
INFO:root:Standardising fj_eta
INFO:root:Preserving col='fj_pt'
INFO:root:Standardising fj_pt
INFO:root:Preserving col='fj_mass'
INFO:root:Standardising fj_mass
INFO:root:Preserving col='fj_msoftdrop'
INFO:root:Standardising fj_msoftdrop
INFO:root:Preserving col='fj_particleNetWithMass_QCD'
INFO:root:Standardising fj_particleNetWithMass_QCD
INFO:root:Preserving col='fj_particleNet_XbbVsQCD'
INFO:root:Standardising fj_particleNet_XbbVsQCD
INFO:root:Preserving col='fj_particleNet_XccVsQCD'
INFO:root:Standardising fj_particleNet_XccVsQCD
INFO:root:Preserving col='fj_particleNet_XqqVsQCD'
INFO:root:Standardising fj_particleNet_XqqVsQCD
INFO:root:Preserving col='fj_particleNet_QCD'
INFO:root:Standardising fj_particleNet_QCD
INFO:root:Preserving col='fj_particleNet_massCorr'
INFO:root:Standardising fj_particleNet_massCorr
INFO:root:Skipping col='trkHighPurity', not in scaler
INFO:root:Skipping col='charge', not in scaler
INFO:root:Skipping col='lostInnerHits', not in scaler
INFO:root:Standardising lostOuterHits
INFO:root:Preserving uninformative col='lostOuterHits'
INFO:root:Standardising numberOfHits
INFO:root:Standardising numberOfPixelHits
INFO:root:Standardising pdgId
INFO:root:Standardising pvAssocQuality
INFO:root:Standardising trkAlgo
INFO:root:Preserving uninformative col='trkAlgo'
INFO:root:Standardising trkQuality
INFO:root:Preserving uninformative col='trkQuality'
INFO:root:Standardising d0
INFO:root:Standardising d0Err
INFO:root:Standardising dz
INFO:root:Standardising dzErr
INFO:root:Standardising mass
INFO:root:Preserving uninformative col='mass'
INFO:root:Standardising puppiWeight
INFO:root:Preserving uninformative col='puppiWeight'
INFO:root:Standardising puppiWeightNoLep
INFO:root:Preserving uninformative col='puppiWeightNoLep'
INFO:root:Standardising trkChi2
INFO:root:Standardising trkEta
INFO:root:Standardising trkP
INFO:root:Standardising trkPhi
INFO:root:Standardising trkPt
INFO:root:Standardising vtxChi2
INFO:root:Preserving uninformative col='vtxChi2'
INFO:root:Standardising dz/dzErr
INFO:root:Standardising d0/d0Err
INFO:root:Standardising dR
INFO:root:Standardising within_bounds
INFO:root:Standardising log_pt
INFO:root:Standardising pdgId_-211
INFO:root:Standardising pdgId_-13
INFO:root:Standardising pdgId_-11
INFO:root:Standardising pdgId_11
INFO:root:Standardising pdgId_13
INFO:root:Standardising pdgId_22
INFO:root:Standardising pdgId_130
INFO:root:Standardising pdgId_211
INFO:root: (took 142.4575 s) Now wjet:
INFO:root:Skipping col='pt', not in scaler
INFO:root:Skipping col='eta', not in scaler
INFO:root:Skipping col='phi', not in scaler
INFO:root:Preserving col='fj_phi'
INFO:root:Standardising fj_phi
INFO:root:Preserving col='fj_eta'
INFO:root:Standardising fj_eta
INFO:root:Preserving col='fj_pt'
INFO:root:Standardising fj_pt
INFO:root:Preserving col='fj_mass'
INFO:root:Standardising fj_mass
INFO:root:Preserving col='fj_msoftdrop'
INFO:root:Standardising fj_msoftdrop
INFO:root:Preserving col='fj_particleNetWithMass_QCD'
INFO:root:Standardising fj_particleNetWithMass_QCD
INFO:root:Preserving col='fj_particleNet_XbbVsQCD'
INFO:root:Standardising fj_particleNet_XbbVsQCD
INFO:root:Preserving col='fj_particleNet_XccVsQCD'
INFO:root:Standardising fj_particleNet_XccVsQCD
INFO:root:Preserving col='fj_particleNet_XqqVsQCD'
INFO:root:Standardising fj_particleNet_XqqVsQCD
INFO:root:Preserving col='fj_particleNet_QCD'
INFO:root:Standardising fj_particleNet_QCD
INFO:root:Preserving col='fj_particleNet_massCorr'
INFO:root:Standardising fj_particleNet_massCorr
INFO:root:Skipping col='trkHighPurity', not in scaler
INFO:root:Skipping col='charge', not in scaler
INFO:root:Skipping col='lostInnerHits', not in scaler
INFO:root:Standardising lostOuterHits
INFO:root:Preserving uninformative col='lostOuterHits'
INFO:root:Standardising numberOfHits
INFO:root:Standardising numberOfPixelHits
INFO:root:Standardising pdgId
INFO:root:Standardising pvAssocQuality
INFO:root:Standardising trkAlgo
INFO:root:Preserving uninformative col='trkAlgo'
INFO:root:Standardising trkQuality
INFO:root:Preserving uninformative col='trkQuality'
INFO:root:Standardising d0
INFO:root:Standardising d0Err
INFO:root:Standardising dz
INFO:root:Standardising dzErr
INFO:root:Standardising mass
INFO:root:Preserving uninformative col='mass'
INFO:root:Standardising puppiWeight
INFO:root:Preserving uninformative col='puppiWeight'
INFO:root:Standardising puppiWeightNoLep
INFO:root:Preserving uninformative col='puppiWeightNoLep'
INFO:root:Standardising trkChi2
INFO:root:Standardising trkEta
INFO:root:Standardising trkP
INFO:root:Standardising trkPhi
INFO:root:Standardising trkPt
INFO:root:Standardising vtxChi2
INFO:root:Preserving uninformative col='vtxChi2'
INFO:root:Standardising dz/dzErr
INFO:root:Standardising d0/d0Err
INFO:root:Standardising dR
INFO:root:Standardising within_bounds
INFO:root:Standardising log_pt
INFO:root:Standardising pdgId_-211
INFO:root:Standardising pdgId_-13
INFO:root:Standardising pdgId_-11
INFO:root:Standardising pdgId_11
INFO:root:Standardising pdgId_13
INFO:root:Standardising pdgId_22
INFO:root:Standardising pdgId_130
INFO:root:Standardising pdgId_211
INFO:root:Done!  (took 5.8599 s)
INFO:root:Plotting data:
INFO:root:Saved figure into plots/proc_distr_log_pt_QCD+WJet_165-1137-19.png
INFO:root:Now, saving data!
INFO:root:Saved into /users/hgao50/scratch/jet-anomaly-work/datasets/pt200to400-v1/processed/PT-200to400/scaledby_QCD/QCD_scaled.pkl!
INFO:root:Saved into /users/hgao50/scratch/jet-anomaly-work/datasets/pt200to400-v1/processed/PT-200to400/scaledby_QCD/WJet_scaled.pkl!
