## SLURM PROLOG ###############################################################
##    Job ID : 3312148
##  Job Name : jet-ae
##  Nodelist : gpu3102
##      CPUs : 1
##  Mem/Node : 65536 MB
## Directory : /oscar/home/hgao50/jetAnomalyDetection
##   Job Started : Wed Jun 17 06:59:49 PM EDT 2026
###############################################################################
Job ID: 3312148
Host: gpu3102.oscar.ccv.brown.edu
Project: /oscar/home/hgao50/jetAnomalyDetection
Background: /users/hgao50/scratch/jet-anomaly-work/datasets/pt200to400-v1/processed/PT-200to400/scaledby_QCD/QCD_scaled.pkl
Signal: /users/hgao50/scratch/jet-anomaly-work/datasets/pt200to400-v1/processed/PT-200to400/scaledby_QCD/WJet_scaled.pkl
Output: /users/hgao50/scratch/jet-anomaly-runs/gae-pt200to400-v3
Wed Jun 17 18:59:50 2026       
+-----------------------------------------------------------------------------------------+
| NVIDIA-SMI 575.57.08              Driver Version: 575.57.08      CUDA Version: 12.9     |
|-----------------------------------------+------------------------+----------------------+
| GPU  Name                 Persistence-M | Bus-Id          Disp.A | Volatile Uncorr. ECC |
| Fan  Temp   Perf          Pwr:Usage/Cap |           Memory-Usage | GPU-Util  Compute M. |
|                                         |                        |               MIG M. |
|=========================================+========================+======================|
|   0  NVIDIA L40S                    On  |   00000000:81:00.0 Off |                    0 |
| N/A   27C    P8             33W /  350W |      74MiB /  46068MiB |      0%      Default |
|                                         |                        |                  N/A |
+-----------------------------------------+------------------------+----------------------+
                                                                                         
+-----------------------------------------------------------------------------------------+
| Processes:                                                                              |
|  GPU   GI   CI              PID   Type   Process name                        GPU Memory |
|        ID   ID                                                               Usage      |
|=========================================================================================|
|    0   N/A  N/A          158297      G   /usr/libexec/Xorg                        64MiB |
+-----------------------------------------------------------------------------------------+
PyTorch: 2.2.1+cu118
CUDA available: True
GPU: NVIDIA L40S
INFO:root:Using device='cuda'
INFO:root:Using device='cuda'
['pt', 'eta', 'phi', 'fj_phi', 'fj_eta', 'fj_pt', 'fj_mass', 'fj_msoftdrop', 'fj_particleNetWithMass_QCD', 'fj_particleNet_XbbVsQCD', 'fj_particleNet_XccVsQCD', 'fj_particleNet_XqqVsQCD', 'fj_particleNet_QCD', 'fj_particleNet_massCorr', 'trkHighPurity', 'charge', 'lostInnerHits', 'lostOuterHits', 'numberOfHits', 'numberOfPixelHits', 'pdgId', 'pvAssocQuality', 'trkAlgo', 'trkQuality', 'd0', 'd0Err', 'dz', 'dzErr', 'mass', 'puppiWeight', 'puppiWeightNoLep', 'trkChi2', 'trkEta', 'trkP', 'trkPhi', 'trkPt', 'vtxChi2', 'dz/dzErr', 'd0/d0Err', 'dR', 'within_bounds', 'log_pt', 'pdgId_-211', 'pdgId_-13', 'pdgId_-11', 'pdgId_11', 'pdgId_13', 'pdgId_22', 'pdgId_130', 'pdgId_211']
INFO:root:Number of training events after slicing: 93502
INFO:root:Number of test events after removing leptonic jet: 4258
INFO:root:
Sample background pt values:
0    [0.046527777, 0.060648147, 0.028510803, 0.1177...
1    [0.03296095, 0.029522276, 0.13902308, 0.010005...
2    [0.00865087, 0.012511055, 0.032816187, 0.48820...
3    [0.17660692, 0.094483934, 0.1803152, 0.1847960...
4    [0.011034922, 0.08265887, 0.068270385, 0.02551...
INFO:root:Sample signal pt values:
0    [0.035092458, 0.15621997, 0.045148894, 0.10536...
1    [0.0032114342, 0.0022360655, 0.087713934, 0.53...
2    [0.034397893, 0.43650794, 0.05532662, 0.149191...
3    [0.0017178243, 0.08002798, 0.13940091, 0.01213...
4    [0.17883435, 0.3346626, 0.03598543, 0.16411042...
INFO:root:Skipping event 24815 due to error: Graph construction failed: Too few valid particles to build a graph.
INFO:root:Skipping event 36566 due to error: Graph construction failed: Too few valid particles to build a graph.
INFO:root:Skipping event 40203 due to error: Graph construction failed: Too few valid particles to build a graph.
INFO:root:Skipping event 46879 due to error: Graph construction failed: Too few valid particles to build a graph.
INFO:root:Skipping event 48319 due to error: Graph construction failed: Too few valid particles to build a graph.
INFO:root:Skipping event 50586 due to error: Graph construction failed: Too few valid particles to build a graph.
INFO:root:Skipping event 54419 due to error: Graph construction failed: Too few valid particles to build a graph.
INFO:root:Skipping event 54695 due to error: Graph construction failed: Too few valid particles to build a graph.
INFO:root:Skipping event 56263 due to error: Graph construction failed: Too few valid particles to build a graph.
INFO:root:Skipping event 58812 due to error: Graph construction failed: Too few valid particles to build a graph.
INFO:root:Skipping event 66614 due to error: Graph construction failed: Too few valid particles to build a graph.
INFO:root:Skipping event 70161 due to error: Graph construction failed: Too few valid particles to build a graph.
INFO:root:Skipping event 70963 due to error: Graph construction failed: Too few valid particles to build a graph.
INFO:root:Skipping event 71640 due to error: Graph construction failed: Too few valid particles to build a graph.
INFO:root:Skipping event 72264 due to error: Graph construction failed: Too few valid particles to build a graph.
INFO:root:Skipping event 74257 due to error: Graph construction failed: Too few valid particles to build a graph.
INFO:root:Skipping event 84734 due to error: Graph construction failed: Too few valid particles to build a graph.
INFO:root:Skipping event 88589 due to error: Graph construction failed: Too few valid particles to build a graph.
INFO:root:Skipping event 89262 due to error: Graph construction failed: Too few valid particles to build a graph.
INFO:root:Skipping event 89808 due to error: Graph construction failed: Too few valid particles to build a graph.
INFO:root:Skipping event 91827 due to error: Graph construction failed: Too few valid particles to build a graph.
INFO:root:Number of background graphs: 93481
INFO:root:Number of signal graphs: 4258
INFO:root:Feature Means: tensor([ 0.0365, -0.0002, -0.0001,  0.0001, -0.0020])
INFO:root:Feature Stds: tensor([0.0607, 0.1675, 0.1709, 1.3756, 1.1225])
INFO:root:Number of features: 5
INFO:root:Model Summary:
JetGraphAutoencoder(
  (embedding): Linear(in_features=5, out_features=16, bias=True)
  (unembedding): Linear(in_features=16, out_features=5, bias=True)
  (conv1): EdgeConv(nn=Sequential(
    (0): Linear(in_features=32, out_features=128, bias=True)
    (1): ReLU()
    (2): Linear(in_features=128, out_features=16, bias=True)
  ))
  (conv2): EdgeConv(nn=Sequential(
    (0): Linear(in_features=32, out_features=128, bias=True)
    (1): ReLU()
    (2): Linear(in_features=128, out_features=8, bias=True)
  ))
  (conv3): EdgeConv(nn=Sequential(
    (0): Linear(in_features=16, out_features=128, bias=True)
    (1): ReLU()
    (2): Linear(in_features=128, out_features=16, bias=True)
  ))
  (conv4): EdgeConv(nn=Sequential(
    (0): Linear(in_features=32, out_features=128, bias=True)
    (1): ReLU()
    (2): Linear(in_features=128, out_features=16, bias=True)
  ))
)
INFO:root:Number of trainable parameters: 22253
INFO:root:
Epoch [1/20]
INFO:root:Learning Rate: 0.000010
INFO:root:train loss: 0.5860506234207757
INFO:root:test loss: 0.43849444792675624
INFO:root:signal loss: 0.4100889982834997
INFO:root: (took 30.8715 s)
INFO:root:
Epoch [2/20]
INFO:root:Learning Rate: 0.000010
INFO:root:train loss: 0.35756368599863925
INFO:root:test loss: 0.31788795810630566
INFO:root:signal loss: 0.31272934903441013
INFO:root: (took 31.3758 s)
INFO:root:
Epoch [3/20]
INFO:root:Learning Rate: 0.000010
INFO:root:train loss: 0.2784660461369083
INFO:root:test loss: 0.2331728459725737
INFO:root:signal loss: 0.23036468681101124
INFO:root: (took 32.2095 s)
INFO:root:
Epoch [4/20]
INFO:root:Learning Rate: 0.000010
INFO:root:train loss: 0.14320170804157126
INFO:root:test loss: 0.08917923275837698
INFO:root:signal loss: 0.08875814316699789
INFO:root: (took 31.6649 s)
INFO:root:
Epoch [5/20]
INFO:root:Learning Rate: 0.000010
INFO:root:train loss: 0.06530953508740414
INFO:root:test loss: 0.04687482960565112
INFO:root:signal loss: 0.05109422253530093
INFO:root: (took 30.6863 s)
INFO:root:
Epoch [6/20]
INFO:root:Learning Rate: 0.000010
INFO:root:train loss: 0.03488602889327283
INFO:root:test loss: 0.026155736515256246
INFO:root:signal loss: 0.03182993793346953
INFO:root: (took 31.1116 s)
INFO:root:
Epoch [7/20]
INFO:root:Learning Rate: 0.000010
INFO:root:train loss: 0.02194925693920961
INFO:root:test loss: 0.018361481187018643
INFO:root:signal loss: 0.02437069014070434
INFO:root: (took 31.6837 s)
INFO:root:
Epoch [8/20]
INFO:root:Learning Rate: 0.000010
INFO:root:train loss: 0.01703294584411296
INFO:root:test loss: 0.015120359727744313
INFO:root:signal loss: 0.021222278695468676
INFO:root: (took 31.8838 s)
INFO:root:
Epoch [9/20]
INFO:root:Learning Rate: 0.000010
INFO:root:train loss: 0.014845757403429295
INFO:root:test loss: 0.01360342544582212
INFO:root:signal loss: 0.019718529846298977
INFO:root: (took 31.9167 s)
INFO:root:
Epoch [10/20]
INFO:root:Learning Rate: 0.000010
INFO:root:train loss: 0.01378654203257365
INFO:root:test loss: 0.01281186174060988
INFO:root:signal loss: 0.018930003810305403
INFO:root: (took 30.6237 s)
INFO:root:
Epoch [11/20]
INFO:root:Learning Rate: 0.000010
INFO:root:train loss: 0.013219392706279167
INFO:root:test loss: 0.012383883256682524
INFO:root:signal loss: 0.018502717654401424
INFO:root: (took 31.1689 s)
INFO:root:
Epoch [12/20]
INFO:root:Learning Rate: 0.000010
INFO:root:train loss: 0.012898580485857685
INFO:root:test loss: 0.012128103732639199
INFO:root:signal loss: 0.018237083295298745
INFO:root: (took 31.9461 s)
INFO:root:
Epoch [13/20]
INFO:root:Learning Rate: 0.000010
INFO:root:train loss: 0.012699797207774822
INFO:root:test loss: 0.011966947859230533
INFO:root:signal loss: 0.018072593851542532
INFO:root: (took 31.8932 s)
INFO:root:
Epoch [14/20]
INFO:root:Learning Rate: 0.000010
INFO:root:train loss: 0.01256599236388075
INFO:root:test loss: 0.011860499925957353
INFO:root:signal loss: 0.017955227676338194
INFO:root: (took 32.147 s)
INFO:root:
Epoch [15/20]
INFO:root:Learning Rate: 0.000010
INFO:root:train loss: 0.012479450922519912
INFO:root:test loss: 0.011783024991185217
INFO:root:signal loss: 0.017875221723966987
INFO:root: (took 30.8088 s)
INFO:root:
Epoch [16/20]
INFO:root:Learning Rate: 0.000010
INFO:root:train loss: 0.0124160931903751
INFO:root:test loss: 0.01172628089712266
INFO:root:signal loss: 0.017812400652499658
INFO:root: (took 31.2606 s)
INFO:root:
Epoch [17/20]
INFO:root:Learning Rate: 0.000010
INFO:root:train loss: 0.012364089010176596
INFO:root:test loss: 0.01168105287185654
INFO:root:signal loss: 0.017760541197647983
INFO:root: (took 31.5194 s)
INFO:root:
Epoch [18/20]
INFO:root:Learning Rate: 0.000010
INFO:root:train loss: 0.012320709754963835
INFO:root:test loss: 0.011646272597130062
INFO:root:signal loss: 0.01772709304112567
INFO:root: (took 31.7453 s)
INFO:root:
Epoch [19/20]
INFO:root:Learning Rate: 0.000010
INFO:root:train loss: 0.0122929781219636
INFO:root:test loss: 0.011615588010021462
INFO:root:signal loss: 0.01768764994172421
INFO:root: (took 31.4078 s)
INFO:root:
Epoch [20/20]
INFO:root:Learning Rate: 0.000010
INFO:root:train loss: 0.012266465861085799
INFO:root:test loss: 0.011591427256648208
INFO:root:signal loss: 0.017663812971439433
INFO:root: (took 31.1591 s)
INFO:root:AUC: 0.658
INFO:root:Saved run summary to /users/hgao50/scratch/jet-anomaly-runs/gae-pt200to400-v3/summary.json
