## SLURM PROLOG ###############################################################
##    Job ID : 3215648
##  Job Name : jet-data
##  Nodelist : node2304
##      CPUs : 1
##  Mem/Node : 98304 MB
## Directory : /oscar/home/hgao50/jetAnomalyDetection
##   Job Started : Sun Jun 14 07:57:13 AM EDT 2026
###############################################################################
Job ID: 3215648
Host: node2304.oscar.ccv.brown.edu
Project: /oscar/home/hgao50/jetAnomalyDetection
Output root: /users/hgao50/scratch/jet-anomaly-work/datasets/pt200to400-smoke
Workers: 4
Maximum events per ROOT file: 2000
QCD source 1: /users/hgao50/scratch/jet-anomaly-work/raw/QCD_PT-170to300_TuneCP5_13p6TeV_pythia8_1.root
QCD source 2: /users/hgao50/scratch/jet-anomaly-work/raw/QCD_PT-300to470_TuneCP5_13p6TeV_pythia8_1.root
WJet source: /users/hgao50/scratch/jet-anomaly-work/raw/WWto4Q_TuneCP5_13p6TeV_powheg-pythia8_1.root
INFO:root:Set up logger!
INFO:root:Will measure perf.
INFO:root:Loaded 1 file(s)!
INFO:root:Now preprocessing /users/hgao50/scratch/jet-anomaly-work/raw/QCD_PT-170to300_TuneCP5_13p6TeV_pythia8_1.root
INFO:root:self.savepath='/users/hgao50/scratch/jet-anomaly-work/datasets/pt200to400-smoke/preprocessed/qcd'
INFO:root:2000 events in total, splitting into 4 chunks.
INFO:root:Initialised pool <multiprocessing.pool.Pool state=RUN pool_size=4> with 4 workers.
INFO:root:#0 (548269): Received range 0 to 500 (500 events).
INFO:root:#1 (548272): Received range 1500 to 2000 (500 events).
INFO:root:#2 (548270): Received range 500 to 1000 (500 events).
INFO:root:#3 (548271): Received range 1000 to 1500 (500 events).
INFO:root:#0 (548269):  Preprocessed last few events, from 0 to 500!
INFO:root:#2 (548270):  Preprocessed last few events, from 500 to 1000!
INFO:root:#3 (548271):  Preprocessed last few events, from 1000 to 1500!
INFO:root:#1 (548272):  Preprocessed last few events, from 1500 to 2000!
INFO:root:All done! Converting len(results)=4 dicts to dataframes and concatenating...
INFO:root:Concatenated len(results)=4 fatjets! Saving...
INFO:root:Saved chunk 0 to /users/hgao50/scratch/jet-anomaly-work/datasets/pt200to400-smoke/preprocessed/qcd/QCD_PT-170to300_TuneCP5_13p6TeV_pythia8_1_chunk0_Pt200.0-400.0_548211_165-0758-59.pkl.
INFO:root:Saved chunk 1 to /users/hgao50/scratch/jet-anomaly-work/datasets/pt200to400-smoke/preprocessed/qcd/QCD_PT-170to300_TuneCP5_13p6TeV_pythia8_1_chunk1_Pt200.0-400.0_548211_165-0758-59.pkl.
INFO:root:Saved chunk 2 to /users/hgao50/scratch/jet-anomaly-work/datasets/pt200to400-smoke/preprocessed/qcd/QCD_PT-170to300_TuneCP5_13p6TeV_pythia8_1_chunk2_Pt200.0-400.0_548211_165-0758-59.pkl.
INFO:root:Saved chunk 3 to /users/hgao50/scratch/jet-anomaly-work/datasets/pt200to400-smoke/preprocessed/qcd/QCD_PT-170to300_TuneCP5_13p6TeV_pythia8_1_chunk3_Pt200.0-400.0_548211_165-0758-59.pkl.
INFO:root:Set up logger!
INFO:root:Will measure perf.
INFO:root:Loaded 1 file(s)!
INFO:root:Now preprocessing /users/hgao50/scratch/jet-anomaly-work/raw/QCD_PT-300to470_TuneCP5_13p6TeV_pythia8_1.root
INFO:root:self.savepath='/users/hgao50/scratch/jet-anomaly-work/datasets/pt200to400-smoke/preprocessed/qcd'
INFO:root:2000 events in total, splitting into 4 chunks.
INFO:root:Initialised pool <multiprocessing.pool.Pool state=RUN pool_size=4> with 4 workers.
INFO:root:#0 (548390): Received range 1500 to 2000 (500 events).
INFO:root:#1 (548387): Received range 0 to 500 (500 events).
INFO:root:#2 (548389): Received range 1000 to 1500 (500 events).
INFO:root:#3 (548388): Received range 500 to 1000 (500 events).
INFO:root:#2 (548389):  Preprocessed last few events, from 1000 to 1500!
INFO:root:#0 (548390):  Preprocessed last few events, from 1500 to 2000!
INFO:root:#1 (548387):  Preprocessed last few events, from 0 to 500!
INFO:root:#3 (548388):  Preprocessed last few events, from 500 to 1000!
INFO:root:All done! Converting len(results)=4 dicts to dataframes and concatenating...
INFO:root:Concatenated len(results)=4 fatjets! Saving...
INFO:root:Saved chunk 0 to /users/hgao50/scratch/jet-anomaly-work/datasets/pt200to400-smoke/preprocessed/qcd/QCD_PT-300to470_TuneCP5_13p6TeV_pythia8_1_chunk0_Pt200.0-400.0_548377_165-0800-41.pkl.
INFO:root:Saved chunk 1 to /users/hgao50/scratch/jet-anomaly-work/datasets/pt200to400-smoke/preprocessed/qcd/QCD_PT-300to470_TuneCP5_13p6TeV_pythia8_1_chunk1_Pt200.0-400.0_548377_165-0800-41.pkl.
INFO:root:Saved chunk 2 to /users/hgao50/scratch/jet-anomaly-work/datasets/pt200to400-smoke/preprocessed/qcd/QCD_PT-300to470_TuneCP5_13p6TeV_pythia8_1_chunk2_Pt200.0-400.0_548377_165-0800-41.pkl.
INFO:root:Saved chunk 3 to /users/hgao50/scratch/jet-anomaly-work/datasets/pt200to400-smoke/preprocessed/qcd/QCD_PT-300to470_TuneCP5_13p6TeV_pythia8_1_chunk3_Pt200.0-400.0_548377_165-0800-41.pkl.
INFO:root:Set up logger!
INFO:root:Will measure perf.
INFO:root:Loaded 1 file(s)!
INFO:root:Now preprocessing /users/hgao50/scratch/jet-anomaly-work/raw/WWto4Q_TuneCP5_13p6TeV_powheg-pythia8_1.root
INFO:root:self.savepath='/users/hgao50/scratch/jet-anomaly-work/datasets/pt200to400-smoke/preprocessed/wjet'
INFO:root:2000 events in total, splitting into 4 chunks.
INFO:root:Initialised pool <multiprocessing.pool.Pool state=RUN pool_size=4> with 4 workers.
INFO:root:#0 (548509): Received range 1500 to 2000 (500 events).
INFO:root:#1 (548507): Received range 500 to 1000 (500 events).
INFO:root:#2 (548506): Received range 0 to 500 (500 events).
INFO:root:#3 (548508): Received range 1000 to 1500 (500 events).
INFO:root:#1 (548507):  Preprocessed last few events, from 500 to 1000!
INFO:root:#2 (548506):  Preprocessed last few events, from 0 to 500!
INFO:root:#0 (548509):  Preprocessed last few events, from 1500 to 2000!
INFO:root:#3 (548508):  Preprocessed last few events, from 1000 to 1500!
INFO:root:All done! Converting len(results)=4 dicts to dataframes and concatenating...
INFO:root:Concatenated len(results)=4 fatjets! Saving...
INFO:root:Saved chunk 0 to /users/hgao50/scratch/jet-anomaly-work/datasets/pt200to400-smoke/preprocessed/wjet/WWto4Q_TuneCP5_13p6TeV_powheg-pythia8_1_chunk0_Pt200.0-400.0_548488_165-0802-09.pkl.
INFO:root:Saved chunk 1 to /users/hgao50/scratch/jet-anomaly-work/datasets/pt200to400-smoke/preprocessed/wjet/WWto4Q_TuneCP5_13p6TeV_powheg-pythia8_1_chunk1_Pt200.0-400.0_548488_165-0802-09.pkl.
INFO:root:Saved chunk 2 to /users/hgao50/scratch/jet-anomaly-work/datasets/pt200to400-smoke/preprocessed/wjet/WWto4Q_TuneCP5_13p6TeV_powheg-pythia8_1_chunk2_Pt200.0-400.0_548488_165-0802-09.pkl.
INFO:root:Saved chunk 3 to /users/hgao50/scratch/jet-anomaly-work/datasets/pt200to400-smoke/preprocessed/wjet/WWto4Q_TuneCP5_13p6TeV_powheg-pythia8_1_chunk3_Pt200.0-400.0_548488_165-0802-09.pkl.
INFO:root:Will measure perf.
INFO:root:Concatenating QCD: (took 0.3064 s)
INFO:root:Combined QCD data length: 2642
INFO:root:Entered modify_df! len(df)=2642. Now calculating dz/dzErr...
INFO:root:Found dz/dzErr  (took 0.2958 s)
INFO:root:Found d0/d0Err  (took 0.29 s)
INFO:root:Found dR  (took 0.0549 s)
INFO:root:Found within_bounds  (took 0.1312 s), extracting jet-level metadata...
INFO:root:Found log_pt  (took 0.0389 s), calculating one-hot lists...
Columns before one-hot encoding: ['pt', 'eta', 'phi', 'fj_phi', 'fj_eta', 'fj_pt', 'fj_mass', 'fj_msoftdrop', 'fj_particleNetWithMass_QCD', 'fj_particleNet_XbbVsQCD', 'fj_particleNet_XccVsQCD', 'fj_particleNet_XqqVsQCD', 'fj_particleNet_QCD', 'fj_particleNet_massCorr', 'trkHighPurity', 'charge', 'lostInnerHits', 'lostOuterHits', 'numberOfHits', 'numberOfPixelHits', 'pdgId', 'pvAssocQuality', 'trkAlgo', 'trkQuality', 'd0', 'd0Err', 'dz', 'dzErr', 'mass', 'puppiWeight', 'puppiWeightNoLep', 'trkChi2', 'trkEta', 'trkP', 'trkPhi', 'trkPt', 'vtxChi2', 'dz/dzErr', 'd0/d0Err', 'dR', 'within_bounds', 'log_pt']
INFO:root:Found one-hot lists  (took 10.931 s), now filtering out-of-bounds particles...
Columns after one-hot encoding: ['pt', 'eta', 'phi', 'fj_phi', 'fj_eta', 'fj_pt', 'fj_mass', 'fj_msoftdrop', 'fj_particleNetWithMass_QCD', 'fj_particleNet_XbbVsQCD', 'fj_particleNet_XccVsQCD', 'fj_particleNet_XqqVsQCD', 'fj_particleNet_QCD', 'fj_particleNet_massCorr', 'trkHighPurity', 'charge', 'lostInnerHits', 'lostOuterHits', 'numberOfHits', 'numberOfPixelHits', 'pdgId', 'pvAssocQuality', 'trkAlgo', 'trkQuality', 'd0', 'd0Err', 'dz', 'dzErr', 'mass', 'puppiWeight', 'puppiWeightNoLep', 'trkChi2', 'trkEta', 'trkP', 'trkPhi', 'trkPt', 'vtxChi2', 'dz/dzErr', 'd0/d0Err', 'dR', 'within_bounds', 'log_pt', 'pdgId_-211', 'pdgId_-13', 'pdgId_-11', 'pdgId_11', 'pdgId_13', 'pdgId_22', 'pdgId_130', 'pdgId_211']
INFO:root:Done!  (took 3.3505 s)
INFO:root:Concatenating WJet: (took 0.0116 s)
INFO:root:Combined WJet data length: 81
INFO:root:Entered modify_df! len(df)=81. Now calculating dz/dzErr...
INFO:root:Found dz/dzErr  (took 0.0098 s)
INFO:root:Found d0/d0Err  (took 0.0098 s)
INFO:root:Found dR  (took 0.0028 s)
INFO:root:Found within_bounds  (took 0.0053 s), extracting jet-level metadata...
INFO:root:Found log_pt  (took 0.0022 s), calculating one-hot lists...
Columns before one-hot encoding: ['pt', 'eta', 'phi', 'fj_phi', 'fj_eta', 'fj_pt', 'fj_mass', 'fj_msoftdrop', 'fj_particleNetWithMass_QCD', 'fj_particleNet_XbbVsQCD', 'fj_particleNet_XccVsQCD', 'fj_particleNet_XqqVsQCD', 'fj_particleNet_QCD', 'fj_particleNet_massCorr', 'trkHighPurity', 'charge', 'lostInnerHits', 'lostOuterHits', 'numberOfHits', 'numberOfPixelHits', 'pdgId', 'pvAssocQuality', 'trkAlgo', 'trkQuality', 'd0', 'd0Err', 'dz', 'dzErr', 'mass', 'puppiWeight', 'puppiWeightNoLep', 'trkChi2', 'trkEta', 'trkP', 'trkPhi', 'trkPt', 'vtxChi2', 'dz/dzErr', 'd0/d0Err', 'dR', 'within_bounds', 'log_pt']
INFO:root:Found one-hot lists  (took 0.3343 s), now filtering out-of-bounds particles...
Columns after one-hot encoding: ['pt', 'eta', 'phi', 'fj_phi', 'fj_eta', 'fj_pt', 'fj_mass', 'fj_msoftdrop', 'fj_particleNetWithMass_QCD', 'fj_particleNet_XbbVsQCD', 'fj_particleNet_XccVsQCD', 'fj_particleNet_XqqVsQCD', 'fj_particleNet_QCD', 'fj_particleNet_massCorr', 'trkHighPurity', 'charge', 'lostInnerHits', 'lostOuterHits', 'numberOfHits', 'numberOfPixelHits', 'pdgId', 'pvAssocQuality', 'trkAlgo', 'trkQuality', 'd0', 'd0Err', 'dz', 'dzErr', 'mass', 'puppiWeight', 'puppiWeightNoLep', 'trkChi2', 'trkEta', 'trkP', 'trkPhi', 'trkPt', 'vtxChi2', 'dz/dzErr', 'd0/d0Err', 'dR', 'within_bounds', 'log_pt', 'pdgId_-211', 'pdgId_-13', 'pdgId_-11', 'pdgId_11', 'pdgId_13', 'pdgId_22', 'pdgId_130', 'pdgId_211']
INFO:root:Done!  (took 0.1022 s)
INFO:root:Now, scaling data with QCD as the base!
INFO:root:Features selected for scaling or passthrough:
['lostOuterHits', 'numberOfHits', 'numberOfPixelHits', 'pdgId', 'pvAssocQuality', 'trkAlgo', 'trkQuality', 'd0', 'd0Err', 'dz', 'dzErr', 'mass', 'puppiWeight', 'puppiWeightNoLep', 'trkChi2', 'trkEta', 'trkP', 'trkPhi', 'trkPt', 'vtxChi2', 'dz/dzErr', 'd0/d0Err', 'dR', 'within_bounds', 'log_pt', 'pdgId_-211', 'pdgId_-13', 'pdgId_-11', 'pdgId_11', 'pdgId_13', 'pdgId_22', 'pdgId_130', 'pdgId_211', 'fj_msoftdrop', 'fj_particleNetWithMass_QCD', 'fj_particleNet_XbbVsQCD', 'fj_particleNet_XccVsQCD', 'fj_particleNet_XqqVsQCD']
INFO:root:In find_scalers, col='lostOuterHits'
