## SLURM PROLOG ###############################################################
##    Job ID : 3950372
##  Job Name : JETANOMALY-JETCLASS
##  Nodelist : gpu3004
##      CPUs : 1
##  Mem/Node : 48000 MB
## Directory : /oscar/home/lwang223/jetAnomalyDetection
##   Job Started : Mon Jul 13 02:55:37 PM EDT 2026
###############################################################################

==========================================
Job started at: Mon Jul 13 02:55:37 PM EDT 2026
Job ID: 3950372
Node: gpu3004
==========================================

GPU Information (from host):
Mon Jul 13 14:55:37 2026       
+-----------------------------------------------------------------------------------------+
| NVIDIA-SMI 575.57.08              Driver Version: 575.57.08      CUDA Version: 12.9     |
|-----------------------------------------+------------------------+----------------------+
| GPU  Name                 Persistence-M | Bus-Id          Disp.A | Volatile Uncorr. ECC |
| Fan  Temp   Perf          Pwr:Usage/Cap |           Memory-Usage | GPU-Util  Compute M. |
|                                         |                        |               MIG M. |
|=========================================+========================+======================|
|   0  NVIDIA L40S                    On  |   00000000:61:00.0 Off |                    0 |
| N/A   29C    P8             32W /  350W |      74MiB /  46068MiB |      0%      Default |
|                                         |                        |                  N/A |
+-----------------------------------------+------------------------+----------------------+
                                                                                         
+-----------------------------------------------------------------------------------------+
| Processes:                                                                              |
|  GPU   GI   CI              PID   Type   Process name                        GPU Memory |
|        ID   ID                                                               Usage      |
|=========================================================================================|
|    0   N/A  N/A          184125      G   /usr/libexec/Xorg                        64MiB |
+-----------------------------------------------------------------------------------------+

PyTorch version: 2.6.0+cu124
JetClass root: /HEP/export/home/lwang223/JetClass/JetClass/Pythia
Background labels: ['label_QCD', 'label_Hbb', 'label_Hcc', 'label_Hgg']
Signal labels: ['label_Wqq']
Particle features: ['part_px', 'part_py', 'part_pz', 'part_energy', 'part_pt', 'part_eta', 'part_phi', 'part_deta', 'part_dphi', 'part_d0val', 'part_d0err', 'part_dzval', 'part_dzerr', 'part_charge', 'part_isChargedHadron', 'part_isNeutralHadron', 'part_isPhoton', 'part_isElectron', 'part_isMuon']
Lazy JetClass datasets ready; no full split has been loaded into RAM.
Background train ROOT shards: 400
Background val ROOT shards: 20
Signal test ROOT shards: 20
Per-event particle shape: (128, 19)
Selected SSL model: semi-sup-triplet
Model summary:
LeJEPASemiSupervisedTripletParticleTransformerRepresentation(
  (node_embedding): NodeEmbedding(
    (net): Sequential(
      (0): Linear(in_features=19, out_features=64, bias=True)
      (1): GELU(approximate='none')
      (2): LayerNorm((64,), eps=1e-05, elementwise_affine=True)
      (3): Linear(in_features=64, out_features=256, bias=True)
      (4): GELU(approximate='none')
      (5): LayerNorm((256,), eps=1e-05, elementwise_affine=True)
      (6): Linear(in_features=256, out_features=64, bias=True)
      (7): Dropout(p=0.0, inplace=False)
    )
  )
  (pairwise_bias): PairwiseAttentionBias(
    (mlp): Sequential(
      (0): RMSNorm()
      (1): Linear(in_features=4, out_features=64, bias=True)
      (2): SiLU()
      (3): Dropout(p=0.0, inplace=False)
      (4): Linear(in_features=64, out_features=64, bias=True)
      (5): SiLU()
      (6): Dropout(p=0.0, inplace=False)
      (7): Linear(in_features=64, out_features=8, bias=True)
    )
  )
  (encoder): ParticleTransformerEncoder(
    (layers): ModuleList(
      (0-3): 4 x ParticleTransformerBlock(
        (attn_norm): RMSNorm()
        (self_attn): MultiheadAttention(
          (out_proj): NonDynamicallyQuantizableLinear(in_features=64, out_features=64, bias=True)
        )
        (attn_dropout): Dropout(p=0.0, inplace=False)
        (ffn_norm): RMSNorm()
        (ffn): SwiGLUFFN(
          (fc1): Linear(in_features=64, out_features=512, bias=True)
          (act): SwiGLU()
          (fc2): Linear(in_features=256, out_features=64, bias=True)
          (dropout): Dropout(p=0.0, inplace=False)
        )
      )
    )
  )
  (cls_pooling): CLSPooling(
    (layers): ModuleList(
      (0-1): 2 x ClassAttentionBlock(
        (query_norm): LayerNorm((64,), eps=1e-05, elementwise_affine=True)
        (context_norm): LayerNorm((64,), eps=1e-05, elementwise_affine=True)
        (attn): MultiheadAttention(
          (out_proj): NonDynamicallyQuantizableLinear(in_features=64, out_features=64, bias=True)
        )
        (attn_dropout): Dropout(p=0.0, inplace=False)
        (ffn_norm): LayerNorm((64,), eps=1e-05, elementwise_affine=True)
        (ffn): Sequential(
          (0): Linear(in_features=64, out_features=256, bias=True)
          (1): GELU(approximate='none')
          (2): Dropout(p=0.0, inplace=False)
          (3): Linear(in_features=256, out_features=64, bias=True)
          (4): Dropout(p=0.0, inplace=False)
        )
      )
    )
  )
  (augmentation): MultiViewAugmentation()
  (negative_augmentation): CorruptedNegativeAugmentation()
  (loss): LeJEPASIGRegTripletClassificationLoss(
    (triplet_loss): LeJEPASIGRegTripletLoss(
      (lejepa_loss): LeJEPASIGRegLoss(
        (sigreg_loss_fn): SlicingUnivariateTest(
          (univariate_test): EppsPulley()
        )
      )
    )
  )
  (representation_head): RepresentationHead(
    (net): Sequential(
      (0): RMSNorm()
      (1): Linear(in_features=64, out_features=64, bias=True)
      (2): SiLU()
      (3): Dropout(p=0.0, inplace=False)
      (4): Linear(in_features=64, out_features=64, bias=True)
    )
  )
  (classification_head): CategoricalClassificationHead(
    (net): Sequential(
      (0): RMSNorm()
      (1): Linear(in_features=64, out_features=64, bias=True)
      (2): SiLU()
      (3): Dropout(p=0.0, inplace=False)
      (4): Linear(in_features=64, out_features=4, bias=True)
    )
  )
)
Number of trainable parameters: 419152

Epoch [1/80]
Saved new best model state_dict to plots/run-lejepa-semi-sup-triplet-jetclass-ddp-fast-wjet/best_model.pth
Saved last model state_dict to plots/run-lejepa-semi-sup-triplet-jetclass-ddp-fast-wjet/last_model.pth
Mahalanobis metrics saved to plots/run-lejepa-semi-sup-triplet-jetclass-ddp-fast-wjet/mahalanobis_eval/epoch_0001/mahalanobis_metrics.json
Mahalanobis AUC, QCD+Hbb+Hcc+Hgg train vs Wqq: 0.556545
Mahalanobis AUC, QCD+Hbb+Hcc+Hgg val vs Wqq: 0.551621
Epoch 1 train losses: {'total_loss': 2.0727021310329437, 'invariant_loss': 0.00322466739822994, 'sigreg_loss': 92.667, 'triplet_loss': 0.7708389871120452, 'triplet_pos_distance': 0.0005637880372814834, 'triplet_neg_distance': 0.2880392538947053, 'classification_loss': 1.389795036315918}
Epoch 1 val losses: {'total_loss': 0.8918507409095764, 'invariant_loss': 0.006273177033290267, 'sigreg_loss': 34.135, 'triplet_loss': 0.6449302756786346, 'triplet_pos_distance': 0.0010364216321613639, 'triplet_neg_distance': 0.5171920990943909, 'classification_loss': 1.385845317840576}
Updated run summary at plots/run-lejepa-semi-sup-triplet-jetclass-ddp-fast-wjet/summary.json

Epoch [2/80]
Saved new best model state_dict to plots/run-lejepa-semi-sup-triplet-jetclass-ddp-fast-wjet/best_model.pth
Saved last model state_dict to plots/run-lejepa-semi-sup-triplet-jetclass-ddp-fast-wjet/last_model.pth
Mahalanobis metrics saved to plots/run-lejepa-semi-sup-triplet-jetclass-ddp-fast-wjet/mahalanobis_eval/epoch_0002/mahalanobis_metrics.json
Mahalanobis AUC, QCD+Hbb+Hcc+Hgg train vs Wqq: 0.550871
Mahalanobis AUC, QCD+Hbb+Hcc+Hgg val vs Wqq: 0.544772
Epoch 2 train losses: {'total_loss': 0.7548177818655968, 'invariant_loss': 0.008832518495153636, 'sigreg_loss': 27.26925, 'triplet_loss': 0.6205522170066834, 'triplet_pos_distance': 0.001365348178136628, 'triplet_neg_distance': 0.6153141444325447, 'classification_loss': 1.3853159781694413}
Epoch 2 val losses: {'total_loss': 0.6622463035583496, 'invariant_loss': 0.011218885406851769, 'sigreg_loss': 22.635, 'triplet_loss': 0.599615091085434, 'triplet_pos_distance': 0.0016143290209583937, 'triplet_neg_distance': 0.7348411476612091, 'classification_loss': 1.3837059259414672}
Updated run summary at plots/run-lejepa-semi-sup-triplet-jetclass-ddp-fast-wjet/summary.json

Epoch [3/80]
Saved new best model state_dict to plots/run-lejepa-semi-sup-triplet-jetclass-ddp-fast-wjet/best_model.pth
Saved last model state_dict to plots/run-lejepa-semi-sup-triplet-jetclass-ddp-fast-wjet/last_model.pth
Mahalanobis metrics saved to plots/run-lejepa-semi-sup-triplet-jetclass-ddp-fast-wjet/mahalanobis_eval/epoch_0003/mahalanobis_metrics.json
Mahalanobis AUC, QCD+Hbb+Hcc+Hgg train vs Wqq: 0.558032
Mahalanobis AUC, QCD+Hbb+Hcc+Hgg val vs Wqq: 0.539134
Epoch 3 train losses: {'total_loss': 0.5995371352434158, 'invariant_loss': 0.01300088744238019, 'sigreg_loss': 19.4651875, 'triplet_loss': 0.5917946878671646, 'triplet_pos_distance': 0.0018437198039609939, 'triplet_neg_distance': 0.7334756970405578, 'classification_loss': 1.38054041659832}
Epoch 3 val losses: {'total_loss': 0.5669325828552246, 'invariant_loss': 0.012673840466886759, 'sigreg_loss': 17.925, 'triplet_loss': 0.5844455754756928, 'triplet_pos_distance': 0.0017686817003414034, 'triplet_neg_distance': 0.7414611756801606, 'classification_loss': 1.3729855871200563}
Updated run summary at plots/run-lejepa-semi-sup-triplet-jetclass-ddp-fast-wjet/summary.json

Epoch [4/80]
Saved new best model state_dict to plots/run-lejepa-semi-sup-triplet-jetclass-ddp-fast-wjet/best_model.pth
Saved last model state_dict to plots/run-lejepa-semi-sup-triplet-jetclass-ddp-fast-wjet/last_model.pth
Mahalanobis metrics saved to plots/run-lejepa-semi-sup-triplet-jetclass-ddp-fast-wjet/mahalanobis_eval/epoch_0004/mahalanobis_metrics.json
Mahalanobis AUC, QCD+Hbb+Hcc+Hgg train vs Wqq: 0.557466
Mahalanobis AUC, QCD+Hbb+Hcc+Hgg val vs Wqq: 0.537825
Epoch 4 train losses: {'total_loss': 0.5282426211833954, 'invariant_loss': 0.012808184462599456, 'sigreg_loss': 16.13075, 'triplet_loss': 0.5810880937576294, 'triplet_pos_distance': 0.0016587059272569604, 'triplet_neg_distance': 0.7458789328932762, 'classification_loss': 1.347191784143448}
Epoch 4 val losses: {'total_loss': 0.5110981130599975, 'invariant_loss': 0.011294848173856736, 'sigreg_loss': 15.505, 'triplet_loss': 0.5774101066589356, 'triplet_pos_distance': 0.0014020932582207025, 'triplet_neg_distance': 0.7283668148517609, 'classification_loss': 1.3217943501472473}
Updated run summary at plots/run-lejepa-semi-sup-triplet-jetclass-ddp-fast-wjet/summary.json

Epoch [5/80]
Saved new best model state_dict to plots/run-lejepa-semi-sup-triplet-jetclass-ddp-fast-wjet/best_model.pth
Saved last model state_dict to plots/run-lejepa-semi-sup-triplet-jetclass-ddp-fast-wjet/last_model.pth
Mahalanobis metrics saved to plots/run-lejepa-semi-sup-triplet-jetclass-ddp-fast-wjet/mahalanobis_eval/epoch_0005/mahalanobis_metrics.json
Mahalanobis AUC, QCD+Hbb+Hcc+Hgg train vs Wqq: 0.509410
Mahalanobis AUC, QCD+Hbb+Hcc+Hgg val vs Wqq: 0.492257
Epoch 5 train losses: {'total_loss': 0.4780710021853447, 'invariant_loss': 0.010260905859526246, 'sigreg_loss': 14.0216875, 'triplet_loss': 0.5727420094013214, 'triplet_pos_distance': 0.0012972969219554216, 'triplet_neg_distance': 0.7449698563814163, 'classification_loss': 1.3011401760578156}
Epoch 5 val losses: {'total_loss': 0.45832912385463714, 'invariant_loss': 0.010056482357904316, 'sigreg_loss': 13.31375, 'triplet_loss': 0.5570584213733674, 'triplet_pos_distance': 0.0013541665009688586, 'triplet_neg_distance': 0.7657125043869019, 'classification_loss': 1.2637539052963256}
Updated run summary at plots/run-lejepa-semi-sup-triplet-jetclass-ddp-fast-wjet/summary.json

Epoch [6/80]
Saved new best model state_dict to plots/run-lejepa-semi-sup-triplet-jetclass-ddp-fast-wjet/best_model.pth
Saved last model state_dict to plots/run-lejepa-semi-sup-triplet-jetclass-ddp-fast-wjet/last_model.pth
Mahalanobis metrics saved to plots/run-lejepa-semi-sup-triplet-jetclass-ddp-fast-wjet/mahalanobis_eval/epoch_0006/mahalanobis_metrics.json
Mahalanobis AUC, QCD+Hbb+Hcc+Hgg train vs Wqq: 0.527051
Mahalanobis AUC, QCD+Hbb+Hcc+Hgg val vs Wqq: 0.516536
Epoch 6 train losses: {'total_loss': 0.4228397524356842, 'invariant_loss': 0.010663953786715865, 'sigreg_loss': 12.485375, 'triplet_loss': 0.352925189524889, 'triplet_pos_distance': 0.0016161329331807791, 'triplet_neg_distance': 1.1351192261576653, 'classification_loss': 1.2717722222805024}
Epoch 6 val losses: {'total_loss': 0.4130611509084702, 'invariant_loss': 0.009488379135727882, 'sigreg_loss': 12.37875, 'triplet_loss': 0.3257506859302521, 'triplet_pos_distance': 0.0013332597818225623, 'triplet_neg_distance': 1.2407816410064698, 'classification_loss': 1.2343910694122315}
Updated run summary at plots/run-lejepa-semi-sup-triplet-jetclass-ddp-fast-wjet/summary.json

Epoch [7/80]
Saved new best model state_dict to plots/run-lejepa-semi-sup-triplet-jetclass-ddp-fast-wjet/best_model.pth
Saved last model state_dict to plots/run-lejepa-semi-sup-triplet-jetclass-ddp-fast-wjet/last_model.pth
Mahalanobis metrics saved to plots/run-lejepa-semi-sup-triplet-jetclass-ddp-fast-wjet/mahalanobis_eval/epoch_0007/mahalanobis_metrics.json
Mahalanobis AUC, QCD+Hbb+Hcc+Hgg train vs Wqq: 0.506684
Mahalanobis AUC, QCD+Hbb+Hcc+Hgg val vs Wqq: 0.487172
Epoch 7 train losses: {'total_loss': 0.39044187173247336, 'invariant_loss': 0.011029714450705797, 'sigreg_loss': 11.3348125, 'triplet_loss': 0.321681527659297, 'triplet_pos_distance': 0.0015608536987565457, 'triplet_neg_distance': 1.566433304309845, 'classification_loss': 1.20540877532959}
Epoch 7 val losses: {'total_loss': 0.37404066443443296, 'invariant_loss': 0.011615110337734222, 'sigreg_loss': 10.68875, 'triplet_loss': 0.3173231214284897, 'triplet_pos_distance': 0.0017965725995600223, 'triplet_neg_distance': 1.7133883261680602, 'classification_loss': 1.1692370653152466}
Updated run summary at plots/run-lejepa-semi-sup-triplet-jetclass-ddp-fast-wjet/summary.json

Epoch [8/80]
Saved new best model state_dict to plots/run-lejepa-semi-sup-triplet-jetclass-ddp-fast-wjet/best_model.pth
Saved last model state_dict to plots/run-lejepa-semi-sup-triplet-jetclass-ddp-fast-wjet/last_model.pth
Mahalanobis metrics saved to plots/run-lejepa-semi-sup-triplet-jetclass-ddp-fast-wjet/mahalanobis_eval/epoch_0008/mahalanobis_metrics.json
Mahalanobis AUC, QCD+Hbb+Hcc+Hgg train vs Wqq: 0.493187
Mahalanobis AUC, QCD+Hbb+Hcc+Hgg val vs Wqq: 0.475929
Epoch 8 train losses: {'total_loss': 0.37085835853219035, 'invariant_loss': 0.011969362308736891, 'sigreg_loss': 10.5529375, 'triplet_loss': 0.31936158072948456, 'triplet_pos_distance': 0.00170434582157759, 'triplet_neg_distance': 1.7254711178541184, 'classification_loss': 1.1588349905014037}
Epoch 8 val losses: {'total_loss': 0.3544627392292023, 'invariant_loss': 0.012454454097896814, 'sigreg_loss': 9.843125, 'triplet_loss': 0.3146484076976776, 'triplet_pos_distance': 0.0019458972476422787, 'triplet_neg_distance': 1.9161082887649536, 'classification_loss': 1.1366844272613525}
Updated run summary at plots/run-lejepa-semi-sup-triplet-jetclass-ddp-fast-wjet/summary.json

Epoch [9/80]
Saved new best model state_dict to plots/run-lejepa-semi-sup-triplet-jetclass-ddp-fast-wjet/best_model.pth
Saved last model state_dict to plots/run-lejepa-semi-sup-triplet-jetclass-ddp-fast-wjet/last_model.pth
Mahalanobis metrics saved to plots/run-lejepa-semi-sup-triplet-jetclass-ddp-fast-wjet/mahalanobis_eval/epoch_0009/mahalanobis_metrics.json
Mahalanobis AUC, QCD+Hbb+Hcc+Hgg train vs Wqq: 0.492595
Mahalanobis AUC, QCD+Hbb+Hcc+Hgg val vs Wqq: 0.478667
Epoch 9 train losses: {'total_loss': 0.3531019651889801, 'invariant_loss': 0.012709435780532657, 'sigreg_loss': 9.8340625, 'triplet_loss': 0.31000799825787545, 'triplet_pos_distance': 0.0018939950890489853, 'triplet_neg_distance': 1.7958842853307724, 'classification_loss': 1.1270715742707254}
Epoch 9 val losses: {'total_loss': 0.34753929018974306, 'invariant_loss': 0.017203349713236095, 'sigreg_loss': 9.69625, 'triplet_loss': 0.26057240217924116, 'triplet_pos_distance': 0.004477576791541651, 'triplet_neg_distance': 1.9712471818923951, 'classification_loss': 1.1035291469097137}
Updated run summary at plots/run-lejepa-semi-sup-triplet-jetclass-ddp-fast-wjet/summary.json

Epoch [10/80]
Saved new best model state_dict to plots/run-lejepa-semi-sup-triplet-jetclass-ddp-fast-wjet/best_model.pth
Saved last model state_dict to plots/run-lejepa-semi-sup-triplet-jetclass-ddp-fast-wjet/last_model.pth
Mahalanobis metrics saved to plots/run-lejepa-semi-sup-triplet-jetclass-ddp-fast-wjet/mahalanobis_eval/epoch_0010/mahalanobis_metrics.json
Mahalanobis AUC, QCD+Hbb+Hcc+Hgg train vs Wqq: 0.509125
Mahalanobis AUC, QCD+Hbb+Hcc+Hgg val vs Wqq: 0.494126
Epoch 10 train losses: {'total_loss': 0.33025848445296285, 'invariant_loss': 0.013949726496823132, 'sigreg_loss': 9.42765625, 'triplet_loss': 0.1788068386539817, 'triplet_pos_distance': 0.0028210566467605533, 'triplet_neg_distance': 1.975898637533188, 'classification_loss': 1.0987631461024285}
Epoch 10 val losses: {'total_loss': 0.32807598292827606, 'invariant_loss': 0.011788641884922981, 'sigreg_loss': 9.900625, 'triplet_loss': 0.09894660279154778, 'triplet_pos_distance': 0.0018093343009240926, 'triplet_neg_distance': 2.256545624732971, 'classification_loss': 1.0844346189498901}
Updated run summary at plots/run-lejepa-semi-sup-triplet-jetclass-ddp-fast-wjet/summary.json

Epoch [11/80]
Saved new best model state_dict to plots/run-lejepa-semi-sup-triplet-jetclass-ddp-fast-wjet/best_model.pth
Saved last model state_dict to plots/run-lejepa-semi-sup-triplet-jetclass-ddp-fast-wjet/last_model.pth
Mahalanobis metrics saved to plots/run-lejepa-semi-sup-triplet-jetclass-ddp-fast-wjet/mahalanobis_eval/epoch_0011/mahalanobis_metrics.json
Mahalanobis AUC, QCD+Hbb+Hcc+Hgg train vs Wqq: 0.502631
Mahalanobis AUC, QCD+Hbb+Hcc+Hgg val vs Wqq: 0.484899
Epoch 11 train losses: {'total_loss': 0.30876081332564353, 'invariant_loss': 0.012270219856873155, 'sigreg_loss': 9.0394375, 'triplet_loss': 0.08854769905284048, 'triplet_pos_distance': 0.0020128759959479794, 'triplet_neg_distance': 2.5028562216758727, 'classification_loss': 1.0685554893016815}
Epoch 11 val losses: {'total_loss': 0.3029978549480438, 'invariant_loss': 0.0133970389328897, 'sigreg_loss': 8.88625, 'triplet_loss': 0.07104582361876964, 'triplet_pos_distance': 0.0027118982013780626, 'triplet_neg_distance': 2.600962748527527, 'classification_loss': 1.0480091977119446}
Updated run summary at plots/run-lejepa-semi-sup-triplet-jetclass-ddp-fast-wjet/summary.json

Epoch [12/80]
Saved new best model state_dict to plots/run-lejepa-semi-sup-triplet-jetclass-ddp-fast-wjet/best_model.pth
Saved last model state_dict to plots/run-lejepa-semi-sup-triplet-jetclass-ddp-fast-wjet/last_model.pth
Mahalanobis metrics saved to plots/run-lejepa-semi-sup-triplet-jetclass-ddp-fast-wjet/mahalanobis_eval/epoch_0012/mahalanobis_metrics.json
Mahalanobis AUC, QCD+Hbb+Hcc+Hgg train vs Wqq: 0.532984
Mahalanobis AUC, QCD+Hbb+Hcc+Hgg val vs Wqq: 0.518236
Epoch 12 train losses: {'total_loss': 0.29550813983380797, 'invariant_loss': 0.011821317896712572, 'sigreg_loss': 8.57778125, 'triplet_loss': 0.07626583801209927, 'triplet_pos_distance': 0.0018688150332309306, 'triplet_neg_distance': 2.511051385521889, 'classification_loss': 1.044957839548588}
Epoch 12 val losses: {'total_loss': 0.29052985966205597, 'invariant_loss': 0.011457626279443502, 'sigreg_loss': 8.5025, 'triplet_loss': 0.06181732252240181, 'triplet_pos_distance': 0.0020768938516266644, 'triplet_neg_distance': 2.45534903049469, 'classification_loss': 1.028709659576416}
Updated run summary at plots/run-lejepa-semi-sup-triplet-jetclass-ddp-fast-wjet/summary.json

Epoch [13/80]
