## SLURM PROLOG ###############################################################
##    Job ID : 3691545
##  Job Name : JETANOMALY
##  Nodelist : gpu3005
##      CPUs : 1
##  Mem/Node : 32000 MB
## Directory : /oscar/home/lwang223/jetAnomalyDetection
##   Job Started : Tue Jul  7 03:52:51 AM EDT 2026
###############################################################################

==========================================
Job started at: Tue Jul  7 03:52:51 AM EDT 2026
Job ID: 3691545
Node: gpu3005
==========================================

GPU Information (from host):
Tue Jul  7 03:52:51 2026       
+-----------------------------------------------------------------------------------------+
| NVIDIA-SMI 575.57.08              Driver Version: 575.57.08      CUDA Version: 12.9     |
|-----------------------------------------+------------------------+----------------------+
| GPU  Name                 Persistence-M | Bus-Id          Disp.A | Volatile Uncorr. ECC |
| Fan  Temp   Perf          Pwr:Usage/Cap |           Memory-Usage | GPU-Util  Compute M. |
|                                         |                        |               MIG M. |
|=========================================+========================+======================|
|   0  NVIDIA L40S                    On  |   00000000:01:00.0 Off |                    0 |
| N/A   28C    P8             31W /  350W |      75MiB /  46068MiB |      0%      Default |
|                                         |                        |                  N/A |
+-----------------------------------------+------------------------+----------------------+
                                                                                         
+-----------------------------------------------------------------------------------------+
| Processes:                                                                              |
|  GPU   GI   CI              PID   Type   Process name                        GPU Memory |
|        ID   ID                                                               Usage      |
|=========================================================================================|
|    0   N/A  N/A          161852      G   /usr/libexec/Xorg                        64MiB |
+-----------------------------------------------------------------------------------------+

PyTorch version: 2.6.0+cu124
Background rows: 125183
Signal rows: 4067
Node features: ['eta', 'phi', 'pt', 'd0/d0Err', 'dz/dzErr', 'charge', 'mass', 'log_pt', 'pdgId_-211', 'pdgId_-13', 'pdgId_-11', 'pdgId_11', 'pdgId_13', 'pdgId_22', 'pdgId_130', 'pdgId_211']
Loading background node tensors...
Loading signal node tensors...
Background train events: 99979
Background val events: 24995
Signal events: 4064
Example node tensor shape: torch.Size([8, 16])
Model summary:
LeJEPATripletParticleTransformerRepresentation(
  (node_embedding): NodeEmbedding(
    (net): Sequential(
      (0): Linear(in_features=16, out_features=128, bias=True)
      (1): GELU(approximate='none')
      (2): LayerNorm((128,), eps=1e-05, elementwise_affine=True)
      (3): Linear(in_features=128, out_features=512, bias=True)
      (4): GELU(approximate='none')
      (5): LayerNorm((512,), eps=1e-05, elementwise_affine=True)
      (6): Linear(in_features=512, out_features=128, bias=True)
      (7): Dropout(p=0.1, inplace=False)
    )
  )
  (pairwise_bias): PairwiseAttentionBias(
    (mlp): Sequential(
      (0): RMSNorm()
      (1): Linear(in_features=4, out_features=64, bias=True)
      (2): SiLU()
      (3): Dropout(p=0.1, inplace=False)
      (4): Linear(in_features=64, out_features=64, bias=True)
      (5): SiLU()
      (6): Dropout(p=0.1, inplace=False)
      (7): Linear(in_features=64, out_features=8, bias=True)
    )
  )
  (encoder): ParticleTransformerEncoder(
    (layers): ModuleList(
      (0-7): 8 x ParticleTransformerBlock(
        (attn_norm): RMSNorm()
        (self_attn): MultiheadAttention(
          (out_proj): NonDynamicallyQuantizableLinear(in_features=128, out_features=128, bias=True)
        )
        (attn_dropout): Dropout(p=0.1, inplace=False)
        (ffn_norm): RMSNorm()
        (ffn): SwiGLUFFN(
          (fc1): Linear(in_features=128, out_features=1024, bias=True)
          (act): SwiGLU()
          (fc2): Linear(in_features=512, out_features=128, bias=True)
          (dropout): Dropout(p=0.1, inplace=False)
        )
      )
    )
  )
  (cls_pooling): CLSPooling(
    (layers): ModuleList(
      (0-1): 2 x ClassAttentionBlock(
        (query_norm): LayerNorm((128,), eps=1e-05, elementwise_affine=True)
        (context_norm): LayerNorm((128,), eps=1e-05, elementwise_affine=True)
        (attn): MultiheadAttention(
          (out_proj): NonDynamicallyQuantizableLinear(in_features=128, out_features=128, bias=True)
        )
        (attn_dropout): Dropout(p=0.0, inplace=False)
        (ffn_norm): LayerNorm((128,), eps=1e-05, elementwise_affine=True)
        (ffn): Sequential(
          (0): Linear(in_features=128, out_features=512, bias=True)
          (1): GELU(approximate='none')
          (2): Dropout(p=0.0, inplace=False)
          (3): Linear(in_features=512, out_features=128, bias=True)
          (4): Dropout(p=0.0, inplace=False)
        )
      )
    )
  )
  (representation_head): RepresentationHead(
    (net): Sequential(
      (0): RMSNorm()
      (1): Linear(in_features=128, out_features=128, bias=True)
      (2): SiLU()
      (3): Dropout(p=0.1, inplace=False)
      (4): Linear(in_features=128, out_features=128, bias=True)
    )
  )
  (augmentation): MultiViewAugmentation()
  (negative_augmentation): CorruptedNegativeAugmentation()
  (loss): LeJEPASIGRegTripletLoss(
    (lejepa_loss): LeJEPASIGRegLoss(
      (sigreg_loss_fn): SlicingUnivariateTest(
        (univariate_test): EppsPulley()
      )
    )
  )
)
Number of trainable parameters: 2683020
Saved new best model to plots/run-lejepa-trip-part-prob-aug-fracb-augb-3n/best_model.pth
Mahalanobis AUC, QCD train vs WJet: 0.546919
Mahalanobis AUC, QCD val vs WJet: 0.546521
Epoch 1 train losses: {'total_loss': 1.9775521152312188, 'invariant_loss': 0.307964345947613, 'sigreg_loss': 80.14697890025576, 'triplet_loss': 0.6668842638773687, 'triplet_pos_distance': 0.11015737375013454, 'triplet_neg_distance': 0.5051956263006382}
Epoch 1 val losses: {'total_loss': 0.9751450191346966, 'invariant_loss': 0.22616690473288906, 'sigreg_loss': 34.826530612244895, 'triplet_loss': 0.5236021023319692, 'triplet_pos_distance': 0.07043680385211293, 'triplet_neg_distance': 0.7875439667580079}
Saved new best model to plots/run-lejepa-trip-part-prob-aug-fracb-augb-3n/best_model.pth
Mahalanobis AUC, QCD train vs WJet: 0.560840
Mahalanobis AUC, QCD val vs WJet: 0.561342
Epoch 2 train losses: {'total_loss': 0.7826257448672028, 'invariant_loss': 0.26472120840683616, 'sigreg_loss': 23.56929347826087, 'triplet_loss': 0.46508321897757937, 'triplet_pos_distance': 0.0934946265862421, 'triplet_neg_distance': 0.9526088216420635}
Epoch 2 val losses: {'total_loss': 0.6999130703660906, 'invariant_loss': 0.17895412293015694, 'sigreg_loss': 23.862563775510203, 'triplet_loss': 0.4375869044843985, 'triplet_pos_distance': 0.0568085566391142, 'triplet_neg_distance': 1.0067273536506964}
Saved new best model to plots/run-lejepa-trip-part-prob-aug-fracb-augb-3n/best_model.pth
Mahalanobis AUC, QCD train vs WJet: 0.574189
Mahalanobis AUC, QCD val vs WJet: 0.575075
Epoch 3 train losses: {'total_loss': 0.6277233606485455, 'invariant_loss': 0.26031686441825175, 'sigreg_loss': 16.573649296675192, 'triplet_loss': 0.3589724244745186, 'triplet_pos_distance': 0.0931676965006782, 'triplet_neg_distance': 1.1787617001539605}
Epoch 3 val losses: {'total_loss': 0.5514316674397917, 'invariant_loss': 0.17912768412913596, 'sigreg_loss': 16.811065051020407, 'triplet_loss': 0.36112375222906773, 'triplet_pos_distance': 0.056842973531813036, 'triplet_neg_distance': 1.1480273926744655}
Saved new best model to plots/run-lejepa-trip-part-prob-aug-fracb-augb-3n/best_model.pth
Mahalanobis AUC, QCD train vs WJet: 0.579237
Mahalanobis AUC, QCD val vs WJet: 0.580328
Epoch 4 train losses: {'total_loss': 0.5683055910689142, 'invariant_loss': 0.2584631442070922, 'sigreg_loss': 13.950887148337596, 'triplet_loss': 0.3083216737755729, 'triplet_pos_distance': 0.09240581123801449, 'triplet_neg_distance': 1.279093082298708}
Epoch 4 val losses: {'total_loss': 0.5102573143584388, 'invariant_loss': 0.174870494905175, 'sigreg_loss': 15.189572704081632, 'triplet_loss': 0.3153138870791513, 'triplet_pos_distance': 0.0555912693772389, 'triplet_neg_distance': 1.1919413744186869}
Saved new best model to plots/run-lejepa-trip-part-prob-aug-fracb-augb-3n/best_model.pth
Mahalanobis AUC, QCD train vs WJet: 0.578707
Mahalanobis AUC, QCD val vs WJet: 0.580171
Epoch 5 train losses: {'total_loss': 0.5298290335385086, 'invariant_loss': 0.25177597587980577, 'sigreg_loss': 12.514905690537084, 'triplet_loss': 0.2776770376412155, 'triplet_pos_distance': 0.09033939719695569, 'triplet_neg_distance': 1.3226446901136042}
Epoch 5 val losses: {'total_loss': 0.47273104257729587, 'invariant_loss': 0.170826326675561, 'sigreg_loss': 13.689891581632653, 'triplet_loss': 0.2816328309780481, 'triplet_pos_distance': 0.05473655841446349, 'triplet_neg_distance': 1.3290428555741602}
Saved new best model to plots/run-lejepa-trip-part-prob-aug-fracb-augb-3n/best_model.pth
Mahalanobis AUC, QCD train vs WJet: 0.564458
Mahalanobis AUC, QCD val vs WJet: 0.564763
Epoch 6 train losses: {'total_loss': 0.5027684271716706, 'invariant_loss': 0.24650143755747533, 'sigreg_loss': 11.588195332480819, 'triplet_loss': 0.2449386372514393, 'triplet_pos_distance': 0.08885659702846309, 'triplet_neg_distance': 1.4062797007963175}
Epoch 6 val losses: {'total_loss': 0.47109320577310054, 'invariant_loss': 0.17215488915692786, 'sigreg_loss': 13.761957908163266, 'triplet_loss': 0.2371211005564855, 'triplet_pos_distance': 0.0554410169395257, 'triplet_neg_distance': 1.3552048607748381}
Saved new best model to plots/run-lejepa-trip-part-prob-aug-fracb-augb-3n/best_model.pth
Mahalanobis AUC, QCD train vs WJet: 0.559688
Mahalanobis AUC, QCD val vs WJet: 0.560401
Epoch 7 train losses: {'total_loss': 0.48355073266474485, 'invariant_loss': 0.24266777625855276, 'sigreg_loss': 10.96745124680307, 'triplet_loss': 0.2152291478593941, 'triplet_pos_distance': 0.08693636652282284, 'triplet_neg_distance': 1.4826814965213961}
Epoch 7 val losses: {'total_loss': 0.43147871111120495, 'invariant_loss': 0.18194002110739144, 'sigreg_loss': 11.475127551020408, 'triplet_loss': 0.20048989948569512, 'triplet_pos_distance': 0.05761055589406466, 'triplet_neg_distance': 1.550780446553717}
Mahalanobis AUC, QCD train vs WJet: 0.544028
Mahalanobis AUC, QCD val vs WJet: 0.546052
Epoch 8 train losses: {'total_loss': 0.4714960497053688, 'invariant_loss': 0.23786332561155718, 'sigreg_loss': 10.706321930946292, 'triplet_loss': 0.19505158202994205, 'triplet_pos_distance': 0.08439447594058636, 'triplet_neg_distance': 1.522403380602522}
Epoch 8 val losses: {'total_loss': 0.47091061926009703, 'invariant_loss': 0.16206231424394918, 'sigreg_loss': 14.303093112244898, 'triplet_loss': 0.22790227138570376, 'triplet_pos_distance': 0.05040244334282316, 'triplet_neg_distance': 1.2308729801859175}
Saved new best model to plots/run-lejepa-trip-part-prob-aug-fracb-augb-3n/best_model.pth
Mahalanobis AUC, QCD train vs WJet: 0.557655
Mahalanobis AUC, QCD val vs WJet: 0.560724
Epoch 9 train losses: {'total_loss': 0.45566028005936565, 'invariant_loss': 0.23122352859019624, 'sigreg_loss': 10.404411764705882, 'triplet_loss': 0.1634963694816965, 'triplet_pos_distance': 0.08234229634332535, 'triplet_neg_distance': 1.6343495463166395}
Epoch 9 val losses: {'total_loss': 0.42684780456581894, 'invariant_loss': 0.1528186188744647, 'sigreg_loss': 12.964126275510203, 'triplet_loss': 0.14662154589076432, 'triplet_pos_distance': 0.04966824650004202, 'triplet_neg_distance': 1.6764498967297223}
Saved new best model to plots/run-lejepa-trip-part-prob-aug-fracb-augb-3n/best_model.pth
Mahalanobis AUC, QCD train vs WJet: 0.564028
Mahalanobis AUC, QCD val vs WJet: 0.568631
Epoch 10 train losses: {'total_loss': 0.4440137980996495, 'invariant_loss': 0.22567542196463442, 'sigreg_loss': 10.289821771099744, 'triplet_loss': 0.12534694484127756, 'triplet_pos_distance': 0.08105728276493147, 'triplet_neg_distance': 1.8854393308120005}
Epoch 10 val losses: {'total_loss': 0.4120445116137972, 'invariant_loss': 0.14744681769943968, 'sigreg_loss': 12.729591836734693, 'triplet_loss': 0.09978949594102343, 'triplet_pos_distance': 0.049231753684580326, 'triplet_neg_distance': 2.0853627907986545}
Saved new best model to plots/run-lejepa-trip-part-prob-aug-fracb-augb-3n/best_model.pth
Mahalanobis AUC, QCD train vs WJet: 0.600285
Mahalanobis AUC, QCD val vs WJet: 0.601536
Epoch 11 train losses: {'total_loss': 0.43130806709646874, 'invariant_loss': 0.22048274953575694, 'sigreg_loss': 10.010390025575447, 'triplet_loss': 0.10608148401903222, 'triplet_pos_distance': 0.07873644171011113, 'triplet_neg_distance': 2.0269781869390737}
Epoch 11 val losses: {'total_loss': 0.3839288600245301, 'invariant_loss': 0.14995889012150618, 'sigreg_loss': 11.121014030612244, 'triplet_loss': 0.11557856232536082, 'triplet_pos_distance': 0.04693546457862367, 'triplet_neg_distance': 1.9091769992088785}
Saved new best model to plots/run-lejepa-trip-part-prob-aug-fracb-augb-3n/best_model.pth
Mahalanobis AUC, QCD train vs WJet: 0.563641
Mahalanobis AUC, QCD val vs WJet: 0.567516
Epoch 12 train losses: {'total_loss': 0.42057014452984265, 'invariant_loss': 0.2171700190743217, 'sigreg_loss': 9.658527813299234, 'triplet_loss': 0.10223072033156366, 'triplet_pos_distance': 0.07757415338550382, 'triplet_neg_distance': 2.0595649278072443}
Epoch 12 val losses: {'total_loss': 0.3816815503701872, 'invariant_loss': 0.17157209991496436, 'sigreg_loss': 10.201052295918368, 'triplet_loss': 0.06052727427105514, 'triplet_pos_distance': 0.05905005620906548, 'triplet_neg_distance': 2.449931003609482}
Saved new best model to plots/run-lejepa-trip-part-prob-aug-fracb-augb-3n/best_model.pth
Mahalanobis AUC, QCD train vs WJet: 0.589035
Mahalanobis AUC, QCD val vs WJet: 0.590775
Epoch 13 train losses: {'total_loss': 0.4118604639454571, 'invariant_loss': 0.2137180202071319, 'sigreg_loss': 9.438019501278772, 'triplet_loss': 0.09396761630082984, 'triplet_pos_distance': 0.07636916299667353, 'triplet_neg_distance': 2.1207106044835142}
Epoch 13 val losses: {'total_loss': 0.37837197312286924, 'invariant_loss': 0.14651381368843877, 'sigreg_loss': 11.113520408163266, 'triplet_loss': 0.09580574534377273, 'triplet_pos_distance': 0.04483528650954974, 'triplet_neg_distance': 1.923965499717362}
Saved new best model to plots/run-lejepa-trip-part-prob-aug-fracb-augb-3n/best_model.pth
Mahalanobis AUC, QCD train vs WJet: 0.602886
Mahalanobis AUC, QCD val vs WJet: 0.606267
Epoch 14 train losses: {'total_loss': 0.4085062703741786, 'invariant_loss': 0.21138418239095938, 'sigreg_loss': 9.400495524296675, 'triplet_loss': 0.09118818832308892, 'triplet_pos_distance': 0.07532399200627109, 'triplet_neg_distance': 2.096621284704379}
Epoch 14 val losses: {'total_loss': 0.36656901772533146, 'invariant_loss': 0.14077848408903396, 'sigreg_loss': 10.902264030612244, 'triplet_loss': 0.07743059872288485, 'triplet_pos_distance': 0.04430506943858096, 'triplet_neg_distance': 2.018739772086241}
Saved new best model to plots/run-lejepa-trip-part-prob-aug-fracb-augb-3n/best_model.pth
Mahalanobis AUC, QCD train vs WJet: 0.622287
Mahalanobis AUC, QCD val vs WJet: 0.623966
Epoch 15 train losses: {'total_loss': 0.39898111269144754, 'invariant_loss': 0.2075528487029588, 'sigreg_loss': 9.193034686700766, 'triplet_loss': 0.0756289636659081, 'triplet_pos_distance': 0.07430727756999032, 'triplet_neg_distance': 2.196296412926501}
Epoch 15 val losses: {'total_loss': 0.35264746221352594, 'invariant_loss': 0.15196645366294043, 'sigreg_loss': 9.775031887755102, 'triplet_loss': 0.05169207807060103, 'triplet_pos_distance': 0.048169204727651516, 'triplet_neg_distance': 2.2378545756242714}
Mahalanobis AUC, QCD train vs WJet: 0.596680
Mahalanobis AUC, QCD val vs WJet: 0.599491
Epoch 16 train losses: {'total_loss': 0.3959061537709687, 'invariant_loss': 0.20548714967944737, 'sigreg_loss': 9.201306745524297, 'triplet_loss': 0.06386923017766317, 'triplet_pos_distance': 0.07263922974791216, 'triplet_neg_distance': 2.2603273710326466}
Epoch 16 val losses: {'total_loss': 0.3570620414553856, 'invariant_loss': 0.13604583138866083, 'sigreg_loss': 10.714923469387756, 'triplet_loss': 0.06735476189083894, 'triplet_pos_distance': 0.04115210599931223, 'triplet_neg_distance': 2.0546526513537584}
Mahalanobis AUC, QCD train vs WJet: 0.635908
Mahalanobis AUC, QCD val vs WJet: 0.638399
Epoch 17 train losses: {'total_loss': 0.39264492172261944, 'invariant_loss': 0.20361852525826304, 'sigreg_loss': 9.148057864450127, 'triplet_loss': 0.06052674078966117, 'triplet_pos_distance': 0.07177584872716833, 'triplet_neg_distance': 2.3129815294614535}
Epoch 17 val losses: {'total_loss': 0.35473564464826973, 'invariant_loss': 0.14308559324364273, 'sigreg_loss': 10.130899234693878, 'triplet_loss': 0.09023295441756443, 'triplet_pos_distance': 0.04347728150041432, 'triplet_neg_distance': 1.9938062636219724}
Mahalanobis AUC, QCD train vs WJet: 0.639673
Mahalanobis AUC, QCD val vs WJet: 0.642236
Epoch 18 train losses: {'total_loss': 0.3872551017100244, 'invariant_loss': 0.20099634829613253, 'sigreg_loss': 9.008851502557544, 'triplet_loss': 0.06089213720815795, 'triplet_pos_distance': 0.07102699505398645, 'triplet_neg_distance': 2.3203246413594316}
Epoch 18 val losses: {'total_loss': 0.3611014065693836, 'invariant_loss': 0.1335856802381423, 'sigreg_loss': 11.042410714285714, 'triplet_loss': 0.06678072275707916, 'triplet_pos_distance': 0.040478737302580656, 'triplet_neg_distance': 2.126497747946759}
Mahalanobis AUC, QCD train vs WJet: 0.641405
Mahalanobis AUC, QCD val vs WJet: 0.641716
Epoch 19 train losses: {'total_loss': 0.3867404036738379, 'invariant_loss': 0.20102332894454528, 'sigreg_loss': 9.019441336317136, 'triplet_loss': 0.05327120942570974, 'triplet_pos_distance': 0.07084454274486246, 'triplet_neg_distance': 2.361627821117411}
Epoch 19 val losses: {'total_loss': 0.35927275674683706, 'invariant_loss': 0.1340393330141598, 'sigreg_loss': 10.93734056122449, 'triplet_loss': 0.06488405972034955, 'triplet_pos_distance': 0.040788706648638665, 'triplet_neg_distance': 2.0446841759341106}
Saved new best model to plots/run-lejepa-trip-part-prob-aug-fracb-augb-3n/best_model.pth
Mahalanobis AUC, QCD train vs WJet: 0.610917
Mahalanobis AUC, QCD val vs WJet: 0.612982
Epoch 20 train losses: {'total_loss': 0.38236371004749137, 'invariant_loss': 0.1990549694127439, 'sigreg_loss': 8.903692455242966, 'triplet_loss': 0.05234688494707008, 'triplet_pos_distance': 0.0699010250322959, 'triplet_neg_distance': 2.3679945694516076}
Epoch 20 val losses: {'total_loss': 0.3389218292978345, 'invariant_loss': 0.14523930973088256, 'sigreg_loss': 9.46811224489796, 'triplet_loss': 0.04324058813936248, 'triplet_pos_distance': 0.04397889624862951, 'triplet_neg_distance': 2.1775543093681335}
