## SLURM PROLOG ###############################################################
##    Job ID : 3424566
##  Job Name : JETANOMALY
##  Nodelist : gpu3101
##      CPUs : 1
##  Mem/Node : 32000 MB
## Directory : /oscar/home/lwang223/jetAnomalyDetection
##   Job Started : Thu Jun 25 03:42:37 PM EDT 2026
###############################################################################

==========================================
Job started at: Thu Jun 25 03:42:37 PM EDT 2026
Job ID: 3424566
Node: gpu3101
==========================================

GPU Information (from host):
Thu Jun 25 15:42:37 2026       
+-----------------------------------------------------------------------------------------+
| NVIDIA-SMI 575.57.08              Driver Version: 575.57.08      CUDA Version: 12.9     |
|-----------------------------------------+------------------------+----------------------+
| GPU  Name                 Persistence-M | Bus-Id          Disp.A | Volatile Uncorr. ECC |
| Fan  Temp   Perf          Pwr:Usage/Cap |           Memory-Usage | GPU-Util  Compute M. |
|                                         |                        |               MIG M. |
|=========================================+========================+======================|
|   0  NVIDIA L40S                    On  |   00000000:01:00.0 Off |                    0 |
| N/A   26C    P8             32W /  350W |      74MiB /  46068MiB |      0%      Default |
|                                         |                        |                  N/A |
+-----------------------------------------+------------------------+----------------------+
                                                                                         
+-----------------------------------------------------------------------------------------+
| Processes:                                                                              |
|  GPU   GI   CI              PID   Type   Process name                        GPU Memory |
|        ID   ID                                                               Usage      |
|=========================================================================================|
|    0   N/A  N/A          182625      G   /usr/libexec/Xorg                        64MiB |
+-----------------------------------------------------------------------------------------+

PyTorch version: 2.6.0+cu124
Loaded background rows: 125117
Loaded signal rows: 4067
Building background graphs...
Building signal graphs...
Particle multiplicity summary:
count    129170.000000
mean         20.995425
std           8.562535
min           2.000000
50%          20.000000
90%          32.000000
95%          37.000000
99%          46.000000
max          86.000000
dtype: float64
Feature names: ['eta', 'phi', 'pt', 'd0/d0Err', 'dz/dzErr']
Example graph.x shape: torch.Size([13, 5])
Background graphs: 100082 train, 25021 val
Signal graphs: 4067
Model Summary:
JetClassT2TTransformerAE(
  (feature_embedding): Linear(in_features=5, out_features=4, bias=True)
  (position_embedding): Sequential(
    (0): Linear(in_features=2, out_features=4, bias=True)
    (1): GELU(approximate='none')
    (2): Linear(in_features=4, out_features=4, bias=True)
  )
  (encoder): TransformerEncoder(
    (layers): ModuleList(
      (0-3): 4 x TransformerEncoderLayer(
        (self_attn): MultiheadAttention(
          (out_proj): NonDynamicallyQuantizableLinear(in_features=4, out_features=4, bias=True)
        )
        (linear1): Linear(in_features=4, out_features=16, bias=True)
        (dropout): Dropout(p=0.1, inplace=False)
        (linear2): Linear(in_features=16, out_features=4, bias=True)
        (norm1): LayerNorm((4,), eps=1e-05, elementwise_affine=True)
        (norm2): LayerNorm((4,), eps=1e-05, elementwise_affine=True)
        (dropout1): Dropout(p=0.1, inplace=False)
        (dropout2): Dropout(p=0.1, inplace=False)
      )
    )
  )
  (to_latent): Linear(in_features=4, out_features=2, bias=True)
  (from_latent): Linear(in_features=2, out_features=4, bias=True)
  (decoder): TransformerEncoder(
    (layers): ModuleList(
      (0-3): 4 x TransformerEncoderLayer(
        (self_attn): MultiheadAttention(
          (out_proj): NonDynamicallyQuantizableLinear(in_features=4, out_features=4, bias=True)
        )
        (linear1): Linear(in_features=4, out_features=16, bias=True)
        (dropout): Dropout(p=0.1, inplace=False)
        (linear2): Linear(in_features=16, out_features=4, bias=True)
        (norm1): LayerNorm((4,), eps=1e-05, elementwise_affine=True)
        (norm2): LayerNorm((4,), eps=1e-05, elementwise_affine=True)
        (dropout1): Dropout(p=0.1, inplace=False)
        (dropout2): Dropout(p=0.1, inplace=False)
      )
    )
  )
  (reconstruction_head): Linear(in_features=4, out_features=5, bias=True)
)
Number of trainable parameters: 2059
Debug: Epoch 1/30, Mean Val Loss: 0.997484, Val Loss Std: 0.0541103, Val Loss Min: 0.803574, Val Loss Max: 1.15686
Debug: Epoch 1/30, Mean Train Loss: 1.23502, Train Loss Std: 0.519882, Train Loss Min: 0.882015, Train Loss Max: 6.53795
Saved new best model to plots/run-cls-t2t-transformer-ae-lixing-h4-l2-4l-8v-30epo/best_model.pth
Debug: Epoch 2/30, Mean Val Loss: 0.876196, Val Loss Std: 0.0473927, Val Loss Min: 0.709971, Val Loss Max: 1.02665
Debug: Epoch 2/30, Mean Train Loss: 0.963346, Train Loss Std: 0.0619358, Train Loss Min: 0.779058, Train Loss Max: 1.178
Saved new best model to plots/run-cls-t2t-transformer-ae-lixing-h4-l2-4l-8v-30epo/best_model.pth
Debug: Epoch 3/30, Mean Val Loss: 0.744626, Val Loss Std: 0.0432201, Val Loss Min: 0.599148, Val Loss Max: 0.888696
Debug: Epoch 3/30, Mean Train Loss: 0.836052, Train Loss Std: 0.0592457, Train Loss Min: 0.650798, Train Loss Max: 1.04896
Saved new best model to plots/run-cls-t2t-transformer-ae-lixing-h4-l2-4l-8v-30epo/best_model.pth
Debug: Epoch 4/30, Mean Val Loss: 0.661211, Val Loss Std: 0.0421084, Val Loss Min: 0.528533, Val Loss Max: 0.80396
Debug: Epoch 4/30, Mean Train Loss: 0.728995, Train Loss Std: 0.0511817, Train Loss Min: 0.585648, Train Loss Max: 0.914017
Saved new best model to plots/run-cls-t2t-transformer-ae-lixing-h4-l2-4l-8v-30epo/best_model.pth
Debug: Epoch 5/30, Mean Val Loss: 0.615519, Val Loss Std: 0.0418425, Val Loss Min: 0.495384, Val Loss Max: 0.757958
Debug: Epoch 5/30, Mean Train Loss: 0.666402, Train Loss Std: 0.0459322, Train Loss Min: 0.538585, Train Loss Max: 0.816059
Saved new best model to plots/run-cls-t2t-transformer-ae-lixing-h4-l2-4l-8v-30epo/best_model.pth
Debug: Epoch 6/30, Mean Val Loss: 0.588358, Val Loss Std: 0.0416011, Val Loss Min: 0.472557, Val Loss Max: 0.726196
Debug: Epoch 6/30, Mean Train Loss: 0.623504, Train Loss Std: 0.0439783, Train Loss Min: 0.484727, Train Loss Max: 0.784226
Saved new best model to plots/run-cls-t2t-transformer-ae-lixing-h4-l2-4l-8v-30epo/best_model.pth
Debug: Epoch 7/30, Mean Val Loss: 0.575837, Val Loss Std: 0.0411163, Val Loss Min: 0.459255, Val Loss Max: 0.711173
Debug: Epoch 7/30, Mean Train Loss: 0.600991, Train Loss Std: 0.0430151, Train Loss Min: 0.478804, Train Loss Max: 0.76426
Saved new best model to plots/run-cls-t2t-transformer-ae-lixing-h4-l2-4l-8v-30epo/best_model.pth
Debug: Epoch 8/30, Mean Val Loss: 0.566552, Val Loss Std: 0.0404635, Val Loss Min: 0.448628, Val Loss Max: 0.701332
Debug: Epoch 8/30, Mean Train Loss: 0.588371, Train Loss Std: 0.042556, Train Loss Min: 0.463514, Train Loss Max: 0.745725
Saved new best model to plots/run-cls-t2t-transformer-ae-lixing-h4-l2-4l-8v-30epo/best_model.pth
Debug: Epoch 9/30, Mean Val Loss: 0.557622, Val Loss Std: 0.0397255, Val Loss Min: 0.438121, Val Loss Max: 0.690948
Debug: Epoch 9/30, Mean Train Loss: 0.578099, Train Loss Std: 0.0418585, Train Loss Min: 0.466221, Train Loss Max: 0.724701
Saved new best model to plots/run-cls-t2t-transformer-ae-lixing-h4-l2-4l-8v-30epo/best_model.pth
Debug: Epoch 10/30, Mean Val Loss: 0.55125, Val Loss Std: 0.0392427, Val Loss Min: 0.430761, Val Loss Max: 0.683056
Debug: Epoch 10/30, Mean Train Loss: 0.570297, Train Loss Std: 0.0414843, Train Loss Min: 0.463972, Train Loss Max: 0.721627
Saved new best model to plots/run-cls-t2t-transformer-ae-lixing-h4-l2-4l-8v-30epo/best_model.pth
Debug: Epoch 11/30, Mean Val Loss: 0.54712, Val Loss Std: 0.03897, Val Loss Min: 0.42652, Val Loss Max: 0.677794
Debug: Epoch 11/30, Mean Train Loss: 0.564637, Train Loss Std: 0.0408447, Train Loss Min: 0.439409, Train Loss Max: 0.716399
Saved new best model to plots/run-cls-t2t-transformer-ae-lixing-h4-l2-4l-8v-30epo/best_model.pth
Debug: Epoch 12/30, Mean Val Loss: 0.54429, Val Loss Std: 0.0387386, Val Loss Min: 0.422996, Val Loss Max: 0.674165
Debug: Epoch 12/30, Mean Train Loss: 0.560561, Train Loss Std: 0.0405362, Train Loss Min: 0.436192, Train Loss Max: 0.719301
Saved new best model to plots/run-cls-t2t-transformer-ae-lixing-h4-l2-4l-8v-30epo/best_model.pth
Debug: Epoch 13/30, Mean Val Loss: 0.542087, Val Loss Std: 0.0386263, Val Loss Min: 0.420285, Val Loss Max: 0.671278
Debug: Epoch 13/30, Mean Train Loss: 0.557322, Train Loss Std: 0.0386125, Train Loss Min: 0.453835, Train Loss Max: 0.716723
Saved new best model to plots/run-cls-t2t-transformer-ae-lixing-h4-l2-4l-8v-30epo/best_model.pth
Debug: Epoch 14/30, Mean Val Loss: 0.540085, Val Loss Std: 0.0385089, Val Loss Min: 0.418269, Val Loss Max: 0.668462
Debug: Epoch 14/30, Mean Train Loss: 0.554606, Train Loss Std: 0.0394289, Train Loss Min: 0.443649, Train Loss Max: 0.706609
Saved new best model to plots/run-cls-t2t-transformer-ae-lixing-h4-l2-4l-8v-30epo/best_model.pth
Debug: Epoch 15/30, Mean Val Loss: 0.538711, Val Loss Std: 0.0384102, Val Loss Min: 0.416672, Val Loss Max: 0.666297
Debug: Epoch 15/30, Mean Train Loss: 0.552632, Train Loss Std: 0.0394427, Train Loss Min: 0.44095, Train Loss Max: 0.696226
Saved new best model to plots/run-cls-t2t-transformer-ae-lixing-h4-l2-4l-8v-30epo/best_model.pth
Debug: Epoch 16/30, Mean Val Loss: 0.53736, Val Loss Std: 0.0383288, Val Loss Min: 0.415058, Val Loss Max: 0.664409
Debug: Epoch 16/30, Mean Train Loss: 0.55072, Train Loss Std: 0.040157, Train Loss Min: 0.430703, Train Loss Max: 0.740502
Saved new best model to plots/run-cls-t2t-transformer-ae-lixing-h4-l2-4l-8v-30epo/best_model.pth
Debug: Epoch 17/30, Mean Val Loss: 0.536261, Val Loss Std: 0.0382796, Val Loss Min: 0.413808, Val Loss Max: 0.662924
Debug: Epoch 17/30, Mean Train Loss: 0.549179, Train Loss Std: 0.0384104, Train Loss Min: 0.432818, Train Loss Max: 0.676048
Saved new best model to plots/run-cls-t2t-transformer-ae-lixing-h4-l2-4l-8v-30epo/best_model.pth
Debug: Epoch 18/30, Mean Val Loss: 0.535407, Val Loss Std: 0.0382581, Val Loss Min: 0.413099, Val Loss Max: 0.6617
Debug: Epoch 18/30, Mean Train Loss: 0.548221, Train Loss Std: 0.0415758, Train Loss Min: 0.43127, Train Loss Max: 0.713137
Saved new best model to plots/run-cls-t2t-transformer-ae-lixing-h4-l2-4l-8v-30epo/best_model.pth
Debug: Epoch 19/30, Mean Val Loss: 0.534688, Val Loss Std: 0.0382144, Val Loss Min: 0.412367, Val Loss Max: 0.660584
Debug: Epoch 19/30, Mean Train Loss: 0.547139, Train Loss Std: 0.0399724, Train Loss Min: 0.434463, Train Loss Max: 0.683239
Saved new best model to plots/run-cls-t2t-transformer-ae-lixing-h4-l2-4l-8v-30epo/best_model.pth
Debug: Epoch 20/30, Mean Val Loss: 0.534051, Val Loss Std: 0.038186, Val Loss Min: 0.411789, Val Loss Max: 0.659597
Debug: Epoch 20/30, Mean Train Loss: 0.546197, Train Loss Std: 0.0394242, Train Loss Min: 0.420522, Train Loss Max: 0.675096
Saved new best model to plots/run-cls-t2t-transformer-ae-lixing-h4-l2-4l-8v-30epo/best_model.pth
Debug: Epoch 21/30, Mean Val Loss: 0.533499, Val Loss Std: 0.0381438, Val Loss Min: 0.410982, Val Loss Max: 0.658885
Debug: Epoch 21/30, Mean Train Loss: 0.545592, Train Loss Std: 0.0387217, Train Loss Min: 0.430381, Train Loss Max: 0.666175
Saved new best model to plots/run-cls-t2t-transformer-ae-lixing-h4-l2-4l-8v-30epo/best_model.pth
Debug: Epoch 22/30, Mean Val Loss: 0.53305, Val Loss Std: 0.0381201, Val Loss Min: 0.41055, Val Loss Max: 0.658119
Debug: Epoch 22/30, Mean Train Loss: 0.544849, Train Loss Std: 0.0401779, Train Loss Min: 0.426808, Train Loss Max: 0.722357
Saved new best model to plots/run-cls-t2t-transformer-ae-lixing-h4-l2-4l-8v-30epo/best_model.pth
Debug: Epoch 23/30, Mean Val Loss: 0.53272, Val Loss Std: 0.0381014, Val Loss Min: 0.410427, Val Loss Max: 0.657621
Debug: Epoch 23/30, Mean Train Loss: 0.544486, Train Loss Std: 0.0392015, Train Loss Min: 0.437995, Train Loss Max: 0.71314
Saved new best model to plots/run-cls-t2t-transformer-ae-lixing-h4-l2-4l-8v-30epo/best_model.pth
Debug: Epoch 24/30, Mean Val Loss: 0.532464, Val Loss Std: 0.0380865, Val Loss Min: 0.41026, Val Loss Max: 0.657175
Debug: Epoch 24/30, Mean Train Loss: 0.544197, Train Loss Std: 0.0387849, Train Loss Min: 0.427343, Train Loss Max: 0.721595
Saved new best model to plots/run-cls-t2t-transformer-ae-lixing-h4-l2-4l-8v-30epo/best_model.pth
Debug: Epoch 25/30, Mean Val Loss: 0.532283, Val Loss Std: 0.0380845, Val Loss Min: 0.409991, Val Loss Max: 0.656972
Debug: Epoch 25/30, Mean Train Loss: 0.543783, Train Loss Std: 0.0382038, Train Loss Min: 0.423611, Train Loss Max: 0.700508
Saved new best model to plots/run-cls-t2t-transformer-ae-lixing-h4-l2-4l-8v-30epo/best_model.pth
Debug: Epoch 26/30, Mean Val Loss: 0.532115, Val Loss Std: 0.0380696, Val Loss Min: 0.40995, Val Loss Max: 0.656643
Debug: Epoch 26/30, Mean Train Loss: 0.543648, Train Loss Std: 0.0386317, Train Loss Min: 0.423709, Train Loss Max: 0.673624
Saved new best model to plots/run-cls-t2t-transformer-ae-lixing-h4-l2-4l-8v-30epo/best_model.pth
Debug: Epoch 27/30, Mean Val Loss: 0.532023, Val Loss Std: 0.0380672, Val Loss Min: 0.409837, Val Loss Max: 0.656533
Debug: Epoch 27/30, Mean Train Loss: 0.543469, Train Loss Std: 0.0401927, Train Loss Min: 0.428182, Train Loss Max: 0.743494
Saved new best model to plots/run-cls-t2t-transformer-ae-lixing-h4-l2-4l-8v-30epo/best_model.pth
Debug: Epoch 28/30, Mean Val Loss: 0.531945, Val Loss Std: 0.0380536, Val Loss Min: 0.409766, Val Loss Max: 0.65638
Debug: Epoch 28/30, Mean Train Loss: 0.543211, Train Loss Std: 0.0378923, Train Loss Min: 0.435575, Train Loss Max: 0.674372
Saved new best model to plots/run-cls-t2t-transformer-ae-lixing-h4-l2-4l-8v-30epo/best_model.pth
Debug: Epoch 29/30, Mean Val Loss: 0.531902, Val Loss Std: 0.0380507, Val Loss Min: 0.409669, Val Loss Max: 0.656323
Debug: Epoch 29/30, Mean Train Loss: 0.543444, Train Loss Std: 0.0405687, Train Loss Min: 0.424213, Train Loss Max: 0.692027
Saved new best model to plots/run-cls-t2t-transformer-ae-lixing-h4-l2-4l-8v-30epo/best_model.pth
Debug: Epoch 30/30, Mean Val Loss: 0.531871, Val Loss Std: 0.0380479, Val Loss Min: 0.409585, Val Loss Max: 0.656301
Debug: Epoch 30/30, Mean Train Loss: 0.543415, Train Loss Std: 0.0401116, Train Loss Min: 0.430143, Train Loss Max: 0.717651
Saved new best model to plots/run-cls-t2t-transformer-ae-lixing-h4-l2-4l-8v-30epo/best_model.pth
Final AUC: 0.5577588442624841
