## SLURM PROLOG ###############################################################
##    Job ID : 4067821
##  Job Name : AK8-SS-m0.2-zjets
##  Nodelist : gpu3003
##      CPUs : 1
##  Mem/Node : 90000 MB
## Directory : /oscar/home/hgao50/jetAnomalyDetection
##   Job Started : Fri Jul 17 02:09:58 PM EDT 2026
###############################################################################

==========================================
Job started at: Fri Jul 17 02:09:58 PM EDT 2026
Job ID: 4067821
Node: gpu3003
MARGIN=0.2  SIGNAL=zjets
==========================================

GPU Information (from host):
Fri Jul 17 14:09:58 2026       
+-----------------------------------------------------------------------------------------+
| NVIDIA-SMI 575.57.08              Driver Version: 575.57.08      CUDA Version: 12.9     |
|-----------------------------------------+------------------------+----------------------+
| GPU  Name                 Persistence-M | Bus-Id          Disp.A | Volatile Uncorr. ECC |
| Fan  Temp   Perf          Pwr:Usage/Cap |           Memory-Usage | GPU-Util  Compute M. |
|                                         |                        |               MIG M. |
|=========================================+========================+======================|
|   0  NVIDIA L40S                    On  |   00000000:01:00.0 Off |                    0 |
| N/A   49C    P8             36W /  350W |      77MiB /  46068MiB |      0%      Default |
|                                         |                        |                  N/A |
+-----------------------------------------+------------------------+----------------------+
                                                                                         
+-----------------------------------------------------------------------------------------+
| Processes:                                                                              |
|  GPU   GI   CI              PID   Type   Process name                        GPU Memory |
|        ID   ID                                                               Usage      |
|=========================================================================================|
|    0   N/A  N/A          179375      G   /usr/libexec/Xorg                        64MiB |
+-----------------------------------------------------------------------------------------+

PyTorch 2.2.1+cu118, cuda=True, device=NVIDIA L40S
Staged qcd: 395 files -> /tmp/ak8_semisup_zjets_m0.2_4067821/qcd
Staged wjets: 200 files -> /tmp/ak8_semisup_zjets_m0.2_4067821/wjets
Staged ttbar: 199 files -> /tmp/ak8_semisup_zjets_m0.2_4067821/ttbar
Staged hbb: 188 files -> /tmp/ak8_semisup_zjets_m0.2_4067821/hbb
Staged signal zjets: 200 files -> /tmp/ak8_semisup_zjets_m0.2_4067821/signal_zjets
Background dirs: /tmp/ak8_semisup_zjets_m0.2_4067821/qcd,/tmp/ak8_semisup_zjets_m0.2_4067821/wjets,/tmp/ak8_semisup_zjets_m0.2_4067821/ttbar,/tmp/ak8_semisup_zjets_m0.2_4067821/hbb
Background names: QCD,WJets,TTbar,Hbb
Signal: zjets (ZJets)
Margin: 0.2
Output dir: plots/run-lejepa-ak8-semisup-m0.2-zjets
Streaming backgrounds from /tmp/ak8_semisup_zjets_m0.2_4067821/qcd,/tmp/ak8_semisup_zjets_m0.2_4067821/wjets,/tmp/ak8_semisup_zjets_m0.2_4067821/ttbar,/tmp/ak8_semisup_zjets_m0.2_4067821/hbb
Streaming signal from /tmp/ak8_semisup_zjets_m0.2_4067821/signal_zjets
Node feature names: ['eta', 'phi', 'pt', 'd0/d0Err', 'dz/dzErr', 'charge', 'mass', 'log_pt', 'pdgId_-211', 'pdgId_-13', 'pdgId_-11', 'pdgId_11', 'pdgId_13', 'pdgId_22', 'pdgId_130', 'pdgId_211']
Streaming mode: discovering ROOT shards (no full in-memory load).
  class 0 (QCD): 395 ROOT files
  class 1 (WJets): 200 ROOT files
  class 2 (TTbar): 199 ROOT files
  class 3 (Hbb): 188 ROOT files
  split QCD: train_files=355 val_files=40
  split WJets: train_files=180 val_files=20
  split TTbar: train_files=179 val_files=20
  split Hbb: train_files=169 val_files=19
  signal (ZJets): 200 ROOT files
Streaming configured: steps_per_epoch=1000, val_steps=100, eval_steps=100
Streaming datasets already prepared in load(); skipping RAM materialization.
Skipping feature plots in streaming mode.
Selected SSL model: semi-sup-triplet
Model summary:
LeJEPASemiSupervisedTripletParticleTransformerRepresentation(
  (node_embedding): NodeEmbedding(
    (net): Sequential(
      (0): Linear(in_features=16, out_features=128, bias=True)
      (1): GELU(approximate='none')
      (2): LayerNorm((128,), eps=1e-05, elementwise_affine=True)
      (3): Linear(in_features=128, out_features=512, bias=True)
      (4): GELU(approximate='none')
      (5): LayerNorm((512,), eps=1e-05, elementwise_affine=True)
      (6): Linear(in_features=512, out_features=128, bias=True)
      (7): Dropout(p=0.1, inplace=False)
    )
  )
  (pairwise_bias): PairwiseAttentionBias(
    (mlp): Sequential(
      (0): RMSNorm()
      (1): Linear(in_features=4, out_features=16, bias=True)
      (2): SiLU()
      (3): Dropout(p=0.1, inplace=False)
      (4): Linear(in_features=16, out_features=16, bias=True)
      (5): SiLU()
      (6): Dropout(p=0.1, inplace=False)
      (7): Linear(in_features=16, out_features=8, bias=True)
    )
  )
  (encoder): ParticleTransformerEncoder(
    (layers): ModuleList(
      (0-7): 8 x ParticleTransformerBlock(
        (attn_norm): RMSNorm()
        (self_attn): MultiheadAttention(
          (out_proj): NonDynamicallyQuantizableLinear(in_features=128, out_features=128, bias=True)
        )
        (attn_dropout): Dropout(p=0.1, inplace=False)
        (ffn_norm): RMSNorm()
        (ffn): SwiGLUFFN(
          (fc1): Linear(in_features=128, out_features=1024, bias=True)
          (act): SwiGLU()
          (fc2): Linear(in_features=512, out_features=128, bias=True)
          (dropout): Dropout(p=0.1, inplace=False)
        )
      )
    )
  )
  (cls_pooling): CLSPooling(
    (layers): ModuleList(
      (0-1): 2 x ClassAttentionBlock(
        (query_norm): LayerNorm((128,), eps=1e-05, elementwise_affine=True)
        (context_norm): LayerNorm((128,), eps=1e-05, elementwise_affine=True)
        (attn): MultiheadAttention(
          (out_proj): NonDynamicallyQuantizableLinear(in_features=128, out_features=128, bias=True)
        )
        (attn_dropout): Dropout(p=0.0, inplace=False)
        (ffn_norm): LayerNorm((128,), eps=1e-05, elementwise_affine=True)
        (ffn): Sequential(
          (0): Linear(in_features=128, out_features=512, bias=True)
          (1): GELU(approximate='none')
          (2): Dropout(p=0.0, inplace=False)
          (3): Linear(in_features=512, out_features=128, bias=True)
          (4): Dropout(p=0.0, inplace=False)
        )
      )
    )
  )
  (representation_head): RepresentationHead(
    (net): Sequential(
      (0): RMSNorm()
      (1): Linear(in_features=128, out_features=128, bias=True)
      (2): SiLU()
      (3): Dropout(p=0.1, inplace=False)
      (4): Linear(in_features=128, out_features=128, bias=True)
    )
  )
  (augmentation): MultiViewAugmentation()
  (negative_augmentation): CorruptedNegativeAugmentation()
  (loss): LeJEPASIGRegTripletClassificationLoss(
    (triplet_loss): LeJEPASIGRegTripletLoss(
      (lejepa_loss): LeJEPASIGRegLoss(
        (sigreg_loss_fn): SlicingUnivariateTest(
          (univariate_test): EppsPulley()
        )
      )
    )
  )
  (classification_head): CategoricalClassificationHead(
    (net): Sequential(
      (0): RMSNorm()
      (1): Linear(in_features=128, out_features=128, bias=True)
      (2): SiLU()
      (3): Dropout(p=0.1, inplace=False)
      (4): Linear(in_features=128, out_features=4, bias=True)
    )
  )
)
Number of trainable parameters: 2695664
Skipping augmentation sample plots.
Initialized run summary at plots/run-lejepa-ak8-semisup-m0.2-zjets/summary.json

Epoch [1/12]
Learning rate: 1e-07
Saved new best model state_dict to plots/run-lejepa-ak8-semisup-m0.2-zjets/best_model.pth
Saved last model state_dict to plots/run-lejepa-ak8-semisup-m0.2-zjets/last_model.pth
Epoch 1 train losses: {'total_loss': 1.8133921546936036, 'invariant_loss': 0.2505333422822878, 'sigreg_loss': 74.58625, 'triplet_loss': 0.05987212841957808, 'triplet_pos_distance': 0.0638750091639813, 'triplet_neg_distance': 0.618554781367071, 'classification_loss': 1.3002835022211074}
Epoch 1 val losses: {'total_loss': 0.806401863694191, 'invariant_loss': 0.14639387987554073, 'sigreg_loss': 29.835, 'triplet_loss': 0.019350544987246393, 'triplet_pos_distance': 0.026396590638905763, 'triplet_neg_distance': 1.0837982940673827, 'classification_loss': 1.2286460864543916}
Updated run summary at plots/run-lejepa-ak8-semisup-m0.2-zjets/summary.json

Epoch [2/12]
Learning rate: 0.0001001
Saved new best model state_dict to plots/run-lejepa-ak8-semisup-m0.2-zjets/best_model.pth
Saved last model state_dict to plots/run-lejepa-ak8-semisup-m0.2-zjets/last_model.pth
Epoch 2 train losses: {'total_loss': 0.7006979519724846, 'invariant_loss': 0.19577317430078983, 'sigreg_loss': 22.1921875, 'triplet_loss': 0.010595695035066455, 'triplet_pos_distance': 0.05466318370774388, 'triplet_neg_distance': 1.2380614256858826, 'classification_loss': 1.1995307278633118}
Epoch 2 val losses: {'total_loss': 0.5818318557739258, 'invariant_loss': 0.11767922200262547, 'sigreg_loss': 20.24, 'triplet_loss': 0.010583746647462249, 'triplet_pos_distance': 0.021611071657389402, 'triplet_neg_distance': 1.3042700111865997, 'classification_loss': 1.1661820447444915}
Updated run summary at plots/run-lejepa-ak8-semisup-m0.2-zjets/summary.json

Epoch [3/12]
Learning rate: 0.0002001
Saved new best model state_dict to plots/run-lejepa-ak8-semisup-m0.2-zjets/best_model.pth
Saved last model state_dict to plots/run-lejepa-ak8-semisup-m0.2-zjets/last_model.pth
Epoch 3 train losses: {'total_loss': 0.5612085759043693, 'invariant_loss': 0.1866426535397768, 'sigreg_loss': 15.792, 'triplet_loss': 0.006996914098970592, 'triplet_pos_distance': 0.053954653821885586, 'triplet_neg_distance': 1.3862741497755051, 'classification_loss': 1.160840214729309}
Epoch 3 val losses: {'total_loss': 0.4969038411974907, 'invariant_loss': 0.119849304407835, 'sigreg_loss': 15.911875, 'triplet_loss': 0.009113484770059585, 'triplet_pos_distance': 0.02235291332937777, 'triplet_neg_distance': 1.3655117702484132, 'classification_loss': 1.1576293861865998}
Updated run summary at plots/run-lejepa-ak8-semisup-m0.2-zjets/summary.json

Epoch [4/12]
Learning rate: 0.0003001
Saved new best model state_dict to plots/run-lejepa-ak8-semisup-m0.2-zjets/best_model.pth
Saved last model state_dict to plots/run-lejepa-ak8-semisup-m0.2-zjets/last_model.pth
Epoch 4 train losses: {'total_loss': 0.5145425022542477, 'invariant_loss': 0.18073362049460412, 'sigreg_loss': 13.7503125, 'triplet_loss': 0.00665712433308363, 'triplet_pos_distance': 0.05194000010937452, 'triplet_neg_distance': 1.4042007061243058, 'classification_loss': 1.1633125655651093}
Epoch 4 val losses: {'total_loss': 0.4620696568489075, 'invariant_loss': 0.11429704293608665, 'sigreg_loss': 14.45125, 'triplet_loss': 0.008848610203713178, 'triplet_pos_distance': 0.020225734105333685, 'triplet_neg_distance': 1.4091818809509278, 'classification_loss': 1.1582629019021988}
Updated run summary at plots/run-lejepa-ak8-semisup-m0.2-zjets/summary.json

Epoch [5/12]
Learning rate: 0.0004001
Saved new best model state_dict to plots/run-lejepa-ak8-semisup-m0.2-zjets/best_model.pth
Saved last model state_dict to plots/run-lejepa-ak8-semisup-m0.2-zjets/last_model.pth
Mahalanobis metrics saved to plots/run-lejepa-ak8-semisup-m0.2-zjets/mahalanobis_eval/epoch_0005/mahalanobis_metrics.json
Mahalanobis AUC, QCD+WJets+TTbar+Hbb train vs ZJets: 0.526364
Mahalanobis AUC, QCD+WJets+TTbar+Hbb val vs ZJets: 0.502942
Epoch 5 train losses: {'total_loss': 0.4835888472497463, 'invariant_loss': 0.17488609451055526, 'sigreg_loss': 12.4904375, 'triplet_loss': 0.006368177299853415, 'triplet_pos_distance': 0.04937687883898616, 'triplet_neg_distance': 1.3870071910619737, 'classification_loss': 1.1645998962521553}
Epoch 5 val losses: {'total_loss': 0.42714988261461256, 'invariant_loss': 0.10002372324466706, 'sigreg_loss': 13.454375, 'triplet_loss': 0.008757769484072924, 'triplet_pos_distance': 0.018214936018921435, 'triplet_neg_distance': 1.3158281445503235, 'classification_loss': 1.144148315191269}
Updated run summary at plots/run-lejepa-ak8-semisup-m0.2-zjets/summary.json

Epoch [6/12]
Learning rate: 0.0005001
Saved new best model state_dict to plots/run-lejepa-ak8-semisup-m0.2-zjets/best_model.pth
Saved last model state_dict to plots/run-lejepa-ak8-semisup-m0.2-zjets/last_model.pth
Epoch 6 train losses: {'total_loss': 0.4625655127465725, 'invariant_loss': 0.17277095083892346, 'sigreg_loss': 11.5543125, 'triplet_loss': 0.006006802137708291, 'triplet_pos_distance': 0.048643340565264225, 'triplet_neg_distance': 1.3729800561666488, 'classification_loss': 1.161904908835888}
Epoch 6 val losses: {'total_loss': 0.41097934782505036, 'invariant_loss': 0.10400651045143604, 'sigreg_loss': 12.425625, 'triplet_loss': 0.007934931516647339, 'triplet_pos_distance': 0.019447106537409126, 'triplet_neg_distance': 1.3188783192634583, 'classification_loss': 1.1521025002002716}
Updated run summary at plots/run-lejepa-ak8-semisup-m0.2-zjets/summary.json

Epoch [7/12]
Learning rate: 0.0006001
Saved new best model state_dict to plots/run-lejepa-ak8-semisup-m0.2-zjets/best_model.pth
Saved last model state_dict to plots/run-lejepa-ak8-semisup-m0.2-zjets/last_model.pth
Epoch 7 train losses: {'total_loss': 0.44608561101555827, 'invariant_loss': 0.16915034748613833, 'sigreg_loss': 10.95875, 'triplet_loss': 0.005764752845047042, 'triplet_pos_distance': 0.04800733801163733, 'triplet_neg_distance': 1.3904227186441422, 'classification_loss': 1.1438944239616393}
Epoch 7 val losses: {'total_loss': 0.39845864087343213, 'invariant_loss': 0.10253226108849049, 'sigreg_loss': 11.92125, 'triplet_loss': 0.007725014565512538, 'triplet_pos_distance': 0.017601748094893992, 'triplet_neg_distance': 1.2855096435546876, 'classification_loss': 1.134132331609726}
Updated run summary at plots/run-lejepa-ak8-semisup-m0.2-zjets/summary.json

Epoch [8/12]
Learning rate: 0.0007001
Saved new best model state_dict to plots/run-lejepa-ak8-semisup-m0.2-zjets/best_model.pth
Saved last model state_dict to plots/run-lejepa-ak8-semisup-m0.2-zjets/last_model.pth
Epoch 8 train losses: {'total_loss': 0.4371247138977051, 'invariant_loss': 0.1677010183632374, 'sigreg_loss': 10.60325, 'triplet_loss': 0.005817034053616226, 'triplet_pos_distance': 0.04762666220217943, 'triplet_neg_distance': 1.3942145731449127, 'classification_loss': 1.135179627418518}
Epoch 8 val losses: {'total_loss': 0.3948462000489235, 'invariant_loss': 0.10180365785956383, 'sigreg_loss': 11.80625, 'triplet_loss': 0.006847542345058173, 'triplet_pos_distance': 0.017140434961766003, 'triplet_neg_distance': 1.3688983941078186, 'classification_loss': 1.1243042063713073}
Updated run summary at plots/run-lejepa-ak8-semisup-m0.2-zjets/summary.json

Epoch [9/12]
Learning rate: 0.0008001
Saved new best model state_dict to plots/run-lejepa-ak8-semisup-m0.2-zjets/best_model.pth
Saved last model state_dict to plots/run-lejepa-ak8-semisup-m0.2-zjets/last_model.pth
Epoch 9 train losses: {'total_loss': 0.42738546764850616, 'invariant_loss': 0.16656240069121123, 'sigreg_loss': 10.15584375, 'triplet_loss': 0.005550238742260263, 'triplet_pos_distance': 0.04670471831783652, 'triplet_neg_distance': 1.3972139718532561, 'classification_loss': 1.1431732944846154}
Epoch 9 val losses: {'total_loss': 0.377123242020607, 'invariant_loss': 0.11168750219047069, 'sigreg_loss': 10.409375, 'triplet_loss': 0.007490635761059821, 'triplet_pos_distance': 0.01938992340117693, 'triplet_neg_distance': 1.3903594505786896, 'classification_loss': 1.1300617480278015}
Updated run summary at plots/run-lejepa-ak8-semisup-m0.2-zjets/summary.json

Epoch [10/12]
Learning rate: 0.0009001
Saved new best model state_dict to plots/run-lejepa-ak8-semisup-m0.2-zjets/best_model.pth
Saved last model state_dict to plots/run-lejepa-ak8-semisup-m0.2-zjets/last_model.pth
Mahalanobis metrics saved to plots/run-lejepa-ak8-semisup-m0.2-zjets/mahalanobis_eval/epoch_0010/mahalanobis_metrics.json
Mahalanobis AUC, QCD+WJets+TTbar+Hbb train vs ZJets: 0.517355
Mahalanobis AUC, QCD+WJets+TTbar+Hbb val vs ZJets: 0.502720
Epoch 10 train losses: {'total_loss': 0.4229668798446655, 'invariant_loss': 0.1662367404997349, 'sigreg_loss': 9.9418125, 'triplet_loss': 0.005550358732929453, 'triplet_pos_distance': 0.04659134059026837, 'triplet_neg_distance': 1.4112759927511216, 'classification_loss': 1.1469395030140876}
Epoch 10 val losses: {'total_loss': 0.3687688887119293, 'invariant_loss': 0.10750642709434033, 'sigreg_loss': 10.20375, 'triplet_loss': 0.007112164415884763, 'triplet_pos_distance': 0.019997100606560708, 'triplet_neg_distance': 1.361125864982605, 'classification_loss': 1.1291889548301697}
Updated run summary at plots/run-lejepa-ak8-semisup-m0.2-zjets/summary.json

Epoch [11/12]
Learning rate: 0.001
Saved new best model state_dict to plots/run-lejepa-ak8-semisup-m0.2-zjets/best_model.pth
Saved last model state_dict to plots/run-lejepa-ak8-semisup-m0.2-zjets/last_model.pth
Epoch 11 train losses: {'total_loss': 0.4107094869017601, 'invariant_loss': 0.1652319629341364, 'sigreg_loss': 9.38209375, 'triplet_loss': 0.005201430240646005, 'triplet_pos_distance': 0.046278479631990194, 'triplet_neg_distance': 1.4144655747413635, 'classification_loss': 1.146452227294445}
Epoch 11 val losses: {'total_loss': 0.3493025130033493, 'invariant_loss': 0.10024042293429375, 'sigreg_loss': 9.6159375, 'triplet_loss': 0.00630223804153502, 'triplet_pos_distance': 0.01775954813696444, 'triplet_neg_distance': 1.367501972913742, 'classification_loss': 1.1227389347553254}
Updated run summary at plots/run-lejepa-ak8-semisup-m0.2-zjets/summary.json

Epoch [12/12]
Learning rate: 0.0005005
Saved new best model state_dict to plots/run-lejepa-ak8-semisup-m0.2-zjets/best_model.pth
Saved last model state_dict to plots/run-lejepa-ak8-semisup-m0.2-zjets/last_model.pth
Mahalanobis metrics saved to plots/run-lejepa-ak8-semisup-m0.2-zjets/mahalanobis_eval/epoch_0012/mahalanobis_metrics.json
Mahalanobis AUC, QCD+WJets+TTbar+Hbb train vs ZJets: 0.530784
Mahalanobis AUC, QCD+WJets+TTbar+Hbb val vs ZJets: 0.514484
Epoch 12 train losses: {'total_loss': 0.383339958012104, 'invariant_loss': 0.1574042615517974, 'sigreg_loss': 8.47565625, 'triplet_loss': 0.004585311090690084, 'triplet_pos_distance': 0.044723205104470254, 'triplet_neg_distance': 1.4164251942634583, 'classification_loss': 1.1196604157686234}
Epoch 12 val losses: {'total_loss': 0.3352937453985214, 'invariant_loss': 0.09494092136621475, 'sigreg_loss': 9.21625, 'triplet_loss': 0.0062495577265508475, 'triplet_pos_distance': 0.017235090262256562, 'triplet_neg_distance': 1.3526606440544129, 'classification_loss': 1.1080339604616165}
Updated run summary at plots/run-lejepa-ak8-semisup-m0.2-zjets/summary.json
Saved run summary to plots/run-lejepa-ak8-semisup-m0.2-zjets/summary.json
Job finished at: Fri Jul 17 03:18:03 PM EDT 2026
