## SLURM PROLOG ###############################################################
##    Job ID : 4067822
##  Job Name : AK8-SS-m0.2-ttbar
##  Nodelist : gpu3005
##      CPUs : 1
##  Mem/Node : 90000 MB
## Directory : /oscar/home/hgao50/jetAnomalyDetection
##   Job Started : Fri Jul 17 03:14:25 PM EDT 2026
###############################################################################

==========================================
Job started at: Fri Jul 17 03:14:25 PM EDT 2026
Job ID: 4067822
Node: gpu3005
MARGIN=0.2  SIGNAL=ttbar
==========================================

GPU Information (from host):
Fri Jul 17 15:14:25 2026       
+-----------------------------------------------------------------------------------------+
| NVIDIA-SMI 575.57.08              Driver Version: 575.57.08      CUDA Version: 12.9     |
|-----------------------------------------+------------------------+----------------------+
| GPU  Name                 Persistence-M | Bus-Id          Disp.A | Volatile Uncorr. ECC |
| Fan  Temp   Perf          Pwr:Usage/Cap |           Memory-Usage | GPU-Util  Compute M. |
|                                         |                        |               MIG M. |
|=========================================+========================+======================|
|   0  NVIDIA L40S                    On  |   00000000:41:00.0 Off |                    0 |
| N/A   29C    P8             33W /  350W |      75MiB /  46068MiB |      0%      Default |
|                                         |                        |                  N/A |
+-----------------------------------------+------------------------+----------------------+
                                                                                         
+-----------------------------------------------------------------------------------------+
| Processes:                                                                              |
|  GPU   GI   CI              PID   Type   Process name                        GPU Memory |
|        ID   ID                                                               Usage      |
|=========================================================================================|
|    0   N/A  N/A          161852      G   /usr/libexec/Xorg                        64MiB |
+-----------------------------------------------------------------------------------------+

PyTorch 2.2.1+cu118, cuda=True, device=NVIDIA L40S
Staged qcd: 395 files -> /tmp/ak8_semisup_ttbar_m0.2_4067822/qcd
Staged wjets: 200 files -> /tmp/ak8_semisup_ttbar_m0.2_4067822/wjets
Staged zjets: 200 files -> /tmp/ak8_semisup_ttbar_m0.2_4067822/zjets
Staged hbb: 188 files -> /tmp/ak8_semisup_ttbar_m0.2_4067822/hbb
Staged signal ttbar: 199 files -> /tmp/ak8_semisup_ttbar_m0.2_4067822/signal_ttbar
Background dirs: /tmp/ak8_semisup_ttbar_m0.2_4067822/qcd,/tmp/ak8_semisup_ttbar_m0.2_4067822/wjets,/tmp/ak8_semisup_ttbar_m0.2_4067822/zjets,/tmp/ak8_semisup_ttbar_m0.2_4067822/hbb
Background names: QCD,WJets,ZJets,Hbb
Signal: ttbar (TTbar)
Margin: 0.2
Output dir: plots/run-lejepa-ak8-semisup-m0.2-ttbar
Streaming backgrounds from /tmp/ak8_semisup_ttbar_m0.2_4067822/qcd,/tmp/ak8_semisup_ttbar_m0.2_4067822/wjets,/tmp/ak8_semisup_ttbar_m0.2_4067822/zjets,/tmp/ak8_semisup_ttbar_m0.2_4067822/hbb
Streaming signal from /tmp/ak8_semisup_ttbar_m0.2_4067822/signal_ttbar
Node feature names: ['eta', 'phi', 'pt', 'd0/d0Err', 'dz/dzErr', 'charge', 'mass', 'log_pt', 'pdgId_-211', 'pdgId_-13', 'pdgId_-11', 'pdgId_11', 'pdgId_13', 'pdgId_22', 'pdgId_130', 'pdgId_211']
Streaming mode: discovering ROOT shards (no full in-memory load).
  class 0 (QCD): 395 ROOT files
  class 1 (WJets): 200 ROOT files
  class 2 (ZJets): 200 ROOT files
  class 3 (Hbb): 188 ROOT files
  split QCD: train_files=355 val_files=40
  split WJets: train_files=180 val_files=20
  split ZJets: train_files=180 val_files=20
  split Hbb: train_files=169 val_files=19
  signal (TTbar): 199 ROOT files
Streaming configured: steps_per_epoch=1000, val_steps=100, eval_steps=100
Streaming datasets already prepared in load(); skipping RAM materialization.
Skipping feature plots in streaming mode.
Selected SSL model: semi-sup-triplet
Model summary:
LeJEPASemiSupervisedTripletParticleTransformerRepresentation(
  (node_embedding): NodeEmbedding(
    (net): Sequential(
      (0): Linear(in_features=16, out_features=128, bias=True)
      (1): GELU(approximate='none')
      (2): LayerNorm((128,), eps=1e-05, elementwise_affine=True)
      (3): Linear(in_features=128, out_features=512, bias=True)
      (4): GELU(approximate='none')
      (5): LayerNorm((512,), eps=1e-05, elementwise_affine=True)
      (6): Linear(in_features=512, out_features=128, bias=True)
      (7): Dropout(p=0.1, inplace=False)
    )
  )
  (pairwise_bias): PairwiseAttentionBias(
    (mlp): Sequential(
      (0): RMSNorm()
      (1): Linear(in_features=4, out_features=16, bias=True)
      (2): SiLU()
      (3): Dropout(p=0.1, inplace=False)
      (4): Linear(in_features=16, out_features=16, bias=True)
      (5): SiLU()
      (6): Dropout(p=0.1, inplace=False)
      (7): Linear(in_features=16, out_features=8, bias=True)
    )
  )
  (encoder): ParticleTransformerEncoder(
    (layers): ModuleList(
      (0-7): 8 x ParticleTransformerBlock(
        (attn_norm): RMSNorm()
        (self_attn): MultiheadAttention(
          (out_proj): NonDynamicallyQuantizableLinear(in_features=128, out_features=128, bias=True)
        )
        (attn_dropout): Dropout(p=0.1, inplace=False)
        (ffn_norm): RMSNorm()
        (ffn): SwiGLUFFN(
          (fc1): Linear(in_features=128, out_features=1024, bias=True)
          (act): SwiGLU()
          (fc2): Linear(in_features=512, out_features=128, bias=True)
          (dropout): Dropout(p=0.1, inplace=False)
        )
      )
    )
  )
  (cls_pooling): CLSPooling(
    (layers): ModuleList(
      (0-1): 2 x ClassAttentionBlock(
        (query_norm): LayerNorm((128,), eps=1e-05, elementwise_affine=True)
        (context_norm): LayerNorm((128,), eps=1e-05, elementwise_affine=True)
        (attn): MultiheadAttention(
          (out_proj): NonDynamicallyQuantizableLinear(in_features=128, out_features=128, bias=True)
        )
        (attn_dropout): Dropout(p=0.0, inplace=False)
        (ffn_norm): LayerNorm((128,), eps=1e-05, elementwise_affine=True)
        (ffn): Sequential(
          (0): Linear(in_features=128, out_features=512, bias=True)
          (1): GELU(approximate='none')
          (2): Dropout(p=0.0, inplace=False)
          (3): Linear(in_features=512, out_features=128, bias=True)
          (4): Dropout(p=0.0, inplace=False)
        )
      )
    )
  )
  (representation_head): RepresentationHead(
    (net): Sequential(
      (0): RMSNorm()
      (1): Linear(in_features=128, out_features=128, bias=True)
      (2): SiLU()
      (3): Dropout(p=0.1, inplace=False)
      (4): Linear(in_features=128, out_features=128, bias=True)
    )
  )
  (augmentation): MultiViewAugmentation()
  (negative_augmentation): CorruptedNegativeAugmentation()
  (loss): LeJEPASIGRegTripletClassificationLoss(
    (triplet_loss): LeJEPASIGRegTripletLoss(
      (lejepa_loss): LeJEPASIGRegLoss(
        (sigreg_loss_fn): SlicingUnivariateTest(
          (univariate_test): EppsPulley()
        )
      )
    )
  )
  (classification_head): CategoricalClassificationHead(
    (net): Sequential(
      (0): RMSNorm()
      (1): Linear(in_features=128, out_features=128, bias=True)
      (2): SiLU()
      (3): Dropout(p=0.1, inplace=False)
      (4): Linear(in_features=128, out_features=4, bias=True)
    )
  )
)
Number of trainable parameters: 2695664
Skipping augmentation sample plots.
Initialized run summary at plots/run-lejepa-ak8-semisup-m0.2-ttbar/summary.json

Epoch [1/12]
Learning rate: 1e-07
Saved new best model state_dict to plots/run-lejepa-ak8-semisup-m0.2-ttbar/best_model.pth
Saved last model state_dict to plots/run-lejepa-ak8-semisup-m0.2-ttbar/last_model.pth
Epoch 1 train losses: {'total_loss': 1.8142531546354295, 'invariant_loss': 0.2506228664489463, 'sigreg_loss': 74.57075, 'triplet_loss': 0.06226328638847917, 'triplet_pos_distance': 0.06662415634188801, 'triplet_neg_distance': 0.589786696572788, 'classification_loss': 1.3205010735988616}
Epoch 1 val losses: {'total_loss': 0.7887732464075089, 'invariant_loss': 0.14452644370496273, 'sigreg_loss': 28.9375, 'triplet_loss': 0.02349765060469508, 'triplet_pos_distance': 0.02808332782238722, 'triplet_neg_distance': 1.0335224431753158, 'classification_loss': 1.2602064657211303}
Updated run summary at plots/run-lejepa-ak8-semisup-m0.2-ttbar/summary.json

Epoch [2/12]
Learning rate: 0.0001001
Saved new best model state_dict to plots/run-lejepa-ak8-semisup-m0.2-ttbar/best_model.pth
Saved last model state_dict to plots/run-lejepa-ak8-semisup-m0.2-ttbar/last_model.pth
Epoch 2 train losses: {'total_loss': 0.7022175025343895, 'invariant_loss': 0.19795652474462985, 'sigreg_loss': 22.0075625, 'triplet_loss': 0.013939306748565286, 'triplet_pos_distance': 0.056653030455112455, 'triplet_neg_distance': 1.204172103881836, 'classification_loss': 1.2544503530263902}
Epoch 2 val losses: {'total_loss': 0.585536727309227, 'invariant_loss': 0.12178068622946739, 'sigreg_loss': 20.005, 'triplet_loss': 0.015589999407529831, 'triplet_pos_distance': 0.023742439951747657, 'triplet_neg_distance': 1.297973668575287, 'classification_loss': 1.2412064814567565}
Updated run summary at plots/run-lejepa-ak8-semisup-m0.2-ttbar/summary.json

Epoch [3/12]
Learning rate: 0.0002001
Saved new best model state_dict to plots/run-lejepa-ak8-semisup-m0.2-ttbar/best_model.pth
Saved last model state_dict to plots/run-lejepa-ak8-semisup-m0.2-ttbar/last_model.pth
Epoch 3 train losses: {'total_loss': 0.5792101060152054, 'invariant_loss': 0.1940143080353737, 'sigreg_loss': 16.1231875, 'triplet_loss': 0.008867989288875833, 'triplet_pos_distance': 0.05690713111683726, 'triplet_neg_distance': 1.3942698667049407, 'classification_loss': 1.2366682448387145}
Epoch 3 val losses: {'total_loss': 0.520801813006401, 'invariant_loss': 0.12109490238130093, 'sigreg_loss': 16.888125, 'triplet_loss': 0.011055796234868466, 'triplet_pos_distance': 0.02438878799788654, 'triplet_neg_distance': 1.408369880914688, 'classification_loss': 1.2165578091144562}
Updated run summary at plots/run-lejepa-ak8-semisup-m0.2-ttbar/summary.json

Epoch [4/12]
Learning rate: 0.0003001
Saved new best model state_dict to plots/run-lejepa-ak8-semisup-m0.2-ttbar/best_model.pth
Saved last model state_dict to plots/run-lejepa-ak8-semisup-m0.2-ttbar/last_model.pth
Epoch 4 train losses: {'total_loss': 0.5251514763236046, 'invariant_loss': 0.18575132231414318, 'sigreg_loss': 13.8624375, 'triplet_loss': 0.007188641343032941, 'triplet_pos_distance': 0.054413873452693225, 'triplet_neg_distance': 1.45431998360157, 'classification_loss': 1.228352311849594}
Epoch 4 val losses: {'total_loss': 0.45840795785188676, 'invariant_loss': 0.11054912962019443, 'sigreg_loss': 14.328125, 'triplet_loss': 0.009565193094313145, 'triplet_pos_distance': 0.021910218112170695, 'triplet_neg_distance': 1.4564379942417145, 'classification_loss': 1.2064055597782135}
Updated run summary at plots/run-lejepa-ak8-semisup-m0.2-ttbar/summary.json

Epoch [5/12]
Learning rate: 0.0004001
Saved new best model state_dict to plots/run-lejepa-ak8-semisup-m0.2-ttbar/best_model.pth
Saved last model state_dict to plots/run-lejepa-ak8-semisup-m0.2-ttbar/last_model.pth
Mahalanobis metrics saved to plots/run-lejepa-ak8-semisup-m0.2-ttbar/mahalanobis_eval/epoch_0005/mahalanobis_metrics.json
Mahalanobis AUC, QCD+WJets+ZJets+Hbb train vs TTbar: 0.493845
Mahalanobis AUC, QCD+WJets+ZJets+Hbb val vs TTbar: 0.489792
Epoch 5 train losses: {'total_loss': 0.49355294021964075, 'invariant_loss': 0.17799485745280982, 'sigreg_loss': 12.689625, 'triplet_loss': 0.0066570745455101134, 'triplet_pos_distance': 0.052131128795444966, 'triplet_neg_distance': 1.4718840392827988, 'classification_loss': 1.2218513261079789}
Epoch 5 val losses: {'total_loss': 0.43130601406097413, 'invariant_loss': 0.10371210619807243, 'sigreg_loss': 13.33, 'triplet_loss': 0.00878282037563622, 'triplet_pos_distance': 0.020679414379410444, 'triplet_neg_distance': 1.3554814040660859, 'classification_loss': 1.202085967063904}
Updated run summary at plots/run-lejepa-ak8-semisup-m0.2-ttbar/summary.json

Epoch [6/12]
Learning rate: 0.0005001
Saved new best model state_dict to plots/run-lejepa-ak8-semisup-m0.2-ttbar/best_model.pth
Saved last model state_dict to plots/run-lejepa-ak8-semisup-m0.2-ttbar/last_model.pth
Epoch 6 train losses: {'total_loss': 0.46629767361283303, 'invariant_loss': 0.17113497644662856, 'sigreg_loss': 11.689875, 'triplet_loss': 0.006498849417315796, 'triplet_pos_distance': 0.05006787274032831, 'triplet_neg_distance': 1.445727312207222, 'classification_loss': 1.214533513903618}
Epoch 6 val losses: {'total_loss': 0.42677839249372485, 'invariant_loss': 0.1050582055002451, 'sigreg_loss': 13.028125, 'triplet_loss': 0.008893736815080046, 'triplet_pos_distance': 0.020210183393210172, 'triplet_neg_distance': 1.3610527741909026, 'classification_loss': 1.2054834699630737}
Updated run summary at plots/run-lejepa-ak8-semisup-m0.2-ttbar/summary.json

Epoch [7/12]
Learning rate: 0.0006001
Saved new best model state_dict to plots/run-lejepa-ak8-semisup-m0.2-ttbar/best_model.pth
Saved last model state_dict to plots/run-lejepa-ak8-semisup-m0.2-ttbar/last_model.pth
Epoch 7 train losses: {'total_loss': 0.45086082634329794, 'invariant_loss': 0.16913000024855138, 'sigreg_loss': 11.0398125, 'triplet_loss': 0.005992210624041035, 'triplet_pos_distance': 0.04927682314813137, 'triplet_neg_distance': 1.4498984268903732, 'classification_loss': 1.2065773535966873}
Epoch 7 val losses: {'total_loss': 0.40871577590703967, 'invariant_loss': 0.10112003207206727, 'sigreg_loss': 12.343125, 'triplet_loss': 0.007843163590878248, 'triplet_pos_distance': 0.01945029355119914, 'triplet_neg_distance': 1.314495517015457, 'classification_loss': 1.1979473042488098}
Updated run summary at plots/run-lejepa-ak8-semisup-m0.2-ttbar/summary.json

Epoch [8/12]
Learning rate: 0.0007001
Saved new best model state_dict to plots/run-lejepa-ak8-semisup-m0.2-ttbar/best_model.pth
Saved last model state_dict to plots/run-lejepa-ak8-semisup-m0.2-ttbar/last_model.pth
Epoch 8 train losses: {'total_loss': 0.43718097177147863, 'invariant_loss': 0.16768291655182838, 'sigreg_loss': 10.42053125, 'triplet_loss': 0.00564021245483309, 'triplet_pos_distance': 0.04884440738707781, 'triplet_neg_distance': 1.456790851831436, 'classification_loss': 1.2107899901866912}
Epoch 8 val losses: {'total_loss': 0.4079410457611084, 'invariant_loss': 0.10822574079036712, 'sigreg_loss': 11.95, 'triplet_loss': 0.008640977540053427, 'triplet_pos_distance': 0.02032891570124775, 'triplet_neg_distance': 1.3722012317180634, 'classification_loss': 1.1979226005077361}
Updated run summary at plots/run-lejepa-ak8-semisup-m0.2-ttbar/summary.json

Epoch [9/12]
Learning rate: 0.0008001
Saved new best model state_dict to plots/run-lejepa-ak8-semisup-m0.2-ttbar/best_model.pth
Saved last model state_dict to plots/run-lejepa-ak8-semisup-m0.2-ttbar/last_model.pth
Epoch 9 train losses: {'total_loss': 0.4315298312306404, 'invariant_loss': 0.16635771022737025, 'sigreg_loss': 10.20040625, 'triplet_loss': 0.005573031878680922, 'triplet_pos_distance': 0.04846057325229049, 'triplet_neg_distance': 1.455313883781433, 'classification_loss': 1.2122962758541107}
Epoch 9 val losses: {'total_loss': 0.3941100111603737, 'invariant_loss': 0.10346904404461384, 'sigreg_loss': 11.49375, 'triplet_loss': 0.0074736564932391045, 'triplet_pos_distance': 0.0194988461676985, 'triplet_neg_distance': 1.3799368226528168, 'classification_loss': 1.1998251211643218}
Updated run summary at plots/run-lejepa-ak8-semisup-m0.2-ttbar/summary.json

Epoch [10/12]
Learning rate: 0.0009001
Saved new best model state_dict to plots/run-lejepa-ak8-semisup-m0.2-ttbar/best_model.pth
Saved last model state_dict to plots/run-lejepa-ak8-semisup-m0.2-ttbar/last_model.pth
Mahalanobis metrics saved to plots/run-lejepa-ak8-semisup-m0.2-ttbar/mahalanobis_eval/epoch_0010/mahalanobis_metrics.json
Mahalanobis AUC, QCD+WJets+ZJets+Hbb train vs TTbar: 0.487962
Mahalanobis AUC, QCD+WJets+ZJets+Hbb val vs TTbar: 0.483020
Epoch 10 train losses: {'total_loss': 0.4246892764270306, 'invariant_loss': 0.16547709924727677, 'sigreg_loss': 9.916375, 'triplet_loss': 0.0054809522239957, 'triplet_pos_distance': 0.04780213557556272, 'triplet_neg_distance': 1.4541593747138977, 'classification_loss': 1.2068362418413163}
Epoch 10 val losses: {'total_loss': 0.37865139424800875, 'invariant_loss': 0.11040645740926265, 'sigreg_loss': 10.3984375, 'triplet_loss': 0.007054937011562287, 'triplet_pos_distance': 0.021161410948261617, 'triplet_neg_distance': 1.4419727194309235, 'classification_loss': 1.1908279466629028}
Updated run summary at plots/run-lejepa-ak8-semisup-m0.2-ttbar/summary.json

Epoch [11/12]
Learning rate: 0.001
Saved new best model state_dict to plots/run-lejepa-ak8-semisup-m0.2-ttbar/best_model.pth
Saved last model state_dict to plots/run-lejepa-ak8-semisup-m0.2-ttbar/last_model.pth
Epoch 11 train losses: {'total_loss': 0.4108332413733006, 'invariant_loss': 0.16231312078237534, 'sigreg_loss': 9.397625, 'triplet_loss': 0.005253785403096117, 'triplet_pos_distance': 0.04702488116919994, 'triplet_neg_distance': 1.4505263097286225, 'classification_loss': 1.2011057258844375}
Epoch 11 val losses: {'total_loss': 0.3626685592532158, 'invariant_loss': 0.09162814430892467, 'sigreg_loss': 10.555625, 'triplet_loss': 0.006960751912556589, 'triplet_pos_distance': 0.017529448634013532, 'triplet_neg_distance': 1.3764190447330475, 'classification_loss': 1.1848164618015289}
Updated run summary at plots/run-lejepa-ak8-semisup-m0.2-ttbar/summary.json

Epoch [12/12]
Learning rate: 0.0005005
Saved new best model state_dict to plots/run-lejepa-ak8-semisup-m0.2-ttbar/best_model.pth
Saved last model state_dict to plots/run-lejepa-ak8-semisup-m0.2-ttbar/last_model.pth
Mahalanobis metrics saved to plots/run-lejepa-ak8-semisup-m0.2-ttbar/mahalanobis_eval/epoch_0012/mahalanobis_metrics.json
Mahalanobis AUC, QCD+WJets+ZJets+Hbb train vs TTbar: 0.490221
Mahalanobis AUC, QCD+WJets+ZJets+Hbb val vs TTbar: 0.486915
Epoch 12 train losses: {'total_loss': 0.38461857885122297, 'invariant_loss': 0.15612005745619537, 'sigreg_loss': 8.44021875, 'triplet_loss': 0.004562050163862295, 'triplet_pos_distance': 0.045321753647178414, 'triplet_neg_distance': 1.4633001053333283, 'classification_loss': 1.1849087752699852}
Epoch 12 val losses: {'total_loss': 0.33784515589475633, 'invariant_loss': 0.09528144769370556, 'sigreg_loss': 9.1628125, 'triplet_loss': 0.005855968417599797, 'triplet_pos_distance': 0.01773520530667156, 'triplet_neg_distance': 1.3889136111736298, 'classification_loss': 1.1747184538841247}
Updated run summary at plots/run-lejepa-ak8-semisup-m0.2-ttbar/summary.json
Saved run summary to plots/run-lejepa-ak8-semisup-m0.2-ttbar/summary.json
Job finished at: Fri Jul 17 04:18:27 PM EDT 2026
