## SLURM PROLOG ###############################################################
##    Job ID : 3960524
##  Job Name : JETANOMALY-JETCLASS
##  Nodelist : gpu3004
##      CPUs : 1
##  Mem/Node : 48000 MB
## Directory : /oscar/home/lwang223/jetAnomalyDetection
##   Job Started : Mon Jul 13 07:48:54 PM EDT 2026
###############################################################################

==========================================
Job started at: Mon Jul 13 07:48:54 PM EDT 2026
Job ID: 3960524
Node: gpu3004
==========================================

GPU Information (from host):
Mon Jul 13 19:48:54 2026       
+-----------------------------------------------------------------------------------------+
| NVIDIA-SMI 575.57.08              Driver Version: 575.57.08      CUDA Version: 12.9     |
|-----------------------------------------+------------------------+----------------------+
| GPU  Name                 Persistence-M | Bus-Id          Disp.A | Volatile Uncorr. ECC |
| Fan  Temp   Perf          Pwr:Usage/Cap |           Memory-Usage | GPU-Util  Compute M. |
|                                         |                        |               MIG M. |
|=========================================+========================+======================|
|   0  NVIDIA L40S                    On  |   00000000:61:00.0 Off |                    0 |
| N/A   29C    P8             32W /  350W |      74MiB /  46068MiB |      0%      Default |
|                                         |                        |                  N/A |
+-----------------------------------------+------------------------+----------------------+
                                                                                         
+-----------------------------------------------------------------------------------------+
| Processes:                                                                              |
|  GPU   GI   CI              PID   Type   Process name                        GPU Memory |
|        ID   ID                                                               Usage      |
|=========================================================================================|
|    0   N/A  N/A          184125      G   /usr/libexec/Xorg                        64MiB |
+-----------------------------------------------------------------------------------------+

PyTorch version: 2.6.0+cu124
JetClass root: /HEP/export/home/lwang223/JetClass/JetClass/Pythia
Background labels: ['label_QCD', 'label_Hbb', 'label_Hcc', 'label_Hgg']
Signal labels: ['label_Wqq']
Particle features: ['part_px', 'part_py', 'part_pz', 'part_energy', 'part_pt', 'log_pt_fraction', 'part_deta', 'part_dphi', 'd0_sig', 'dz_sig', 'part_charge', 'part_isChargedHadron', 'part_isNeutralHadron', 'part_isPhoton', 'part_isElectron', 'part_isMuon']
Lazy JetClass datasets ready; no full split has been loaded into RAM.
Background train ROOT shards: 400
Background val ROOT shards: 20
Signal test ROOT shards: 20
Per-event particle shape: (128, 16)
Selected SSL model: semi-sup-triplet
Model summary:
LeJEPASemiSupervisedTripletParticleTransformerRepresentation(
  (node_embedding): NodeEmbedding(
    (net): Sequential(
      (0): Linear(in_features=12, out_features=32, bias=True)
      (1): GELU(approximate='none')
      (2): LayerNorm((32,), eps=1e-05, elementwise_affine=True)
      (3): Linear(in_features=32, out_features=128, bias=True)
      (4): GELU(approximate='none')
      (5): LayerNorm((128,), eps=1e-05, elementwise_affine=True)
      (6): Linear(in_features=128, out_features=32, bias=True)
      (7): Dropout(p=0.01, inplace=False)
    )
  )
  (pairwise_bias): PairwiseAttentionBias(
    (mlp): Sequential(
      (0): RMSNorm()
      (1): Linear(in_features=4, out_features=32, bias=True)
      (2): SiLU()
      (3): Dropout(p=0.01, inplace=False)
      (4): Linear(in_features=32, out_features=32, bias=True)
      (5): SiLU()
      (6): Dropout(p=0.01, inplace=False)
      (7): Linear(in_features=32, out_features=8, bias=True)
    )
  )
  (encoder): ParticleTransformerEncoder(
    (layers): ModuleList(
      (0-3): 4 x ParticleTransformerBlock(
        (attn_norm): RMSNorm()
        (self_attn): MultiheadAttention(
          (out_proj): NonDynamicallyQuantizableLinear(in_features=32, out_features=32, bias=True)
        )
        (attn_dropout): Dropout(p=0.01, inplace=False)
        (ffn_norm): RMSNorm()
        (ffn): SwiGLUFFN(
          (fc1): Linear(in_features=32, out_features=256, bias=True)
          (act): SwiGLU()
          (fc2): Linear(in_features=128, out_features=32, bias=True)
          (dropout): Dropout(p=0.01, inplace=False)
        )
      )
    )
  )
  (cls_pooling): CLSPooling(
    (layers): ModuleList(
      (0-1): 2 x ClassAttentionBlock(
        (query_norm): LayerNorm((32,), eps=1e-05, elementwise_affine=True)
        (context_norm): LayerNorm((32,), eps=1e-05, elementwise_affine=True)
        (attn): MultiheadAttention(
          (out_proj): NonDynamicallyQuantizableLinear(in_features=32, out_features=32, bias=True)
        )
        (attn_dropout): Dropout(p=0.0, inplace=False)
        (ffn_norm): LayerNorm((32,), eps=1e-05, elementwise_affine=True)
        (ffn): Sequential(
          (0): Linear(in_features=32, out_features=128, bias=True)
          (1): GELU(approximate='none')
          (2): Dropout(p=0.0, inplace=False)
          (3): Linear(in_features=128, out_features=32, bias=True)
          (4): Dropout(p=0.0, inplace=False)
        )
      )
    )
  )
  (augmentation): MultiViewAugmentation()
  (negative_augmentation): CorruptedNegativeAugmentation()
  (loss): LeJEPASIGRegTripletClassificationLoss(
    (triplet_loss): LeJEPASIGRegTripletLoss(
      (lejepa_loss): LeJEPASIGRegLoss(
        (sigreg_loss_fn): SlicingUnivariateTest(
          (univariate_test): EppsPulley()
        )
      )
    )
  )
  (representation_head): RepresentationHead(
    (net): Sequential(
      (0): RMSNorm()
      (1): Linear(in_features=32, out_features=32, bias=True)
      (2): SiLU()
      (3): Dropout(p=0.01, inplace=False)
      (4): Linear(in_features=32, out_features=32, bias=True)
    )
  )
  (classification_head): CategoricalClassificationHead(
    (net): Sequential(
      (0): RMSNorm()
      (1): Linear(in_features=32, out_features=32, bias=True)
      (2): SiLU()
      (3): Dropout(p=0.01, inplace=False)
      (4): Linear(in_features=32, out_features=4, bias=True)
    )
  )
)
Number of trainable parameters: 106960

Epoch [1/40]
Saved new best model state_dict to plots/run-lejepa-semi-sup-triplet-jetclass-ddp-fast-wjet/best_model.pth
Saved last model state_dict to plots/run-lejepa-semi-sup-triplet-jetclass-ddp-fast-wjet/last_model.pth
Mahalanobis metrics saved to plots/run-lejepa-semi-sup-triplet-jetclass-ddp-fast-wjet/mahalanobis_eval/epoch_0001/mahalanobis_metrics.json
Mahalanobis AUC, QCD+Hbb+Hcc+Hgg train vs Wqq: 0.569305
Mahalanobis AUC, QCD+Hbb+Hcc+Hgg val vs Wqq: 0.567390
Epoch 1 train losses: {'total_loss': 6.495040416359902, 'invariant_loss': 0.45584303366625684, 'sigreg_loss': 117.512875, 'triplet_loss': 0.31591565239429475, 'triplet_pos_distance': 0.08957479291252093, 'triplet_neg_distance': 0.3695016866864171, 'classification_loss': 1.3218004068136215}
Epoch 1 val losses: {'total_loss': 2.7187364745140075, 'invariant_loss': 0.5856314736604691, 'sigreg_loss': 39.99, 'triplet_loss': 0.19726298108696938, 'triplet_pos_distance': 0.10950424797832965, 'triplet_neg_distance': 0.5993998944759369, 'classification_loss': 1.1330059444904328}
Updated run summary at plots/run-lejepa-semi-sup-triplet-jetclass-ddp-fast-wjet/summary.json

Epoch [2/40]
Saved new best model state_dict to plots/run-lejepa-semi-sup-triplet-jetclass-ddp-fast-wjet/best_model.pth
Saved last model state_dict to plots/run-lejepa-semi-sup-triplet-jetclass-ddp-fast-wjet/last_model.pth
Mahalanobis metrics saved to plots/run-lejepa-semi-sup-triplet-jetclass-ddp-fast-wjet/mahalanobis_eval/epoch_0002/mahalanobis_metrics.json
Mahalanobis AUC, QCD+Hbb+Hcc+Hgg train vs Wqq: 0.555958
Mahalanobis AUC, QCD+Hbb+Hcc+Hgg val vs Wqq: 0.554590
Epoch 2 train losses: {'total_loss': 2.028027100086212, 'invariant_loss': 0.45061809979379175, 'sigreg_loss': 29.321875, 'triplet_loss': 0.1475892667248845, 'triplet_pos_distance': 0.07886637114919721, 'triplet_neg_distance': 0.7359752911925316, 'classification_loss': 0.9662857321500778}
Epoch 2 val losses: {'total_loss': 1.6490438175201416, 'invariant_loss': 0.37680996358394625, 'sigreg_loss': 23.3925, 'triplet_loss': 0.12050116285681725, 'triplet_pos_distance': 0.0577876266464591, 'triplet_neg_distance': 0.8429824489355088, 'classification_loss': 0.9033998346328735}
Updated run summary at plots/run-lejepa-semi-sup-triplet-jetclass-ddp-fast-wjet/summary.json

Epoch [3/40]
Saved new best model state_dict to plots/run-lejepa-semi-sup-triplet-jetclass-ddp-fast-wjet/best_model.pth
Saved last model state_dict to plots/run-lejepa-semi-sup-triplet-jetclass-ddp-fast-wjet/last_model.pth
Mahalanobis metrics saved to plots/run-lejepa-semi-sup-triplet-jetclass-ddp-fast-wjet/mahalanobis_eval/epoch_0003/mahalanobis_metrics.json
Mahalanobis AUC, QCD+Hbb+Hcc+Hgg train vs Wqq: 0.566403
Mahalanobis AUC, QCD+Hbb+Hcc+Hgg val vs Wqq: 0.563376
Epoch 3 train losses: {'total_loss': 1.3982542877793311, 'invariant_loss': 0.3523844190835953, 'sigreg_loss': 18.94575, 'triplet_loss': 0.11693533583730459, 'triplet_pos_distance': 0.05692086562141776, 'triplet_neg_distance': 0.9134826147854328, 'classification_loss': 0.8693022948801518}
Epoch 3 val losses: {'total_loss': 1.235119024515152, 'invariant_loss': 0.30544730335474013, 'sigreg_loss': 16.665, 'triplet_loss': 0.11768581829965115, 'triplet_pos_distance': 0.044516017083078625, 'triplet_neg_distance': 0.9082465380430221, 'classification_loss': 0.8470001047849656}
Updated run summary at plots/run-lejepa-semi-sup-triplet-jetclass-ddp-fast-wjet/summary.json

Epoch [4/40]
Saved new best model state_dict to plots/run-lejepa-semi-sup-triplet-jetclass-ddp-fast-wjet/best_model.pth
Saved last model state_dict to plots/run-lejepa-semi-sup-triplet-jetclass-ddp-fast-wjet/last_model.pth
Mahalanobis metrics saved to plots/run-lejepa-semi-sup-triplet-jetclass-ddp-fast-wjet/mahalanobis_eval/epoch_0004/mahalanobis_metrics.json
Mahalanobis AUC, QCD+Hbb+Hcc+Hgg train vs Wqq: 0.576683
Mahalanobis AUC, QCD+Hbb+Hcc+Hgg val vs Wqq: 0.575600
Epoch 4 train losses: {'total_loss': 1.1335889575779439, 'invariant_loss': 0.31547002121806145, 'sigreg_loss': 14.4855, 'triplet_loss': 0.10687101904302836, 'triplet_pos_distance': 0.050704021961428224, 'triplet_neg_distance': 0.9895955358445644, 'classification_loss': 0.831759693056345}
Epoch 4 val losses: {'total_loss': 0.9919157618284226, 'invariant_loss': 0.29503976345062255, 'sigreg_loss': 12.09125, 'triplet_loss': 0.10087848089635372, 'triplet_pos_distance': 0.04193194132298231, 'triplet_neg_distance': 1.0401103591918945, 'classification_loss': 0.8213971662521362}
Updated run summary at plots/run-lejepa-semi-sup-triplet-jetclass-ddp-fast-wjet/summary.json

Epoch [5/40]
Saved new best model state_dict to plots/run-lejepa-semi-sup-triplet-jetclass-ddp-fast-wjet/best_model.pth
Saved last model state_dict to plots/run-lejepa-semi-sup-triplet-jetclass-ddp-fast-wjet/last_model.pth
Mahalanobis metrics saved to plots/run-lejepa-semi-sup-triplet-jetclass-ddp-fast-wjet/mahalanobis_eval/epoch_0005/mahalanobis_metrics.json
Mahalanobis AUC, QCD+Hbb+Hcc+Hgg train vs Wqq: 0.555842
Mahalanobis AUC, QCD+Hbb+Hcc+Hgg val vs Wqq: 0.555037
Epoch 5 train losses: {'total_loss': 0.9544252560138703, 'invariant_loss': 0.30498396598547695, 'sigreg_loss': 11.175859375, 'triplet_loss': 0.09142583468183875, 'triplet_pos_distance': 0.05002940968424082, 'triplet_neg_distance': 1.0851572280824184, 'classification_loss': 0.8150378012955188}
Epoch 5 val losses: {'total_loss': 0.9117900329828262, 'invariant_loss': 0.2831582410633564, 'sigreg_loss': 10.795, 'triplet_loss': 0.08798328325152398, 'triplet_pos_distance': 0.04097529867663979, 'triplet_neg_distance': 1.108403457403183, 'classification_loss': 0.8024361824989319}
Updated run summary at plots/run-lejepa-semi-sup-triplet-jetclass-ddp-fast-wjet/summary.json

Epoch [6/40]
Saved new best model state_dict to plots/run-lejepa-semi-sup-triplet-jetclass-ddp-fast-wjet/best_model.pth
Saved last model state_dict to plots/run-lejepa-semi-sup-triplet-jetclass-ddp-fast-wjet/last_model.pth
Mahalanobis metrics saved to plots/run-lejepa-semi-sup-triplet-jetclass-ddp-fast-wjet/mahalanobis_eval/epoch_0006/mahalanobis_metrics.json
Mahalanobis AUC, QCD+Hbb+Hcc+Hgg train vs Wqq: 0.553436
Mahalanobis AUC, QCD+Hbb+Hcc+Hgg val vs Wqq: 0.550821
Epoch 6 train losses: {'total_loss': 0.8719887670874595, 'invariant_loss': 0.2954553784802556, 'sigreg_loss': 9.7716875, 'triplet_loss': 0.08133322646096348, 'triplet_pos_distance': 0.04892366270441562, 'triplet_neg_distance': 1.1448786705732346, 'classification_loss': 0.7979752187728881}
Epoch 6 val losses: {'total_loss': 0.8003749930858612, 'invariant_loss': 0.268434411585331, 'sigreg_loss': 8.9121875, 'triplet_loss': 0.0765963526070118, 'triplet_pos_distance': 0.03785513671115041, 'triplet_neg_distance': 1.1733562231063843, 'classification_loss': 0.7861688059568405}
Updated run summary at plots/run-lejepa-semi-sup-triplet-jetclass-ddp-fast-wjet/summary.json

Epoch [7/40]
Saved new best model state_dict to plots/run-lejepa-semi-sup-triplet-jetclass-ddp-fast-wjet/best_model.pth
Saved last model state_dict to plots/run-lejepa-semi-sup-triplet-jetclass-ddp-fast-wjet/last_model.pth
Mahalanobis metrics saved to plots/run-lejepa-semi-sup-triplet-jetclass-ddp-fast-wjet/mahalanobis_eval/epoch_0007/mahalanobis_metrics.json
Mahalanobis AUC, QCD+Hbb+Hcc+Hgg train vs Wqq: 0.520623
Mahalanobis AUC, QCD+Hbb+Hcc+Hgg val vs Wqq: 0.518529
Epoch 7 train losses: {'total_loss': 0.8311532621085643, 'invariant_loss': 0.28446146052330734, 'sigreg_loss': 9.210265625, 'triplet_loss': 0.07179973711818456, 'triplet_pos_distance': 0.04699470338132233, 'triplet_neg_distance': 1.1920052775144576, 'classification_loss': 0.7897764419615269}
Epoch 7 val losses: {'total_loss': 0.7978321778774261, 'invariant_loss': 0.2573187692463398, 'sigreg_loss': 9.0940625, 'triplet_loss': 0.06552271362394095, 'triplet_pos_distance': 0.035698332395404576, 'triplet_neg_distance': 1.2214474785327911, 'classification_loss': 0.7917597353458404}
Updated run summary at plots/run-lejepa-semi-sup-triplet-jetclass-ddp-fast-wjet/summary.json

Epoch [8/40]
