## SLURM PROLOG ###############################################################
##    Job ID : 4067824
##  Job Name : AK8-SS-m0.5-wjets
##  Nodelist : gpu2708
##      CPUs : 1
##  Mem/Node : 90000 MB
## Directory : /oscar/home/hgao50/jetAnomalyDetection
##   Job Started : Fri Jul 17 04:18:45 PM EDT 2026
###############################################################################

==========================================
Job started at: Fri Jul 17 04:18:45 PM EDT 2026
Job ID: 4067824
Node: gpu2708
MARGIN=0.5  SIGNAL=wjets
==========================================

GPU Information (from host):
Fri Jul 17 16:18:45 2026       
+-----------------------------------------------------------------------------------------+
| NVIDIA-SMI 575.57.08              Driver Version: 575.57.08      CUDA Version: 12.9     |
|-----------------------------------------+------------------------+----------------------+
| GPU  Name                 Persistence-M | Bus-Id          Disp.A | Volatile Uncorr. ECC |
| Fan  Temp   Perf          Pwr:Usage/Cap |           Memory-Usage | GPU-Util  Compute M. |
|                                         |                        |               MIG M. |
|=========================================+========================+======================|
|   0  NVIDIA L40S                    On  |   00000000:41:00.0 Off |                    0 |
| N/A   32C    P8             32W /  350W |      75MiB /  46068MiB |      0%      Default |
|                                         |                        |                  N/A |
+-----------------------------------------+------------------------+----------------------+
                                                                                         
+-----------------------------------------------------------------------------------------+
| Processes:                                                                              |
|  GPU   GI   CI              PID   Type   Process name                        GPU Memory |
|        ID   ID                                                               Usage      |
|=========================================================================================|
|    0   N/A  N/A          157414      G   /usr/libexec/Xorg                        64MiB |
+-----------------------------------------------------------------------------------------+

PyTorch 2.2.1+cu118, cuda=True, device=NVIDIA L40S
Staged qcd: 395 files -> /tmp/ak8_semisup_wjets_m0.5_4067824/qcd
Staged zjets: 200 files -> /tmp/ak8_semisup_wjets_m0.5_4067824/zjets
Staged ttbar: 199 files -> /tmp/ak8_semisup_wjets_m0.5_4067824/ttbar
Staged hbb: 188 files -> /tmp/ak8_semisup_wjets_m0.5_4067824/hbb
Staged signal wjets: 200 files -> /tmp/ak8_semisup_wjets_m0.5_4067824/signal_wjets
Background dirs: /tmp/ak8_semisup_wjets_m0.5_4067824/qcd,/tmp/ak8_semisup_wjets_m0.5_4067824/zjets,/tmp/ak8_semisup_wjets_m0.5_4067824/ttbar,/tmp/ak8_semisup_wjets_m0.5_4067824/hbb
Background names: QCD,ZJets,TTbar,Hbb
Signal: wjets (WJets)
Margin: 0.5
Output dir: plots/run-lejepa-ak8-semisup-m0.5-wjets
Streaming backgrounds from /tmp/ak8_semisup_wjets_m0.5_4067824/qcd,/tmp/ak8_semisup_wjets_m0.5_4067824/zjets,/tmp/ak8_semisup_wjets_m0.5_4067824/ttbar,/tmp/ak8_semisup_wjets_m0.5_4067824/hbb
Streaming signal from /tmp/ak8_semisup_wjets_m0.5_4067824/signal_wjets
Node feature names: ['eta', 'phi', 'pt', 'd0/d0Err', 'dz/dzErr', 'charge', 'mass', 'log_pt', 'pdgId_-211', 'pdgId_-13', 'pdgId_-11', 'pdgId_11', 'pdgId_13', 'pdgId_22', 'pdgId_130', 'pdgId_211']
Streaming mode: discovering ROOT shards (no full in-memory load).
  class 0 (QCD): 395 ROOT files
  class 1 (ZJets): 200 ROOT files
  class 2 (TTbar): 199 ROOT files
  class 3 (Hbb): 188 ROOT files
  split QCD: train_files=355 val_files=40
  split ZJets: train_files=180 val_files=20
  split TTbar: train_files=179 val_files=20
  split Hbb: train_files=169 val_files=19
  signal (WJets): 200 ROOT files
Streaming configured: steps_per_epoch=1000, val_steps=100, eval_steps=100
Streaming datasets already prepared in load(); skipping RAM materialization.
Skipping feature plots in streaming mode.
Selected SSL model: semi-sup-triplet
Model summary:
LeJEPASemiSupervisedTripletParticleTransformerRepresentation(
  (node_embedding): NodeEmbedding(
    (net): Sequential(
      (0): Linear(in_features=16, out_features=128, bias=True)
      (1): GELU(approximate='none')
      (2): LayerNorm((128,), eps=1e-05, elementwise_affine=True)
      (3): Linear(in_features=128, out_features=512, bias=True)
      (4): GELU(approximate='none')
      (5): LayerNorm((512,), eps=1e-05, elementwise_affine=True)
      (6): Linear(in_features=512, out_features=128, bias=True)
      (7): Dropout(p=0.1, inplace=False)
    )
  )
  (pairwise_bias): PairwiseAttentionBias(
    (mlp): Sequential(
      (0): RMSNorm()
      (1): Linear(in_features=4, out_features=16, bias=True)
      (2): SiLU()
      (3): Dropout(p=0.1, inplace=False)
      (4): Linear(in_features=16, out_features=16, bias=True)
      (5): SiLU()
      (6): Dropout(p=0.1, inplace=False)
      (7): Linear(in_features=16, out_features=8, bias=True)
    )
  )
  (encoder): ParticleTransformerEncoder(
    (layers): ModuleList(
      (0-7): 8 x ParticleTransformerBlock(
        (attn_norm): RMSNorm()
        (self_attn): MultiheadAttention(
          (out_proj): NonDynamicallyQuantizableLinear(in_features=128, out_features=128, bias=True)
        )
        (attn_dropout): Dropout(p=0.1, inplace=False)
        (ffn_norm): RMSNorm()
        (ffn): SwiGLUFFN(
          (fc1): Linear(in_features=128, out_features=1024, bias=True)
          (act): SwiGLU()
          (fc2): Linear(in_features=512, out_features=128, bias=True)
          (dropout): Dropout(p=0.1, inplace=False)
        )
      )
    )
  )
  (cls_pooling): CLSPooling(
    (layers): ModuleList(
      (0-1): 2 x ClassAttentionBlock(
        (query_norm): LayerNorm((128,), eps=1e-05, elementwise_affine=True)
        (context_norm): LayerNorm((128,), eps=1e-05, elementwise_affine=True)
        (attn): MultiheadAttention(
          (out_proj): NonDynamicallyQuantizableLinear(in_features=128, out_features=128, bias=True)
        )
        (attn_dropout): Dropout(p=0.0, inplace=False)
        (ffn_norm): LayerNorm((128,), eps=1e-05, elementwise_affine=True)
        (ffn): Sequential(
          (0): Linear(in_features=128, out_features=512, bias=True)
          (1): GELU(approximate='none')
          (2): Dropout(p=0.0, inplace=False)
          (3): Linear(in_features=512, out_features=128, bias=True)
          (4): Dropout(p=0.0, inplace=False)
        )
      )
    )
  )
  (representation_head): RepresentationHead(
    (net): Sequential(
      (0): RMSNorm()
      (1): Linear(in_features=128, out_features=128, bias=True)
      (2): SiLU()
      (3): Dropout(p=0.1, inplace=False)
      (4): Linear(in_features=128, out_features=128, bias=True)
    )
  )
  (augmentation): MultiViewAugmentation()
  (negative_augmentation): CorruptedNegativeAugmentation()
  (loss): LeJEPASIGRegTripletClassificationLoss(
    (triplet_loss): LeJEPASIGRegTripletLoss(
      (lejepa_loss): LeJEPASIGRegLoss(
        (sigreg_loss_fn): SlicingUnivariateTest(
          (univariate_test): EppsPulley()
        )
      )
    )
  )
  (classification_head): CategoricalClassificationHead(
    (net): Sequential(
      (0): RMSNorm()
      (1): Linear(in_features=128, out_features=128, bias=True)
      (2): SiLU()
      (3): Dropout(p=0.1, inplace=False)
      (4): Linear(in_features=128, out_features=4, bias=True)
    )
  )
)
Number of trainable parameters: 2695664
Skipping augmentation sample plots.
Initialized run summary at plots/run-lejepa-ak8-semisup-m0.5-wjets/summary.json

Epoch [1/12]
Learning rate: 1e-07
Saved new best model state_dict to plots/run-lejepa-ak8-semisup-m0.5-wjets/best_model.pth
Saved last model state_dict to plots/run-lejepa-ak8-semisup-m0.5-wjets/last_model.pth
Epoch 1 train losses: {'total_loss': 1.8252786225676536, 'invariant_loss': 0.24512893639225514, 'sigreg_loss': 74.68925, 'triplet_loss': 0.21084030247479676, 'triplet_pos_distance': 0.06255257383803838, 'triplet_neg_distance': 0.6386239080326631, 'classification_loss': 1.3050631858110429}
Epoch 1 val losses: {'total_loss': 0.8302130937576294, 'invariant_loss': 0.1363996645063162, 'sigreg_loss': 31.225, 'triplet_loss': 0.0791719638183713, 'triplet_pos_distance': 0.024925495451316237, 'triplet_neg_distance': 1.1081152749061585, 'classification_loss': 1.228080872297287}
Updated run summary at plots/run-lejepa-ak8-semisup-m0.5-wjets/summary.json

Epoch [2/12]
Learning rate: 0.0001001
Saved new best model state_dict to plots/run-lejepa-ak8-semisup-m0.5-wjets/best_model.pth
Saved last model state_dict to plots/run-lejepa-ak8-semisup-m0.5-wjets/last_model.pth
Epoch 2 train losses: {'total_loss': 0.7038784799575806, 'invariant_loss': 0.19436296613514423, 'sigreg_loss': 22.177375, 'triplet_loss': 0.0554848032258451, 'triplet_pos_distance': 0.05473072823509574, 'triplet_neg_distance': 1.2921488221883775, 'classification_loss': 1.2080125613212584}
Epoch 2 val losses: {'total_loss': 0.5712595623731613, 'invariant_loss': 0.11089703902602195, 'sigreg_loss': 19.80375, 'triplet_loss': 0.05124308757483959, 'triplet_pos_distance': 0.019728294843807816, 'triplet_neg_distance': 1.317193591594696, 'classification_loss': 1.1813268613815309}
Updated run summary at plots/run-lejepa-ak8-semisup-m0.5-wjets/summary.json

Epoch [3/12]
Learning rate: 0.0002001
Saved new best model state_dict to plots/run-lejepa-ak8-semisup-m0.5-wjets/best_model.pth
Saved last model state_dict to plots/run-lejepa-ak8-semisup-m0.5-wjets/last_model.pth
Epoch 3 train losses: {'total_loss': 0.5687456053197384, 'invariant_loss': 0.18916388162970543, 'sigreg_loss': 15.8253125, 'triplet_loss': 0.04115897123888135, 'triplet_pos_distance': 0.05500179411098361, 'triplet_neg_distance': 1.4193304320573807, 'classification_loss': 1.179199315428734}
Epoch 3 val losses: {'total_loss': 0.5207590714097023, 'invariant_loss': 0.12421597518026829, 'sigreg_loss': 16.660625, 'triplet_loss': 0.04261756096035242, 'triplet_pos_distance': 0.02387539716437459, 'triplet_neg_distance': 1.4222622799873352, 'classification_loss': 1.1819549775123597}
Updated run summary at plots/run-lejepa-ak8-semisup-m0.5-wjets/summary.json

Epoch [4/12]
Learning rate: 0.0003001
Saved new best model state_dict to plots/run-lejepa-ak8-semisup-m0.5-wjets/best_model.pth
Saved last model state_dict to plots/run-lejepa-ak8-semisup-m0.5-wjets/last_model.pth
Epoch 4 train losses: {'total_loss': 0.5163343575000763, 'invariant_loss': 0.18252529326081277, 'sigreg_loss': 13.556375, 'triplet_loss': 0.036639072313904765, 'triplet_pos_distance': 0.05254822612553835, 'triplet_neg_distance': 1.4532515513896942, 'classification_loss': 1.1805398155450821}
Epoch 4 val losses: {'total_loss': 0.4675793436169624, 'invariant_loss': 0.12161662936210632, 'sigreg_loss': 14.155, 'triplet_loss': 0.036558757219463583, 'triplet_pos_distance': 0.022266500247642398, 'triplet_neg_distance': 1.5108490526676177, 'classification_loss': 1.1822695159912109}
Updated run summary at plots/run-lejepa-ak8-semisup-m0.5-wjets/summary.json

Epoch [5/12]
Learning rate: 0.0004001
Saved new best model state_dict to plots/run-lejepa-ak8-semisup-m0.5-wjets/best_model.pth
Saved last model state_dict to plots/run-lejepa-ak8-semisup-m0.5-wjets/last_model.pth
Mahalanobis metrics saved to plots/run-lejepa-ak8-semisup-m0.5-wjets/mahalanobis_eval/epoch_0005/mahalanobis_metrics.json
Mahalanobis AUC, QCD+ZJets+TTbar+Hbb train vs WJets: 0.532138
Mahalanobis AUC, QCD+ZJets+TTbar+Hbb val vs WJets: 0.511523
Epoch 5 train losses: {'total_loss': 0.48974551317095755, 'invariant_loss': 0.1778204065859318, 'sigreg_loss': 12.4710625, 'triplet_loss': 0.03280963309109211, 'triplet_pos_distance': 0.05093308528512716, 'triplet_neg_distance': 1.4693750003576278, 'classification_loss': 1.1846796798706054}
Epoch 5 val losses: {'total_loss': 0.45118829995393755, 'invariant_loss': 0.10899772554636002, 'sigreg_loss': 14.01, 'triplet_loss': 0.03477268857881427, 'triplet_pos_distance': 0.020864914888516068, 'triplet_neg_distance': 1.4803480398654938, 'classification_loss': 1.1695786440372467}
Updated run summary at plots/run-lejepa-ak8-semisup-m0.5-wjets/summary.json

Epoch [6/12]
Learning rate: 0.0005001
Saved new best model state_dict to plots/run-lejepa-ak8-semisup-m0.5-wjets/best_model.pth
Saved last model state_dict to plots/run-lejepa-ak8-semisup-m0.5-wjets/last_model.pth
Epoch 6 train losses: {'total_loss': 0.4685568414926529, 'invariant_loss': 0.17435796547681093, 'sigreg_loss': 11.591125, 'triplet_loss': 0.03177453541755676, 'triplet_pos_distance': 0.049622006369754675, 'triplet_neg_distance': 1.4785489574670792, 'classification_loss': 1.1840416758060455}
Epoch 6 val losses: {'total_loss': 0.4066619423031807, 'invariant_loss': 0.1043188003450632, 'sigreg_loss': 12.018125, 'triplet_loss': 0.03444714853540063, 'triplet_pos_distance': 0.019828522033058106, 'triplet_neg_distance': 1.4458373081684113, 'classification_loss': 1.1711326038837433}
Updated run summary at plots/run-lejepa-ak8-semisup-m0.5-wjets/summary.json

Epoch [7/12]
Learning rate: 0.0006001
Saved last model state_dict to plots/run-lejepa-ak8-semisup-m0.5-wjets/last_model.pth
Epoch 7 train losses: {'total_loss': 0.450390891879797, 'invariant_loss': 0.17161197815835477, 'sigreg_loss': 10.8750625, 'triplet_loss': 0.028911237467080356, 'triplet_pos_distance': 0.04891933020204306, 'triplet_neg_distance': 1.4944882974624634, 'classification_loss': 1.1676190041899681}
Epoch 7 val losses: {'total_loss': 0.41678128004074094, 'invariant_loss': 0.10175699025392532, 'sigreg_loss': 12.640625, 'triplet_loss': 0.03486638747155666, 'triplet_pos_distance': 0.017850758973509073, 'triplet_neg_distance': 1.3519329166412353, 'classification_loss': 1.175284264087677}
Updated run summary at plots/run-lejepa-ak8-semisup-m0.5-wjets/summary.json

Epoch [8/12]
Learning rate: 0.0007001
Saved new best model state_dict to plots/run-lejepa-ak8-semisup-m0.5-wjets/best_model.pth
Saved last model state_dict to plots/run-lejepa-ak8-semisup-m0.5-wjets/last_model.pth
Epoch 8 train losses: {'total_loss': 0.4401632478237152, 'invariant_loss': 0.1700470895022154, 'sigreg_loss': 10.47353125, 'triplet_loss': 0.027706580471247435, 'triplet_pos_distance': 0.048400882214307786, 'triplet_neg_distance': 1.5032458683252334, 'classification_loss': 1.1575154080986976}
Epoch 8 val losses: {'total_loss': 0.4007482466101646, 'invariant_loss': 0.10338470987975597, 'sigreg_loss': 11.819375, 'triplet_loss': 0.030556955989450216, 'triplet_pos_distance': 0.018317263503558934, 'triplet_neg_distance': 1.3933123064041137, 'classification_loss': 1.1595943450927735}
Updated run summary at plots/run-lejepa-ak8-semisup-m0.5-wjets/summary.json

Epoch [9/12]
Learning rate: 0.0008001
Saved new best model state_dict to plots/run-lejepa-ak8-semisup-m0.5-wjets/best_model.pth
Saved last model state_dict to plots/run-lejepa-ak8-semisup-m0.5-wjets/last_model.pth
Epoch 9 train losses: {'total_loss': 0.4326344856023788, 'invariant_loss': 0.16874283082783223, 'sigreg_loss': 10.14340625, 'triplet_loss': 0.02691729359794408, 'triplet_pos_distance': 0.04764081045985222, 'triplet_neg_distance': 1.501581216454506, 'classification_loss': 1.1665179799795151}
Epoch 9 val losses: {'total_loss': 0.3703854364156723, 'invariant_loss': 0.10826301828026771, 'sigreg_loss': 10.0825, 'triplet_loss': 0.026174929812550544, 'triplet_pos_distance': 0.020355566618964076, 'triplet_neg_distance': 1.5518405866622924, 'classification_loss': 1.1578719687461854}
Updated run summary at plots/run-lejepa-ak8-semisup-m0.5-wjets/summary.json

Epoch [10/12]
Learning rate: 0.0009001
Saved new best model state_dict to plots/run-lejepa-ak8-semisup-m0.5-wjets/best_model.pth
Saved last model state_dict to plots/run-lejepa-ak8-semisup-m0.5-wjets/last_model.pth
Mahalanobis metrics saved to plots/run-lejepa-ak8-semisup-m0.5-wjets/mahalanobis_eval/epoch_0010/mahalanobis_metrics.json
Mahalanobis AUC, QCD+ZJets+TTbar+Hbb train vs WJets: 0.520296
Mahalanobis AUC, QCD+ZJets+TTbar+Hbb val vs WJets: 0.501393
Epoch 10 train losses: {'total_loss': 0.4236256943643093, 'invariant_loss': 0.16723625227808953, 'sigreg_loss': 9.77884375, 'triplet_loss': 0.02430913352034986, 'triplet_pos_distance': 0.047119856897741556, 'triplet_neg_distance': 1.5313540968894959, 'classification_loss': 1.1677252022624016}
Epoch 10 val losses: {'total_loss': 0.3700927373766899, 'invariant_loss': 0.1059987249970436, 'sigreg_loss': 10.19625, 'triplet_loss': 0.025585749614983798, 'triplet_pos_distance': 0.018558886600658298, 'triplet_neg_distance': 1.4674464774131775, 'classification_loss': 1.151997790336609}
Updated run summary at plots/run-lejepa-ak8-semisup-m0.5-wjets/summary.json

Epoch [11/12]
Learning rate: 0.001
Saved new best model state_dict to plots/run-lejepa-ak8-semisup-m0.5-wjets/best_model.pth
Saved last model state_dict to plots/run-lejepa-ak8-semisup-m0.5-wjets/last_model.pth
Epoch 11 train losses: {'total_loss': 0.4122733438313007, 'invariant_loss': 0.1653550831079483, 'sigreg_loss': 9.3105625, 'triplet_loss': 0.022610145944170653, 'triplet_pos_distance': 0.046323077745735644, 'triplet_neg_distance': 1.5588394303321838, 'classification_loss': 1.1689065883159637}
Epoch 11 val losses: {'total_loss': 0.3536357170343399, 'invariant_loss': 0.09998678363859653, 'sigreg_loss': 9.6940625, 'triplet_loss': 0.024379377998411656, 'triplet_pos_distance': 0.018546130768954755, 'triplet_neg_distance': 1.5253617012500762, 'classification_loss': 1.1472667527198792}
Updated run summary at plots/run-lejepa-ak8-semisup-m0.5-wjets/summary.json

Epoch [12/12]
Learning rate: 0.0005005
Saved new best model state_dict to plots/run-lejepa-ak8-semisup-m0.5-wjets/best_model.pth
Saved last model state_dict to plots/run-lejepa-ak8-semisup-m0.5-wjets/last_model.pth
Mahalanobis metrics saved to plots/run-lejepa-ak8-semisup-m0.5-wjets/mahalanobis_eval/epoch_0012/mahalanobis_metrics.json
Mahalanobis AUC, QCD+ZJets+TTbar+Hbb train vs WJets: 0.539714
Mahalanobis AUC, QCD+ZJets+TTbar+Hbb val vs WJets: 0.521998
Epoch 12 train losses: {'total_loss': 0.3848107493817806, 'invariant_loss': 0.15864328327775, 'sigreg_loss': 8.3446875, 'triplet_loss': 0.020392606274224817, 'triplet_pos_distance': 0.044769957032054664, 'triplet_neg_distance': 1.5934567989110946, 'classification_loss': 1.1447515478730201}
Epoch 12 val losses: {'total_loss': 0.33600502848625186, 'invariant_loss': 0.09626243963837623, 'sigreg_loss': 9.0371875, 'triplet_loss': 0.022710587102919816, 'triplet_pos_distance': 0.01753662227652967, 'triplet_neg_distance': 1.5478647291660308, 'classification_loss': 1.1351727998256684}
Updated run summary at plots/run-lejepa-ak8-semisup-m0.5-wjets/summary.json
Saved run summary to plots/run-lejepa-ak8-semisup-m0.5-wjets/summary.json
Job finished at: Fri Jul 17 05:26:09 PM EDT 2026
