## SLURM PROLOG ###############################################################
##    Job ID : 3679813
##  Job Name : JETANOMALY
##  Nodelist : gpu3102
##      CPUs : 1
##  Mem/Node : 32000 MB
## Directory : /oscar/home/lwang223/jetAnomalyDetection
##   Job Started : Mon Jul  6 11:44:46 AM EDT 2026
###############################################################################

==========================================
Job started at: Mon Jul  6 11:44:46 AM EDT 2026
Job ID: 3679813
Node: gpu3102
==========================================

GPU Information (from host):
Mon Jul  6 11:44:46 2026       
+-----------------------------------------------------------------------------------------+
| NVIDIA-SMI 575.57.08              Driver Version: 575.57.08      CUDA Version: 12.9     |
|-----------------------------------------+------------------------+----------------------+
| GPU  Name                 Persistence-M | Bus-Id          Disp.A | Volatile Uncorr. ECC |
| Fan  Temp   Perf          Pwr:Usage/Cap |           Memory-Usage | GPU-Util  Compute M. |
|                                         |                        |               MIG M. |
|=========================================+========================+======================|
|   0  NVIDIA L40S                    On  |   00000000:A1:00.0 Off |                    0 |
| N/A   25C    P8             32W /  350W |      74MiB /  46068MiB |      0%      Default |
|                                         |                        |                  N/A |
+-----------------------------------------+------------------------+----------------------+
                                                                                         
+-----------------------------------------------------------------------------------------+
| Processes:                                                                              |
|  GPU   GI   CI              PID   Type   Process name                        GPU Memory |
|        ID   ID                                                               Usage      |
|=========================================================================================|
|    0   N/A  N/A          158297      G   /usr/libexec/Xorg                        64MiB |
+-----------------------------------------------------------------------------------------+

PyTorch version: 2.6.0+cu124
Background rows: 125183
Signal rows: 4067
Node features: ['eta', 'phi', 'pt', 'd0/d0Err', 'dz/dzErr', 'charge', 'mass', 'log_pt', 'pdgId_-211', 'pdgId_-13', 'pdgId_-11', 'pdgId_11', 'pdgId_13', 'pdgId_22', 'pdgId_130', 'pdgId_211']
Loading background node tensors...
Loading signal node tensors...
Background train events: 99979
Background val events: 24995
Signal events: 4064
Example node tensor shape: torch.Size([8, 16])
Model summary:
LeJEPATripletParticleTransformerRepresentation(
  (node_embedding): NodeEmbedding(
    (net): Sequential(
      (0): Linear(in_features=16, out_features=128, bias=True)
      (1): GELU(approximate='none')
      (2): LayerNorm((128,), eps=1e-05, elementwise_affine=True)
      (3): Linear(in_features=128, out_features=512, bias=True)
      (4): GELU(approximate='none')
      (5): LayerNorm((512,), eps=1e-05, elementwise_affine=True)
      (6): Linear(in_features=512, out_features=128, bias=True)
      (7): Dropout(p=0.1, inplace=False)
    )
  )
  (pairwise_bias): PairwiseAttentionBias(
    (mlp): Sequential(
      (0): RMSNorm()
      (1): Linear(in_features=4, out_features=64, bias=True)
      (2): SiLU()
      (3): Dropout(p=0.1, inplace=False)
      (4): Linear(in_features=64, out_features=64, bias=True)
      (5): SiLU()
      (6): Dropout(p=0.1, inplace=False)
      (7): Linear(in_features=64, out_features=8, bias=True)
    )
  )
  (encoder): ParticleTransformerEncoder(
    (layers): ModuleList(
      (0-7): 8 x ParticleTransformerBlock(
        (attn_norm): RMSNorm()
        (self_attn): MultiheadAttention(
          (out_proj): NonDynamicallyQuantizableLinear(in_features=128, out_features=128, bias=True)
        )
        (attn_dropout): Dropout(p=0.1, inplace=False)
        (ffn_norm): RMSNorm()
        (ffn): SwiGLUFFN(
          (fc1): Linear(in_features=128, out_features=1024, bias=True)
          (act): SwiGLU()
          (fc2): Linear(in_features=512, out_features=128, bias=True)
          (dropout): Dropout(p=0.1, inplace=False)
        )
      )
    )
  )
  (cls_pooling): CLSPooling(
    (layers): ModuleList(
      (0-1): 2 x ClassAttentionBlock(
        (query_norm): LayerNorm((128,), eps=1e-05, elementwise_affine=True)
        (context_norm): LayerNorm((128,), eps=1e-05, elementwise_affine=True)
        (attn): MultiheadAttention(
          (out_proj): NonDynamicallyQuantizableLinear(in_features=128, out_features=128, bias=True)
        )
        (attn_dropout): Dropout(p=0.0, inplace=False)
        (ffn_norm): LayerNorm((128,), eps=1e-05, elementwise_affine=True)
        (ffn): Sequential(
          (0): Linear(in_features=128, out_features=512, bias=True)
          (1): GELU(approximate='none')
          (2): Dropout(p=0.0, inplace=False)
          (3): Linear(in_features=512, out_features=128, bias=True)
          (4): Dropout(p=0.0, inplace=False)
        )
      )
    )
  )
  (representation_head): RepresentationHead(
    (net): Sequential(
      (0): RMSNorm()
      (1): Linear(in_features=128, out_features=128, bias=True)
      (2): SiLU()
      (3): Dropout(p=0.1, inplace=False)
      (4): Linear(in_features=128, out_features=128, bias=True)
    )
  )
  (augmentation): MultiViewAugmentation()
  (negative_augmentation): CorruptedNegativeAugmentation()
  (loss): LeJEPASIGRegTripletLoss(
    (lejepa_loss): LeJEPASIGRegLoss(
      (sigreg_loss_fn): SlicingUnivariateTest(
        (univariate_test): EppsPulley()
      )
    )
  )
)
Number of trainable parameters: 2683020
Saved new best model to plots/run-lejepa-trip-part-prob-aug-dr/best_model.pth
Mahalanobis AUC, QCD train vs WJet: 0.534675
Mahalanobis AUC, QCD val vs WJet: 0.536666
Epoch 1 train losses: {'total_loss': 1.9851231831114005, 'invariant_loss': 0.2990718889800484, 'sigreg_loss': 80.65317295396419, 'triplet_loss': 0.7288181116361447, 'triplet_pos_distance': 0.09183783966052296, 'triplet_neg_distance': 0.4093530153774697}
Epoch 1 val losses: {'total_loss': 1.0402116176425193, 'invariant_loss': 0.20786399295439525, 'sigreg_loss': 38.51690051020408, 'triplet_loss': 0.6203413006602502, 'triplet_pos_distance': 0.050511663418491275, 'triplet_neg_distance': 0.6359085075709284}
Saved new best model to plots/run-lejepa-trip-part-prob-aug-dr/best_model.pth
Mahalanobis AUC, QCD train vs WJet: 0.553851
Mahalanobis AUC, QCD val vs WJet: 0.554158
Epoch 2 train losses: {'total_loss': 0.7696014847368231, 'invariant_loss': 0.24356208280529207, 'sigreg_loss': 23.446291560102303, 'triplet_loss': 0.5709209077422271, 'triplet_pos_distance': 0.07535836773703013, 'triplet_neg_distance': 0.757868579434007}
Epoch 2 val losses: {'total_loss': 0.7002621805485414, 'invariant_loss': 0.15838843682894901, 'sigreg_loss': 24.083864795918366, 'triplet_loss': 0.6026401154848994, 'triplet_pos_distance': 0.037418777484218686, 'triplet_neg_distance': 0.7147456690364954}
Saved new best model to plots/run-lejepa-trip-part-prob-aug-dr/best_model.pth
Mahalanobis AUC, QCD train vs WJet: 0.557672
Mahalanobis AUC, QCD val vs WJet: 0.558625
Epoch 3 train losses: {'total_loss': 0.6213174164676301, 'invariant_loss': 0.23693927440344525, 'sigreg_loss': 16.44840952685422, 'triplet_loss': 0.553771085751331, 'triplet_pos_distance': 0.07464731305532749, 'triplet_neg_distance': 0.8242129791728066}
Epoch 3 val losses: {'total_loss': 0.5515351265060658, 'invariant_loss': 0.1646220474979099, 'sigreg_loss': 16.404336734693878, 'triplet_loss': 0.5880800655909947, 'triplet_pos_distance': 0.03891261297335126, 'triplet_neg_distance': 0.7759479971564546}
Saved new best model to plots/run-lejepa-trip-part-prob-aug-dr/best_model.pth
Mahalanobis AUC, QCD train vs WJet: 0.560528
Mahalanobis AUC, QCD val vs WJet: 0.561696
Epoch 4 train losses: {'total_loss': 0.5674646674367168, 'invariant_loss': 0.23409446037333945, 'sigreg_loss': 13.928748401534527, 'triplet_loss': 0.5473707066396313, 'triplet_pos_distance': 0.07358269806465377, 'triplet_neg_distance': 0.8290612618331714}
Epoch 4 val losses: {'total_loss': 0.5145450427520032, 'invariant_loss': 0.15103393785503447, 'sigreg_loss': 15.236288265306122, 'triplet_loss': 0.5879370734399679, 'triplet_pos_distance': 0.036819918166693985, 'triplet_neg_distance': 0.7465215714610353}
Saved new best model to plots/run-lejepa-trip-part-prob-aug-dr/best_model.pth
Mahalanobis AUC, QCD train vs WJet: 0.555390
Mahalanobis AUC, QCD val vs WJet: 0.555750
Epoch 5 train losses: {'total_loss': 0.5274865531250644, 'invariant_loss': 0.22591632810395088, 'sigreg_loss': 12.361692774936062, 'triplet_loss': 0.5434568340287489, 'triplet_pos_distance': 0.07042430538941374, 'triplet_neg_distance': 0.833429388835302}
Epoch 5 val losses: {'total_loss': 0.4858510363466886, 'invariant_loss': 0.15186953495199584, 'sigreg_loss': 13.806600765306122, 'triplet_loss': 0.5781361001486681, 'triplet_pos_distance': 0.03631054663232395, 'triplet_neg_distance': 0.7657111363143337}
Mahalanobis AUC, QCD train vs WJet: 0.556883
Mahalanobis AUC, QCD val vs WJet: 0.557160
Epoch 6 train losses: {'total_loss': 0.5017491389647164, 'invariant_loss': 0.21956371866604862, 'sigreg_loss': 11.413003516624041, 'triplet_loss': 0.5391892817090539, 'triplet_pos_distance': 0.06821940653978864, 'triplet_neg_distance': 0.8369793577114945}
Epoch 6 val losses: {'total_loss': 0.5040159388160219, 'invariant_loss': 0.1500396479149254, 'sigreg_loss': 14.85204081632653, 'triplet_loss': 0.5691195516561975, 'triplet_pos_distance': 0.03498850155583754, 'triplet_neg_distance': 0.7485429097195061}
Saved new best model to plots/run-lejepa-trip-part-prob-aug-dr/best_model.pth
Mahalanobis AUC, QCD train vs WJet: 0.557277
Mahalanobis AUC, QCD val vs WJet: 0.559449
Epoch 7 train losses: {'total_loss': 0.4871482783952332, 'invariant_loss': 0.21455424530503084, 'sigreg_loss': 10.946771099744245, 'triplet_loss': 0.5367169570739921, 'triplet_pos_distance': 0.06643753272035847, 'triplet_neg_distance': 0.851897182367037}
Epoch 7 val losses: {'total_loss': 0.463975225632288, 'invariant_loss': 0.1483380344829389, 'sigreg_loss': 12.922831632653061, 'triplet_loss': 0.5716202146544749, 'triplet_pos_distance': 0.035704788675873865, 'triplet_neg_distance': 0.7620479130015081}
Saved new best model to plots/run-lejepa-trip-part-prob-aug-dr/best_model.pth
Mahalanobis AUC, QCD train vs WJet: 0.556917
Mahalanobis AUC, QCD val vs WJet: 0.558844
Epoch 8 train losses: {'total_loss': 0.4790339238198517, 'invariant_loss': 0.2142244917352486, 'sigreg_loss': 10.560781649616368, 'triplet_loss': 0.5360780803062727, 'triplet_pos_distance': 0.06539521528326947, 'triplet_neg_distance': 0.8529598157271705}
Epoch 8 val losses: {'total_loss': 0.4453936114299054, 'invariant_loss': 0.14702547641889174, 'sigreg_loss': 12.079559948979592, 'triplet_loss': 0.5677354521289164, 'triplet_pos_distance': 0.03565687591171995, 'triplet_neg_distance': 0.7698783655555881}
Saved new best model to plots/run-lejepa-trip-part-prob-aug-dr/best_model.pth
Mahalanobis AUC, QCD train vs WJet: 0.560068
Mahalanobis AUC, QCD val vs WJet: 0.561369
Epoch 9 train losses: {'total_loss': 0.4668278348110521, 'invariant_loss': 0.21330177667729386, 'sigreg_loss': 10.013626918158568, 'triplet_loss': 0.5326830346108703, 'triplet_pos_distance': 0.06545472580968115, 'triplet_neg_distance': 0.8539592222027157}
Epoch 9 val losses: {'total_loss': 0.41988341145369473, 'invariant_loss': 0.14923583818789649, 'sigreg_loss': 10.692283163265307, 'triplet_loss': 0.5675547004354243, 'triplet_pos_distance': 0.03596844507989531, 'triplet_neg_distance': 0.7923961993382902}
Mahalanobis AUC, QCD train vs WJet: 0.561284
Mahalanobis AUC, QCD val vs WJet: 0.563596
Epoch 10 train losses: {'total_loss': 0.4587055245400085, 'invariant_loss': 0.2101075229856669, 'sigreg_loss': 9.788443094629155, 'triplet_loss': 0.5281657407731961, 'triplet_pos_distance': 0.06444174419526401, 'triplet_neg_distance': 0.8714752409921582}
Epoch 10 val losses: {'total_loss': 0.4361139683395016, 'invariant_loss': 0.1473782987390854, 'sigreg_loss': 11.660554846938776, 'triplet_loss': 0.5550663221855553, 'triplet_pos_distance': 0.0366347065024382, 'triplet_neg_distance': 0.7861832875986489}
Saved new best model to plots/run-lejepa-trip-part-prob-aug-dr/best_model.pth
Mahalanobis AUC, QCD train vs WJet: 0.574981
Mahalanobis AUC, QCD val vs WJet: 0.576023
Epoch 11 train losses: {'total_loss': 0.4473522225456774, 'invariant_loss': 0.21619649439135477, 'sigreg_loss': 9.547854060102301, 'triplet_loss': 0.4019529692009282, 'triplet_pos_distance': 0.06724453613142986, 'triplet_neg_distance': 1.1765109228965875}
Epoch 11 val losses: {'total_loss': 0.3959799726702729, 'invariant_loss': 0.1653232409485749, 'sigreg_loss': 10.136479591836734, 'triplet_loss': 0.279477626009255, 'triplet_pos_distance': 0.04295948033734244, 'triplet_neg_distance': 1.49764141866139}
Saved new best model to plots/run-lejepa-trip-part-prob-aug-dr/best_model.pth
Mahalanobis AUC, QCD train vs WJet: 0.567600
Mahalanobis AUC, QCD val vs WJet: 0.569582
Epoch 12 train losses: {'total_loss': 0.4263066619329745, 'invariant_loss': 0.21494294060846728, 'sigreg_loss': 9.219249520460359, 'triplet_loss': 0.2695450089547945, 'triplet_pos_distance': 0.06783713682857163, 'triplet_neg_distance': 1.549132482475027}
Epoch 12 val losses: {'total_loss': 0.3725901582107252, 'invariant_loss': 0.1498073142554079, 'sigreg_loss': 9.845982142857142, 'triplet_loss': 0.2589090141866888, 'triplet_pos_distance': 0.03891533763832128, 'triplet_neg_distance': 1.4758846254981295}
Mahalanobis AUC, QCD train vs WJet: 0.565922
Mahalanobis AUC, QCD val vs WJet: 0.566094
Epoch 13 train losses: {'total_loss': 0.4177114735250278, 'invariant_loss': 0.21343227877946155, 'sigreg_loss': 8.997622282608695, 'triplet_loss': 0.24321326081786315, 'triplet_pos_distance': 0.06748443974367797, 'triplet_neg_distance': 1.5708475457432935}
Epoch 13 val losses: {'total_loss': 0.3784715776540795, 'invariant_loss': 0.15398561061188884, 'sigreg_loss': 9.872927295918368, 'triplet_loss': 0.27031007150606234, 'triplet_pos_distance': 0.037115839927704355, 'triplet_neg_distance': 1.3149218109189247}
Mahalanobis AUC, QCD train vs WJet: 0.559359
Mahalanobis AUC, QCD val vs WJet: 0.560830
Epoch 14 train losses: {'total_loss': 0.41093779917415757, 'invariant_loss': 0.21250864770025243, 'sigreg_loss': 8.788802749360613, 'triplet_loss': 0.2265226887372296, 'triplet_pos_distance': 0.06674302600400375, 'triplet_neg_distance': 1.558030481533626}
Epoch 14 val losses: {'total_loss': 0.38556705080733006, 'invariant_loss': 0.13340006244121766, 'sigreg_loss': 11.145408163265307, 'triplet_loss': 0.29266596038122566, 'triplet_pos_distance': 0.032942466124207995, 'triplet_neg_distance': 1.2063291504675029}
Mahalanobis AUC, QCD train vs WJet: 0.557785
Mahalanobis AUC, QCD val vs WJet: 0.555014
Epoch 15 train losses: {'total_loss': 0.4079785505142968, 'invariant_loss': 0.2109829010942098, 'sigreg_loss': 8.75327685421995, 'triplet_loss': 0.2193682870406019, 'triplet_pos_distance': 0.06608688225850577, 'triplet_neg_distance': 1.5745533921224686}
Epoch 15 val losses: {'total_loss': 0.37887609004974365, 'invariant_loss': 0.14693393314979514, 'sigreg_loss': 10.543526785714286, 'triplet_loss': 0.21086865002099348, 'triplet_pos_distance': 0.036775381123761136, 'triplet_neg_distance': 1.300674597219545}
Saved new best model to plots/run-lejepa-trip-part-prob-aug-dr/best_model.pth
Mahalanobis AUC, QCD train vs WJet: 0.557551
Mahalanobis AUC, QCD val vs WJet: 0.557636
Epoch 16 train losses: {'total_loss': 0.40378244289809173, 'invariant_loss': 0.2103359615025313, 'sigreg_loss': 8.609994405370845, 'triplet_loss': 0.21254906948188992, 'triplet_pos_distance': 0.06595860446429314, 'triplet_neg_distance': 1.57571157104219}
Epoch 16 val losses: {'total_loss': 0.368448903366011, 'invariant_loss': 0.13897528978330748, 'sigreg_loss': 10.18000637755102, 'triplet_loss': 0.25890224594242717, 'triplet_pos_distance': 0.0343735955598555, 'triplet_neg_distance': 1.2630304414398816}
Saved new best model to plots/run-lejepa-trip-part-prob-aug-dr/best_model.pth
Mahalanobis AUC, QCD train vs WJet: 0.555279
Mahalanobis AUC, QCD val vs WJet: 0.555208
Epoch 17 train losses: {'total_loss': 0.4014605264681989, 'invariant_loss': 0.20966378294522195, 'sigreg_loss': 8.529012148337596, 'triplet_loss': 0.21214250776240284, 'triplet_pos_distance': 0.06641190362822674, 'triplet_neg_distance': 1.5771155854320282}
Epoch 17 val losses: {'total_loss': 0.3639487265324106, 'invariant_loss': 0.14330258710804034, 'sigreg_loss': 9.778061224489797, 'triplet_loss': 0.25064584430383174, 'triplet_pos_distance': 0.035117930390548946, 'triplet_neg_distance': 1.2295606081583061}
Mahalanobis AUC, QCD train vs WJet: 0.559204
Mahalanobis AUC, QCD val vs WJet: 0.559622
Epoch 18 train losses: {'total_loss': 0.39771931711822517, 'invariant_loss': 0.20885105312937666, 'sigreg_loss': 8.40477141943734, 'triplet_loss': 0.2077275683241122, 'triplet_pos_distance': 0.0652064617218264, 'triplet_neg_distance': 1.5966608620360685}
Epoch 18 val losses: {'total_loss': 0.3643814133746283, 'invariant_loss': 0.13421324313599237, 'sigreg_loss': 10.157366071428571, 'triplet_loss': 0.2701825517780927, 'triplet_pos_distance': 0.032848562907465566, 'triplet_neg_distance': 1.212989260347522}
Mahalanobis AUC, QCD train vs WJet: 0.550252
Mahalanobis AUC, QCD val vs WJet: 0.552923
Epoch 19 train losses: {'total_loss': 0.3971532997115494, 'invariant_loss': 0.20875520426827623, 'sigreg_loss': 8.388626918158568, 'triplet_loss': 0.20629150717688338, 'triplet_pos_distance': 0.06559302227195267, 'triplet_neg_distance': 1.5929587878229674}
Epoch 19 val losses: {'total_loss': 0.36551939756894597, 'invariant_loss': 0.13957182420607733, 'sigreg_loss': 10.081154336734693, 'triplet_loss': 0.24324783895696914, 'triplet_pos_distance': 0.03532938813144455, 'triplet_neg_distance': 1.2184661426106278}
Saved new best model to plots/run-lejepa-trip-part-prob-aug-dr/best_model.pth
Mahalanobis AUC, QCD train vs WJet: 0.556085
Mahalanobis AUC, QCD val vs WJet: 0.555529
Epoch 20 train losses: {'total_loss': 0.39318492962881124, 'invariant_loss': 0.207036425504843, 'sigreg_loss': 8.28536604859335, 'triplet_loss': 0.2043695926399487, 'triplet_pos_distance': 0.06454450844327354, 'triplet_neg_distance': 1.5975542188910268}
Epoch 20 val losses: {'total_loss': 0.36293851553785555, 'invariant_loss': 0.13808956008632572, 'sigreg_loss': 10.035554846938776, 'triplet_loss': 0.24190271455718546, 'triplet_pos_distance': 0.0331762228826327, 'triplet_neg_distance': 1.275715945326552}
Saved new best model to plots/run-lejepa-trip-part-prob-aug-dr/best_model.pth
Mahalanobis AUC, QCD train vs WJet: 0.555729
Mahalanobis AUC, QCD val vs WJet: 0.556339
Epoch 21 train losses: {'total_loss': 0.3923973964379572, 'invariant_loss': 0.2064954046245731, 'sigreg_loss': 8.278532608695652, 'triplet_loss': 0.20307209405600263, 'triplet_pos_distance': 0.06478530214265789, 'triplet_neg_distance': 1.6046242252030336}
Epoch 21 val losses: {'total_loss': 0.35469820076713754, 'invariant_loss': 0.14030288920110587, 'sigreg_loss': 9.49202806122449, 'triplet_loss': 0.24558535142212498, 'triplet_pos_distance': 0.03419946467655958, 'triplet_neg_distance': 1.2581304488133411}
Saved new best model to plots/run-lejepa-trip-part-prob-aug-dr/best_model.pth
Mahalanobis AUC, QCD train vs WJet: 0.558657
Mahalanobis AUC, QCD val vs WJet: 0.559696
Epoch 22 train losses: {'total_loss': 0.39060033777790604, 'invariant_loss': 0.20667391874448723, 'sigreg_loss': 8.189198369565217, 'triplet_loss': 0.20140525870158543, 'triplet_pos_distance': 0.06457927855460541, 'triplet_neg_distance': 1.62999859490358}
Epoch 22 val losses: {'total_loss': 0.353288612499529, 'invariant_loss': 0.14081416868281607, 'sigreg_loss': 9.17171556122449, 'triplet_loss': 0.2907002621463367, 'triplet_pos_distance': 0.034340225910881955, 'triplet_neg_distance': 1.1867141936506544}
Mahalanobis AUC, QCD train vs WJet: 0.550772
Mahalanobis AUC, QCD val vs WJet: 0.551514
Epoch 23 train losses: {'total_loss': 0.38949504719518335, 'invariant_loss': 0.20534347597976474, 'sigreg_loss': 8.20784047314578, 'triplet_loss': 0.2000477355154579, 'triplet_pos_distance': 0.06430838371405516, 'triplet_neg_distance': 1.602022347547819}
Epoch 23 val losses: {'total_loss': 0.35433269778684695, 'invariant_loss': 0.15261644946069133, 'sigreg_loss': 9.143654336734693, 'triplet_loss': 0.18859899766287025, 'triplet_pos_distance': 0.039372636499453564, 'triplet_neg_distance': 1.3679655200364638}
Saved new best model to plots/run-lejepa-trip-part-prob-aug-dr/best_model.pth
Mahalanobis AUC, QCD train vs WJet: 0.556433
Mahalanobis AUC, QCD val vs WJet: 0.557489
Epoch 24 train losses: {'total_loss': 0.38707905394189496, 'invariant_loss': 0.204869656268593, 'sigreg_loss': 8.119525255754477, 'triplet_loss': 0.19805926066416, 'triplet_pos_distance': 0.06371642370491534, 'triplet_neg_distance': 1.6266056181829605}
Epoch 24 val losses: {'total_loss': 0.3490055522748402, 'invariant_loss': 0.1445949111818051, 'sigreg_loss': 8.93813775510204, 'triplet_loss': 0.2562496398328518, 'triplet_pos_distance': 0.03517935596577519, 'triplet_neg_distance': 1.1621565307889665}
Mahalanobis AUC, QCD train vs WJet: 0.560189
Mahalanobis AUC, QCD val vs WJet: 0.561696
Epoch 25 train losses: {'total_loss': 0.3862896591348721, 'invariant_loss': 0.20479060463664478, 'sigreg_loss': 8.10318094629156, 'triplet_loss': 0.1944025204805157, 'triplet_pos_distance': 0.06379676945602802, 'triplet_neg_distance': 1.629816125725846}
Epoch 25 val losses: {'total_loss': 0.35513921735846266, 'invariant_loss': 0.1384182194513934, 'sigreg_loss': 9.442123724489797, 'triplet_loss': 0.2787573193865163, 'triplet_pos_distance': 0.03272785192203461, 'triplet_neg_distance': 1.2168845072084544}
Saved new best model to plots/run-lejepa-trip-part-prob-aug-dr/best_model.pth
Mahalanobis AUC, QCD train vs WJet: 0.550979
Mahalanobis AUC, QCD val vs WJet: 0.553448
Epoch 26 train losses: {'total_loss': 0.38818413869041923, 'invariant_loss': 0.2049651677574953, 'sigreg_loss': 8.182944373401535, 'triplet_loss': 0.1955421240547734, 'triplet_pos_distance': 0.06373356088824436, 'triplet_neg_distance': 1.63613694144027}
Epoch 26 val losses: {'total_loss': 0.3435619160228846, 'invariant_loss': 0.14909314417413302, 'sigreg_loss': 8.748086734693878, 'triplet_loss': 0.19524571732903012, 'triplet_pos_distance': 0.038092650824739616, 'triplet_neg_distance': 1.3463193032206322}
Saved new best model to plots/run-lejepa-trip-part-prob-aug-dr/best_model.pth
Mahalanobis AUC, QCD train vs WJet: 0.549421
Mahalanobis AUC, QCD val vs WJet: 0.549390
Epoch 27 train losses: {'total_loss': 0.38480983567817134, 'invariant_loss': 0.20462920922604974, 'sigreg_loss': 8.044437340153452, 'triplet_loss': 0.1929382443656702, 'triplet_pos_distance': 0.0635772637756127, 'triplet_neg_distance': 1.6260211295483973}
Epoch 27 val losses: {'total_loss': 0.3431541340387597, 'invariant_loss': 0.15062748477319066, 'sigreg_loss': 8.506696428571429, 'triplet_loss': 0.2237807048522696, 'triplet_pos_distance': 0.03640159180539907, 'triplet_neg_distance': 1.2792385652357219}
Mahalanobis AUC, QCD train vs WJet: 0.547022
Mahalanobis AUC, QCD val vs WJet: 0.547273
Epoch 28 train losses: {'total_loss': 0.382040343626076, 'invariant_loss': 0.20309347274434536, 'sigreg_loss': 7.977281809462916, 'triplet_loss': 0.19398159810992152, 'triplet_pos_distance': 0.0632665698914348, 'triplet_neg_distance': 1.644202387698776}
Epoch 28 val losses: {'total_loss': 0.34940118297022216, 'invariant_loss': 0.14761499897101704, 'sigreg_loss': 9.06999362244898, 'triplet_loss': 0.20367275497743062, 'triplet_pos_distance': 0.03776239546738109, 'triplet_neg_distance': 1.278703094745169}
Mahalanobis AUC, QCD train vs WJet: 0.555346
Mahalanobis AUC, QCD val vs WJet: 0.556637
Epoch 29 train losses: {'total_loss': 0.38273762921085747, 'invariant_loss': 0.20446294098330275, 'sigreg_loss': 7.9568813938618925, 'triplet_loss': 0.19137456947389772, 'triplet_pos_distance': 0.06341251387449025, 'triplet_neg_distance': 1.6435477079637826}
Epoch 29 val losses: {'total_loss': 0.34624579320756754, 'invariant_loss': 0.14324051525671871, 'sigreg_loss': 8.900350765306122, 'triplet_loss': 0.24984407706224188, 'triplet_pos_distance': 0.03507753335205572, 'triplet_neg_distance': 1.1878195362431663}
Mahalanobis AUC, QCD train vs WJet: 0.558006
Mahalanobis AUC, QCD val vs WJet: 0.558479
Epoch 30 train losses: {'total_loss': 0.3808754884525943, 'invariant_loss': 0.2026877890691123, 'sigreg_loss': 7.952285805626598, 'triplet_loss': 0.19136635916274222, 'triplet_pos_distance': 0.06304322707149988, 'triplet_neg_distance': 1.6553879008268761}
Epoch 30 val losses: {'total_loss': 0.34485879646880285, 'invariant_loss': 0.13713948728934844, 'sigreg_loss': 9.205994897959183, 'triplet_loss': 0.23577484207189814, 'triplet_pos_distance': 0.03299748598198805, 'triplet_neg_distance': 1.2847000226682546}
Saved new best model to plots/run-lejepa-trip-part-prob-aug-dr/best_model.pth
Mahalanobis AUC, QCD train vs WJet: 0.551762
Mahalanobis AUC, QCD val vs WJet: 0.551151
Epoch 31 train losses: {'total_loss': 0.3797110915184021, 'invariant_loss': 0.20269337967228707, 'sigreg_loss': 7.910485933503836, 'triplet_loss': 0.18810837281405773, 'triplet_pos_distance': 0.06303002941124428, 'triplet_neg_distance': 1.6571627336999644}
Epoch 31 val losses: {'total_loss': 0.34309099538593874, 'invariant_loss': 0.149855856422563, 'sigreg_loss': 8.68734056122449, 'triplet_loss': 0.1951413388002892, 'triplet_pos_distance': 0.03813104423675306, 'triplet_neg_distance': 1.3334457296497968}
Saved new best model to plots/run-lejepa-trip-part-prob-aug-dr/best_model.pth
Mahalanobis AUC, QCD train vs WJet: 0.556037
Mahalanobis AUC, QCD val vs WJet: 0.556380
Epoch 32 train losses: {'total_loss': 0.3800079869797163, 'invariant_loss': 0.20192037955345704, 'sigreg_loss': 7.959558823529412, 'triplet_loss': 0.189072926407275, 'triplet_pos_distance': 0.06291946590118244, 'triplet_neg_distance': 1.669454259793167}
Epoch 32 val losses: {'total_loss': 0.33848924676374514, 'invariant_loss': 0.14238101449243876, 'sigreg_loss': 8.714764030612244, 'triplet_loss': 0.21836666405505065, 'triplet_pos_distance': 0.03484076582731641, 'triplet_neg_distance': 1.3503883754720494}
Mahalanobis AUC, QCD train vs WJet: 0.547548
Mahalanobis AUC, QCD val vs WJet: 0.548477
Epoch 33 train losses: {'total_loss': 0.3776619280009623, 'invariant_loss': 0.20203333689123773, 'sigreg_loss': 7.8394141624040925, 'triplet_loss': 0.18832236846618336, 'triplet_pos_distance': 0.0631403018341726, 'triplet_neg_distance': 1.6557304654889704}
Epoch 33 val losses: {'total_loss': 0.3405079444756313, 'invariant_loss': 0.14998300343143697, 'sigreg_loss': 8.520567602040817, 'triplet_loss': 0.200699404414211, 'triplet_pos_distance': 0.037874039253029894, 'triplet_neg_distance': 1.2976484548072427}
Saved new best model to plots/run-lejepa-trip-part-prob-aug-dr/best_model.pth
Mahalanobis AUC, QCD train vs WJet: 0.550187
Mahalanobis AUC, QCD val vs WJet: 0.549983
Epoch 34 train losses: {'total_loss': 0.37965762188367524, 'invariant_loss': 0.20249396735978553, 'sigreg_loss': 7.922454443734015, 'triplet_loss': 0.1872637510642676, 'triplet_pos_distance': 0.06273468334199217, 'triplet_neg_distance': 1.6716434585163966}
Epoch 34 val losses: {'total_loss': 0.33553342992553903, 'invariant_loss': 0.14788311510821994, 'sigreg_loss': 8.436543367346939, 'triplet_loss': 0.18909280389851454, 'triplet_pos_distance': 0.03746549312823585, 'triplet_neg_distance': 1.5092810927605143}
Mahalanobis AUC, QCD train vs WJet: 0.553385
Mahalanobis AUC, QCD val vs WJet: 0.553651
Epoch 35 train losses: {'total_loss': 0.37804213856034874, 'invariant_loss': 0.20144963392135126, 'sigreg_loss': 7.8944812979539645, 'triplet_loss': 0.18697205887121313, 'triplet_pos_distance': 0.0628187736243848, 'triplet_neg_distance': 1.6557030793650986}
Epoch 35 val losses: {'total_loss': 0.33907214354495613, 'invariant_loss': 0.13878759673359442, 'sigreg_loss': 8.956473214285714, 'triplet_loss': 0.21177502204569018, 'triplet_pos_distance': 0.0342390417520489, 'triplet_neg_distance': 1.239865006840959}
Saved new best model to plots/run-lejepa-trip-part-prob-aug-dr/best_model.pth
Mahalanobis AUC, QCD train vs WJet: 0.548411
Mahalanobis AUC, QCD val vs WJet: 0.549848
Epoch 36 train losses: {'total_loss': 0.3750196508586864, 'invariant_loss': 0.2006445064035523, 'sigreg_loss': 7.789741847826087, 'triplet_loss': 0.1858126637823594, 'triplet_pos_distance': 0.06268521043879297, 'triplet_neg_distance': 1.6799497040336395}
Epoch 36 val losses: {'total_loss': 0.3350651493790198, 'invariant_loss': 0.15285417000401993, 'sigreg_loss': 8.072544642857142, 'triplet_loss': 0.20744339916474966, 'triplet_pos_distance': 0.037359991139371176, 'triplet_neg_distance': 1.275274613073894}
Mahalanobis AUC, QCD train vs WJet: 0.555242
Mahalanobis AUC, QCD val vs WJet: 0.555366
Epoch 37 train losses: {'total_loss': 0.3773294644968589, 'invariant_loss': 0.20187816547844417, 'sigreg_loss': 7.85775655370844, 'triplet_loss': 0.18310900267851932, 'triplet_pos_distance': 0.06255102122340665, 'triplet_neg_distance': 1.6645610183096298}
Epoch 37 val losses: {'total_loss': 0.359048601315946, 'invariant_loss': 0.1328328189877223, 'sigreg_loss': 10.131696428571429, 'triplet_loss': 0.23561623167930817, 'triplet_pos_distance': 0.03267905577941208, 'triplet_neg_distance': 1.2503139960522553}
Mahalanobis AUC, QCD train vs WJet: 0.552185
Mahalanobis AUC, QCD val vs WJet: 0.553305
Epoch 38 train losses: {'total_loss': 0.3752115332257107, 'invariant_loss': 0.20022699103483457, 'sigreg_loss': 7.8322410485933505, 'triplet_loss': 0.18351782435346442, 'triplet_pos_distance': 0.062074560633934364, 'triplet_neg_distance': 1.6721525625194735}
Epoch 38 val losses: {'total_loss': 0.33809423446655273, 'invariant_loss': 0.14464981325578932, 'sigreg_loss': 8.477678571428571, 'triplet_loss': 0.23881279981257963, 'triplet_pos_distance': 0.034743977558552006, 'triplet_neg_distance': 1.2813309941973006}
Saved new best model to plots/run-lejepa-trip-part-prob-aug-dr/best_model.pth
Mahalanobis AUC, QCD train vs WJet: 0.549623
Mahalanobis AUC, QCD val vs WJet: 0.548882
Epoch 39 train losses: {'total_loss': 0.37402031717397977, 'invariant_loss': 0.2006781509198496, 'sigreg_loss': 7.760789641943734, 'triplet_loss': 0.18121175198337, 'triplet_pos_distance': 0.0627239937119929, 'triplet_neg_distance': 1.702079081321921}
Epoch 39 val losses: {'total_loss': 0.33310627025000905, 'invariant_loss': 0.14881272811670693, 'sigreg_loss': 8.224011479591837, 'triplet_loss': 0.1979756561317006, 'triplet_pos_distance': 0.03710080305950678, 'triplet_neg_distance': 1.3453442217135916}
Mahalanobis AUC, QCD train vs WJet: 0.558050
Mahalanobis AUC, QCD val vs WJet: 0.558342
Epoch 40 train losses: {'total_loss': 0.37381061663865434, 'invariant_loss': 0.19983175896165317, 'sigreg_loss': 7.794637148337596, 'triplet_loss': 0.18055416529288376, 'triplet_pos_distance': 0.062261671590073335, 'triplet_neg_distance': 1.6857068619459792}
Epoch 40 val losses: {'total_loss': 0.34649921877651796, 'invariant_loss': 0.13531313889792987, 'sigreg_loss': 9.35905612244898, 'triplet_loss': 0.2400495498156061, 'triplet_pos_distance': 0.03244431634262508, 'triplet_neg_distance': 1.2999007452507407}
Saved new best model to plots/run-lejepa-trip-part-prob-aug-dr/best_model.pth
Mahalanobis AUC, QCD train vs WJet: 0.551255
Mahalanobis AUC, QCD val vs WJet: 0.551612
Epoch 41 train losses: {'total_loss': 0.3727916753505502, 'invariant_loss': 0.19988100876664872, 'sigreg_loss': 7.741667998721228, 'triplet_loss': 0.18082423893082172, 'triplet_pos_distance': 0.062221576276299595, 'triplet_neg_distance': 1.687763424023338}
Epoch 41 val losses: {'total_loss': 0.3303386132631983, 'invariant_loss': 0.14858629995462846, 'sigreg_loss': 8.20360331632653, 'triplet_loss': 0.17674864805778678, 'triplet_pos_distance': 0.03801152553903509, 'triplet_neg_distance': 1.508735510159512}
Mahalanobis AUC, QCD train vs WJet: 0.552383
Mahalanobis AUC, QCD val vs WJet: 0.553540
Epoch 42 train losses: {'total_loss': 0.37174430123680385, 'invariant_loss': 0.19965414559978353, 'sigreg_loss': 7.716831841432225, 'triplet_loss': 0.17750193451142982, 'triplet_pos_distance': 0.062025643761276894, 'triplet_neg_distance': 1.6845727070518162}
Epoch 42 val losses: {'total_loss': 0.33724717567769846, 'invariant_loss': 0.14131859515090378, 'sigreg_loss': 8.636639030612244, 'triplet_loss': 0.23174172837515267, 'triplet_pos_distance': 0.03336992278238948, 'triplet_neg_distance': 1.2367265565054757}
Saved new best model to plots/run-lejepa-trip-part-prob-aug-dr/best_model.pth
Mahalanobis AUC, QCD train vs WJet: 0.541520
Mahalanobis AUC, QCD val vs WJet: 0.542177
Epoch 43 train losses: {'total_loss': 0.37275772231161747, 'invariant_loss': 0.1991330966010423, 'sigreg_loss': 7.799912084398977, 'triplet_loss': 0.17641866203311765, 'triplet_pos_distance': 0.06174174365123062, 'triplet_neg_distance': 1.7084872440608871}
Epoch 43 val losses: {'total_loss': 0.32779702042438547, 'invariant_loss': 0.1497181560844183, 'sigreg_loss': 8.003188775510203, 'triplet_loss': 0.18017277288801817, 'triplet_pos_distance': 0.037962602118828466, 'triplet_neg_distance': 1.4010904486082039}
Mahalanobis AUC, QCD train vs WJet: 0.558148
Mahalanobis AUC, QCD val vs WJet: 0.558702
Epoch 44 train losses: {'total_loss': 0.37161456018000305, 'invariant_loss': 0.19871899946723753, 'sigreg_loss': 7.755274936061381, 'triplet_loss': 0.17798201239589231, 'triplet_pos_distance': 0.06180054820654795, 'triplet_neg_distance': 1.7040992202356344}
Epoch 44 val losses: {'total_loss': 0.3343270758585054, 'invariant_loss': 0.140013774400767, 'sigreg_loss': 8.501434948979592, 'triplet_loss': 0.24306722608756046, 'triplet_pos_distance': 0.03355111930595369, 'triplet_neg_distance': 1.240509416984052}
Mahalanobis AUC, QCD train vs WJet: 0.555755
Mahalanobis AUC, QCD val vs WJet: 0.557031
Epoch 45 train losses: {'total_loss': 0.3709434461791802, 'invariant_loss': 0.19974817232707578, 'sigreg_loss': 7.686500959079284, 'triplet_loss': 0.17455985747716007, 'triplet_pos_distance': 0.061654348383702894, 'triplet_neg_distance': 1.7032479111800718}
Epoch 45 val losses: {'total_loss': 0.33996959197886134, 'invariant_loss': 0.1344999187835017, 'sigreg_loss': 9.050223214285714, 'triplet_loss': 0.24464311648388298, 'triplet_pos_distance': 0.03262995542692287, 'triplet_neg_distance': 1.2302553009013741}
Mahalanobis AUC, QCD train vs WJet: 0.551385
Mahalanobis AUC, QCD val vs WJet: 0.552569
Epoch 46 train losses: {'total_loss': 0.3682336726838061, 'invariant_loss': 0.19819700843690302, 'sigreg_loss': 7.653772378516624, 'triplet_loss': 0.16963611838534054, 'triplet_pos_distance': 0.06151875540080583, 'triplet_neg_distance': 1.7240219398227798}
Epoch 46 val losses: {'total_loss': 0.3288378856924115, 'invariant_loss': 0.14092852878479326, 'sigreg_loss': 8.347417091836734, 'triplet_loss': 0.20934605377973342, 'triplet_pos_distance': 0.034559895379506815, 'triplet_neg_distance': 1.3143286461732826}
Mahalanobis AUC, QCD train vs WJet: 0.552136
Mahalanobis AUC, QCD val vs WJet: 0.553289
Epoch 47 train losses: {'total_loss': 0.3686179185805418, 'invariant_loss': 0.19766125147757324, 'sigreg_loss': 7.705442774936062, 'triplet_loss': 0.16859597254477804, 'triplet_pos_distance': 0.0613209218920573, 'triplet_neg_distance': 1.7365728388052157}
Epoch 47 val losses: {'total_loss': 0.3326671660250547, 'invariant_loss': 0.13676435067033282, 'sigreg_loss': 8.771205357142858, 'triplet_loss': 0.20465354590999837, 'triplet_pos_distance': 0.033446513876623035, 'triplet_neg_distance': 1.3337974542257738}
Mahalanobis AUC, QCD train vs WJet: 0.549571
Mahalanobis AUC, QCD val vs WJet: 0.551435
Epoch 48 train losses: {'total_loss': 0.3672975550222275, 'invariant_loss': 0.19836113521891177, 'sigreg_loss': 7.620644181585678, 'triplet_loss': 0.16517738995077969, 'triplet_pos_distance': 0.06187412620086194, 'triplet_neg_distance': 1.772660208632574}
Epoch 48 val losses: {'total_loss': 0.33125013964516775, 'invariant_loss': 0.14311417800431347, 'sigreg_loss': 8.517219387755102, 'triplet_loss': 0.1777064601833723, 'triplet_pos_distance': 0.03560711253358393, 'triplet_neg_distance': 1.3613942308085305}
Mahalanobis AUC, QCD train vs WJet: 0.554353
Mahalanobis AUC, QCD val vs WJet: 0.554740
Epoch 49 train losses: {'total_loss': 0.3668696173774007, 'invariant_loss': 0.19747194150448455, 'sigreg_loss': 7.636269181585678, 'triplet_loss': 0.16663048060043997, 'triplet_pos_distance': 0.061881759349266284, 'triplet_neg_distance': 1.7455062015587106}
Epoch 49 val losses: {'total_loss': 0.3371084741487795, 'invariant_loss': 0.1384677173455759, 'sigreg_loss': 8.802614795918368, 'triplet_loss': 0.22590451619150687, 'triplet_pos_distance': 0.03254243636465803, 'triplet_neg_distance': 1.2782230967161607}
Saved new best model to plots/run-lejepa-trip-part-prob-aug-dr/best_model.pth
Mahalanobis AUC, QCD train vs WJet: 0.553784
Mahalanobis AUC, QCD val vs WJet: 0.553671
Epoch 50 train losses: {'total_loss': 0.3662536959437763, 'invariant_loss': 0.1973603324169088, 'sigreg_loss': 7.629675511508951, 'triplet_loss': 0.16309215406627606, 'triplet_pos_distance': 0.06087408199086976, 'triplet_neg_distance': 1.7727046180564119}
Epoch 50 val losses: {'total_loss': 0.3253385313615507, 'invariant_loss': 0.14018937888346156, 'sigreg_loss': 8.404177295918368, 'triplet_loss': 0.17090717265952607, 'triplet_pos_distance': 0.034498004204764655, 'triplet_neg_distance': 1.476678519224634}
Mahalanobis AUC, QCD train vs WJet: 0.557548
Mahalanobis AUC, QCD val vs WJet: 0.559293
Epoch 51 train losses: {'total_loss': 0.3649131027633882, 'invariant_loss': 0.1969163927352032, 'sigreg_loss': 7.587156329923274, 'triplet_loss': 0.1625800100834016, 'triplet_pos_distance': 0.06084178269023786, 'triplet_neg_distance': 1.7625969622446143}
Epoch 51 val losses: {'total_loss': 0.3407374935186639, 'invariant_loss': 0.13416732007599608, 'sigreg_loss': 9.061383928571429, 'triplet_loss': 0.25308214774241256, 'triplet_pos_distance': 0.031902156988805046, 'triplet_neg_distance': 1.195572698602871}
Mahalanobis AUC, QCD train vs WJet: 0.556748
Mahalanobis AUC, QCD val vs WJet: 0.557530
Epoch 52 train losses: {'total_loss': 0.3648479513995483, 'invariant_loss': 0.19644022864453933, 'sigreg_loss': 7.610893542199489, 'triplet_loss': 0.16198841081289075, 'triplet_pos_distance': 0.06101596339241318, 'triplet_neg_distance': 1.7734529403469446}
Epoch 52 val losses: {'total_loss': 0.3272140106680442, 'invariant_loss': 0.13873211663140325, 'sigreg_loss': 8.524553571428571, 'triplet_loss': 0.1800696325241303, 'triplet_pos_distance': 0.03486741150786378, 'triplet_neg_distance': 1.397050361244046}
Mahalanobis AUC, QCD train vs WJet: 0.553694
Mahalanobis AUC, QCD val vs WJet: 0.554445
Epoch 53 train losses: {'total_loss': 0.36479738427092656, 'invariant_loss': 0.19698336518481566, 'sigreg_loss': 7.595388427109975, 'triplet_loss': 0.1589360949976365, 'triplet_pos_distance': 0.06079082865067913, 'triplet_neg_distance': 1.7817082770950043}
Epoch 53 val losses: {'total_loss': 0.32832130257572445, 'invariant_loss': 0.13617046409267552, 'sigreg_loss': 8.67267219387755, 'triplet_loss': 0.18701379769006554, 'triplet_pos_distance': 0.03343073148470448, 'triplet_neg_distance': 1.3823007868260753}
Mahalanobis AUC, QCD train vs WJet: 0.552538
Mahalanobis AUC, QCD val vs WJet: 0.553388
Epoch 54 train losses: {'total_loss': 0.36370577977593904, 'invariant_loss': 0.19641282413240588, 'sigreg_loss': 7.5745684143222505, 'triplet_loss': 0.15812748777763466, 'triplet_pos_distance': 0.060994163865361675, 'triplet_neg_distance': 1.8070378080963174}
Epoch 54 val losses: {'total_loss': 0.33179290653491506, 'invariant_loss': 0.13639014206674635, 'sigreg_loss': 8.879942602040817, 'triplet_loss': 0.1783280755032082, 'triplet_pos_distance': 0.03325640222019687, 'triplet_neg_distance': 1.4027273612362998}
Mahalanobis AUC, QCD train vs WJet: 0.543308
Mahalanobis AUC, QCD val vs WJet: 0.544116
Epoch 55 train losses: {'total_loss': 0.3623910438069297, 'invariant_loss': 0.19614180459467043, 'sigreg_loss': 7.527093989769821, 'triplet_loss': 0.15688773914409415, 'triplet_pos_distance': 0.06077806652545014, 'triplet_neg_distance': 1.7804599625375264}
Epoch 55 val losses: {'total_loss': 0.3271907706345831, 'invariant_loss': 0.13782259061628457, 'sigreg_loss': 8.542889030612244, 'triplet_loss': 0.1851458198257855, 'triplet_pos_distance': 0.03347993565115089, 'triplet_neg_distance': 1.384704937740248}
Saved new best model to plots/run-lejepa-trip-part-prob-aug-dr/best_model.pth
Mahalanobis AUC, QCD train vs WJet: 0.541104
Mahalanobis AUC, QCD val vs WJet: 0.540997
Epoch 56 train losses: {'total_loss': 0.36273573819176314, 'invariant_loss': 0.19624160592208434, 'sigreg_loss': 7.537883631713555, 'triplet_loss': 0.15729488722999077, 'triplet_pos_distance': 0.06084342327569147, 'triplet_neg_distance': 1.7999835032636247}
Epoch 56 val losses: {'total_loss': 0.32144795282154665, 'invariant_loss': 0.14663189064179147, 'sigreg_loss': 7.94547193877551, 'triplet_loss': 0.1591788090917529, 'triplet_pos_distance': 0.03733403009495565, 'triplet_neg_distance': 1.4947180024215154}
Mahalanobis AUC, QCD train vs WJet: 0.558534
Mahalanobis AUC, QCD val vs WJet: 0.559543
Epoch 57 train losses: {'total_loss': 0.36273112832127935, 'invariant_loss': 0.19646772401183463, 'sigreg_loss': 7.523937020460358, 'triplet_loss': 0.15774120995417582, 'triplet_pos_distance': 0.06107550258259944, 'triplet_neg_distance': 1.7926736664589105}
Epoch 57 val losses: {'total_loss': 0.32790746250931097, 'invariant_loss': 0.13833334274133857, 'sigreg_loss': 8.463169642857142, 'triplet_loss': 0.20299960741279077, 'triplet_pos_distance': 0.033686285895504514, 'triplet_neg_distance': 1.2970555625399764}
Mahalanobis AUC, QCD train vs WJet: 0.551279
Mahalanobis AUC, QCD val vs WJet: 0.551496
Epoch 58 train losses: {'total_loss': 0.3616952146105754, 'invariant_loss': 0.19637285597870113, 'sigreg_loss': 7.492806905370844, 'triplet_loss': 0.15459349397998637, 'triplet_pos_distance': 0.06072007515050871, 'triplet_neg_distance': 1.780870648601171}
Epoch 58 val losses: {'total_loss': 0.324428240103381, 'invariant_loss': 0.1411882630568378, 'sigreg_loss': 8.237723214285714, 'triplet_loss': 0.18479929149759058, 'triplet_pos_distance': 0.0336070040963134, 'triplet_neg_distance': 1.3675072418183696}
Mahalanobis AUC, QCD train vs WJet: 0.545689
Mahalanobis AUC, QCD val vs WJet: 0.545436
Epoch 59 train losses: {'total_loss': 0.360297075051176, 'invariant_loss': 0.19492142159691858, 'sigreg_loss': 7.497842071611253, 'triplet_loss': 0.15408368850760448, 'triplet_pos_distance': 0.05995057070213358, 'triplet_neg_distance': 1.8082816919402394}
Epoch 59 val losses: {'total_loss': 0.32866836111156306, 'invariant_loss': 0.1420060325109837, 'sigreg_loss': 8.524872448979592, 'triplet_loss': 0.16140062970166302, 'triplet_pos_distance': 0.03509980661566464, 'triplet_neg_distance': 1.4371589154613262}
Mahalanobis AUC, QCD train vs WJet: 0.544778
Mahalanobis AUC, QCD val vs WJet: 0.545010
Epoch 60 train losses: {'total_loss': 0.3599518632797329, 'invariant_loss': 0.19495249974072132, 'sigreg_loss': 7.475623401534527, 'triplet_loss': 0.154822722896743, 'triplet_pos_distance': 0.06007991965545718, 'triplet_neg_distance': 1.7909772199438052}
Epoch 60 val losses: {'total_loss': 0.32339643139620217, 'invariant_loss': 0.1428119972044108, 'sigreg_loss': 8.153698979591837, 'triplet_loss': 0.17538352204220636, 'triplet_pos_distance': 0.03526148608676633, 'triplet_neg_distance': 1.3967282115196695}
Mahalanobis AUC, QCD train vs WJet: 0.549273
Mahalanobis AUC, QCD val vs WJet: 0.550318
Epoch 61 train losses: {'total_loss': 0.36110672114602743, 'invariant_loss': 0.19507669569814906, 'sigreg_loss': 7.5200207800511505, 'triplet_loss': 0.15648763601089377, 'triplet_pos_distance': 0.05994508096762478, 'triplet_neg_distance': 1.7960674776445569}
Epoch 61 val losses: {'total_loss': 0.3243066156092955, 'invariant_loss': 0.14154013945740096, 'sigreg_loss': 8.330835459183673, 'triplet_loss': 0.16160427182152562, 'triplet_pos_distance': 0.03554186398847675, 'triplet_neg_distance': 1.549646762560825}
Mahalanobis AUC, QCD train vs WJet: 0.561581
Mahalanobis AUC, QCD val vs WJet: 0.562776
Epoch 62 train losses: {'total_loss': 0.3583558050872725, 'invariant_loss': 0.19432365093999507, 'sigreg_loss': 7.445891943734015, 'triplet_loss': 0.15106370851702397, 'triplet_pos_distance': 0.05968850848200681, 'triplet_neg_distance': 1.8259870400819023}
Epoch 62 val losses: {'total_loss': 0.330477988081319, 'invariant_loss': 0.1330737371605878, 'sigreg_loss': 8.81218112244898, 'triplet_loss': 0.2116461239603101, 'triplet_pos_distance': 0.03187295876215307, 'triplet_neg_distance': 1.3280947834861523}
Mahalanobis AUC, QCD train vs WJet: 0.554167
Mahalanobis AUC, QCD val vs WJet: 0.555088
Epoch 63 train losses: {'total_loss': 0.3577596391634563, 'invariant_loss': 0.1946830176522055, 'sigreg_loss': 7.402653452685422, 'triplet_loss': 0.1504497799136297, 'triplet_pos_distance': 0.06006826052103963, 'triplet_neg_distance': 1.818776454766998}
Epoch 63 val losses: {'total_loss': 0.3247008830004809, 'invariant_loss': 0.13485725471103677, 'sigreg_loss': 8.513392857142858, 'triplet_loss': 0.19563014714085325, 'triplet_pos_distance': 0.03278383815052862, 'triplet_neg_distance': 1.4055591079653527}
Mahalanobis AUC, QCD train vs WJet: 0.550613
Mahalanobis AUC, QCD val vs WJet: 0.551350
Epoch 64 train losses: {'total_loss': 0.3574275766187312, 'invariant_loss': 0.19332651224206476, 'sigreg_loss': 7.463834718670077, 'triplet_loss': 0.14827488843932787, 'triplet_pos_distance': 0.059788577539650986, 'triplet_neg_distance': 1.8076306883331454}
Epoch 64 val losses: {'total_loss': 0.32603759151332234, 'invariant_loss': 0.1334634340387218, 'sigreg_loss': 8.713488520408163, 'triplet_loss': 0.1830757239795461, 'triplet_pos_distance': 0.03269473753147283, 'triplet_neg_distance': 1.3871680096704133}
Mahalanobis AUC, QCD train vs WJet: 0.558134
Mahalanobis AUC, QCD val vs WJet: 0.558752
Epoch 65 train losses: {'total_loss': 0.35669626329865906, 'invariant_loss': 0.1942179719238635, 'sigreg_loss': 7.375799232736573, 'triplet_loss': 0.14966775169191154, 'triplet_pos_distance': 0.05971399210202877, 'triplet_neg_distance': 1.8023175319747242}
Epoch 65 val losses: {'total_loss': 0.3266188575296986, 'invariant_loss': 0.1372015437453377, 'sigreg_loss': 8.524394132653061, 'triplet_loss': 0.18895050601995722, 'triplet_pos_distance': 0.033330583099123776, 'triplet_neg_distance': 1.3538618781128708}
Mahalanobis AUC, QCD train vs WJet: 0.544065
Mahalanobis AUC, QCD val vs WJet: 0.545933
Epoch 66 train losses: {'total_loss': 0.3559767306994294, 'invariant_loss': 0.19354610166052724, 'sigreg_loss': 7.375639386189258, 'triplet_loss': 0.14910995153248158, 'triplet_pos_distance': 0.06001510285317441, 'triplet_neg_distance': 1.8285521046279947}
Epoch 66 val losses: {'total_loss': 0.3241143655412051, 'invariant_loss': 0.13345012384257754, 'sigreg_loss': 8.684470663265307, 'triplet_loss': 0.16970641424461286, 'triplet_pos_distance': 0.032769461780102274, 'triplet_neg_distance': 1.4128053145749229}
Saved new best model to plots/run-lejepa-trip-part-prob-aug-dr/best_model.pth
Mahalanobis AUC, QCD train vs WJet: 0.546997
Mahalanobis AUC, QCD val vs WJet: 0.547688
Epoch 67 train losses: {'total_loss': 0.3555975499017464, 'invariant_loss': 0.19396566431921766, 'sigreg_loss': 7.344808983375959, 'triplet_loss': 0.1473477838270347, 'triplet_pos_distance': 0.05946546666028783, 'triplet_neg_distance': 1.8170864835114735}
Epoch 67 val losses: {'total_loss': 0.31747741784368244, 'invariant_loss': 0.14062484334774164, 'sigreg_loss': 8.025829081632653, 'triplet_loss': 0.1633758519072922, 'triplet_pos_distance': 0.03444339076475221, 'triplet_neg_distance': 1.4661407148351475}
Mahalanobis AUC, QCD train vs WJet: 0.537410
Mahalanobis AUC, QCD val vs WJet: 0.537800
Epoch 68 train losses: {'total_loss': 0.35506220664971927, 'invariant_loss': 0.19393398336437354, 'sigreg_loss': 7.320612212276215, 'triplet_loss': 0.1470316349412017, 'triplet_pos_distance': 0.059902919761245815, 'triplet_neg_distance': 1.8343055937296289}
Epoch 68 val losses: {'total_loss': 0.31840674320653994, 'invariant_loss': 0.1436551958322525, 'sigreg_loss': 7.919164540816326, 'triplet_loss': 0.163391558529467, 'triplet_pos_distance': 0.03528598194219628, 'triplet_neg_distance': 1.4678326875579601}
Mahalanobis AUC, QCD train vs WJet: 0.534703
Mahalanobis AUC, QCD val vs WJet: 0.535294
Epoch 69 train losses: {'total_loss': 0.3543939229167636, 'invariant_loss': 0.19344190708206743, 'sigreg_loss': 7.326926150895141, 'triplet_loss': 0.14406446279848323, 'triplet_pos_distance': 0.05960124327570124, 'triplet_neg_distance': 1.8294277226223665}
Epoch 69 val losses: {'total_loss': 0.320122593975797, 'invariant_loss': 0.13960057937977266, 'sigreg_loss': 8.254464285714286, 'triplet_loss': 0.15438107028603554, 'triplet_pos_distance': 0.03535764060002201, 'triplet_neg_distance': 1.4607585400951153}
Mahalanobis AUC, QCD train vs WJet: 0.525622
Mahalanobis AUC, QCD val vs WJet: 0.526808
Epoch 70 train losses: {'total_loss': 0.3540971090878977, 'invariant_loss': 0.19379642249449439, 'sigreg_loss': 7.287603900255754, 'triplet_loss': 0.14528749173368943, 'triplet_pos_distance': 0.0597730072934533, 'triplet_neg_distance': 1.824463294899982}
Epoch 70 val losses: {'total_loss': 0.3186850132686751, 'invariant_loss': 0.14555029916976178, 'sigreg_loss': 7.960140306122449, 'triplet_loss': 0.13967483969671385, 'triplet_pos_distance': 0.03831046502276951, 'triplet_neg_distance': 1.4952360525423167}
Mahalanobis AUC, QCD train vs WJet: 0.560789
Mahalanobis AUC, QCD val vs WJet: 0.560819
Epoch 71 train losses: {'total_loss': 0.3546775527241285, 'invariant_loss': 0.1941178007160916, 'sigreg_loss': 7.315896739130435, 'triplet_loss': 0.14229600599316686, 'triplet_pos_distance': 0.05966126333321909, 'triplet_neg_distance': 1.8398291377155371}
Epoch 71 val losses: {'total_loss': 0.32337524787503846, 'invariant_loss': 0.13331693669362943, 'sigreg_loss': 8.575095663265307, 'triplet_loss': 0.18569449289720885, 'triplet_pos_distance': 0.031858477760486455, 'triplet_neg_distance': 1.4382287415922905}
Mahalanobis AUC, QCD train vs WJet: 0.555158
Mahalanobis AUC, QCD val vs WJet: 0.556603
Epoch 72 train losses: {'total_loss': 0.3539736365037196, 'invariant_loss': 0.19321118382846608, 'sigreg_loss': 7.322630274936062, 'triplet_loss': 0.14313665345844712, 'triplet_pos_distance': 0.0596255053006246, 'triplet_neg_distance': 1.835425638176901}
Epoch 72 val losses: {'total_loss': 0.3189032644945748, 'invariant_loss': 0.13881619430470224, 'sigreg_loss': 8.03204719387755, 'triplet_loss': 0.19440044850415114, 'triplet_pos_distance': 0.0339407463063847, 'triplet_neg_distance': 1.3694966952411496}
Mahalanobis AUC, QCD train vs WJet: 0.545710
Mahalanobis AUC, QCD val vs WJet: 0.546965
Epoch 73 train losses: {'total_loss': 0.35231052663015283, 'invariant_loss': 0.19281663545562178, 'sigreg_loss': 7.269021739130435, 'triplet_loss': 0.1412219489302934, 'triplet_pos_distance': 0.05939108329108152, 'triplet_neg_distance': 1.8333243444142744}
Epoch 73 val losses: {'total_loss': 0.3197882234746096, 'invariant_loss': 0.13673818848875105, 'sigreg_loss': 8.336894132653061, 'triplet_loss': 0.16297001653940094, 'triplet_pos_distance': 0.032416639212823034, 'triplet_neg_distance': 1.4647006082291505}
Saved new best model to plots/run-lejepa-trip-part-prob-aug-dr/best_model.pth
Mahalanobis AUC, QCD train vs WJet: 0.546496
Mahalanobis AUC, QCD val vs WJet: 0.546793
Epoch 74 train losses: {'total_loss': 0.3518534019932418, 'invariant_loss': 0.1928730214876897, 'sigreg_loss': 7.250799232736573, 'triplet_loss': 0.13963343240225407, 'triplet_pos_distance': 0.05941810366004477, 'triplet_neg_distance': 1.8408711352921507}
Epoch 74 val losses: {'total_loss': 0.31511364725171304, 'invariant_loss': 0.14058984599399324, 'sigreg_loss': 7.902742346938775, 'triplet_loss': 0.16472638622686572, 'triplet_pos_distance': 0.03438762265580649, 'triplet_neg_distance': 1.463303499684042}
Mahalanobis AUC, QCD train vs WJet: 0.561145
Mahalanobis AUC, QCD val vs WJet: 0.561722
Epoch 75 train losses: {'total_loss': 0.35194743369393944, 'invariant_loss': 0.19274039999069764, 'sigreg_loss': 7.256273976982097, 'triplet_loss': 0.14080102849380136, 'triplet_pos_distance': 0.05926232412457466, 'triplet_neg_distance': 1.8540291676435934}
Epoch 75 val losses: {'total_loss': 0.3182178427066122, 'invariant_loss': 0.1365365834564579, 'sigreg_loss': 8.167889030612244, 'triplet_loss': 0.18301354249825283, 'triplet_pos_distance': 0.032741797004579284, 'triplet_neg_distance': 1.4939928006152718}
Saved new best model to plots/run-lejepa-trip-part-prob-aug-dr/best_model.pth
Mahalanobis AUC, QCD train vs WJet: 0.543429
Mahalanobis AUC, QCD val vs WJet: 0.544813
Epoch 76 train losses: {'total_loss': 0.35091435410025174, 'invariant_loss': 0.19194664581276266, 'sigreg_loss': 7.2384510869565215, 'triplet_loss': 0.1420168073185722, 'triplet_pos_distance': 0.05865041324225685, 'triplet_neg_distance': 1.8485887271668904}
Epoch 76 val losses: {'total_loss': 0.31489674564527004, 'invariant_loss': 0.1449339257135075, 'sigreg_loss': 7.705038265306122, 'triplet_loss': 0.15880189836025238, 'triplet_pos_distance': 0.03633955245533464, 'triplet_neg_distance': 1.4642944074406916}
Mahalanobis AUC, QCD train vs WJet: 0.551841
Mahalanobis AUC, QCD val vs WJet: 0.552378
Epoch 77 train losses: {'total_loss': 0.3496030445598885, 'invariant_loss': 0.1918659789101852, 'sigreg_loss': 7.193294437340153, 'triplet_loss': 0.13859560676014332, 'triplet_pos_distance': 0.05905575854013033, 'triplet_neg_distance': 1.86854559701422}
Epoch 77 val losses: {'total_loss': 0.3204410468437234, 'invariant_loss': 0.13303132929211978, 'sigreg_loss': 8.5546875, 'triplet_loss': 0.1630450507283819, 'triplet_pos_distance': 0.03228783331887455, 'triplet_neg_distance': 1.476499543506272}
Saved new best model to plots/run-lejepa-trip-part-prob-aug-dr/best_model.pth
Mahalanobis AUC, QCD train vs WJet: 0.552226
Mahalanobis AUC, QCD val vs WJet: 0.552865
Epoch 78 train losses: {'total_loss': 0.3497755711950609, 'invariant_loss': 0.19253836013853093, 'sigreg_loss': 7.180266943734015, 'triplet_loss': 0.13618832249242022, 'triplet_pos_distance': 0.05929295290880801, 'triplet_neg_distance': 1.8589235832319235}
Epoch 78 val losses: {'total_loss': 0.3138363907227711, 'invariant_loss': 0.13923058263501342, 'sigreg_loss': 7.903380102040816, 'triplet_loss': 0.16539699310550884, 'triplet_pos_distance': 0.03401779887095398, 'triplet_neg_distance': 1.4494477498288056}
Mahalanobis AUC, QCD train vs WJet: 0.546269
Mahalanobis AUC, QCD val vs WJet: 0.547638
Epoch 79 train losses: {'total_loss': 0.3486668543742441, 'invariant_loss': 0.19140043660350467, 'sigreg_loss': 7.176710358056266, 'triplet_loss': 0.13747318451057006, 'triplet_pos_distance': 0.05929863572006335, 'triplet_neg_distance': 1.859474939915835}
Epoch 79 val losses: {'total_loss': 0.31500415656031394, 'invariant_loss': 0.137848434323559, 'sigreg_loss': 8.104591836734693, 'triplet_loss': 0.15081221842188008, 'triplet_pos_distance': 0.03388262787187586, 'triplet_neg_distance': 1.5413003393581934}
Mahalanobis AUC, QCD train vs WJet: 0.538699
Mahalanobis AUC, QCD val vs WJet: 0.539987
Epoch 80 train losses: {'total_loss': 0.34971884601866193, 'invariant_loss': 0.19289030959767758, 'sigreg_loss': 7.155890345268542, 'triplet_loss': 0.1370405804870836, 'triplet_pos_distance': 0.05919534300961305, 'triplet_neg_distance': 1.8606235101399824}
Epoch 80 val losses: {'total_loss': 0.3225718975371244, 'invariant_loss': 0.13069807639231487, 'sigreg_loss': 8.8046875, 'triplet_loss': 0.15733830858858264, 'triplet_pos_distance': 0.03272274944323058, 'triplet_neg_distance': 1.4477952499778903}
Mahalanobis AUC, QCD train vs WJet: 0.544925
Mahalanobis AUC, QCD val vs WJet: 0.546158
Epoch 81 train losses: {'total_loss': 0.3487375803158411, 'invariant_loss': 0.19156599559290025, 'sigreg_loss': 7.1762707800511505, 'triplet_loss': 0.1363999709448851, 'triplet_pos_distance': 0.05852184488492854, 'triplet_neg_distance': 1.883707461912004}
Epoch 81 val losses: {'total_loss': 0.3154136199428111, 'invariant_loss': 0.13519694462266504, 'sigreg_loss': 8.205516581632653, 'triplet_loss': 0.16096874573553094, 'triplet_pos_distance': 0.03273494883763547, 'triplet_neg_distance': 1.4822663372876692}
Mahalanobis AUC, QCD train vs WJet: 0.546060
Mahalanobis AUC, QCD val vs WJet: 0.547471
Epoch 82 train losses: {'total_loss': 0.3483516054842478, 'invariant_loss': 0.1918792558829193, 'sigreg_loss': 7.146199648337596, 'triplet_loss': 0.1355829340646334, 'triplet_pos_distance': 0.05913750468122075, 'triplet_neg_distance': 1.8774441834300986}
Epoch 82 val losses: {'total_loss': 0.3168460822531155, 'invariant_loss': 0.1350124509891077, 'sigreg_loss': 8.294642857142858, 'triplet_loss': 0.15964987737183667, 'triplet_pos_distance': 0.0333810414149597, 'triplet_neg_distance': 1.4688719067038323}
Mahalanobis AUC, QCD train vs WJet: 0.547347
Mahalanobis AUC, QCD val vs WJet: 0.548179
Epoch 83 train losses: {'total_loss': 0.348166573344899, 'invariant_loss': 0.19173346149265919, 'sigreg_loss': 7.14769820971867, 'triplet_loss': 0.13479719249069538, 'triplet_pos_distance': 0.05913525868845565, 'triplet_neg_distance': 1.859138122604936}
Epoch 83 val losses: {'total_loss': 0.3159695824190062, 'invariant_loss': 0.13478152529925716, 'sigreg_loss': 8.279017857142858, 'triplet_loss': 0.15605904047890584, 'triplet_pos_distance': 0.033449525194128554, 'triplet_neg_distance': 1.4962902786780377}
Mahalanobis AUC, QCD train vs WJet: 0.544992
Mahalanobis AUC, QCD val vs WJet: 0.546038
Epoch 84 train losses: {'total_loss': 0.3467105388488916, 'invariant_loss': 0.19099884375434398, 'sigreg_loss': 7.116847826086956, 'triplet_loss': 0.1336959095343071, 'triplet_pos_distance': 0.05868440986518055, 'triplet_neg_distance': 1.874376511329885}
Epoch 84 val losses: {'total_loss': 0.31430263513205003, 'invariant_loss': 0.13482985493479943, 'sigreg_loss': 8.159598214285714, 'triplet_loss': 0.16272243895396896, 'triplet_pos_distance': 0.032513568843049664, 'triplet_neg_distance': 1.4650065345423562}
Saved new best model to plots/run-lejepa-trip-part-prob-aug-dr/best_model.pth
Mahalanobis AUC, QCD train vs WJet: 0.549246
Mahalanobis AUC, QCD val vs WJet: 0.550076
Epoch 85 train losses: {'total_loss': 0.3478769856645628, 'invariant_loss': 0.1917645059468801, 'sigreg_loss': 7.125239769820972, 'triplet_loss': 0.1358305608753658, 'triplet_pos_distance': 0.05890635905020377, 'triplet_neg_distance': 1.8704506000289527}
Epoch 85 val losses: {'total_loss': 0.3123027899739694, 'invariant_loss': 0.1346357156123434, 'sigreg_loss': 8.113520408163266, 'triplet_loss': 0.15395768142628427, 'triplet_pos_distance': 0.032071833755364834, 'triplet_neg_distance': 1.515197041691566}
Mahalanobis AUC, QCD train vs WJet: 0.552834
Mahalanobis AUC, QCD val vs WJet: 0.554125
Epoch 86 train losses: {'total_loss': 0.34660313943462906, 'invariant_loss': 0.19118412850839098, 'sigreg_loss': 7.102941176470588, 'triplet_loss': 0.13349456939360368, 'triplet_pos_distance': 0.058641401712623095, 'triplet_neg_distance': 1.875324631438536}
Epoch 86 val losses: {'total_loss': 0.31361660041979383, 'invariant_loss': 0.13653016862060344, 'sigreg_loss': 8.02407525510204, 'triplet_loss': 0.16616284809246354, 'triplet_pos_distance': 0.03327447059089128, 'triplet_neg_distance': 1.46140856463082}
Mahalanobis AUC, QCD train vs WJet: 0.550584
Mahalanobis AUC, QCD val vs WJet: 0.550581
Epoch 87 train losses: {'total_loss': 0.34652340194910686, 'invariant_loss': 0.19099184560120258, 'sigreg_loss': 7.108695652173913, 'triplet_loss': 0.13358040772321278, 'triplet_pos_distance': 0.05877027238059379, 'triplet_neg_distance': 1.8817418989013224}
Epoch 87 val losses: {'total_loss': 0.31439361979766767, 'invariant_loss': 0.13504755253694495, 'sigreg_loss': 8.189732142857142, 'triplet_loss': 0.1555012592627686, 'triplet_pos_distance': 0.032977885424102446, 'triplet_neg_distance': 1.5187389510018485}
Mahalanobis AUC, QCD train vs WJet: 0.538944
Mahalanobis AUC, QCD val vs WJet: 0.539924
Epoch 88 train losses: {'total_loss': 0.3456061640968713, 'invariant_loss': 0.19045005487206648, 'sigreg_loss': 7.09241128516624, 'triplet_loss': 0.1330166153152428, 'triplet_pos_distance': 0.058518863757095675, 'triplet_neg_distance': 1.889783139119063}
Epoch 88 val losses: {'total_loss': 0.31344822763788455, 'invariant_loss': 0.13709963926551294, 'sigreg_loss': 8.065688775510203, 'triplet_loss': 0.15031421568472775, 'triplet_pos_distance': 0.03460809027738109, 'triplet_neg_distance': 1.5001059393493497}
Mahalanobis AUC, QCD train vs WJet: 0.541990
Mahalanobis AUC, QCD val vs WJet: 0.542590
Epoch 89 train losses: {'total_loss': 0.3456691245898566, 'invariant_loss': 0.19038357469431885, 'sigreg_loss': 7.105658567774936, 'triplet_loss': 0.1315574207679009, 'triplet_pos_distance': 0.05869670205123132, 'triplet_neg_distance': 1.8858085764033714}
Epoch 89 val losses: {'total_loss': 0.31322591417298024, 'invariant_loss': 0.13694705475805974, 'sigreg_loss': 8.056600765306122, 'triplet_loss': 0.15138571245633825, 'triplet_pos_distance': 0.03386951607594989, 'triplet_neg_distance': 1.4918897212768087}
Saved new best model to plots/run-lejepa-trip-part-prob-aug-dr/best_model.pth
Mahalanobis AUC, QCD train vs WJet: 0.548775
Mahalanobis AUC, QCD val vs WJet: 0.549551
Epoch 90 train losses: {'total_loss': 0.3455946142487514, 'invariant_loss': 0.19182889516015186, 'sigreg_loss': 7.028692455242966, 'triplet_loss': 0.1319816128429397, 'triplet_pos_distance': 0.05884464677718594, 'triplet_neg_distance': 1.8742942116449557}
Epoch 90 val losses: {'total_loss': 0.31196106301278487, 'invariant_loss': 0.13618850803040727, 'sigreg_loss': 7.985650510204081, 'triplet_loss': 0.16042301073974494, 'triplet_pos_distance': 0.03316362950076558, 'triplet_neg_distance': 1.4810110586030143}
Saved new best model to plots/run-lejepa-trip-part-prob-aug-dr/best_model.pth
Mahalanobis AUC, QCD train vs WJet: 0.549189
Mahalanobis AUC, QCD val vs WJet: 0.549636
Epoch 91 train losses: {'total_loss': 0.34431844275168444, 'invariant_loss': 0.19100287384198755, 'sigreg_loss': 7.011389066496164, 'triplet_loss': 0.13092680507913576, 'triplet_pos_distance': 0.05905109829247913, 'triplet_neg_distance': 1.883584477102665}
Epoch 91 val losses: {'total_loss': 0.3115401251279578, 'invariant_loss': 0.1340387775277605, 'sigreg_loss': 8.065529336734693, 'triplet_loss': 0.16181691941253992, 'triplet_pos_distance': 0.03262838040839652, 'triplet_neg_distance': 1.4691829231320594}
Mahalanobis AUC, QCD train vs WJet: 0.543655
Mahalanobis AUC, QCD val vs WJet: 0.544481
Epoch 92 train losses: {'total_loss': 0.34434300371448096, 'invariant_loss': 0.19078459756453628, 'sigreg_loss': 7.01858216112532, 'triplet_loss': 0.13179417345148828, 'triplet_pos_distance': 0.05899538649984486, 'triplet_neg_distance': 1.880902706814544}
Epoch 92 val losses: {'total_loss': 0.3125713876619631, 'invariant_loss': 0.1373763433372488, 'sigreg_loss': 8.001913265306122, 'triplet_loss': 0.15153388910907872, 'triplet_pos_distance': 0.03358361472812842, 'triplet_neg_distance': 1.4935820285154848}
Mahalanobis AUC, QCD train vs WJet: 0.543035
Mahalanobis AUC, QCD val vs WJet: 0.544083
Epoch 93 train losses: {'total_loss': 0.3453678627072088, 'invariant_loss': 0.19166513818228031, 'sigreg_loss': 7.0348065856777495, 'triplet_loss': 0.12997798382511835, 'triplet_pos_distance': 0.05894049461406972, 'triplet_neg_distance': 1.8883275433879374}
Epoch 93 val losses: {'total_loss': 0.3126169196805175, 'invariant_loss': 0.13720326893487755, 'sigreg_loss': 8.019770408163266, 'triplet_loss': 0.1502820547213968, 'triplet_pos_distance': 0.03427202372374583, 'triplet_neg_distance': 1.4972447880676814}
Mahalanobis AUC, QCD train vs WJet: 0.543227
Mahalanobis AUC, QCD val vs WJet: 0.544353
Epoch 94 train losses: {'total_loss': 0.34503344480720016, 'invariant_loss': 0.19107831705866568, 'sigreg_loss': 7.041240409207161, 'triplet_loss': 0.13126570488447728, 'triplet_pos_distance': 0.05828956639408456, 'triplet_neg_distance': 1.8836424327872294}
Epoch 94 val losses: {'total_loss': 0.31200191895572504, 'invariant_loss': 0.1378854756832731, 'sigreg_loss': 7.954081632653061, 'triplet_loss': 0.15036402825190096, 'triplet_pos_distance': 0.034282351767986406, 'triplet_neg_distance': 1.5046934035359596}
Mahalanobis AUC, QCD train vs WJet: 0.545887
Mahalanobis AUC, QCD val vs WJet: 0.546612
Epoch 95 train losses: {'total_loss': 0.34440075771887896, 'invariant_loss': 0.19167117593462205, 'sigreg_loss': 6.986552909207161, 'triplet_loss': 0.13006837782271377, 'triplet_pos_distance': 0.058731108760970936, 'triplet_neg_distance': 1.8808427550603666}
Epoch 95 val losses: {'total_loss': 0.31392551000629154, 'invariant_loss': 0.13917903301819246, 'sigreg_loss': 7.959661989795919, 'triplet_loss': 0.15519452201468603, 'triplet_pos_distance': 0.03451389035362066, 'triplet_neg_distance': 1.4874589351975187}
Mahalanobis AUC, QCD train vs WJet: 0.548216
Mahalanobis AUC, QCD val vs WJet: 0.548797
Epoch 96 train losses: {'total_loss': 0.3447413940335174, 'invariant_loss': 0.19132056129176903, 'sigreg_loss': 7.022858056265985, 'triplet_loss': 0.12984398512355508, 'triplet_pos_distance': 0.05865552436912914, 'triplet_neg_distance': 1.8888971268978265}
Epoch 96 val losses: {'total_loss': 0.3115530184337071, 'invariant_loss': 0.1360589437642876, 'sigreg_loss': 7.988998724489796, 'triplet_loss': 0.15721471288374492, 'triplet_pos_distance': 0.03347117315065496, 'triplet_neg_distance': 1.4882225071897313}
Saved new best model to plots/run-lejepa-trip-part-prob-aug-dr/best_model.pth
Mahalanobis AUC, QCD train vs WJet: 0.544259
Mahalanobis AUC, QCD val vs WJet: 0.544902
Epoch 97 train losses: {'total_loss': 0.3443136781911411, 'invariant_loss': 0.19069044147153644, 'sigreg_loss': 7.030290920716112, 'triplet_loss': 0.130207129661232, 'triplet_pos_distance': 0.05824421409069729, 'triplet_neg_distance': 1.8882524014433937}
Epoch 97 val losses: {'total_loss': 0.3111510743596116, 'invariant_loss': 0.13714223986073415, 'sigreg_loss': 7.955197704081633, 'triplet_loss': 0.149063715026999, 'triplet_pos_distance': 0.0338337110374503, 'triplet_neg_distance': 1.5036696682170945}
Saved new best model to plots/run-lejepa-trip-part-prob-aug-dr/best_model.pth
Mahalanobis AUC, QCD train vs WJet: 0.544651
Mahalanobis AUC, QCD val vs WJet: 0.545286
Epoch 98 train losses: {'total_loss': 0.34455482909441604, 'invariant_loss': 0.19038547539268919, 'sigreg_loss': 7.060661764705882, 'triplet_loss': 0.12949921512771445, 'triplet_pos_distance': 0.05775876350395972, 'triplet_neg_distance': 1.8884191359095561}
Epoch 98 val losses: {'total_loss': 0.31000256051822583, 'invariant_loss': 0.13670411470289134, 'sigreg_loss': 7.915975765306122, 'triplet_loss': 0.14973246226353304, 'triplet_pos_distance': 0.03385017199289738, 'triplet_neg_distance': 1.5016620980233562}
Mahalanobis AUC, QCD train vs WJet: 0.544936
Mahalanobis AUC, QCD val vs WJet: 0.545549
Epoch 99 train losses: {'total_loss': 0.34403289637297313, 'invariant_loss': 0.19093668523728086, 'sigreg_loss': 7.011269181585678, 'triplet_loss': 0.128652050976863, 'triplet_pos_distance': 0.058640302875843806, 'triplet_neg_distance': 1.889246228253445}
Epoch 99 val losses: {'total_loss': 0.3125299467724197, 'invariant_loss': 0.13718751612670568, 'sigreg_loss': 8.011479591836734, 'triplet_loss': 0.15121405655328107, 'triplet_pos_distance': 0.03349483479764693, 'triplet_neg_distance': 1.4942284074364875}
Mahalanobis AUC, QCD train vs WJet: 0.545607
Mahalanobis AUC, QCD val vs WJet: 0.546126
Epoch 100 train losses: {'total_loss': 0.3439359413007336, 'invariant_loss': 0.1912672259008793, 'sigreg_loss': 6.9802989130434785, 'triplet_loss': 0.13050246673166904, 'triplet_pos_distance': 0.058651650634110736, 'triplet_neg_distance': 1.8830054397778133}
Epoch 100 val losses: {'total_loss': 0.31194802039131825, 'invariant_loss': 0.13754219668252127, 'sigreg_loss': 7.961734693877551, 'triplet_loss': 0.15186274849942752, 'triplet_pos_distance': 0.03372783461889746, 'triplet_neg_distance': 1.4934144956724984}
