## SLURM PROLOG ###############################################################
##    Job ID : 3717804
##  Job Name : JETANOMALY
##  Nodelist : gpu3102
##      CPUs : 1
##  Mem/Node : 32000 MB
## Directory : /oscar/home/lwang223/jetAnomalyDetection
##   Job Started : Wed Jul  8 04:48:54 AM EDT 2026
###############################################################################

==========================================
Job started at: Wed Jul  8 04:48:54 AM EDT 2026
Job ID: 3717804
Node: gpu3102
==========================================

GPU Information (from host):
Wed Jul  8 04:48:54 2026       
+-----------------------------------------------------------------------------------------+
| NVIDIA-SMI 575.57.08              Driver Version: 575.57.08      CUDA Version: 12.9     |
|-----------------------------------------+------------------------+----------------------+
| GPU  Name                 Persistence-M | Bus-Id          Disp.A | Volatile Uncorr. ECC |
| Fan  Temp   Perf          Pwr:Usage/Cap |           Memory-Usage | GPU-Util  Compute M. |
|                                         |                        |               MIG M. |
|=========================================+========================+======================|
|   0  NVIDIA L40S                    On  |   00000000:01:00.0 Off |                    0 |
| N/A   24C    P8             31W /  350W |      74MiB /  46068MiB |      0%      Default |
|                                         |                        |                  N/A |
+-----------------------------------------+------------------------+----------------------+
                                                                                         
+-----------------------------------------------------------------------------------------+
| Processes:                                                                              |
|  GPU   GI   CI              PID   Type   Process name                        GPU Memory |
|        ID   ID                                                               Usage      |
|=========================================================================================|
|    0   N/A  N/A          158297      G   /usr/libexec/Xorg                        64MiB |
+-----------------------------------------------------------------------------------------+

PyTorch version: 2.6.0+cu124
Loading background from data/processed/qcd-vs-wjet-pt-200to400/QCD_scaled_scaled.pkl
Loading signal from data/processed/qcd-vs-wjet-pt-200to400/WJet_scaled_scaled.pkl
Background rows: 125183
Signal rows: 4067
Background columns: ['pt', 'eta', 'phi', 'fj_phi', 'fj_eta', 'fj_pt', 'fj_mass', 'fj_msoftdrop', 'fj_particleNetWithMass_QCD', 'fj_particleNet_XbbVsQCD', 'fj_particleNet_XccVsQCD', 'fj_particleNet_XqqVsQCD', 'fj_particleNet_QCD', 'fj_particleNet_massCorr', 'trkHighPurity', 'charge', 'lostInnerHits', 'lostOuterHits', 'numberOfHits', 'numberOfPixelHits', 'pdgId', 'pvAssocQuality', 'trkAlgo', 'trkQuality', 'd0', 'd0Err', 'dz', 'dzErr', 'mass', 'puppiWeight', 'puppiWeightNoLep', 'trkChi2', 'trkEta', 'trkP', 'trkPhi', 'trkPt', 'vtxChi2', 'dz/dzErr', 'd0/d0Err', 'dR', 'within_bounds', 'log_pt', 'pdgId_-211', 'pdgId_-13', 'pdgId_-11', 'pdgId_11', 'pdgId_13', 'pdgId_22', 'pdgId_130', 'pdgId_211']
Signal columns: ['pt', 'eta', 'phi', 'fj_phi', 'fj_eta', 'fj_pt', 'fj_mass', 'fj_msoftdrop', 'fj_particleNetWithMass_QCD', 'fj_particleNet_XbbVsQCD', 'fj_particleNet_XccVsQCD', 'fj_particleNet_XqqVsQCD', 'fj_particleNet_QCD', 'fj_particleNet_massCorr', 'trkHighPurity', 'charge', 'lostInnerHits', 'lostOuterHits', 'numberOfHits', 'numberOfPixelHits', 'pdgId', 'pvAssocQuality', 'trkAlgo', 'trkQuality', 'd0', 'd0Err', 'dz', 'dzErr', 'mass', 'puppiWeight', 'puppiWeightNoLep', 'trkChi2', 'trkEta', 'trkP', 'trkPhi', 'trkPt', 'vtxChi2', 'dz/dzErr', 'd0/d0Err', 'dR', 'within_bounds', 'log_pt', 'pdgId_-211', 'pdgId_-13', 'pdgId_-11', 'pdgId_11', 'pdgId_13', 'pdgId_22', 'pdgId_130', 'pdgId_211']
Background rows: 125183
Signal rows: 4067
Node feature names: ['eta', 'phi', 'pt', 'd0/d0Err', 'dz/dzErr', 'charge', 'mass', 'log_pt', 'pdgId_-211', 'pdgId_-13', 'pdgId_-11', 'pdgId_11', 'pdgId_13', 'pdgId_22', 'pdgId_130', 'pdgId_211']
Loading background node tensors...
Skipping event 690 due to error: Too few nodes: 3.
Skipping event 903 due to error: Too few nodes: 2.
Skipping event 1095 due to error: Too few nodes: 3.
Skipping event 2302 due to error: Feature eta is not one-dimensional.
Skipping event 2708 due to error: Too few nodes: 3.
Skipping event 2795 due to error: Too few nodes: 3.
Skipping event 2994 due to error: Too few nodes: 2.
Skipping event 5169 due to error: Too few nodes: 3.
Skipping event 5404 due to error: Too few nodes: 3.
Skipping event 6126 due to error: Too few nodes: 3.
Skipping event 7154 due to error: Too few nodes: 2.
Skipping event 7657 due to error: Feature eta is not one-dimensional.
Skipping event 7661 due to error: Too few nodes: 3.
Skipping event 8113 due to error: Too few nodes: 3.
Skipping event 8834 due to error: Too few nodes: 3.
Skipping event 9508 due to error: Too few nodes: 3.
Skipping event 11309 due to error: Too few nodes: 3.
Skipping event 11442 due to error: Feature eta is not one-dimensional.
Skipping event 11894 due to error: Too few nodes: 2.
Skipping event 14069 due to error: Too few nodes: 3.
Skipping event 14304 due to error: Too few nodes: 3.
Skipping event 14898 due to error: Too few nodes: 3.
Skipping event 15402 due to error: Too few nodes: 3.
Skipping event 15714 due to error: Too few nodes: 3.
Skipping event 17191 due to error: Too few nodes: 3.
Skipping event 18023 due to error: Too few nodes: 3.
Skipping event 18236 due to error: Too few nodes: 2.
Skipping event 18428 due to error: Too few nodes: 3.
Skipping event 19635 due to error: Feature eta is not one-dimensional.
Skipping event 20041 due to error: Too few nodes: 3.
Skipping event 20128 due to error: Too few nodes: 3.
Skipping event 20547 due to error: Too few nodes: 3.
Skipping event 21051 due to error: Too few nodes: 3.
Skipping event 21363 due to error: Too few nodes: 3.
Skipping event 22840 due to error: Too few nodes: 3.
Skipping event 23501 due to error: Too few nodes: 3.
Skipping event 24529 due to error: Too few nodes: 2.
Skipping event 25032 due to error: Feature eta is not one-dimensional.
Skipping event 25036 due to error: Too few nodes: 3.
Skipping event 25488 due to error: Too few nodes: 3.
Skipping event 26501 due to error: Too few nodes: 2.
Skipping event 26745 due to error: Too few nodes: 3.
Skipping event 26797 due to error: Feature eta is not one-dimensional.
Skipping event 28975 due to error: Too few nodes: 3.
Skipping event 30073 due to error: Too few nodes: 2.
Skipping event 30296 due to error: Too few nodes: 3.
Skipping event 30607 due to error: Feature eta is not one-dimensional.
Skipping event 31301 due to error: Too few nodes: 3.
Skipping event 32017 due to error: Too few nodes: 3.
Skipping event 32548 due to error: Too few nodes: 3.
Skipping event 32565 due to error: Feature eta is not one-dimensional.
Skipping event 34074 due to error: Too few nodes: 3.
Skipping event 38606 due to error: Too few nodes: 3.
Skipping event 38898 due to error: Too few nodes: 3.
Skipping event 39034 due to error: Too few nodes: 3.
Skipping event 39128 due to error: Too few nodes: 2.
Skipping event 39261 due to error: Too few nodes: 2.
Skipping event 39683 due to error: Too few nodes: 3.
Skipping event 39904 due to error: Too few nodes: 2.
Skipping event 39920 due to error: Too few nodes: 3.
Skipping event 40251 due to error: Too few nodes: 3.
Skipping event 40531 due to error: Too few nodes: 3.
Skipping event 40688 due to error: Too few nodes: 3.
Skipping event 41335 due to error: Too few nodes: 3.
Skipping event 42412 due to error: Too few nodes: 3.
Skipping event 43032 due to error: Too few nodes: 3.
Skipping event 43513 due to error: Too few nodes: 2.
Skipping event 44435 due to error: Too few nodes: 3.
Skipping event 44692 due to error: Too few nodes: 3.
Skipping event 45037 due to error: Too few nodes: 3.
Skipping event 45650 due to error: Too few nodes: 3.
Skipping event 45655 due to error: Too few nodes: 2.
Skipping event 45982 due to error: Too few nodes: 3.
Skipping event 47039 due to error: Too few nodes: 3.
Skipping event 47921 due to error: Too few nodes: 3.
Skipping event 48534 due to error: Too few nodes: 3.
Skipping event 48539 due to error: Too few nodes: 2.
Skipping event 48866 due to error: Too few nodes: 3.
Skipping event 49923 due to error: Too few nodes: 3.
Skipping event 50914 due to error: Too few nodes: 2.
Skipping event 51072 due to error: Too few nodes: 3.
Skipping event 51443 due to error: Too few nodes: 2.
Skipping event 51686 due to error: Too few nodes: 3.
Skipping event 53388 due to error: Too few nodes: 3.
Skipping event 53761 due to error: Too few nodes: 2.
Skipping event 53919 due to error: Too few nodes: 3.
Skipping event 54290 due to error: Too few nodes: 2.
Skipping event 54533 due to error: Too few nodes: 3.
Skipping event 56235 due to error: Too few nodes: 3.
Skipping event 56461 due to error: Too few nodes: 3.
Skipping event 56740 due to error: Too few nodes: 3.
Skipping event 56926 due to error: Too few nodes: 3.
Skipping event 56958 due to error: Too few nodes: 2.
Skipping event 57153 due to error: Too few nodes: 3.
Skipping event 57865 due to error: Too few nodes: 3.
Skipping event 58521 due to error: Too few nodes: 2.
Skipping event 58689 due to error: Too few nodes: 3.
Skipping event 59271 due to error: Too few nodes: 3.
Skipping event 59550 due to error: Too few nodes: 3.
Skipping event 59736 due to error: Too few nodes: 3.
Skipping event 59768 due to error: Too few nodes: 2.
Skipping event 59963 due to error: Too few nodes: 3.
Skipping event 60675 due to error: Too few nodes: 3.
Skipping event 61331 due to error: Too few nodes: 2.
Skipping event 61499 due to error: Too few nodes: 3.
Skipping event 62909 due to error: Too few nodes: 3.
Skipping event 63270 due to error: Too few nodes: 3.
Skipping event 65653 due to error: Too few nodes: 3.
Skipping event 65790 due to error: Too few nodes: 3.
Skipping event 66176 due to error: Too few nodes: 3.
Skipping event 67708 due to error: Too few nodes: 3.
Skipping event 67815 due to error: Feature eta is not one-dimensional.
Skipping event 68612 due to error: Too few nodes: 3.
Skipping event 68748 due to error: Too few nodes: 3.
Skipping event 68842 due to error: Too few nodes: 2.
Skipping event 68975 due to error: Too few nodes: 2.
Skipping event 69397 due to error: Too few nodes: 3.
Skipping event 69618 due to error: Too few nodes: 2.
Skipping event 69634 due to error: Too few nodes: 3.
Skipping event 69965 due to error: Too few nodes: 3.
Skipping event 70245 due to error: Too few nodes: 3.
Skipping event 70402 due to error: Too few nodes: 3.
Skipping event 71049 due to error: Too few nodes: 3.
Skipping event 71536 due to error: Feature eta is not one-dimensional.
Skipping event 71785 due to error: Too few nodes: 3.
Skipping event 73274 due to error: Too few nodes: 3.
Skipping event 74443 due to error: Feature eta is not one-dimensional.
Skipping event 75302 due to error: Too few nodes: 3.
Skipping event 75390 due to error: Too few nodes: 3.
Skipping event 75674 due to error: Too few nodes: 2.
Skipping event 76596 due to error: Too few nodes: 3.
Skipping event 77345 due to error: Too few nodes: 2.
Skipping event 77886 due to error: Too few nodes: 3.
Skipping event 78065 due to error: Too few nodes: 3.
Skipping event 78431 due to error: Too few nodes: 3.
Skipping event 78724 due to error: Too few nodes: 3.
Skipping event 78928 due to error: Too few nodes: 3.
Skipping event 79810 due to error: Too few nodes: 3.
Skipping event 79834 due to error: Too few nodes: 3.
Skipping event 80508 due to error: Too few nodes: 3.
Skipping event 80533 due to error: Too few nodes: 3.
Skipping event 81132 due to error: Too few nodes: 2.
Skipping event 81302 due to error: Too few nodes: 3.
Skipping event 82490 due to error: Feature eta is not one-dimensional.
Skipping event 83555 due to error: Too few nodes: 3.
Skipping event 83734 due to error: Too few nodes: 3.
Skipping event 84100 due to error: Too few nodes: 3.
Skipping event 84393 due to error: Too few nodes: 3.
Skipping event 84597 due to error: Too few nodes: 3.
Skipping event 85479 due to error: Too few nodes: 3.
Skipping event 85503 due to error: Too few nodes: 3.
Skipping event 86177 due to error: Too few nodes: 3.
Skipping event 86202 due to error: Too few nodes: 3.
Skipping event 86801 due to error: Too few nodes: 2.
Skipping event 86971 due to error: Too few nodes: 3.
Skipping event 88159 due to error: Feature eta is not one-dimensional.
Skipping event 89495 due to error: Too few nodes: 3.
Skipping event 89583 due to error: Too few nodes: 3.
Skipping event 89867 due to error: Too few nodes: 2.
Skipping event 90789 due to error: Too few nodes: 3.
Skipping event 91538 due to error: Too few nodes: 2.
Skipping event 92007 due to error: Too few nodes: 3.
Skipping event 92032 due to error: Feature eta is not one-dimensional.
Skipping event 92060 due to error: Too few nodes: 3.
Skipping event 93981 due to error: Too few nodes: 3.
Skipping event 94046 due to error: Too few nodes: 2.
Skipping event 94859 due to error: Too few nodes: 3.
Skipping event 95045 due to error: Too few nodes: 2.
Skipping event 95981 due to error: Too few nodes: 3.
Skipping event 96012 due to error: Too few nodes: 3.
Skipping event 96576 due to error: Too few nodes: 2.
Skipping event 97076 due to error: Too few nodes: 3.
Skipping event 97737 due to error: Too few nodes: 3.
Skipping event 99216 due to error: Too few nodes: 3.
Skipping event 99303 due to error: Too few nodes: 2.
Skipping event 100467 due to error: Too few nodes: 3.
Skipping event 102812 due to error: Too few nodes: 2.
Skipping event 104013 due to error: Too few nodes: 2.
Skipping event 104949 due to error: Too few nodes: 3.
Skipping event 104980 due to error: Too few nodes: 3.
Skipping event 105544 due to error: Too few nodes: 2.
Skipping event 106044 due to error: Too few nodes: 3.
Skipping event 106705 due to error: Too few nodes: 3.
Skipping event 108184 due to error: Too few nodes: 3.
Skipping event 108271 due to error: Too few nodes: 2.
Skipping event 109435 due to error: Too few nodes: 3.
Skipping event 109839 due to error: Too few nodes: 3.
Skipping event 109938 due to error: Too few nodes: 3.
Skipping event 110823 due to error: Too few nodes: 3.
Skipping event 111524 due to error: Too few nodes: 3.
Skipping event 111617 due to error: Too few nodes: 3.
Skipping event 112090 due to error: Too few nodes: 3.
Skipping event 112401 due to error: Too few nodes: 3.
Skipping event 112481 due to error: Too few nodes: 3.
Skipping event 115973 due to error: Too few nodes: 3.
Skipping event 116072 due to error: Too few nodes: 3.
Skipping event 116957 due to error: Too few nodes: 3.
Skipping event 117658 due to error: Too few nodes: 3.
Skipping event 117751 due to error: Too few nodes: 3.
Skipping event 118224 due to error: Too few nodes: 3.
Skipping event 118535 due to error: Too few nodes: 3.
Skipping event 118615 due to error: Too few nodes: 3.
Skipping event 118925 due to error: Too few nodes: 3.
Skipping event 120230 due to error: Too few nodes: 3.
Skipping event 120663 due to error: Too few nodes: 3.
Skipping event 121186 due to error: Too few nodes: 3.
Skipping event 123050 due to error: Too few nodes: 2.
Skipping event 124371 due to error: Too few nodes: 3.
Skipping event 124715 due to error: Too few nodes: 3.
Loading signal node tensors...
Skipping event 424 due to error: Too few nodes: 3.
Skipping event 2523 due to error: Too few nodes: 2.
Skipping event 3794 due to error: Too few nodes: 3.
Loaded background train events: 99979
Loaded background val events: 24995
Loaded signal events: 4064
Feature mean: tensor([-8.9176e-05, -4.3704e-05,  3.6615e-02,  1.8351e-04, -6.9755e-06,
         3.9663e-03,  1.0762e-01, -1.2395e-02,  3.8354e-01,  9.7974e-04,
         1.6717e-03,  1.7881e-03,  9.0023e-04,  1.8262e-01,  4.0949e-02,
         3.8755e-01])
Feature std: tensor([0.1677, 0.1677, 0.0618, 1.3809, 1.1207, 0.8811, 0.0585, 0.9443, 0.4862,
        0.0313, 0.0409, 0.0422, 0.0300, 0.3864, 0.1982, 0.4872])
Example node tensor shape: torch.Size([8, 16])
Model summary:
LeJEPATripletParticleTransformerRepresentation(
  (node_embedding): NodeEmbedding(
    (net): Sequential(
      (0): Linear(in_features=16, out_features=128, bias=True)
      (1): GELU(approximate='none')
      (2): LayerNorm((128,), eps=1e-05, elementwise_affine=True)
      (3): Linear(in_features=128, out_features=512, bias=True)
      (4): GELU(approximate='none')
      (5): LayerNorm((512,), eps=1e-05, elementwise_affine=True)
      (6): Linear(in_features=512, out_features=128, bias=True)
      (7): Dropout(p=0.1, inplace=False)
    )
  )
  (pairwise_bias): PairwiseAttentionBias(
    (mlp): Sequential(
      (0): RMSNorm()
      (1): Linear(in_features=4, out_features=16, bias=True)
      (2): SiLU()
      (3): Dropout(p=0.1, inplace=False)
      (4): Linear(in_features=16, out_features=16, bias=True)
      (5): SiLU()
      (6): Dropout(p=0.1, inplace=False)
      (7): Linear(in_features=16, out_features=8, bias=True)
    )
  )
  (encoder): ParticleTransformerEncoder(
    (layers): ModuleList(
      (0-7): 8 x ParticleTransformerBlock(
        (attn_norm): RMSNorm()
        (self_attn): MultiheadAttention(
          (out_proj): NonDynamicallyQuantizableLinear(in_features=128, out_features=128, bias=True)
        )
        (attn_dropout): Dropout(p=0.1, inplace=False)
        (ffn_norm): RMSNorm()
        (ffn): SwiGLUFFN(
          (fc1): Linear(in_features=128, out_features=1024, bias=True)
          (act): SwiGLU()
          (fc2): Linear(in_features=512, out_features=128, bias=True)
          (dropout): Dropout(p=0.1, inplace=False)
        )
      )
    )
  )
  (cls_pooling): CLSPooling(
    (layers): ModuleList(
      (0-1): 2 x ClassAttentionBlock(
        (query_norm): LayerNorm((128,), eps=1e-05, elementwise_affine=True)
        (context_norm): LayerNorm((128,), eps=1e-05, elementwise_affine=True)
        (attn): MultiheadAttention(
          (out_proj): NonDynamicallyQuantizableLinear(in_features=128, out_features=128, bias=True)
        )
        (attn_dropout): Dropout(p=0.0, inplace=False)
        (ffn_norm): LayerNorm((128,), eps=1e-05, elementwise_affine=True)
        (ffn): Sequential(
          (0): Linear(in_features=128, out_features=512, bias=True)
          (1): GELU(approximate='none')
          (2): Dropout(p=0.0, inplace=False)
          (3): Linear(in_features=512, out_features=128, bias=True)
          (4): Dropout(p=0.0, inplace=False)
        )
      )
    )
  )
  (representation_head): RepresentationHead(
    (net): Sequential(
      (0): RMSNorm()
      (1): Linear(in_features=128, out_features=128, bias=True)
      (2): SiLU()
      (3): Dropout(p=0.1, inplace=False)
      (4): Linear(in_features=128, out_features=128, bias=True)
    )
  )
  (augmentation): MultiViewAugmentation()
  (negative_augmentation): CorruptedNegativeAugmentation()
  (loss): LeJEPASIGRegTripletLoss(
    (lejepa_loss): LeJEPASIGRegLoss(
      (sigreg_loss_fn): SlicingUnivariateTest(
        (univariate_test): EppsPulley()
      )
    )
  )
)
Model summary:
LeJEPATripletParticleTransformerRepresentation(
  (node_embedding): NodeEmbedding(
    (net): Sequential(
      (0): Linear(in_features=16, out_features=128, bias=True)
      (1): GELU(approximate='none')
      (2): LayerNorm((128,), eps=1e-05, elementwise_affine=True)
      (3): Linear(in_features=128, out_features=512, bias=True)
      (4): GELU(approximate='none')
      (5): LayerNorm((512,), eps=1e-05, elementwise_affine=True)
      (6): Linear(in_features=512, out_features=128, bias=True)
      (7): Dropout(p=0.1, inplace=False)
    )
  )
  (pairwise_bias): PairwiseAttentionBias(
    (mlp): Sequential(
      (0): RMSNorm()
      (1): Linear(in_features=4, out_features=16, bias=True)
      (2): SiLU()
      (3): Dropout(p=0.1, inplace=False)
      (4): Linear(in_features=16, out_features=16, bias=True)
      (5): SiLU()
      (6): Dropout(p=0.1, inplace=False)
      (7): Linear(in_features=16, out_features=8, bias=True)
    )
  )
  (encoder): ParticleTransformerEncoder(
    (layers): ModuleList(
      (0-7): 8 x ParticleTransformerBlock(
        (attn_norm): RMSNorm()
        (self_attn): MultiheadAttention(
          (out_proj): NonDynamicallyQuantizableLinear(in_features=128, out_features=128, bias=True)
        )
        (attn_dropout): Dropout(p=0.1, inplace=False)
        (ffn_norm): RMSNorm()
        (ffn): SwiGLUFFN(
          (fc1): Linear(in_features=128, out_features=1024, bias=True)
          (act): SwiGLU()
          (fc2): Linear(in_features=512, out_features=128, bias=True)
          (dropout): Dropout(p=0.1, inplace=False)
        )
      )
    )
  )
  (cls_pooling): CLSPooling(
    (layers): ModuleList(
      (0-1): 2 x ClassAttentionBlock(
        (query_norm): LayerNorm((128,), eps=1e-05, elementwise_affine=True)
        (context_norm): LayerNorm((128,), eps=1e-05, elementwise_affine=True)
        (attn): MultiheadAttention(
          (out_proj): NonDynamicallyQuantizableLinear(in_features=128, out_features=128, bias=True)
        )
        (attn_dropout): Dropout(p=0.0, inplace=False)
        (ffn_norm): LayerNorm((128,), eps=1e-05, elementwise_affine=True)
        (ffn): Sequential(
          (0): Linear(in_features=128, out_features=512, bias=True)
          (1): GELU(approximate='none')
          (2): Dropout(p=0.0, inplace=False)
          (3): Linear(in_features=512, out_features=128, bias=True)
          (4): Dropout(p=0.0, inplace=False)
        )
      )
    )
  )
  (representation_head): RepresentationHead(
    (net): Sequential(
      (0): RMSNorm()
      (1): Linear(in_features=128, out_features=128, bias=True)
      (2): SiLU()
      (3): Dropout(p=0.1, inplace=False)
      (4): Linear(in_features=128, out_features=128, bias=True)
    )
  )
  (augmentation): MultiViewAugmentation()
  (negative_augmentation): CorruptedNegativeAugmentation()
  (loss): LeJEPASIGRegTripletLoss(
    (lejepa_loss): LeJEPASIGRegLoss(
      (sigreg_loss_fn): SlicingUnivariateTest(
        (univariate_test): EppsPulley()
      )
    )
  )
)
Number of trainable parameters: 2678508
Number of trainable parameters: 2678508
Initialized run summary at plots/run-lejepa-trip-part-prob-ph16-replicate-dr-nowd/summary.json

Epoch [1/50]
Learning rate: 6.3938619e-08
Saved new best model to plots/run-lejepa-trip-part-prob-ph16-replicate-dr-nowd/best_model.pth
Collecting background train latents...
Collecting background validation latents...
Collecting signal latents...
Background train latents: (99979, 128)
Background val latents: (24995, 128)
Signal latents: (4064, 128)
Mahalanobis metrics saved to plots/run-lejepa-trip-part-prob-ph16-replicate-dr-nowd/mahalanobis_eval/epoch_0001/mahalanobis_metrics.json
Mahalanobis AUC, QCD train vs WJet: 0.571063
Mahalanobis AUC, QCD val vs WJet: 0.570954
Epoch 1 train losses: {'total_loss': 2.322391785738413, 'invariant_loss': 0.28282546322516466, 'sigreg_loss': 98.17838874680307, 'triplet_loss': 0.7611810398071318, 'triplet_pos_distance': 0.10302461067671932, 'triplet_neg_distance': 0.36371231299903617}
Epoch 1 val losses: {'total_loss': 1.3024486202974708, 'invariant_loss': 0.29557777994445394, 'sigreg_loss': 47.14253826530612, 'triplet_loss': 0.6417911286864962, 'triplet_pos_distance': 0.0964810248008188, 'triplet_neg_distance': 0.5359695179730045}
Updated run summary at plots/run-lejepa-trip-part-prob-ph16-replicate-dr-nowd/summary.json

Epoch [2/50]
Learning rate: 5.0063939e-05
Saved new best model to plots/run-lejepa-trip-part-prob-ph16-replicate-dr-nowd/best_model.pth
Collecting background train latents...
Collecting background validation latents...
Collecting signal latents...
Background train latents: (99979, 128)
Background val latents: (24995, 128)
Signal latents: (4064, 128)
Mahalanobis metrics saved to plots/run-lejepa-trip-part-prob-ph16-replicate-dr-nowd/mahalanobis_eval/epoch_0002/mahalanobis_metrics.json
Mahalanobis AUC, QCD train vs WJet: 0.519633
Mahalanobis AUC, QCD val vs WJet: 0.518396
Epoch 2 train losses: {'total_loss': 0.8915992291534648, 'invariant_loss': 0.28301104280116307, 'sigreg_loss': 27.574548433503836, 'triplet_loss': 0.5707201265236911, 'triplet_pos_distance': 0.09916542052193676, 'triplet_neg_distance': 0.708472783913088}
Epoch 2 val losses: {'total_loss': 0.7363373056358221, 'invariant_loss': 0.1960385685824618, 'sigreg_loss': 24.115114795918366, 'triplet_loss': 0.579864785379293, 'triplet_pos_distance': 0.06178601238192344, 'triplet_neg_distance': 0.7492302674420026}
Updated run summary at plots/run-lejepa-trip-part-prob-ph16-replicate-dr-nowd/summary.json

Epoch [3/50]
Learning rate: 0.00010006394
Saved new best model to plots/run-lejepa-trip-part-prob-ph16-replicate-dr-nowd/best_model.pth
Collecting background train latents...
Collecting background validation latents...
Collecting signal latents...
Background train latents: (99979, 128)
Background val latents: (24995, 128)
Signal latents: (4064, 128)
Mahalanobis metrics saved to plots/run-lejepa-trip-part-prob-ph16-replicate-dr-nowd/mahalanobis_eval/epoch_0003/mahalanobis_metrics.json
Mahalanobis AUC, QCD train vs WJet: 0.522936
Mahalanobis AUC, QCD val vs WJet: 0.522898
Epoch 3 train losses: {'total_loss': 0.7019803638729598, 'invariant_loss': 0.2580868460600029, 'sigreg_loss': 19.560501918158568, 'triplet_loss': 0.5270218300392561, 'triplet_pos_distance': 0.09213666598815137, 'triplet_neg_distance': 0.8583807343869563}
Epoch 3 val losses: {'total_loss': 0.6130011394924048, 'invariant_loss': 0.1856222712263769, 'sigreg_loss': 18.774872448979593, 'triplet_loss': 0.5182581680769823, 'triplet_pos_distance': 0.05782291853838429, 'triplet_neg_distance': 0.8702011008043679}
Updated run summary at plots/run-lejepa-trip-part-prob-ph16-replicate-dr-nowd/summary.json

Epoch [4/50]
Learning rate: 0.00015006394
Saved new best model to plots/run-lejepa-trip-part-prob-ph16-replicate-dr-nowd/best_model.pth
Collecting background train latents...
Collecting background validation latents...
Collecting signal latents...
Background train latents: (99979, 128)
Background val latents: (24995, 128)
Signal latents: (4064, 128)
Mahalanobis metrics saved to plots/run-lejepa-trip-part-prob-ph16-replicate-dr-nowd/mahalanobis_eval/epoch_0004/mahalanobis_metrics.json
Mahalanobis AUC, QCD train vs WJet: 0.527376
Mahalanobis AUC, QCD val vs WJet: 0.525843
Epoch 4 train losses: {'total_loss': 0.614160758035872, 'invariant_loss': 0.2609068439973285, 'sigreg_loss': 15.414542039641944, 'triplet_loss': 0.44967363086883977, 'triplet_pos_distance': 0.09386140182423774, 'triplet_neg_distance': 1.0123939871635583}
Epoch 4 val losses: {'total_loss': 0.5667972204332449, 'invariant_loss': 0.19600393166955637, 'sigreg_loss': 16.352997448979593, 'triplet_loss': 0.4374948238231698, 'triplet_pos_distance': 0.06099944939950899, 'triplet_neg_distance': 1.078833319702927}
Updated run summary at plots/run-lejepa-trip-part-prob-ph16-replicate-dr-nowd/summary.json

Epoch [5/50]
Learning rate: 0.00020006394
Saved new best model to plots/run-lejepa-trip-part-prob-ph16-replicate-dr-nowd/best_model.pth
Collecting background train latents...
Collecting background validation latents...
Collecting signal latents...
Background train latents: (99979, 128)
Background val latents: (24995, 128)
Signal latents: (4064, 128)
Mahalanobis metrics saved to plots/run-lejepa-trip-part-prob-ph16-replicate-dr-nowd/mahalanobis_eval/epoch_0005/mahalanobis_metrics.json
Mahalanobis AUC, QCD train vs WJet: 0.543059
Mahalanobis AUC, QCD val vs WJet: 0.542952
Epoch 5 train losses: {'total_loss': 0.5659054741453942, 'invariant_loss': 0.2573578736894881, 'sigreg_loss': 13.40772858056266, 'triplet_loss': 0.40418750104849294, 'triplet_pos_distance': 0.09269057872617031, 'triplet_neg_distance': 1.1032560973063759}
Epoch 5 val losses: {'total_loss': 0.5076120340702485, 'invariant_loss': 0.1820051192629094, 'sigreg_loss': 14.191964285714286, 'triplet_loss': 0.41771011723547563, 'triplet_pos_distance': 0.05681006910697538, 'triplet_neg_distance': 1.072901217913141}
Updated run summary at plots/run-lejepa-trip-part-prob-ph16-replicate-dr-nowd/summary.json

Epoch [6/50]
Learning rate: 0.00025006394
Saved new best model to plots/run-lejepa-trip-part-prob-ph16-replicate-dr-nowd/best_model.pth
Collecting background train latents...
Collecting background validation latents...
Collecting signal latents...
Background train latents: (99979, 128)
Background val latents: (24995, 128)
Signal latents: (4064, 128)
Mahalanobis metrics saved to plots/run-lejepa-trip-part-prob-ph16-replicate-dr-nowd/mahalanobis_eval/epoch_0006/mahalanobis_metrics.json
Mahalanobis AUC, QCD train vs WJet: 0.535810
Mahalanobis AUC, QCD val vs WJet: 0.536948
Epoch 6 train losses: {'total_loss': 0.5331175471358287, 'invariant_loss': 0.25402899397075024, 'sigreg_loss': 12.095108695652174, 'triplet_loss': 0.371889000963372, 'triplet_pos_distance': 0.09134893589522071, 'triplet_neg_distance': 1.1643413542329197}
Epoch 6 val losses: {'total_loss': 0.47587610842013844, 'invariant_loss': 0.1865626564439462, 'sigreg_loss': 12.606186224489797, 'triplet_loss': 0.37180953214363177, 'triplet_pos_distance': 0.05784284093474247, 'triplet_neg_distance': 1.1854690325503447}
Updated run summary at plots/run-lejepa-trip-part-prob-ph16-replicate-dr-nowd/summary.json

Epoch [7/50]
Learning rate: 0.00030006394
Saved new best model to plots/run-lejepa-trip-part-prob-ph16-replicate-dr-nowd/best_model.pth
Collecting background train latents...
Collecting background validation latents...
Collecting signal latents...
Background train latents: (99979, 128)
Background val latents: (24995, 128)
Signal latents: (4064, 128)
Mahalanobis metrics saved to plots/run-lejepa-trip-part-prob-ph16-replicate-dr-nowd/mahalanobis_eval/epoch_0007/mahalanobis_metrics.json
Mahalanobis AUC, QCD train vs WJet: 0.546328
Mahalanobis AUC, QCD val vs WJet: 0.549842
Epoch 7 train losses: {'total_loss': 0.5136507497647839, 'invariant_loss': 0.24989328445757136, 'sigreg_loss': 11.50059942455243, 'triplet_loss': 0.33768252161381496, 'triplet_pos_distance': 0.08981842422843589, 'triplet_neg_distance': 1.261813289978925}
Epoch 7 val losses: {'total_loss': 0.46938734364752865, 'invariant_loss': 0.18497099088771002, 'sigreg_loss': 12.504783163265307, 'triplet_loss': 0.3432666648711477, 'triplet_pos_distance': 0.05785890332214078, 'triplet_neg_distance': 1.2574619547444947}
Updated run summary at plots/run-lejepa-trip-part-prob-ph16-replicate-dr-nowd/summary.json

Epoch [8/50]
Learning rate: 0.00035006394
Saved new best model to plots/run-lejepa-trip-part-prob-ph16-replicate-dr-nowd/best_model.pth
Collecting background train latents...
Collecting background validation latents...
Collecting signal latents...
Background train latents: (99979, 128)
Background val latents: (24995, 128)
Signal latents: (4064, 128)
Mahalanobis metrics saved to plots/run-lejepa-trip-part-prob-ph16-replicate-dr-nowd/mahalanobis_eval/epoch_0008/mahalanobis_metrics.json
Mahalanobis AUC, QCD train vs WJet: 0.586543
Mahalanobis AUC, QCD val vs WJet: 0.586922
Epoch 8 train losses: {'total_loss': 0.4933295435536548, 'invariant_loss': 0.24787135427946325, 'sigreg_loss': 10.777173913043478, 'triplet_loss': 0.2990636701131111, 'triplet_pos_distance': 0.0901881822854128, 'triplet_neg_distance': 1.3854402526260337}
Epoch 8 val losses: {'total_loss': 0.45734936911232615, 'invariant_loss': 0.17082587333053958, 'sigreg_loss': 12.666454081632653, 'triplet_loss': 0.33150365416492733, 'triplet_pos_distance': 0.054263356388831625, 'triplet_neg_distance': 1.2493345822606767}
Updated run summary at plots/run-lejepa-trip-part-prob-ph16-replicate-dr-nowd/summary.json

Epoch [9/50]
Learning rate: 0.00040006394
Saved new best model to plots/run-lejepa-trip-part-prob-ph16-replicate-dr-nowd/best_model.pth
Collecting background train latents...
Collecting background validation latents...
Collecting signal latents...
Background train latents: (99979, 128)
Background val latents: (24995, 128)
Signal latents: (4064, 128)
Mahalanobis metrics saved to plots/run-lejepa-trip-part-prob-ph16-replicate-dr-nowd/mahalanobis_eval/epoch_0009/mahalanobis_metrics.json
Mahalanobis AUC, QCD train vs WJet: 0.582044
Mahalanobis AUC, QCD val vs WJet: 0.580053
Epoch 9 train losses: {'total_loss': 0.48054483056525743, 'invariant_loss': 0.24844487047637515, 'sigreg_loss': 10.267163523017903, 'triplet_loss': 0.26755214646420516, 'triplet_pos_distance': 0.09045778788969187, 'triplet_neg_distance': 1.4786289934916874}
Epoch 9 val losses: {'total_loss': 0.427807586837788, 'invariant_loss': 0.18013326854121928, 'sigreg_loss': 10.975446428571429, 'triplet_loss': 0.2816448958248508, 'triplet_pos_distance': 0.05844248924404383, 'triplet_neg_distance': 1.4407994826229251}
Updated run summary at plots/run-lejepa-trip-part-prob-ph16-replicate-dr-nowd/summary.json

Epoch [10/50]
Learning rate: 0.00045006394
Collecting background train latents...
Collecting background validation latents...
Collecting signal latents...
Background train latents: (99979, 128)
Background val latents: (24995, 128)
Signal latents: (4064, 128)
Mahalanobis metrics saved to plots/run-lejepa-trip-part-prob-ph16-replicate-dr-nowd/mahalanobis_eval/epoch_0010/mahalanobis_metrics.json
Mahalanobis AUC, QCD train vs WJet: 0.576505
Mahalanobis AUC, QCD val vs WJet: 0.576190
Epoch 10 train losses: {'total_loss': 0.4696904194858068, 'invariant_loss': 0.24713793057767328, 'sigreg_loss': 9.905610613810742, 'triplet_loss': 0.24438301279493, 'triplet_pos_distance': 0.08982411207026228, 'triplet_neg_distance': 1.5395873911545406}
Epoch 10 val losses: {'total_loss': 0.43827178070739825, 'invariant_loss': 0.16147880765552425, 'sigreg_loss': 12.470503826530612, 'triplet_loss': 0.2736595403783175, 'triplet_pos_distance': 0.05052458015935762, 'triplet_neg_distance': 1.3884445866759942}
Updated run summary at plots/run-lejepa-trip-part-prob-ph16-replicate-dr-nowd/summary.json

Epoch [11/50]
Learning rate: 0.0005
Saved new best model to plots/run-lejepa-trip-part-prob-ph16-replicate-dr-nowd/best_model.pth
Collecting background train latents...
Collecting background validation latents...
Collecting signal latents...
Background train latents: (99979, 128)
Background val latents: (24995, 128)
Signal latents: (4064, 128)
Mahalanobis metrics saved to plots/run-lejepa-trip-part-prob-ph16-replicate-dr-nowd/mahalanobis_eval/epoch_0011/mahalanobis_metrics.json
Mahalanobis AUC, QCD train vs WJet: 0.584712
Mahalanobis AUC, QCD val vs WJet: 0.583893
Epoch 11 train losses: {'total_loss': 0.4541728564769106, 'invariant_loss': 0.2414581248979739, 'sigreg_loss': 9.565097506393862, 'triplet_loss': 0.21409008177497502, 'triplet_pos_distance': 0.0874558238079176, 'triplet_neg_distance': 1.6479060468466387}
Epoch 11 val losses: {'total_loss': 0.3989809935494345, 'invariant_loss': 0.16454033774076676, 'sigreg_loss': 10.646364795918368, 'triplet_loss': 0.2153507788874665, 'triplet_pos_distance': 0.052497121771531444, 'triplet_neg_distance': 1.7012935736957862}
Updated run summary at plots/run-lejepa-trip-part-prob-ph16-replicate-dr-nowd/summary.json

Epoch [12/50]
Learning rate: 0.0004992301
Collecting background train latents...
Collecting background validation latents...
Collecting signal latents...
Background train latents: (99979, 128)
Background val latents: (24995, 128)
Signal latents: (4064, 128)
Mahalanobis metrics saved to plots/run-lejepa-trip-part-prob-ph16-replicate-dr-nowd/mahalanobis_eval/epoch_0012/mahalanobis_metrics.json
Mahalanobis AUC, QCD train vs WJet: 0.607080
Mahalanobis AUC, QCD val vs WJet: 0.607626
Epoch 12 train losses: {'total_loss': 0.4397867375703724, 'invariant_loss': 0.234253697345019, 'sigreg_loss': 9.33491847826087, 'triplet_loss': 0.18831021238661483, 'triplet_pos_distance': 0.08466765409349786, 'triplet_neg_distance': 1.8112033818993727}
Epoch 12 val losses: {'total_loss': 0.40383894224556127, 'invariant_loss': 0.157976255124929, 'sigreg_loss': 11.292570153061224, 'triplet_loss': 0.20035097862080653, 'triplet_pos_distance': 0.0512384120374918, 'triplet_neg_distance': 1.852046785914168}
Updated run summary at plots/run-lejepa-trip-part-prob-ph16-replicate-dr-nowd/summary.json

Epoch [13/50]
Learning rate: 0.00049692516
Collecting background train latents...
Collecting background validation latents...
Collecting signal latents...
Background train latents: (99979, 128)
Background val latents: (24995, 128)
Signal latents: (4064, 128)
Mahalanobis metrics saved to plots/run-lejepa-trip-part-prob-ph16-replicate-dr-nowd/mahalanobis_eval/epoch_0013/mahalanobis_metrics.json
Mahalanobis AUC, QCD train vs WJet: 0.583921
Mahalanobis AUC, QCD val vs WJet: 0.584896
Epoch 13 train losses: {'total_loss': 0.4273876584018283, 'invariant_loss': 0.22804738205793262, 'sigreg_loss': 9.107376918158568, 'triplet_loss': 0.17184516606504655, 'triplet_pos_distance': 0.08303763791728203, 'triplet_neg_distance': 1.9091298990237437}
Epoch 13 val losses: {'total_loss': 0.40358543441611894, 'invariant_loss': 0.14814535547427984, 'sigreg_loss': 11.938456632653061, 'triplet_loss': 0.16725352186025405, 'triplet_pos_distance': 0.0490867921094201, 'triplet_neg_distance': 1.906108030859305}
Updated run summary at plots/run-lejepa-trip-part-prob-ph16-replicate-dr-nowd/summary.json

Epoch [14/50]
Learning rate: 0.00049309939
Collecting background train latents...
Collecting background validation latents...
Collecting signal latents...
Background train latents: (99979, 128)
Background val latents: (24995, 128)
Signal latents: (4064, 128)
Mahalanobis metrics saved to plots/run-lejepa-trip-part-prob-ph16-replicate-dr-nowd/mahalanobis_eval/epoch_0014/mahalanobis_metrics.json
Mahalanobis AUC, QCD train vs WJet: 0.604674
Mahalanobis AUC, QCD val vs WJet: 0.605787
Epoch 14 train losses: {'total_loss': 0.4204925114998732, 'invariant_loss': 0.22439719486953047, 'sigreg_loss': 8.982736572890026, 'triplet_loss': 0.1645651688451505, 'triplet_pos_distance': 0.08153813662926865, 'triplet_neg_distance': 1.932086507072839}
Epoch 14 val losses: {'total_loss': 0.41049085770334515, 'invariant_loss': 0.13262336149963797, 'sigreg_loss': 12.980389030612244, 'triplet_loss': 0.1820649993510879, 'triplet_pos_distance': 0.04219786372339847, 'triplet_neg_distance': 1.8051688446074117}
Updated run summary at plots/run-lejepa-trip-part-prob-ph16-replicate-dr-nowd/summary.json

Epoch [15/50]
Learning rate: 0.00048777636
Saved new best model to plots/run-lejepa-trip-part-prob-ph16-replicate-dr-nowd/best_model.pth
Collecting background train latents...
Collecting background validation latents...
Collecting signal latents...
Background train latents: (99979, 128)
Background val latents: (24995, 128)
Signal latents: (4064, 128)
Mahalanobis metrics saved to plots/run-lejepa-trip-part-prob-ph16-replicate-dr-nowd/mahalanobis_eval/epoch_0015/mahalanobis_metrics.json
Mahalanobis AUC, QCD train vs WJet: 0.539929
Mahalanobis AUC, QCD val vs WJet: 0.537928
Epoch 15 train losses: {'total_loss': 0.4154517981783508, 'invariant_loss': 0.22162250993425583, 'sigreg_loss': 8.920236572890026, 'triplet_loss': 0.1543554354201802, 'triplet_pos_distance': 0.0805055056424702, 'triplet_neg_distance': 1.9493527551136358}
Epoch 15 val losses: {'total_loss': 0.37140621959554904, 'invariant_loss': 0.162124295623935, 'sigreg_loss': 9.627710459183673, 'triplet_loss': 0.16739669100058321, 'triplet_pos_distance': 0.05151057224340585, 'triplet_neg_distance': 1.8633010922646036}
Updated run summary at plots/run-lejepa-trip-part-prob-ph16-replicate-dr-nowd/summary.json

Epoch [16/50]
Learning rate: 0.00048098891
Saved new best model to plots/run-lejepa-trip-part-prob-ph16-replicate-dr-nowd/best_model.pth
Collecting background train latents...
Collecting background validation latents...
Collecting signal latents...
Background train latents: (99979, 128)
Background val latents: (24995, 128)
Signal latents: (4064, 128)
Mahalanobis metrics saved to plots/run-lejepa-trip-part-prob-ph16-replicate-dr-nowd/mahalanobis_eval/epoch_0016/mahalanobis_metrics.json
Mahalanobis AUC, QCD train vs WJet: 0.546894
Mahalanobis AUC, QCD val vs WJet: 0.546464
Epoch 16 train losses: {'total_loss': 0.4047567747209383, 'invariant_loss': 0.21665672811172199, 'sigreg_loss': 8.684582800511508, 'triplet_loss': 0.14401793559951245, 'triplet_pos_distance': 0.07848348943016413, 'triplet_neg_distance': 1.9683825420906476}
Epoch 16 val losses: {'total_loss': 0.36109713191280557, 'invariant_loss': 0.14379548125577216, 'sigreg_loss': 10.153858418367347, 'triplet_loss': 0.14223980512089876, 'triplet_pos_distance': 0.04601422237346367, 'triplet_neg_distance': 1.9175641688765312}
Updated run summary at plots/run-lejepa-trip-part-prob-ph16-replicate-dr-nowd/summary.json

Epoch [17/50]
Learning rate: 0.00047277888
Saved new best model to plots/run-lejepa-trip-part-prob-ph16-replicate-dr-nowd/best_model.pth
Collecting background train latents...
Collecting background validation latents...
Collecting signal latents...
Background train latents: (99979, 128)
Background val latents: (24995, 128)
Signal latents: (4064, 128)
Mahalanobis metrics saved to plots/run-lejepa-trip-part-prob-ph16-replicate-dr-nowd/mahalanobis_eval/epoch_0017/mahalanobis_metrics.json
Mahalanobis AUC, QCD train vs WJet: 0.553634
Mahalanobis AUC, QCD val vs WJet: 0.551501
Epoch 17 train losses: {'total_loss': 0.4036774307565616, 'invariant_loss': 0.21675334878437355, 'sigreg_loss': 8.650375639386189, 'triplet_loss': 0.13912045484994684, 'triplet_pos_distance': 0.0780863310722515, 'triplet_neg_distance': 1.9843276890037616}
Epoch 17 val losses: {'total_loss': 0.3509457920278822, 'invariant_loss': 0.15065049756394358, 'sigreg_loss': 9.259088010204081, 'triplet_loss': 0.15112136391808792, 'triplet_pos_distance': 0.04758178321074466, 'triplet_neg_distance': 1.8631975887989511}
Updated run summary at plots/run-lejepa-trip-part-prob-ph16-replicate-dr-nowd/summary.json

Epoch [18/50]
Learning rate: 0.00046319688
Collecting background train latents...
Collecting background validation latents...
Collecting signal latents...
Background train latents: (99979, 128)
Background val latents: (24995, 128)
Signal latents: (4064, 128)
Mahalanobis metrics saved to plots/run-lejepa-trip-part-prob-ph16-replicate-dr-nowd/mahalanobis_eval/epoch_0018/mahalanobis_metrics.json
Mahalanobis AUC, QCD train vs WJet: 0.581822
Mahalanobis AUC, QCD val vs WJet: 0.580892
Epoch 18 train losses: {'total_loss': 0.39585174372434007, 'invariant_loss': 0.21268576427417643, 'sigreg_loss': 8.501218829923273, 'triplet_loss': 0.13127962759007578, 'triplet_pos_distance': 0.07741990740246632, 'triplet_neg_distance': 2.024815699328547}
Epoch 18 val losses: {'total_loss': 0.36319127542023755, 'invariant_loss': 0.1386374382264152, 'sigreg_loss': 10.543207908163266, 'triplet_loss': 0.13696054589687562, 'triplet_pos_distance': 0.044238989773605554, 'triplet_neg_distance': 1.8571216743819567}
Updated run summary at plots/run-lejepa-trip-part-prob-ph16-replicate-dr-nowd/summary.json

Epoch [19/50]
Learning rate: 0.00045230199
Saved new best model to plots/run-lejepa-trip-part-prob-ph16-replicate-dr-nowd/best_model.pth
Collecting background train latents...
Collecting background validation latents...
Collecting signal latents...
Background train latents: (99979, 128)
Background val latents: (24995, 128)
Signal latents: (4064, 128)
Mahalanobis metrics saved to plots/run-lejepa-trip-part-prob-ph16-replicate-dr-nowd/mahalanobis_eval/epoch_0019/mahalanobis_metrics.json
Mahalanobis AUC, QCD train vs WJet: 0.593462
Mahalanobis AUC, QCD val vs WJet: 0.591980
Epoch 19 train losses: {'total_loss': 0.3919889846878588, 'invariant_loss': 0.2103847558121852, 'sigreg_loss': 8.4372202685422, 'triplet_loss': 0.12856223878195827, 'triplet_pos_distance': 0.07621603018468451, 'triplet_neg_distance': 2.0041789314935885}
Epoch 19 val losses: {'total_loss': 0.34742734961363736, 'invariant_loss': 0.15138614021849875, 'sigreg_loss': 9.248883928571429, 'triplet_loss': 0.1102496297383795, 'triplet_pos_distance': 0.0485261662540083, 'triplet_neg_distance': 1.9995149288858687}
Updated run summary at plots/run-lejepa-trip-part-prob-ph16-replicate-dr-nowd/summary.json

Epoch [20/50]
Learning rate: 0.00044016139
Saved new best model to plots/run-lejepa-trip-part-prob-ph16-replicate-dr-nowd/best_model.pth
Collecting background train latents...
Collecting background validation latents...
Collecting signal latents...
Background train latents: (99979, 128)
Background val latents: (24995, 128)
Signal latents: (4064, 128)
Mahalanobis metrics saved to plots/run-lejepa-trip-part-prob-ph16-replicate-dr-nowd/mahalanobis_eval/epoch_0020/mahalanobis_metrics.json
Mahalanobis AUC, QCD train vs WJet: 0.586788
Mahalanobis AUC, QCD val vs WJet: 0.587381
Epoch 20 train losses: {'total_loss': 0.3896343653159373, 'invariant_loss': 0.20978016366281776, 'sigreg_loss': 8.38151374680307, 'triplet_loss': 0.12214507502706154, 'triplet_pos_distance': 0.07590927953934273, 'triplet_neg_distance': 2.0219911589951773}
Epoch 20 val losses: {'total_loss': 0.33878581514772105, 'invariant_loss': 0.15050038201164226, 'sigreg_loss': 8.88998724489796, 'triplet_loss': 0.10448912953083613, 'triplet_pos_distance': 0.048672941494352966, 'triplet_neg_distance': 1.9964211753436498}
Updated run summary at plots/run-lejepa-trip-part-prob-ph16-replicate-dr-nowd/summary.json

Epoch [21/50]
Learning rate: 0.00042684992
Collecting background train latents...
Collecting background validation latents...
Collecting signal latents...
Background train latents: (99979, 128)
Background val latents: (24995, 128)
Signal latents: (4064, 128)
Mahalanobis metrics saved to plots/run-lejepa-trip-part-prob-ph16-replicate-dr-nowd/mahalanobis_eval/epoch_0021/mahalanobis_metrics.json
Mahalanobis AUC, QCD train vs WJet: 0.545935
Mahalanobis AUC, QCD val vs WJet: 0.544349
Epoch 21 train losses: {'total_loss': 0.3861934571619839, 'invariant_loss': 0.20873693521599027, 'sigreg_loss': 8.285485933503836, 'triplet_loss': 0.11742479939137579, 'triplet_pos_distance': 0.07518299850051666, 'triplet_neg_distance': 2.0307142636965}
Epoch 21 val losses: {'total_loss': 0.3420053393561013, 'invariant_loss': 0.14106371056060402, 'sigreg_loss': 9.487882653061224, 'triplet_loss': 0.11209482958122176, 'triplet_pos_distance': 0.04535677422750361, 'triplet_neg_distance': 1.8867284278480374}
Updated run summary at plots/run-lejepa-trip-part-prob-ph16-replicate-dr-nowd/summary.json

Epoch [22/50]
Learning rate: 0.00041244965
Collecting background train latents...
Collecting background validation latents...
Collecting signal latents...
Background train latents: (99979, 128)
Background val latents: (24995, 128)
Signal latents: (4064, 128)
Mahalanobis metrics saved to plots/run-lejepa-trip-part-prob-ph16-replicate-dr-nowd/mahalanobis_eval/epoch_0022/mahalanobis_metrics.json
Mahalanobis AUC, QCD train vs WJet: 0.575209
Mahalanobis AUC, QCD val vs WJet: 0.574367
Epoch 22 train losses: {'total_loss': 0.382535054022089, 'invariant_loss': 0.2070643575790593, 'sigreg_loss': 8.218030690537084, 'triplet_loss': 0.11092871494229188, 'triplet_pos_distance': 0.07434286644963352, 'triplet_neg_distance': 2.038843225335221}
Epoch 22 val losses: {'total_loss': 0.3391078204220655, 'invariant_loss': 0.13557428459883952, 'sigreg_loss': 9.59406887755102, 'triplet_loss': 0.11648967679666013, 'triplet_pos_distance': 0.04367135417628653, 'triplet_neg_distance': 1.9074717285681744}
Updated run summary at plots/run-lejepa-trip-part-prob-ph16-replicate-dr-nowd/summary.json

Epoch [23/50]
Learning rate: 0.00039704937
Saved new best model to plots/run-lejepa-trip-part-prob-ph16-replicate-dr-nowd/best_model.pth
Collecting background train latents...
Collecting background validation latents...
Collecting signal latents...
Background train latents: (99979, 128)
Background val latents: (24995, 128)
Signal latents: (4064, 128)
Mahalanobis metrics saved to plots/run-lejepa-trip-part-prob-ph16-replicate-dr-nowd/mahalanobis_eval/epoch_0023/mahalanobis_metrics.json
Mahalanobis AUC, QCD train vs WJet: 0.572960
Mahalanobis AUC, QCD val vs WJet: 0.570690
Epoch 23 train losses: {'total_loss': 0.37945569941149954, 'invariant_loss': 0.20552091068014158, 'sigreg_loss': 8.174912084398978, 'triplet_loss': 0.10463592954589736, 'triplet_pos_distance': 0.07429587522812207, 'triplet_neg_distance': 2.071851867544072}
Epoch 23 val losses: {'total_loss': 0.33179916988830177, 'invariant_loss': 0.14268932286269811, 'sigreg_loss': 8.99952168367347, 'triplet_loss': 0.09115922648687752, 'triplet_pos_distance': 0.045633360087795526, 'triplet_neg_distance': 2.027228118205557}
Updated run summary at plots/run-lejepa-trip-part-prob-ph16-replicate-dr-nowd/summary.json

Epoch [24/50]
Learning rate: 0.00038074402
Collecting background train latents...
Collecting background validation latents...
Collecting signal latents...
Background train latents: (99979, 128)
Background val latents: (24995, 128)
Signal latents: (4064, 128)
Mahalanobis metrics saved to plots/run-lejepa-trip-part-prob-ph16-replicate-dr-nowd/mahalanobis_eval/epoch_0024/mahalanobis_metrics.json
Mahalanobis AUC, QCD train vs WJet: 0.558757
Mahalanobis AUC, QCD val vs WJet: 0.555501
Epoch 24 train losses: {'total_loss': 0.3760183366668194, 'invariant_loss': 0.20493335084384665, 'sigreg_loss': 8.047634271099744, 'triplet_loss': 0.10126378208093936, 'triplet_pos_distance': 0.07407973146023196, 'triplet_neg_distance': 2.074133325110921}
Epoch 24 val losses: {'total_loss': 0.3435571476513026, 'invariant_loss': 0.1347733985404579, 'sigreg_loss': 9.840880102040817, 'triplet_loss': 0.12021349678386231, 'triplet_pos_distance': 0.041477400172805906, 'triplet_neg_distance': 1.8289370701021077}
Updated run summary at plots/run-lejepa-trip-part-prob-ph16-replicate-dr-nowd/summary.json

Epoch [25/50]
Learning rate: 0.00036363413
Saved new best model to plots/run-lejepa-trip-part-prob-ph16-replicate-dr-nowd/best_model.pth
Collecting background train latents...
Collecting background validation latents...
Collecting signal latents...
Background train latents: (99979, 128)
Background val latents: (24995, 128)
Signal latents: (4064, 128)
Mahalanobis metrics saved to plots/run-lejepa-trip-part-prob-ph16-replicate-dr-nowd/mahalanobis_eval/epoch_0025/mahalanobis_metrics.json
Mahalanobis AUC, QCD train vs WJet: 0.575596
Mahalanobis AUC, QCD val vs WJet: 0.574449
Epoch 25 train losses: {'total_loss': 0.37335412977906446, 'invariant_loss': 0.2035392621327239, 'sigreg_loss': 8.000559462915602, 'triplet_loss': 0.09800354061681596, 'triplet_pos_distance': 0.07330446901357235, 'triplet_neg_distance': 2.065221632685503}
Epoch 25 val losses: {'total_loss': 0.3312555557611037, 'invariant_loss': 0.13883248978883636, 'sigreg_loss': 9.128188775510203, 'triplet_loss': 0.09860682080746913, 'triplet_pos_distance': 0.04361645066730526, 'triplet_neg_distance': 1.9279739351905123}
Updated run summary at plots/run-lejepa-trip-part-prob-ph16-replicate-dr-nowd/summary.json

Epoch [26/50]
Learning rate: 0.00034582519
Saved new best model to plots/run-lejepa-trip-part-prob-ph16-replicate-dr-nowd/best_model.pth
Collecting background train latents...
Collecting background validation latents...
Collecting signal latents...
Background train latents: (99979, 128)
Background val latents: (24995, 128)
Signal latents: (4064, 128)
Mahalanobis metrics saved to plots/run-lejepa-trip-part-prob-ph16-replicate-dr-nowd/mahalanobis_eval/epoch_0026/mahalanobis_metrics.json
Mahalanobis AUC, QCD train vs WJet: 0.587186
Mahalanobis AUC, QCD val vs WJet: 0.585415
Epoch 26 train losses: {'total_loss': 0.3708884705744131, 'invariant_loss': 0.2026536069867556, 'sigreg_loss': 7.939817774936062, 'triplet_loss': 0.09456039273925602, 'triplet_pos_distance': 0.07281026243687133, 'triplet_neg_distance': 2.070427842914601}
Epoch 26 val losses: {'total_loss': 0.32980622373977486, 'invariant_loss': 0.13255922530530667, 'sigreg_loss': 9.322704081632653, 'triplet_loss': 0.10788331591353124, 'triplet_pos_distance': 0.04074208515373116, 'triplet_neg_distance': 1.8392166616965313}
Updated run summary at plots/run-lejepa-trip-part-prob-ph16-replicate-dr-nowd/summary.json

Epoch [27/50]
Learning rate: 0.00032742699
Saved new best model to plots/run-lejepa-trip-part-prob-ph16-replicate-dr-nowd/best_model.pth
Collecting background train latents...
Collecting background validation latents...
Collecting signal latents...
Background train latents: (99979, 128)
Background val latents: (24995, 128)
Signal latents: (4064, 128)
Mahalanobis metrics saved to plots/run-lejepa-trip-part-prob-ph16-replicate-dr-nowd/mahalanobis_eval/epoch_0027/mahalanobis_metrics.json
Mahalanobis AUC, QCD train vs WJet: 0.563074
Mahalanobis AUC, QCD val vs WJet: 0.561953
Epoch 27 train losses: {'total_loss': 0.3686617226780528, 'invariant_loss': 0.2013191214531584, 'sigreg_loss': 7.909446930946292, 'triplet_loss': 0.09158205362441747, 'triplet_pos_distance': 0.07196356765830608, 'triplet_neg_distance': 2.0735979144225647}
Epoch 27 val losses: {'total_loss': 0.32331247658145673, 'invariant_loss': 0.14077463156866785, 'sigreg_loss': 8.735491071428571, 'triplet_loss': 0.07845259991911602, 'triplet_pos_distance': 0.045384650099642425, 'triplet_neg_distance': 1.9771790686918764}
Updated run summary at plots/run-lejepa-trip-part-prob-ph16-replicate-dr-nowd/summary.json

Epoch [28/50]
Learning rate: 0.00030855298
Saved new best model to plots/run-lejepa-trip-part-prob-ph16-replicate-dr-nowd/best_model.pth
Collecting background train latents...
Collecting background validation latents...
Collecting signal latents...
Background train latents: (99979, 128)
Background val latents: (24995, 128)
Signal latents: (4064, 128)
Mahalanobis metrics saved to plots/run-lejepa-trip-part-prob-ph16-replicate-dr-nowd/mahalanobis_eval/epoch_0028/mahalanobis_metrics.json
Mahalanobis AUC, QCD train vs WJet: 0.567512
Mahalanobis AUC, QCD val vs WJet: 0.566092
Epoch 28 train losses: {'total_loss': 0.36858264000519464, 'invariant_loss': 0.20180451736578245, 'sigreg_loss': 7.891484175191816, 'triplet_loss': 0.08949635683289726, 'triplet_pos_distance': 0.07281264723242854, 'triplet_neg_distance': 2.0881029483302473}
Epoch 28 val losses: {'total_loss': 0.3228196270611821, 'invariant_loss': 0.14374747978789465, 'sigreg_loss': 8.520248724489797, 'triplet_loss': 0.08639567702704547, 'triplet_pos_distance': 0.044446092602625796, 'triplet_neg_distance': 1.937331151597354}
Updated run summary at plots/run-lejepa-trip-part-prob-ph16-replicate-dr-nowd/summary.json

Epoch [29/50]
Learning rate: 0.00028931951
Saved new best model to plots/run-lejepa-trip-part-prob-ph16-replicate-dr-nowd/best_model.pth
Collecting background train latents...
Collecting background validation latents...
Collecting signal latents...
Background train latents: (99979, 128)
Background val latents: (24995, 128)
Signal latents: (4064, 128)
Mahalanobis metrics saved to plots/run-lejepa-trip-part-prob-ph16-replicate-dr-nowd/mahalanobis_eval/epoch_0029/mahalanobis_metrics.json
Mahalanobis AUC, QCD train vs WJet: 0.543399
Mahalanobis AUC, QCD val vs WJet: 0.541652
Epoch 29 train losses: {'total_loss': 0.36641002341609474, 'invariant_loss': 0.20111306173645932, 'sigreg_loss': 7.827645460358056, 'triplet_loss': 0.08735382928967933, 'triplet_pos_distance': 0.07208583838856586, 'triplet_neg_distance': 2.094228648925986}
Epoch 29 val losses: {'total_loss': 0.31777804314481967, 'invariant_loss': 0.14040212317997094, 'sigreg_loss': 8.450573979591837, 'triplet_loss': 0.08360850434674293, 'triplet_pos_distance': 0.044972413362060884, 'triplet_neg_distance': 1.9510656996649138}
Updated run summary at plots/run-lejepa-trip-part-prob-ph16-replicate-dr-nowd/summary.json

Epoch [30/50]
Learning rate: 0.00026984516
Collecting background train latents...
Collecting background validation latents...
Collecting signal latents...
Background train latents: (99979, 128)
Background val latents: (24995, 128)
Signal latents: (4064, 128)
Mahalanobis metrics saved to plots/run-lejepa-trip-part-prob-ph16-replicate-dr-nowd/mahalanobis_eval/epoch_0030/mahalanobis_metrics.json
Mahalanobis AUC, QCD train vs WJet: 0.587728
Mahalanobis AUC, QCD val vs WJet: 0.587874
Epoch 30 train losses: {'total_loss': 0.36417136114576587, 'invariant_loss': 0.19990236851412926, 'sigreg_loss': 7.787503996163683, 'triplet_loss': 0.08531622301377452, 'triplet_pos_distance': 0.07169742743148828, 'triplet_neg_distance': 2.1108786495750214}
Epoch 30 val losses: {'total_loss': 0.3257251765046801, 'invariant_loss': 0.13038355043652106, 'sigreg_loss': 9.32764668367347, 'triplet_loss': 0.08800750919522679, 'triplet_pos_distance': 0.0406639699976207, 'triplet_neg_distance': 1.9184933870422596}
Updated run summary at plots/run-lejepa-trip-part-prob-ph16-replicate-dr-nowd/summary.json

Epoch [31/50]
Learning rate: 0.00025025
Collecting background train latents...
Collecting background validation latents...
Collecting signal latents...
Background train latents: (99979, 128)
Background val latents: (24995, 128)
Signal latents: (4064, 128)
Mahalanobis metrics saved to plots/run-lejepa-trip-part-prob-ph16-replicate-dr-nowd/mahalanobis_eval/epoch_0031/mahalanobis_metrics.json
Mahalanobis AUC, QCD train vs WJet: 0.591515
Mahalanobis AUC, QCD val vs WJet: 0.591538
Epoch 31 train losses: {'total_loss': 0.3631419872536379, 'invariant_loss': 0.19975269896447506, 'sigreg_loss': 7.755554667519181, 'triplet_loss': 0.08270699116865844, 'triplet_pos_distance': 0.0717116082396806, 'triplet_neg_distance': 2.1133574494315535}
Epoch 31 val losses: {'total_loss': 0.3275343220756978, 'invariant_loss': 0.13178809743602665, 'sigreg_loss': 9.36670918367347, 'triplet_loss': 0.08435554467901892, 'triplet_pos_distance': 0.041667731621359685, 'triplet_neg_distance': 1.899727009997076}
Updated run summary at plots/run-lejepa-trip-part-prob-ph16-replicate-dr-nowd/summary.json

Epoch [32/50]
Learning rate: 0.00023065484
Saved new best model to plots/run-lejepa-trip-part-prob-ph16-replicate-dr-nowd/best_model.pth
Collecting background train latents...
Collecting background validation latents...
Collecting signal latents...
Background train latents: (99979, 128)
Background val latents: (24995, 128)
Signal latents: (4064, 128)
Mahalanobis metrics saved to plots/run-lejepa-trip-part-prob-ph16-replicate-dr-nowd/mahalanobis_eval/epoch_0032/mahalanobis_metrics.json
Mahalanobis AUC, QCD train vs WJet: 0.551308
Mahalanobis AUC, QCD val vs WJet: 0.551128
Epoch 32 train losses: {'total_loss': 0.361071262384772, 'invariant_loss': 0.19838010733161132, 'sigreg_loss': 7.7225063938618925, 'triplet_loss': 0.08246920243039003, 'triplet_pos_distance': 0.07104103739761636, 'triplet_neg_distance': 2.09488178823915}
Epoch 32 val losses: {'total_loss': 0.315597550981507, 'invariant_loss': 0.13775483450415182, 'sigreg_loss': 8.463329081632653, 'triplet_loss': 0.08578526027196524, 'triplet_pos_distance': 0.04260361799970269, 'triplet_neg_distance': 1.9093041565953468}
Updated run summary at plots/run-lejepa-trip-part-prob-ph16-replicate-dr-nowd/summary.json

Epoch [33/50]
Learning rate: 0.00021118049
Saved new best model to plots/run-lejepa-trip-part-prob-ph16-replicate-dr-nowd/best_model.pth
Collecting background train latents...
Collecting background validation latents...
Collecting signal latents...
Background train latents: (99979, 128)
Background val latents: (24995, 128)
Signal latents: (4064, 128)
Mahalanobis metrics saved to plots/run-lejepa-trip-part-prob-ph16-replicate-dr-nowd/mahalanobis_eval/epoch_0033/mahalanobis_metrics.json
Mahalanobis AUC, QCD train vs WJet: 0.576234
Mahalanobis AUC, QCD val vs WJet: 0.577195
Epoch 33 train losses: {'total_loss': 0.3591933113229854, 'invariant_loss': 0.1976622965787073, 'sigreg_loss': 7.6678788363171355, 'triplet_loss': 0.08153878716880555, 'triplet_pos_distance': 0.07078405897921461, 'triplet_neg_distance': 2.1251490125265877}
Epoch 33 val losses: {'total_loss': 0.3146460272219716, 'invariant_loss': 0.1411564357730807, 'sigreg_loss': 8.357940051020408, 'triplet_loss': 0.06327996823024384, 'triplet_pos_distance': 0.04613585944040394, 'triplet_neg_distance': 2.0356333018565667}
Updated run summary at plots/run-lejepa-trip-part-prob-ph16-replicate-dr-nowd/summary.json

Epoch [34/50]
Learning rate: 0.00019194702
Saved new best model to plots/run-lejepa-trip-part-prob-ph16-replicate-dr-nowd/best_model.pth
Collecting background train latents...
Collecting background validation latents...
Collecting signal latents...
Background train latents: (99979, 128)
Background val latents: (24995, 128)
Signal latents: (4064, 128)
Mahalanobis metrics saved to plots/run-lejepa-trip-part-prob-ph16-replicate-dr-nowd/mahalanobis_eval/epoch_0034/mahalanobis_metrics.json
Mahalanobis AUC, QCD train vs WJet: 0.554971
Mahalanobis AUC, QCD val vs WJet: 0.554764
Epoch 34 train losses: {'total_loss': 0.3580968898656728, 'invariant_loss': 0.19772652264141366, 'sigreg_loss': 7.625039961636829, 'triplet_loss': 0.07858025633236941, 'triplet_pos_distance': 0.07086748487847236, 'triplet_neg_distance': 2.1428712508867465}
Epoch 34 val losses: {'total_loss': 0.312505842623662, 'invariant_loss': 0.137992190159097, 'sigreg_loss': 8.365911989795919, 'triplet_loss': 0.07152759403522525, 'triplet_pos_distance': 0.043507036068761835, 'triplet_neg_distance': 1.9421016397524853}
Updated run summary at plots/run-lejepa-trip-part-prob-ph16-replicate-dr-nowd/summary.json

Epoch [35/50]
Learning rate: 0.00017307301
Collecting background train latents...
Collecting background validation latents...
Collecting signal latents...
Background train latents: (99979, 128)
Background val latents: (24995, 128)
Signal latents: (4064, 128)
Mahalanobis metrics saved to plots/run-lejepa-trip-part-prob-ph16-replicate-dr-nowd/mahalanobis_eval/epoch_0035/mahalanobis_metrics.json
Mahalanobis AUC, QCD train vs WJet: 0.574255
Mahalanobis AUC, QCD val vs WJet: 0.572723
Epoch 35 train losses: {'total_loss': 0.3569132859063575, 'invariant_loss': 0.19740299935764669, 'sigreg_loss': 7.593390345268542, 'triplet_loss': 0.07642327417212222, 'triplet_pos_distance': 0.07083904136763051, 'triplet_neg_distance': 2.1376090083280794}
Epoch 35 val losses: {'total_loss': 0.31494453306100806, 'invariant_loss': 0.13587426713534764, 'sigreg_loss': 8.552455357142858, 'triplet_loss': 0.08034809306263924, 'triplet_pos_distance': 0.042475806454158556, 'triplet_neg_distance': 1.8981346901582212}
Updated run summary at plots/run-lejepa-trip-part-prob-ph16-replicate-dr-nowd/summary.json

Epoch [36/50]
Learning rate: 0.00015467481
Collecting background train latents...
Collecting background validation latents...
Collecting signal latents...
Background train latents: (99979, 128)
Background val latents: (24995, 128)
Signal latents: (4064, 128)
Mahalanobis metrics saved to plots/run-lejepa-trip-part-prob-ph16-replicate-dr-nowd/mahalanobis_eval/epoch_0036/mahalanobis_metrics.json
Mahalanobis AUC, QCD train vs WJet: 0.569827
Mahalanobis AUC, QCD val vs WJet: 0.566846
Epoch 36 train losses: {'total_loss': 0.3561036175931506, 'invariant_loss': 0.19646184798091879, 'sigreg_loss': 7.608895460358056, 'triplet_loss': 0.0745286845347232, 'triplet_pos_distance': 0.07033837547101786, 'triplet_neg_distance': 2.13454573325184}
Epoch 36 val losses: {'total_loss': 0.31299818641677196, 'invariant_loss': 0.13356782492174177, 'sigreg_loss': 8.57828443877551, 'triplet_loss': 0.07829393006443065, 'triplet_pos_distance': 0.04148029435273944, 'triplet_neg_distance': 1.926181133912534}
Updated run summary at plots/run-lejepa-trip-part-prob-ph16-replicate-dr-nowd/summary.json

Epoch [37/50]
Learning rate: 0.00013686587
Saved new best model to plots/run-lejepa-trip-part-prob-ph16-replicate-dr-nowd/best_model.pth
Collecting background train latents...
Collecting background validation latents...
Collecting signal latents...
Background train latents: (99979, 128)
Background val latents: (24995, 128)
Signal latents: (4064, 128)
Mahalanobis metrics saved to plots/run-lejepa-trip-part-prob-ph16-replicate-dr-nowd/mahalanobis_eval/epoch_0037/mahalanobis_metrics.json
Mahalanobis AUC, QCD train vs WJet: 0.548760
Mahalanobis AUC, QCD val vs WJet: 0.547637
Epoch 37 train losses: {'total_loss': 0.3538934719532042, 'invariant_loss': 0.19612264737982274, 'sigreg_loss': 7.522018861892583, 'triplet_loss': 0.07322751674467645, 'triplet_pos_distance': 0.06991030080029574, 'triplet_neg_distance': 2.1795121344459027}
Epoch 37 val losses: {'total_loss': 0.3123909472202768, 'invariant_loss': 0.1367700003391626, 'sigreg_loss': 8.39078443877551, 'triplet_loss': 0.07806649819320562, 'triplet_pos_distance': 0.042280892917544256, 'triplet_neg_distance': 1.97135014558325}
Updated run summary at plots/run-lejepa-trip-part-prob-ph16-replicate-dr-nowd/summary.json

Epoch [38/50]
Learning rate: 0.00011975598
Collecting background train latents...
Collecting background validation latents...
Collecting signal latents...
Background train latents: (99979, 128)
Background val latents: (24995, 128)
Signal latents: (4064, 128)
Mahalanobis metrics saved to plots/run-lejepa-trip-part-prob-ph16-replicate-dr-nowd/mahalanobis_eval/epoch_0038/mahalanobis_metrics.json
Mahalanobis AUC, QCD train vs WJet: 0.567571
Mahalanobis AUC, QCD val vs WJet: 0.566598
Epoch 38 train losses: {'total_loss': 0.35311366907318537, 'invariant_loss': 0.19599776002375977, 'sigreg_loss': 7.493566176470588, 'triplet_loss': 0.07252275002429552, 'triplet_pos_distance': 0.07035300144663705, 'triplet_neg_distance': 2.188846376088574}
Epoch 38 val losses: {'total_loss': 0.3172642214565861, 'invariant_loss': 0.13147268147797, 'sigreg_loss': 8.901147959183673, 'triplet_loss': 0.07758215814828873, 'triplet_pos_distance': 0.04061455637862792, 'triplet_neg_distance': 1.9272633900447769}
Updated run summary at plots/run-lejepa-trip-part-prob-ph16-replicate-dr-nowd/summary.json

Epoch [39/50]
Learning rate: 0.00010345063
Saved new best model to plots/run-lejepa-trip-part-prob-ph16-replicate-dr-nowd/best_model.pth
Collecting background train latents...
Collecting background validation latents...
Collecting signal latents...
Background train latents: (99979, 128)
Background val latents: (24995, 128)
Signal latents: (4064, 128)
Mahalanobis metrics saved to plots/run-lejepa-trip-part-prob-ph16-replicate-dr-nowd/mahalanobis_eval/epoch_0039/mahalanobis_metrics.json
Mahalanobis AUC, QCD train vs WJet: 0.552750
Mahalanobis AUC, QCD val vs WJet: 0.552312
Epoch 39 train losses: {'total_loss': 0.35178495025085976, 'invariant_loss': 0.19536511083621808, 'sigreg_loss': 7.4649936061381075, 'triplet_loss': 0.07126907836121824, 'triplet_pos_distance': 0.06966655977699153, 'triplet_neg_distance': 2.2073551294443856}
Epoch 39 val losses: {'total_loss': 0.3073580435344151, 'invariant_loss': 0.13389255783083487, 'sigreg_loss': 8.325095663265307, 'triplet_loss': 0.06946629335229494, 'triplet_pos_distance': 0.04189112515435839, 'triplet_neg_distance': 2.0145707854202817}
Updated run summary at plots/run-lejepa-trip-part-prob-ph16-replicate-dr-nowd/summary.json

Epoch [40/50]
Learning rate: 8.805035e-05
Saved new best model to plots/run-lejepa-trip-part-prob-ph16-replicate-dr-nowd/best_model.pth
Collecting background train latents...
Collecting background validation latents...
Collecting signal latents...
Background train latents: (99979, 128)
Background val latents: (24995, 128)
Signal latents: (4064, 128)
Mahalanobis metrics saved to plots/run-lejepa-trip-part-prob-ph16-replicate-dr-nowd/mahalanobis_eval/epoch_0040/mahalanobis_metrics.json
Mahalanobis AUC, QCD train vs WJet: 0.569591
Mahalanobis AUC, QCD val vs WJet: 0.570383
Epoch 40 train losses: {'total_loss': 0.35120506649431976, 'invariant_loss': 0.19414163371333687, 'sigreg_loss': 7.500319693094629, 'triplet_loss': 0.07039328119086335, 'triplet_pos_distance': 0.069753420570165, 'triplet_neg_distance': 2.183356483878992}
Epoch 40 val losses: {'total_loss': 0.307151269243688, 'invariant_loss': 0.1371682707448395, 'sigreg_loss': 8.146364795918368, 'triplet_loss': 0.07049024509912243, 'triplet_pos_distance': 0.04304576841924263, 'triplet_neg_distance': 1.989143145935876}
Updated run summary at plots/run-lejepa-trip-part-prob-ph16-replicate-dr-nowd/summary.json

Epoch [41/50]
Learning rate: 7.3650081e-05
Collecting background train latents...
Collecting background validation latents...
Collecting signal latents...
Background train latents: (99979, 128)
Background val latents: (24995, 128)
Signal latents: (4064, 128)
Mahalanobis metrics saved to plots/run-lejepa-trip-part-prob-ph16-replicate-dr-nowd/mahalanobis_eval/epoch_0041/mahalanobis_metrics.json
Mahalanobis AUC, QCD train vs WJet: 0.565105
Mahalanobis AUC, QCD val vs WJet: 0.564734
Epoch 41 train losses: {'total_loss': 0.35006802374749535, 'invariant_loss': 0.1946543507716235, 'sigreg_loss': 7.4175591432225065, 'triplet_loss': 0.07064210184280524, 'triplet_pos_distance': 0.0697926951100683, 'triplet_neg_distance': 2.185966616701287}
Epoch 41 val losses: {'total_loss': 0.3096182671736698, 'invariant_loss': 0.13527120121431593, 'sigreg_loss': 8.380102040816327, 'triplet_loss': 0.0673206926570559, 'triplet_pos_distance': 0.04306804640598747, 'triplet_neg_distance': 1.9713356981472092}
Updated run summary at plots/run-lejepa-trip-part-prob-ph16-replicate-dr-nowd/summary.json

Epoch [42/50]
Learning rate: 6.033861e-05
Saved new best model to plots/run-lejepa-trip-part-prob-ph16-replicate-dr-nowd/best_model.pth
Collecting background train latents...
Collecting background validation latents...
Collecting signal latents...
Background train latents: (99979, 128)
Background val latents: (24995, 128)
Signal latents: (4064, 128)
Mahalanobis metrics saved to plots/run-lejepa-trip-part-prob-ph16-replicate-dr-nowd/mahalanobis_eval/epoch_0042/mahalanobis_metrics.json
Mahalanobis AUC, QCD train vs WJet: 0.554913
Mahalanobis AUC, QCD val vs WJet: 0.555822
Epoch 42 train losses: {'total_loss': 0.34794774186580685, 'invariant_loss': 0.19362670070756122, 'sigreg_loss': 7.372442455242966, 'triplet_loss': 0.06877583446328903, 'triplet_pos_distance': 0.06942987719269665, 'triplet_neg_distance': 2.1930591547885516}
Epoch 42 val losses: {'total_loss': 0.30674074711848276, 'invariant_loss': 0.13278766710083095, 'sigreg_loss': 8.364477040816327, 'triplet_loss': 0.06619591589028738, 'triplet_pos_distance': 0.0416932078268455, 'triplet_neg_distance': 1.9953618061785796}
Updated run summary at plots/run-lejepa-trip-part-prob-ph16-replicate-dr-nowd/summary.json

Epoch [43/50]
Learning rate: 4.8198006e-05
Collecting background train latents...
Collecting background validation latents...
Collecting signal latents...
Background train latents: (99979, 128)
Background val latents: (24995, 128)
Signal latents: (4064, 128)
Mahalanobis metrics saved to plots/run-lejepa-trip-part-prob-ph16-replicate-dr-nowd/mahalanobis_eval/epoch_0043/mahalanobis_metrics.json
Mahalanobis AUC, QCD train vs WJet: 0.570056
Mahalanobis AUC, QCD val vs WJet: 0.570273
Epoch 43 train losses: {'total_loss': 0.34828006500935615, 'invariant_loss': 0.19386147151289085, 'sigreg_loss': 7.380434782608695, 'triplet_loss': 0.06805923177748728, 'triplet_pos_distance': 0.06909459913649675, 'triplet_neg_distance': 2.2024962964570127}
Epoch 43 val losses: {'total_loss': 0.3082214277617785, 'invariant_loss': 0.13542926509161385, 'sigreg_loss': 8.329878826530612, 'triplet_loss': 0.061786397398278424, 'triplet_pos_distance': 0.04225337144215496, 'triplet_neg_distance': 2.013567543759638}
Updated run summary at plots/run-lejepa-trip-part-prob-ph16-replicate-dr-nowd/summary.json

Epoch [44/50]
Learning rate: 3.7303119e-05
Saved new best model to plots/run-lejepa-trip-part-prob-ph16-replicate-dr-nowd/best_model.pth
Collecting background train latents...
Collecting background validation latents...
Collecting signal latents...
Background train latents: (99979, 128)
Background val latents: (24995, 128)
Signal latents: (4064, 128)
Mahalanobis metrics saved to plots/run-lejepa-trip-part-prob-ph16-replicate-dr-nowd/mahalanobis_eval/epoch_0044/mahalanobis_metrics.json
Mahalanobis AUC, QCD train vs WJet: 0.560105
Mahalanobis AUC, QCD val vs WJet: 0.560945
Epoch 44 train losses: {'total_loss': 0.347474470315382, 'invariant_loss': 0.19369306668753514, 'sigreg_loss': 7.352381713554987, 'triplet_loss': 0.06716957394405247, 'triplet_pos_distance': 0.06918206814762272, 'triplet_neg_distance': 2.219459694974563}
Epoch 44 val losses: {'total_loss': 0.30541437081232364, 'invariant_loss': 0.13308115573409868, 'sigreg_loss': 8.292729591836734, 'triplet_loss': 0.06477026947374855, 'triplet_pos_distance': 0.041043312897031406, 'triplet_neg_distance': 1.972902041308734}
Updated run summary at plots/run-lejepa-trip-part-prob-ph16-replicate-dr-nowd/summary.json

Epoch [45/50]
Learning rate: 2.7721121e-05
Collecting background train latents...
Collecting background validation latents...
Collecting signal latents...
Background train latents: (99979, 128)
Background val latents: (24995, 128)
Signal latents: (4064, 128)
Mahalanobis metrics saved to plots/run-lejepa-trip-part-prob-ph16-replicate-dr-nowd/mahalanobis_eval/epoch_0045/mahalanobis_metrics.json
Mahalanobis AUC, QCD train vs WJet: 0.564129
Mahalanobis AUC, QCD val vs WJet: 0.563334
Epoch 45 train losses: {'total_loss': 0.3466097390865121, 'invariant_loss': 0.1928637192567901, 'sigreg_loss': 7.348825127877238, 'triplet_loss': 0.06760247031231519, 'triplet_pos_distance': 0.06897854171883877, 'triplet_neg_distance': 2.200675938287964}
Epoch 45 val losses: {'total_loss': 0.30701400917403554, 'invariant_loss': 0.13319420175892965, 'sigreg_loss': 8.349011479591837, 'triplet_loss': 0.0682512510910022, 'triplet_pos_distance': 0.04116608661466411, 'triplet_neg_distance': 1.9774542973966014}
Updated run summary at plots/run-lejepa-trip-part-prob-ph16-replicate-dr-nowd/summary.json

Epoch [46/50]
Learning rate: 1.9511087e-05
Saved new best model to plots/run-lejepa-trip-part-prob-ph16-replicate-dr-nowd/best_model.pth
Collecting background train latents...
Collecting background validation latents...
Collecting signal latents...
Background train latents: (99979, 128)
Background val latents: (24995, 128)
Signal latents: (4064, 128)
Mahalanobis metrics saved to plots/run-lejepa-trip-part-prob-ph16-replicate-dr-nowd/mahalanobis_eval/epoch_0046/mahalanobis_metrics.json
Mahalanobis AUC, QCD train vs WJet: 0.561841
Mahalanobis AUC, QCD val vs WJet: 0.562498
Epoch 46 train losses: {'total_loss': 0.34623270914377763, 'invariant_loss': 0.19325318242735265, 'sigreg_loss': 7.314418158567775, 'triplet_loss': 0.06682469809184903, 'triplet_pos_distance': 0.0688230462867738, 'triplet_neg_distance': 2.208143568099917}
Epoch 46 val losses: {'total_loss': 0.3046135756434227, 'invariant_loss': 0.13538540055861278, 'sigreg_loss': 8.150829081632653, 'triplet_loss': 0.06219465110679062, 'triplet_pos_distance': 0.04194993510538218, 'triplet_neg_distance': 1.9887220835199162}
Updated run summary at plots/run-lejepa-trip-part-prob-ph16-replicate-dr-nowd/summary.json

Epoch [47/50]
Learning rate: 1.2723635e-05
Saved new best model to plots/run-lejepa-trip-part-prob-ph16-replicate-dr-nowd/best_model.pth
Collecting background train latents...
Collecting background validation latents...
Collecting signal latents...
Background train latents: (99979, 128)
Background val latents: (24995, 128)
Signal latents: (4064, 128)
Mahalanobis metrics saved to plots/run-lejepa-trip-part-prob-ph16-replicate-dr-nowd/mahalanobis_eval/epoch_0047/mahalanobis_metrics.json
Mahalanobis AUC, QCD train vs WJet: 0.565607
Mahalanobis AUC, QCD val vs WJet: 0.565714
Epoch 47 train losses: {'total_loss': 0.3465871756415233, 'invariant_loss': 0.193374078863722, 'sigreg_loss': 7.328085038363171, 'triplet_loss': 0.0666690308152867, 'triplet_pos_distance': 0.06933904488278014, 'triplet_neg_distance': 2.201378996872231}
Epoch 47 val losses: {'total_loss': 0.30448536696482675, 'invariant_loss': 0.13210062849886564, 'sigreg_loss': 8.292251275510203, 'triplet_loss': 0.065609374748809, 'triplet_pos_distance': 0.04163482811834131, 'triplet_neg_distance': 1.9796843467926493}
Updated run summary at plots/run-lejepa-trip-part-prob-ph16-replicate-dr-nowd/summary.json

Epoch [48/50]
Learning rate: 7.4006124e-06
Collecting background train latents...
Collecting background validation latents...
Collecting signal latents...
Background train latents: (99979, 128)
Background val latents: (24995, 128)
Signal latents: (4064, 128)
Mahalanobis metrics saved to plots/run-lejepa-trip-part-prob-ph16-replicate-dr-nowd/mahalanobis_eval/epoch_0048/mahalanobis_metrics.json
Mahalanobis AUC, QCD train vs WJet: 0.565819
Mahalanobis AUC, QCD val vs WJet: 0.566178
Epoch 48 train losses: {'total_loss': 0.34555679216714164, 'invariant_loss': 0.19260812102986113, 'sigreg_loss': 7.3170156649616365, 'triplet_loss': 0.06612276497875791, 'triplet_pos_distance': 0.06886050982586563, 'triplet_neg_distance': 2.2017125539157703}
Epoch 48 val losses: {'total_loss': 0.3062742586646761, 'invariant_loss': 0.1341418656235447, 'sigreg_loss': 8.285235969387756, 'triplet_loss': 0.06425679140553182, 'triplet_pos_distance': 0.04229467384973351, 'triplet_neg_distance': 1.9815104530782115}
Updated run summary at plots/run-lejepa-trip-part-prob-ph16-replicate-dr-nowd/summary.json

Epoch [49/50]
Learning rate: 3.5748369e-06
Collecting background train latents...
Collecting background validation latents...
Collecting signal latents...
Background train latents: (99979, 128)
Background val latents: (24995, 128)
Signal latents: (4064, 128)
Mahalanobis metrics saved to plots/run-lejepa-trip-part-prob-ph16-replicate-dr-nowd/mahalanobis_eval/epoch_0049/mahalanobis_metrics.json
Mahalanobis AUC, QCD train vs WJet: 0.562938
Mahalanobis AUC, QCD val vs WJet: 0.563492
Epoch 49 train losses: {'total_loss': 0.34613379790349996, 'invariant_loss': 0.1926007486136673, 'sigreg_loss': 7.3476062979539645, 'triplet_loss': 0.06562886619344925, 'triplet_pos_distance': 0.0687248211334962, 'triplet_neg_distance': 2.206850418959127}
Epoch 49 val losses: {'total_loss': 0.3052330374413607, 'invariant_loss': 0.13493111205040192, 'sigreg_loss': 8.19515306122449, 'triplet_loss': 0.06383913820039253, 'triplet_pos_distance': 0.04271390271962297, 'triplet_neg_distance': 1.9879285121450618}
Updated run summary at plots/run-lejepa-trip-part-prob-ph16-replicate-dr-nowd/summary.json

Epoch [50/50]
Learning rate: 1.2698959e-06
Saved new best model to plots/run-lejepa-trip-part-prob-ph16-replicate-dr-nowd/best_model.pth
Collecting background train latents...
Collecting background validation latents...
Collecting signal latents...
Background train latents: (99979, 128)
Background val latents: (24995, 128)
Signal latents: (4064, 128)
Mahalanobis metrics saved to plots/run-lejepa-trip-part-prob-ph16-replicate-dr-nowd/mahalanobis_eval/epoch_0050/mahalanobis_metrics.json
Mahalanobis AUC, QCD train vs WJet: 0.563577
Mahalanobis AUC, QCD val vs WJet: 0.564043
Epoch 50 train losses: {'total_loss': 0.34552693677604046, 'invariant_loss': 0.19263923730310575, 'sigreg_loss': 7.312999520460358, 'triplet_loss': 0.06596886372798696, 'triplet_pos_distance': 0.06841178620448503, 'triplet_neg_distance': 2.204808796915557}
Epoch 50 val losses: {'total_loss': 0.30432472621299783, 'invariant_loss': 0.13366329259410195, 'sigreg_loss': 8.209024234693878, 'triplet_loss': 0.06476861867597516, 'triplet_pos_distance': 0.04161016991818134, 'triplet_neg_distance': 1.9842224984752888}
Updated run summary at plots/run-lejepa-trip-part-prob-ph16-replicate-dr-nowd/summary.json
Collecting background train latents...
Collecting background validation latents...
Collecting signal latents...
Background train latents: (99979, 128)
Background val latents: (24995, 128)
Signal latents: (4064, 128)
Saved run summary to plots/run-lejepa-trip-part-prob-ph16-replicate-dr-nowd/summary.json
Saved loss history to plots/run-lejepa-trip-part-prob-ph16-replicate-dr-nowd/loss_history.json
