## SLURM PROLOG ###############################################################
##    Job ID : 4029391
##  Job Name : AK8-SS-m0.2-ttbar
##  Nodelist : gpu2708
##      CPUs : 1
##  Mem/Node : 128000 MB
## Directory : /oscar/home/hgao50/jetAnomalyDetection
##   Job Started : Thu Jul 16 11:59:45 AM EDT 2026
###############################################################################

==========================================
Job started at: Thu Jul 16 11:59:45 AM EDT 2026
Job ID: 4029391
Node: gpu2708
MARGIN=0.2  SIGNAL=ttbar
==========================================

GPU Information (from host):
Thu Jul 16 11:59:45 2026       
+-----------------------------------------------------------------------------------------+
| NVIDIA-SMI 575.57.08              Driver Version: 575.57.08      CUDA Version: 12.9     |
|-----------------------------------------+------------------------+----------------------+
| GPU  Name                 Persistence-M | Bus-Id          Disp.A | Volatile Uncorr. ECC |
| Fan  Temp   Perf          Pwr:Usage/Cap |           Memory-Usage | GPU-Util  Compute M. |
|                                         |                        |               MIG M. |
|=========================================+========================+======================|
|   0  NVIDIA L40S                    On  |   00000000:01:00.0 Off |                    0 |
| N/A   40C    P8             34W /  350W |      75MiB /  46068MiB |      0%      Default |
|                                         |                        |                  N/A |
+-----------------------------------------+------------------------+----------------------+
                                                                                         
+-----------------------------------------------------------------------------------------+
| Processes:                                                                              |
|  GPU   GI   CI              PID   Type   Process name                        GPU Memory |
|        ID   ID                                                               Usage      |
|=========================================================================================|
|    0   N/A  N/A          157414      G   /usr/libexec/Xorg                        64MiB |
+-----------------------------------------------------------------------------------------+

PyTorch 2.2.1+cu118, cuda=True, device=NVIDIA L40S
Staged qcd: 400 files -> /tmp/ak8_semisup_ttbar_m0.2_4029391/qcd
Staged wjets: 200 files -> /tmp/ak8_semisup_ttbar_m0.2_4029391/wjets
Staged zjets: 200 files -> /tmp/ak8_semisup_ttbar_m0.2_4029391/zjets
Staged hbb: 189 files -> /tmp/ak8_semisup_ttbar_m0.2_4029391/hbb
Staged signal ttbar: 200 files -> /tmp/ak8_semisup_ttbar_m0.2_4029391/signal_ttbar
Background dirs: /tmp/ak8_semisup_ttbar_m0.2_4029391/qcd,/tmp/ak8_semisup_ttbar_m0.2_4029391/wjets,/tmp/ak8_semisup_ttbar_m0.2_4029391/zjets,/tmp/ak8_semisup_ttbar_m0.2_4029391/hbb
Background names: QCD,WJets,ZJets,Hbb
Signal: ttbar (TTbar)
Margin: 0.2
Output dir: plots/run-lejepa-ak8-semisup-m0.2-ttbar
Loading background from /tmp/ak8_semisup_ttbar_m0.2_4029391/qcd,/tmp/ak8_semisup_ttbar_m0.2_4029391/wjets,/tmp/ak8_semisup_ttbar_m0.2_4029391/zjets,/tmp/ak8_semisup_ttbar_m0.2_4029391/hbb
Loading signal from /tmp/ak8_semisup_ttbar_m0.2_4029391/signal_ttbar
Node feature names: ['eta', 'phi', 'pt', 'd0/d0Err', 'dz/dzErr', 'charge', 'mass', 'log_pt', 'pdgId_-211', 'pdgId_-13', 'pdgId_-11', 'pdgId_11', 'pdgId_13', 'pdgId_22', 'pdgId_130', 'pdgId_211']
Background classes: QCD@/tmp/ak8_semisup_ttbar_m0.2_4029391/qcd, WJets@/tmp/ak8_semisup_ttbar_m0.2_4029391/wjets, ZJets@/tmp/ak8_semisup_ttbar_m0.2_4029391/zjets, Hbb@/tmp/ak8_semisup_ttbar_m0.2_4029391/hbb
Using JetClass-style dataloader.read_file on DeepNTuplizer ROOT (pt >= 200.0, pt <= 400.0, max_num_particles=128)
  [QCD] jets: 75000  x_particles=(75000, 16, 128)
  [WJets] jets: 75000  x_particles=(75000, 16, 128)
  [ZJets] jets: 75000  x_particles=(75000, 16, 128)
  [Hbb] jets: 75000  x_particles=(75000, 16, 128)
Background jets (all classes): 300000  x_particles=(300000, 16, 128)
Signal jets: 20000  x_particles=(20000, 16, 128)
Loading background node tensors...
  class 0 (QCD): 74999 jets
  class 1 (WJets): 74997 jets
  class 2 (ZJets): 74998 jets
  class 3 (Hbb): 74047 jets
Loading signal node tensors...
Loaded background train events: 239231
Loaded background val events: 59810
Loaded signal events: 20000
Feature mean: tensor([-3.1637e-01, -3.0973e-01,  2.9413e-02,  1.1599e+00, -8.2350e-05,
         7.9854e-03,  9.3280e-02, -4.5401e+00,  0.0000e+00,  0.0000e+00,
         0.0000e+00,  4.8125e-03,  3.9517e-03,  2.4519e-01,  8.4045e-02,
         6.6197e-01])
Feature std: tensor([0.1589, 0.1586, 0.0678, 1.6857, 1.2959, 0.8189, 0.0653, 1.2961, 1.0000,
        1.0000, 1.0000, 0.0692, 0.0627, 0.4302, 0.2775, 0.4730])
Example node tensor shape: torch.Size([43, 16])
Selected SSL model: semi-sup-triplet
Model summary:
LeJEPASemiSupervisedTripletParticleTransformerRepresentation(
  (node_embedding): NodeEmbedding(
    (net): Sequential(
      (0): Linear(in_features=16, out_features=128, bias=True)
      (1): GELU(approximate='none')
      (2): LayerNorm((128,), eps=1e-05, elementwise_affine=True)
      (3): Linear(in_features=128, out_features=512, bias=True)
      (4): GELU(approximate='none')
      (5): LayerNorm((512,), eps=1e-05, elementwise_affine=True)
      (6): Linear(in_features=512, out_features=128, bias=True)
      (7): Dropout(p=0.1, inplace=False)
    )
  )
  (pairwise_bias): PairwiseAttentionBias(
    (mlp): Sequential(
      (0): RMSNorm()
      (1): Linear(in_features=4, out_features=16, bias=True)
      (2): SiLU()
      (3): Dropout(p=0.1, inplace=False)
      (4): Linear(in_features=16, out_features=16, bias=True)
      (5): SiLU()
      (6): Dropout(p=0.1, inplace=False)
      (7): Linear(in_features=16, out_features=8, bias=True)
    )
  )
  (encoder): ParticleTransformerEncoder(
    (layers): ModuleList(
      (0-7): 8 x ParticleTransformerBlock(
        (attn_norm): RMSNorm()
        (self_attn): MultiheadAttention(
          (out_proj): NonDynamicallyQuantizableLinear(in_features=128, out_features=128, bias=True)
        )
        (attn_dropout): Dropout(p=0.1, inplace=False)
        (ffn_norm): RMSNorm()
        (ffn): SwiGLUFFN(
          (fc1): Linear(in_features=128, out_features=1024, bias=True)
          (act): SwiGLU()
          (fc2): Linear(in_features=512, out_features=128, bias=True)
          (dropout): Dropout(p=0.1, inplace=False)
        )
      )
    )
  )
  (cls_pooling): CLSPooling(
    (layers): ModuleList(
      (0-1): 2 x ClassAttentionBlock(
        (query_norm): LayerNorm((128,), eps=1e-05, elementwise_affine=True)
        (context_norm): LayerNorm((128,), eps=1e-05, elementwise_affine=True)
        (attn): MultiheadAttention(
          (out_proj): NonDynamicallyQuantizableLinear(in_features=128, out_features=128, bias=True)
        )
        (attn_dropout): Dropout(p=0.0, inplace=False)
        (ffn_norm): LayerNorm((128,), eps=1e-05, elementwise_affine=True)
        (ffn): Sequential(
          (0): Linear(in_features=128, out_features=512, bias=True)
          (1): GELU(approximate='none')
          (2): Dropout(p=0.0, inplace=False)
          (3): Linear(in_features=512, out_features=128, bias=True)
          (4): Dropout(p=0.0, inplace=False)
        )
      )
    )
  )
  (representation_head): RepresentationHead(
    (net): Sequential(
      (0): RMSNorm()
      (1): Linear(in_features=128, out_features=128, bias=True)
      (2): SiLU()
      (3): Dropout(p=0.1, inplace=False)
      (4): Linear(in_features=128, out_features=128, bias=True)
    )
  )
  (augmentation): MultiViewAugmentation()
  (negative_augmentation): CorruptedNegativeAugmentation()
  (loss): LeJEPASIGRegTripletClassificationLoss(
    (triplet_loss): LeJEPASIGRegTripletLoss(
      (lejepa_loss): LeJEPASIGRegLoss(
        (sigreg_loss_fn): SlicingUnivariateTest(
          (univariate_test): EppsPulley()
        )
      )
    )
  )
  (classification_head): CategoricalClassificationHead(
    (net): Sequential(
      (0): RMSNorm()
      (1): Linear(in_features=128, out_features=128, bias=True)
      (2): SiLU()
      (3): Dropout(p=0.1, inplace=False)
      (4): Linear(in_features=128, out_features=4, bias=True)
    )
  )
)
Number of trainable parameters: 2695664
Initialized run summary at plots/run-lejepa-ak8-semisup-m0.2-ttbar/summary.json

Epoch [1/100]
Learning rate: 5.3504548e-08
