## SLURM PROLOG ###############################################################
##    Job ID : 3962064
##  Job Name : JETANOMALY-JETCLASS
##  Nodelist : gpu3101
##      CPUs : 1
##  Mem/Node : 48000 MB
## Directory : /oscar/home/lwang223/jetAnomalyDetection
##   Job Started : Mon Jul 13 21:43:32 EDT 2026
###############################################################################

==========================================
Job started at: Mon Jul 13 21:43:32 EDT 2026
Job ID: 3962064
Node: gpu3101
==========================================

GPU Information (from host):
Mon Jul 13 21:43:32 2026       
+-----------------------------------------------------------------------------------------+
| NVIDIA-SMI 575.57.08              Driver Version: 575.57.08      CUDA Version: 12.9     |
|-----------------------------------------+------------------------+----------------------+
| GPU  Name                 Persistence-M | Bus-Id          Disp.A | Volatile Uncorr. ECC |
| Fan  Temp   Perf          Pwr:Usage/Cap |           Memory-Usage | GPU-Util  Compute M. |
|                                         |                        |               MIG M. |
|=========================================+========================+======================|
|   0  NVIDIA L40S                    On  |   00000000:01:00.0 Off |                    0 |
| N/A   26C    P8             32W /  350W |      74MiB /  46068MiB |      0%      Default |
|                                         |                        |                  N/A |
+-----------------------------------------+------------------------+----------------------+
                                                                                         
+-----------------------------------------------------------------------------------------+
| Processes:                                                                              |
|  GPU   GI   CI              PID   Type   Process name                        GPU Memory |
|        ID   ID                                                               Usage      |
|=========================================================================================|
|    0   N/A  N/A          182625      G   /usr/libexec/Xorg                        64MiB |
+-----------------------------------------------------------------------------------------+

PyTorch version: 2.6.0+cu124
JetClass root: /HEP/export/home/lwang223/JetClass/JetClass/Pythia
Background labels: ['label_QCD', 'label_Wqq', 'label_Hcc', 'label_Hgg']
Signal labels: ['label_Hbb']
Particle features: ['part_px', 'part_py', 'part_pz', 'part_energy', 'part_pt', 'log_pt_fraction', 'part_deta', 'part_dphi', 'd0_sig', 'dz_sig', 'part_charge', 'part_isChargedHadron', 'part_isNeutralHadron', 'part_isPhoton', 'part_isElectron', 'part_isMuon']
Lazy JetClass datasets ready; no full split has been loaded into RAM.
Background train ROOT shards: 400
Background val ROOT shards: 20
Signal test ROOT shards: 20
Per-event particle shape: (128, 16)
Selected SSL model: semi-sup-triplet
Model summary:
LeJEPASemiSupervisedTripletParticleTransformerRepresentation(
  (node_embedding): NodeEmbedding(
    (net): Sequential(
      (0): Linear(in_features=12, out_features=32, bias=True)
      (1): GELU(approximate='none')
      (2): LayerNorm((32,), eps=1e-05, elementwise_affine=True)
      (3): Linear(in_features=32, out_features=128, bias=True)
      (4): GELU(approximate='none')
      (5): LayerNorm((128,), eps=1e-05, elementwise_affine=True)
      (6): Linear(in_features=128, out_features=32, bias=True)
      (7): Dropout(p=0.01, inplace=False)
    )
  )
  (pairwise_bias): PairwiseAttentionBias(
    (mlp): Sequential(
      (0): RMSNorm()
      (1): Linear(in_features=4, out_features=32, bias=True)
      (2): SiLU()
      (3): Dropout(p=0.01, inplace=False)
      (4): Linear(in_features=32, out_features=32, bias=True)
      (5): SiLU()
      (6): Dropout(p=0.01, inplace=False)
      (7): Linear(in_features=32, out_features=8, bias=True)
    )
  )
  (encoder): ParticleTransformerEncoder(
    (layers): ModuleList(
      (0-3): 4 x ParticleTransformerBlock(
        (attn_norm): RMSNorm()
        (self_attn): MultiheadAttention(
          (out_proj): NonDynamicallyQuantizableLinear(in_features=32, out_features=32, bias=True)
        )
        (attn_dropout): Dropout(p=0.01, inplace=False)
        (ffn_norm): RMSNorm()
        (ffn): SwiGLUFFN(
          (fc1): Linear(in_features=32, out_features=256, bias=True)
          (act): SwiGLU()
          (fc2): Linear(in_features=128, out_features=32, bias=True)
          (dropout): Dropout(p=0.01, inplace=False)
        )
      )
    )
  )
  (cls_pooling): CLSPooling(
    (layers): ModuleList(
      (0-1): 2 x ClassAttentionBlock(
        (query_norm): LayerNorm((32,), eps=1e-05, elementwise_affine=True)
        (context_norm): LayerNorm((32,), eps=1e-05, elementwise_affine=True)
        (attn): MultiheadAttention(
          (out_proj): NonDynamicallyQuantizableLinear(in_features=32, out_features=32, bias=True)
        )
        (attn_dropout): Dropout(p=0.0, inplace=False)
        (ffn_norm): LayerNorm((32,), eps=1e-05, elementwise_affine=True)
        (ffn): Sequential(
          (0): Linear(in_features=32, out_features=128, bias=True)
          (1): GELU(approximate='none')
          (2): Dropout(p=0.0, inplace=False)
          (3): Linear(in_features=128, out_features=32, bias=True)
          (4): Dropout(p=0.0, inplace=False)
        )
      )
    )
  )
  (augmentation): MultiViewAugmentation()
  (negative_augmentation): CorruptedNegativeAugmentation()
  (loss): LeJEPASIGRegTripletClassificationLoss(
    (triplet_loss): LeJEPASIGRegTripletLoss(
      (lejepa_loss): LeJEPASIGRegLoss(
        (sigreg_loss_fn): SlicingUnivariateTest(
          (univariate_test): EppsPulley()
        )
      )
    )
  )
  (representation_head): RepresentationHead(
    (net): Sequential(
      (0): RMSNorm()
      (1): Linear(in_features=32, out_features=32, bias=True)
      (2): SiLU()
      (3): Dropout(p=0.01, inplace=False)
      (4): Linear(in_features=32, out_features=32, bias=True)
    )
  )
  (classification_head): CategoricalClassificationHead(
    (net): Sequential(
      (0): RMSNorm()
      (1): Linear(in_features=32, out_features=32, bias=True)
      (2): SiLU()
      (3): Dropout(p=0.01, inplace=False)
      (4): Linear(in_features=32, out_features=4, bias=True)
    )
  )
)
Number of trainable parameters: 106960

Epoch [1/40]
Saved new best model state_dict to plots/run-lejepa-semi-sup-triplet-jetclass-ddp-fast-hbb-long/best_model.pth
Saved last model state_dict to plots/run-lejepa-semi-sup-triplet-jetclass-ddp-fast-hbb-long/last_model.pth
Mahalanobis metrics saved to plots/run-lejepa-semi-sup-triplet-jetclass-ddp-fast-hbb-long/mahalanobis_eval/epoch_0001/mahalanobis_metrics.json
Mahalanobis AUC, QCD+Wqq+Hcc+Hgg train vs Hbb: 0.555630
Mahalanobis AUC, QCD+Wqq+Hcc+Hgg val vs Hbb: 0.557489
Epoch 1 train losses: {'total_loss': 6.466076272726059, 'invariant_loss': 0.45494579792302103, 'sigreg_loss': 117.361125, 'triplet_loss': 0.1025234244670719, 'triplet_pos_distance': 0.09481393361277879, 'triplet_neg_distance': 0.37695948145911096, 'classification_loss': 1.3315938154459}
Epoch 1 val losses: {'total_loss': 2.6428844165802, 'invariant_loss': 0.6293154954910278, 'sigreg_loss': 37.715, 'triplet_loss': 0.04697429649531841, 'triplet_pos_distance': 0.12674307458102704, 'triplet_neg_distance': 0.6229424756765366, 'classification_loss': 1.2309024798870087}
Updated run summary at plots/run-lejepa-semi-sup-triplet-jetclass-ddp-fast-hbb-long/summary.json

Epoch [2/40]
Saved new best model state_dict to plots/run-lejepa-semi-sup-triplet-jetclass-ddp-fast-hbb-long/best_model.pth
Saved last model state_dict to plots/run-lejepa-semi-sup-triplet-jetclass-ddp-fast-hbb-long/last_model.pth
Mahalanobis metrics saved to plots/run-lejepa-semi-sup-triplet-jetclass-ddp-fast-hbb-long/mahalanobis_eval/epoch_0002/mahalanobis_metrics.json
Mahalanobis AUC, QCD+Wqq+Hcc+Hgg train vs Hbb: 0.585671
Mahalanobis AUC, QCD+Wqq+Hcc+Hgg val vs Hbb: 0.586053
Epoch 2 train losses: {'total_loss': 2.109293231844902, 'invariant_loss': 0.5035484213531017, 'sigreg_loss': 29.6224375, 'triplet_loss': 0.03731639861874282, 'triplet_pos_distance': 0.09141015685535968, 'triplet_neg_distance': 0.6886600416302681, 'classification_loss': 1.209701900780201}
Epoch 2 val losses: {'total_loss': 1.6411304533481599, 'invariant_loss': 0.3982316702604294, 'sigreg_loss': 22.4625, 'triplet_loss': 0.03477153891697526, 'triplet_pos_distance': 0.060659025870263575, 'triplet_neg_distance': 0.738938580751419, 'classification_loss': 1.1606222224235534}
Updated run summary at plots/run-lejepa-semi-sup-triplet-jetclass-ddp-fast-hbb-long/summary.json

Epoch [3/40]
Saved new best model state_dict to plots/run-lejepa-semi-sup-triplet-jetclass-ddp-fast-hbb-long/best_model.pth
Saved last model state_dict to plots/run-lejepa-semi-sup-triplet-jetclass-ddp-fast-hbb-long/last_model.pth
Mahalanobis metrics saved to plots/run-lejepa-semi-sup-triplet-jetclass-ddp-fast-hbb-long/mahalanobis_eval/epoch_0003/mahalanobis_metrics.json
Mahalanobis AUC, QCD+Wqq+Hcc+Hgg train vs Hbb: 0.645322
Mahalanobis AUC, QCD+Wqq+Hcc+Hgg val vs Hbb: 0.644582
Epoch 3 train losses: {'total_loss': 1.44444392901659, 'invariant_loss': 0.36197501450777053, 'sigreg_loss': 19.335625, 'triplet_loss': 0.03360141239501536, 'triplet_pos_distance': 0.05986829297058284, 'triplet_neg_distance': 0.8408030611276627, 'classification_loss': 1.1229625671505927}
Epoch 3 val losses: {'total_loss': 1.271129651069641, 'invariant_loss': 0.30832056373357775, 'sigreg_loss': 16.99125, 'triplet_loss': 0.033756495341658595, 'triplet_pos_distance': 0.04727434281259775, 'triplet_neg_distance': 0.8911764335632324, 'classification_loss': 1.0986311554908752}
Updated run summary at plots/run-lejepa-semi-sup-triplet-jetclass-ddp-fast-hbb-long/summary.json

Epoch [4/40]
Saved new best model state_dict to plots/run-lejepa-semi-sup-triplet-jetclass-ddp-fast-hbb-long/best_model.pth
Saved last model state_dict to plots/run-lejepa-semi-sup-triplet-jetclass-ddp-fast-hbb-long/last_model.pth
Mahalanobis metrics saved to plots/run-lejepa-semi-sup-triplet-jetclass-ddp-fast-hbb-long/mahalanobis_eval/epoch_0004/mahalanobis_metrics.json
Mahalanobis AUC, QCD+Wqq+Hcc+Hgg train vs Hbb: 0.627274
Mahalanobis AUC, QCD+Wqq+Hcc+Hgg val vs Hbb: 0.627006
Epoch 4 train losses: {'total_loss': 1.1338300485610961, 'invariant_loss': 0.3261332802027464, 'sigreg_loss': 13.92265625, 'triplet_loss': 0.0303740844912827, 'triplet_pos_distance': 0.055800092922523616, 'triplet_neg_distance': 1.0040626758635045, 'classification_loss': 1.085138445287943}
Epoch 4 val losses: {'total_loss': 1.0015585166215897, 'invariant_loss': 0.2979167726635933, 'sigreg_loss': 11.84375, 'triplet_loss': 0.030037119816988707, 'triplet_pos_distance': 0.04656546361744404, 'triplet_neg_distance': 1.0523291671276092, 'classification_loss': 1.0837239849567413}
Updated run summary at plots/run-lejepa-semi-sup-triplet-jetclass-ddp-fast-hbb-long/summary.json

Epoch [5/40]
Saved new best model state_dict to plots/run-lejepa-semi-sup-triplet-jetclass-ddp-fast-hbb-long/best_model.pth
Saved last model state_dict to plots/run-lejepa-semi-sup-triplet-jetclass-ddp-fast-hbb-long/last_model.pth
Mahalanobis metrics saved to plots/run-lejepa-semi-sup-triplet-jetclass-ddp-fast-hbb-long/mahalanobis_eval/epoch_0005/mahalanobis_metrics.json
Mahalanobis AUC, QCD+Wqq+Hcc+Hgg train vs Hbb: 0.612098
Mahalanobis AUC, QCD+Wqq+Hcc+Hgg val vs Hbb: 0.611339
Epoch 5 train losses: {'total_loss': 0.9660022405982017, 'invariant_loss': 0.30899573988467455, 'sigreg_loss': 10.942796875, 'triplet_loss': 0.028103494750335814, 'triplet_pos_distance': 0.053998123181983826, 'triplet_neg_distance': 1.085543630361557, 'classification_loss': 1.0706528607010841}
Epoch 5 val losses: {'total_loss': 0.900627224445343, 'invariant_loss': 0.2840456986427307, 'sigreg_loss': 10.1378125, 'triplet_loss': 0.029294977001845836, 'triplet_pos_distance': 0.04557470316067338, 'triplet_neg_distance': 1.110046262741089, 'classification_loss': 1.0679655760526656}
Updated run summary at plots/run-lejepa-semi-sup-triplet-jetclass-ddp-fast-hbb-long/summary.json

Epoch [6/40]
Saved new best model state_dict to plots/run-lejepa-semi-sup-triplet-jetclass-ddp-fast-hbb-long/best_model.pth
Saved last model state_dict to plots/run-lejepa-semi-sup-triplet-jetclass-ddp-fast-hbb-long/last_model.pth
Mahalanobis metrics saved to plots/run-lejepa-semi-sup-triplet-jetclass-ddp-fast-hbb-long/mahalanobis_eval/epoch_0006/mahalanobis_metrics.json
Mahalanobis AUC, QCD+Wqq+Hcc+Hgg train vs Hbb: 0.540550
Mahalanobis AUC, QCD+Wqq+Hcc+Hgg val vs Hbb: 0.539025
Epoch 6 train losses: {'total_loss': 0.8871551177501679, 'invariant_loss': 0.30106249187886713, 'sigreg_loss': 9.543484375, 'triplet_loss': 0.026816313270479442, 'triplet_pos_distance': 0.052913008681498466, 'triplet_neg_distance': 1.1310621605813502, 'classification_loss': 1.0623911536037922}
Epoch 6 val losses: {'total_loss': 0.8251344639062882, 'invariant_loss': 0.26907193392515183, 'sigreg_loss': 8.9421875, 'triplet_loss': 0.028164477813988925, 'triplet_pos_distance': 0.041316174529492856, 'triplet_neg_distance': 1.1358018898963929, 'classification_loss': 1.0603904491662979}
Updated run summary at plots/run-lejepa-semi-sup-triplet-jetclass-ddp-fast-hbb-long/summary.json

Epoch [7/40]
Saved new best model state_dict to plots/run-lejepa-semi-sup-triplet-jetclass-ddp-fast-hbb-long/best_model.pth
Saved last model state_dict to plots/run-lejepa-semi-sup-triplet-jetclass-ddp-fast-hbb-long/last_model.pth
Mahalanobis metrics saved to plots/run-lejepa-semi-sup-triplet-jetclass-ddp-fast-hbb-long/mahalanobis_eval/epoch_0007/mahalanobis_metrics.json
Mahalanobis AUC, QCD+Wqq+Hcc+Hgg train vs Hbb: 0.541774
Mahalanobis AUC, QCD+Wqq+Hcc+Hgg val vs Hbb: 0.539964
Epoch 7 train losses: {'total_loss': 0.8357448582351208, 'invariant_loss': 0.29250680923461914, 'sigreg_loss': 8.703390625, 'triplet_loss': 0.023890879785642027, 'triplet_pos_distance': 0.0514911323338747, 'triplet_neg_distance': 1.1707800619602204, 'classification_loss': 1.05672199305892}
Epoch 7 val losses: {'total_loss': 0.784615843296051, 'invariant_loss': 0.26991127863526343, 'sigreg_loss': 8.1503125, 'triplet_loss': 0.022171879429370166, 'triplet_pos_distance': 0.03995810488238931, 'triplet_neg_distance': 1.2009669172763824, 'classification_loss': 1.050264323949814}
Updated run summary at plots/run-lejepa-semi-sup-triplet-jetclass-ddp-fast-hbb-long/summary.json

Epoch [8/40]
Saved last model state_dict to plots/run-lejepa-semi-sup-triplet-jetclass-ddp-fast-hbb-long/last_model.pth
Mahalanobis metrics saved to plots/run-lejepa-semi-sup-triplet-jetclass-ddp-fast-hbb-long/mahalanobis_eval/epoch_0008/mahalanobis_metrics.json
Mahalanobis AUC, QCD+Wqq+Hcc+Hgg train vs Hbb: 0.567429
Mahalanobis AUC, QCD+Wqq+Hcc+Hgg val vs Hbb: 0.567916
Epoch 8 train losses: {'total_loss': 0.8064997800886631, 'invariant_loss': 0.2810166136920452, 'sigreg_loss': 8.3876875, 'triplet_loss': 0.019168039182201026, 'triplet_pos_distance': 0.04928503678366542, 'triplet_neg_distance': 1.2157358794808388, 'classification_loss': 1.041737790375948}
Epoch 8 val losses: {'total_loss': 0.7872450560331344, 'invariant_loss': 0.2530403317511082, 'sigreg_loss': 8.539375, 'triplet_loss': 0.019084296682849528, 'triplet_pos_distance': 0.0389793175086379, 'triplet_neg_distance': 1.201516181230545, 'classification_loss': 1.052064379453659}
Updated run summary at plots/run-lejepa-semi-sup-triplet-jetclass-ddp-fast-hbb-long/summary.json

Epoch [9/40]
Saved new best model state_dict to plots/run-lejepa-semi-sup-triplet-jetclass-ddp-fast-hbb-long/best_model.pth
Saved last model state_dict to plots/run-lejepa-semi-sup-triplet-jetclass-ddp-fast-hbb-long/last_model.pth
Mahalanobis metrics saved to plots/run-lejepa-semi-sup-triplet-jetclass-ddp-fast-hbb-long/mahalanobis_eval/epoch_0009/mahalanobis_metrics.json
Mahalanobis AUC, QCD+Wqq+Hcc+Hgg train vs Hbb: 0.523128
Mahalanobis AUC, QCD+Wqq+Hcc+Hgg val vs Hbb: 0.523416
Epoch 9 train losses: {'total_loss': 0.785336685538292, 'invariant_loss': 0.27166201258450745, 'sigreg_loss': 8.176828125, 'triplet_loss': 0.014675251162610948, 'triplet_pos_distance': 0.04794301476236433, 'triplet_neg_distance': 1.2452528905272484, 'classification_loss': 1.0335655614733696}
Epoch 9 val losses: {'total_loss': 0.7780088597536087, 'invariant_loss': 0.243239476531744, 'sigreg_loss': 8.6184375, 'triplet_loss': 0.012899834532290697, 'triplet_pos_distance': 0.037164607513695956, 'triplet_neg_distance': 1.2649865579605102, 'classification_loss': 1.026004867553711}
Updated run summary at plots/run-lejepa-semi-sup-triplet-jetclass-ddp-fast-hbb-long/summary.json

Epoch [10/40]
Saved new best model state_dict to plots/run-lejepa-semi-sup-triplet-jetclass-ddp-fast-hbb-long/best_model.pth
Saved last model state_dict to plots/run-lejepa-semi-sup-triplet-jetclass-ddp-fast-hbb-long/last_model.pth
Mahalanobis metrics saved to plots/run-lejepa-semi-sup-triplet-jetclass-ddp-fast-hbb-long/mahalanobis_eval/epoch_0010/mahalanobis_metrics.json
Mahalanobis AUC, QCD+Wqq+Hcc+Hgg train vs Hbb: 0.482920
Mahalanobis AUC, QCD+Wqq+Hcc+Hgg val vs Hbb: 0.482900
Epoch 10 train losses: {'total_loss': 0.7602794001698494, 'invariant_loss': 0.25884850009530785, 'sigreg_loss': 7.9644375, 'triplet_loss': 0.011249361290829256, 'triplet_pos_distance': 0.046024474802426996, 'triplet_neg_distance': 1.2805315173864364, 'classification_loss': 1.0209306876957416}
Epoch 10 val losses: {'total_loss': 0.7417188251018524, 'invariant_loss': 0.23815654173493386, 'sigreg_loss': 8.030625, 'triplet_loss': 0.009525861563161016, 'triplet_pos_distance': 0.034895910155028104, 'triplet_neg_distance': 1.2833420979976653, 'classification_loss': 1.0114484506845474}
Updated run summary at plots/run-lejepa-semi-sup-triplet-jetclass-ddp-fast-hbb-long/summary.json

Epoch [11/40]
Saved new best model state_dict to plots/run-lejepa-semi-sup-triplet-jetclass-ddp-fast-hbb-long/best_model.pth
Saved last model state_dict to plots/run-lejepa-semi-sup-triplet-jetclass-ddp-fast-hbb-long/last_model.pth
Mahalanobis metrics saved to plots/run-lejepa-semi-sup-triplet-jetclass-ddp-fast-hbb-long/mahalanobis_eval/epoch_0011/mahalanobis_metrics.json
Mahalanobis AUC, QCD+Wqq+Hcc+Hgg train vs Hbb: 0.509602
Mahalanobis AUC, QCD+Wqq+Hcc+Hgg val vs Hbb: 0.505279
Epoch 11 train losses: {'total_loss': 0.7384189454317093, 'invariant_loss': 0.24686569748073817, 'sigreg_loss': 7.803453125, 'triplet_loss': 0.009514986027032137, 'triplet_pos_distance': 0.04372494901996106, 'triplet_neg_distance': 1.2976044952869414, 'classification_loss': 1.0045623427927495}
Epoch 11 val losses: {'total_loss': 0.7167085874080658, 'invariant_loss': 0.21943877071142195, 'sigreg_loss': 7.939375, 'triplet_loss': 0.009238141500391065, 'triplet_pos_distance': 0.03241100434213877, 'triplet_neg_distance': 1.2597020876407623, 'classification_loss': 0.9939286482334136}
Updated run summary at plots/run-lejepa-semi-sup-triplet-jetclass-ddp-fast-hbb-long/summary.json

Epoch [12/40]
Saved new best model state_dict to plots/run-lejepa-semi-sup-triplet-jetclass-ddp-fast-hbb-long/best_model.pth
Saved last model state_dict to plots/run-lejepa-semi-sup-triplet-jetclass-ddp-fast-hbb-long/last_model.pth
Mahalanobis metrics saved to plots/run-lejepa-semi-sup-triplet-jetclass-ddp-fast-hbb-long/mahalanobis_eval/epoch_0012/mahalanobis_metrics.json
Mahalanobis AUC, QCD+Wqq+Hcc+Hgg train vs Hbb: 0.543962
Mahalanobis AUC, QCD+Wqq+Hcc+Hgg val vs Hbb: 0.539980
Epoch 12 train losses: {'total_loss': 0.7215777130424976, 'invariant_loss': 0.23326387248933314, 'sigreg_loss': 7.7746875, 'triplet_loss': 0.00839344526536297, 'triplet_pos_distance': 0.041769007187336685, 'triplet_neg_distance': 1.294571828842163, 'classification_loss': 0.9874499609172345}
Epoch 12 val losses: {'total_loss': 0.6771557813882828, 'invariant_loss': 0.20482597202062608, 'sigreg_loss': 7.47, 'triplet_loss': 0.008380573578178882, 'triplet_pos_distance': 0.030074979895725846, 'triplet_neg_distance': 1.269249268770218, 'classification_loss': 0.9803471642732621}
Updated run summary at plots/run-lejepa-semi-sup-triplet-jetclass-ddp-fast-hbb-long/summary.json

Epoch [13/40]
Saved new best model state_dict to plots/run-lejepa-semi-sup-triplet-jetclass-ddp-fast-hbb-long/best_model.pth
Saved last model state_dict to plots/run-lejepa-semi-sup-triplet-jetclass-ddp-fast-hbb-long/last_model.pth
Mahalanobis metrics saved to plots/run-lejepa-semi-sup-triplet-jetclass-ddp-fast-hbb-long/mahalanobis_eval/epoch_0013/mahalanobis_metrics.json
Mahalanobis AUC, QCD+Wqq+Hcc+Hgg train vs Hbb: 0.476076
Mahalanobis AUC, QCD+Wqq+Hcc+Hgg val vs Hbb: 0.470378
Epoch 13 train losses: {'total_loss': 0.7058014026582241, 'invariant_loss': 0.2254302858263254, 'sigreg_loss': 7.666265625, 'triplet_loss': 0.007871275597251952, 'triplet_pos_distance': 0.040262784224003555, 'triplet_neg_distance': 1.2820402823090553, 'classification_loss': 0.9627831665277481}
Epoch 13 val losses: {'total_loss': 0.6665469777584075, 'invariant_loss': 0.20132183969020845, 'sigreg_loss': 7.41, 'triplet_loss': 0.008355361418798566, 'triplet_pos_distance': 0.030048527494072913, 'triplet_neg_distance': 1.238905861377716, 'classification_loss': 0.9390131193399429}
Updated run summary at plots/run-lejepa-semi-sup-triplet-jetclass-ddp-fast-hbb-long/summary.json

Epoch [14/40]
Saved last model state_dict to plots/run-lejepa-semi-sup-triplet-jetclass-ddp-fast-hbb-long/last_model.pth
Mahalanobis metrics saved to plots/run-lejepa-semi-sup-triplet-jetclass-ddp-fast-hbb-long/mahalanobis_eval/epoch_0014/mahalanobis_metrics.json
Mahalanobis AUC, QCD+Wqq+Hcc+Hgg train vs Hbb: 0.478319
Mahalanobis AUC, QCD+Wqq+Hcc+Hgg val vs Hbb: 0.472274
Epoch 14 train losses: {'total_loss': 0.6900657089054585, 'invariant_loss': 0.21954022943228482, 'sigreg_loss': 7.518484375, 'triplet_loss': 0.007800506791914813, 'triplet_pos_distance': 0.039331501692533494, 'triplet_neg_distance': 1.2742387278079987, 'classification_loss': 0.9384600614309311}
Epoch 14 val losses: {'total_loss': 0.6700351518392563, 'invariant_loss': 0.1886450257897377, 'sigreg_loss': 7.7584375, 'triplet_loss': 0.008546615820378065, 'triplet_pos_distance': 0.027136993193998933, 'triplet_neg_distance': 1.2563375639915466, 'classification_loss': 0.9262530386447907}
Updated run summary at plots/run-lejepa-semi-sup-triplet-jetclass-ddp-fast-hbb-long/summary.json

Epoch [15/40]
Saved last model state_dict to plots/run-lejepa-semi-sup-triplet-jetclass-ddp-fast-hbb-long/last_model.pth
Mahalanobis metrics saved to plots/run-lejepa-semi-sup-triplet-jetclass-ddp-fast-hbb-long/mahalanobis_eval/epoch_0015/mahalanobis_metrics.json
Mahalanobis AUC, QCD+Wqq+Hcc+Hgg train vs Hbb: 0.451021
Mahalanobis AUC, QCD+Wqq+Hcc+Hgg val vs Hbb: 0.446147
Epoch 15 train losses: {'total_loss': 0.6765071946978569, 'invariant_loss': 0.21557999355345964, 'sigreg_loss': 7.354203125, 'triplet_loss': 0.008040157478651963, 'triplet_pos_distance': 0.03859482202399522, 'triplet_neg_distance': 1.2615099839568138, 'classification_loss': 0.9241419216096401}
Epoch 15 val losses: {'total_loss': 0.6704917049407959, 'invariant_loss': 0.19728035867214203, 'sigreg_loss': 7.60375, 'triplet_loss': 0.008196261953562498, 'triplet_pos_distance': 0.029209855943918228, 'triplet_neg_distance': 1.2424346065521241, 'classification_loss': 0.9215733563899994}
Updated run summary at plots/run-lejepa-semi-sup-triplet-jetclass-ddp-fast-hbb-long/summary.json

Epoch [16/40]
Saved new best model state_dict to plots/run-lejepa-semi-sup-triplet-jetclass-ddp-fast-hbb-long/best_model.pth
Saved last model state_dict to plots/run-lejepa-semi-sup-triplet-jetclass-ddp-fast-hbb-long/last_model.pth
Mahalanobis metrics saved to plots/run-lejepa-semi-sup-triplet-jetclass-ddp-fast-hbb-long/mahalanobis_eval/epoch_0016/mahalanobis_metrics.json
Mahalanobis AUC, QCD+Wqq+Hcc+Hgg train vs Hbb: 0.488193
Mahalanobis AUC, QCD+Wqq+Hcc+Hgg val vs Hbb: 0.485697
Epoch 16 train losses: {'total_loss': 0.6631840907931328, 'invariant_loss': 0.21153708129376173, 'sigreg_loss': 7.18990625, 'triplet_loss': 0.007965326512581668, 'triplet_pos_distance': 0.03787826072331518, 'triplet_neg_distance': 1.2471408391594887, 'classification_loss': 0.9135876855254174}
Epoch 16 val losses: {'total_loss': 0.6490496444702148, 'invariant_loss': 0.18729865580797195, 'sigreg_loss': 7.415625, 'triplet_loss': 0.008512792764231563, 'triplet_pos_distance': 0.027270093755796553, 'triplet_neg_distance': 1.255197912454605, 'classification_loss': 0.9011844897270203}
Updated run summary at plots/run-lejepa-semi-sup-triplet-jetclass-ddp-fast-hbb-long/summary.json

Epoch [17/40]
Saved new best model state_dict to plots/run-lejepa-semi-sup-triplet-jetclass-ddp-fast-hbb-long/best_model.pth
Saved last model state_dict to plots/run-lejepa-semi-sup-triplet-jetclass-ddp-fast-hbb-long/last_model.pth
Mahalanobis metrics saved to plots/run-lejepa-semi-sup-triplet-jetclass-ddp-fast-hbb-long/mahalanobis_eval/epoch_0017/mahalanobis_metrics.json
Mahalanobis AUC, QCD+Wqq+Hcc+Hgg train vs Hbb: 0.441752
Mahalanobis AUC, QCD+Wqq+Hcc+Hgg val vs Hbb: 0.439854
Epoch 17 train losses: {'total_loss': 0.6536348057687282, 'invariant_loss': 0.20693745992332696, 'sigreg_loss': 7.107671875, 'triplet_loss': 0.007989237261121161, 'triplet_pos_distance': 0.03701652394514531, 'triplet_neg_distance': 1.245445764362812, 'classification_loss': 0.9051804193854331}
Epoch 17 val losses: {'total_loss': 0.6477722233533859, 'invariant_loss': 0.17809607997536658, 'sigreg_loss': 7.5775, 'triplet_loss': 0.008250745108816772, 'triplet_pos_distance': 0.02586873823776841, 'triplet_neg_distance': 1.252380326986313, 'classification_loss': 0.8998387145996094}
Updated run summary at plots/run-lejepa-semi-sup-triplet-jetclass-ddp-fast-hbb-long/summary.json

Epoch [18/40]
Saved last model state_dict to plots/run-lejepa-semi-sup-triplet-jetclass-ddp-fast-hbb-long/last_model.pth
Mahalanobis metrics saved to plots/run-lejepa-semi-sup-triplet-jetclass-ddp-fast-hbb-long/mahalanobis_eval/epoch_0018/mahalanobis_metrics.json
Mahalanobis AUC, QCD+Wqq+Hcc+Hgg train vs Hbb: 0.463958
Mahalanobis AUC, QCD+Wqq+Hcc+Hgg val vs Hbb: 0.456145
Epoch 18 train losses: {'total_loss': 0.6457854377031327, 'invariant_loss': 0.20285892303287983, 'sigreg_loss': 7.059296875, 'triplet_loss': 0.008036509170546196, 'triplet_pos_distance': 0.03661291986983269, 'triplet_neg_distance': 1.2340860207080842, 'classification_loss': 0.8915215156376362}
Epoch 18 val losses: {'total_loss': 0.6542577105760574, 'invariant_loss': 0.17787873029708862, 'sigreg_loss': 7.7403125, 'triplet_loss': 0.00891462543513626, 'triplet_pos_distance': 0.02595336364582181, 'triplet_neg_distance': 1.2073231160640716, 'classification_loss': 0.8847579091787339}
Updated run summary at plots/run-lejepa-semi-sup-triplet-jetclass-ddp-fast-hbb-long/summary.json

Epoch [19/40]
Saved new best model state_dict to plots/run-lejepa-semi-sup-triplet-jetclass-ddp-fast-hbb-long/best_model.pth
Saved last model state_dict to plots/run-lejepa-semi-sup-triplet-jetclass-ddp-fast-hbb-long/last_model.pth
Mahalanobis metrics saved to plots/run-lejepa-semi-sup-triplet-jetclass-ddp-fast-hbb-long/mahalanobis_eval/epoch_0019/mahalanobis_metrics.json
Mahalanobis AUC, QCD+Wqq+Hcc+Hgg train vs Hbb: 0.409724
Mahalanobis AUC, QCD+Wqq+Hcc+Hgg val vs Hbb: 0.403237
Epoch 19 train losses: {'total_loss': 0.6372646280527114, 'invariant_loss': 0.19935915663838386, 'sigreg_loss': 6.990359375, 'triplet_loss': 0.008252276710467413, 'triplet_pos_distance': 0.035868772492744026, 'triplet_neg_distance': 1.227808747112751, 'classification_loss': 0.8757681675851345}
Epoch 19 val losses: {'total_loss': 0.6084493988752365, 'invariant_loss': 0.16605281576514244, 'sigreg_loss': 7.1096875, 'triplet_loss': 0.009543889374472201, 'triplet_pos_distance': 0.0238097268063575, 'triplet_neg_distance': 1.1920084571838379, 'classification_loss': 0.8609062623977661}
Updated run summary at plots/run-lejepa-semi-sup-triplet-jetclass-ddp-fast-hbb-long/summary.json

Epoch [20/40]
Saved last model state_dict to plots/run-lejepa-semi-sup-triplet-jetclass-ddp-fast-hbb-long/last_model.pth
Mahalanobis metrics saved to plots/run-lejepa-semi-sup-triplet-jetclass-ddp-fast-hbb-long/mahalanobis_eval/epoch_0020/mahalanobis_metrics.json
Mahalanobis AUC, QCD+Wqq+Hcc+Hgg train vs Hbb: 0.384113
Mahalanobis AUC, QCD+Wqq+Hcc+Hgg val vs Hbb: 0.377640
Epoch 20 train losses: {'total_loss': 0.6311554092168808, 'invariant_loss': 0.19676842994987964, 'sigreg_loss': 6.972796875, 'triplet_loss': 0.008418696934357286, 'triplet_pos_distance': 0.03545610756054521, 'triplet_neg_distance': 1.2234119312167169, 'classification_loss': 0.8489812912940979}
Epoch 20 val losses: {'total_loss': 0.6440547734498978, 'invariant_loss': 0.17050869777798652, 'sigreg_loss': 7.779375, 'triplet_loss': 0.008628102904185652, 'triplet_pos_distance': 0.025269369389861823, 'triplet_neg_distance': 1.2212901854515075, 'classification_loss': 0.8364028882980347}
Updated run summary at plots/run-lejepa-semi-sup-triplet-jetclass-ddp-fast-hbb-long/summary.json

Epoch [21/40]
Saved last model state_dict to plots/run-lejepa-semi-sup-triplet-jetclass-ddp-fast-hbb-long/last_model.pth
Mahalanobis metrics saved to plots/run-lejepa-semi-sup-triplet-jetclass-ddp-fast-hbb-long/mahalanobis_eval/epoch_0021/mahalanobis_metrics.json
Mahalanobis AUC, QCD+Wqq+Hcc+Hgg train vs Hbb: 0.373625
Mahalanobis AUC, QCD+Wqq+Hcc+Hgg val vs Hbb: 0.368697
Epoch 21 train losses: {'total_loss': 0.6257773845642806, 'invariant_loss': 0.19337487138807774, 'sigreg_loss': 6.978421875, 'triplet_loss': 0.008355275366222485, 'triplet_pos_distance': 0.03496353955566883, 'triplet_neg_distance': 1.2292672797441482, 'classification_loss': 0.8264803255200386}
Epoch 21 val losses: {'total_loss': 0.6290230178833007, 'invariant_loss': 0.16237908497452735, 'sigreg_loss': 7.678125, 'triplet_loss': 0.009416264141909778, 'triplet_pos_distance': 0.022753692865371704, 'triplet_neg_distance': 1.1733199810981751, 'classification_loss': 0.8175699359178543}
Updated run summary at plots/run-lejepa-semi-sup-triplet-jetclass-ddp-fast-hbb-long/summary.json

Epoch [22/40]
Saved new best model state_dict to plots/run-lejepa-semi-sup-triplet-jetclass-ddp-fast-hbb-long/best_model.pth
Saved last model state_dict to plots/run-lejepa-semi-sup-triplet-jetclass-ddp-fast-hbb-long/last_model.pth
Mahalanobis metrics saved to plots/run-lejepa-semi-sup-triplet-jetclass-ddp-fast-hbb-long/mahalanobis_eval/epoch_0022/mahalanobis_metrics.json
Mahalanobis AUC, QCD+Wqq+Hcc+Hgg train vs Hbb: 0.380949
Mahalanobis AUC, QCD+Wqq+Hcc+Hgg val vs Hbb: 0.376494
Epoch 22 train losses: {'total_loss': 0.6140330957770348, 'invariant_loss': 0.18816487547010183, 'sigreg_loss': 6.898328125, 'triplet_loss': 0.008809392667375505, 'triplet_pos_distance': 0.03417869456298649, 'triplet_neg_distance': 1.2114953135848046, 'classification_loss': 0.8004782054424285}
Epoch 22 val losses: {'total_loss': 0.585958281159401, 'invariant_loss': 0.16587651252746582, 'sigreg_loss': 6.829375, 'triplet_loss': 0.009057215978391469, 'triplet_pos_distance': 0.024518335172906518, 'triplet_neg_distance': 1.1940218234062194, 'classification_loss': 0.7775026834011078}
Updated run summary at plots/run-lejepa-semi-sup-triplet-jetclass-ddp-fast-hbb-long/summary.json

Epoch [23/40]
Saved new best model state_dict to plots/run-lejepa-semi-sup-triplet-jetclass-ddp-fast-hbb-long/best_model.pth
Saved last model state_dict to plots/run-lejepa-semi-sup-triplet-jetclass-ddp-fast-hbb-long/last_model.pth
Mahalanobis metrics saved to plots/run-lejepa-semi-sup-triplet-jetclass-ddp-fast-hbb-long/mahalanobis_eval/epoch_0023/mahalanobis_metrics.json
Mahalanobis AUC, QCD+Wqq+Hcc+Hgg train vs Hbb: 0.379683
Mahalanobis AUC, QCD+Wqq+Hcc+Hgg val vs Hbb: 0.377379
Epoch 23 train losses: {'total_loss': 0.6034825377911329, 'invariant_loss': 0.1791053470224142, 'sigreg_loss': 6.927953125, 'triplet_loss': 0.00924848981341347, 'triplet_pos_distance': 0.032816861659288404, 'triplet_neg_distance': 1.177970594584942, 'classification_loss': 0.7707489239573478}
Epoch 23 val losses: {'total_loss': 0.5761687502264976, 'invariant_loss': 0.15172428250312806, 'sigreg_loss': 6.9640625, 'triplet_loss': 0.009907004474662244, 'triplet_pos_distance': 0.021334465481340884, 'triplet_neg_distance': 1.1399062478542328, 'classification_loss': 0.7528970438241959}
Updated run summary at plots/run-lejepa-semi-sup-triplet-jetclass-ddp-fast-hbb-long/summary.json

Epoch [24/40]
Saved last model state_dict to plots/run-lejepa-semi-sup-triplet-jetclass-ddp-fast-hbb-long/last_model.pth
Mahalanobis metrics saved to plots/run-lejepa-semi-sup-triplet-jetclass-ddp-fast-hbb-long/mahalanobis_eval/epoch_0024/mahalanobis_metrics.json
Mahalanobis AUC, QCD+Wqq+Hcc+Hgg train vs Hbb: 0.427201
Mahalanobis AUC, QCD+Wqq+Hcc+Hgg val vs Hbb: 0.424625
Epoch 24 train losses: {'total_loss': 0.5910022287815809, 'invariant_loss': 0.16829665834456684, 'sigreg_loss': 6.937984375, 'triplet_loss': 0.009838956797728315, 'triplet_pos_distance': 0.031334147528745235, 'triplet_neg_distance': 1.1481430569291116, 'classification_loss': 0.7484081029891968}
Epoch 24 val losses: {'total_loss': 0.5796463713049889, 'invariant_loss': 0.1463740064203739, 'sigreg_loss': 7.173125, 'triplet_loss': 0.00952793264761567, 'triplet_pos_distance': 0.02114272561855614, 'triplet_neg_distance': 1.1410955774784088, 'classification_loss': 0.7370628917217255}
Updated run summary at plots/run-lejepa-semi-sup-triplet-jetclass-ddp-fast-hbb-long/summary.json

Epoch [25/40]
Saved last model state_dict to plots/run-lejepa-semi-sup-triplet-jetclass-ddp-fast-hbb-long/last_model.pth
Mahalanobis metrics saved to plots/run-lejepa-semi-sup-triplet-jetclass-ddp-fast-hbb-long/mahalanobis_eval/epoch_0025/mahalanobis_metrics.json
Mahalanobis AUC, QCD+Wqq+Hcc+Hgg train vs Hbb: 0.438309
Mahalanobis AUC, QCD+Wqq+Hcc+Hgg val vs Hbb: 0.437583
Epoch 25 train losses: {'total_loss': 0.5780733620375395, 'invariant_loss': 0.1616504501476884, 'sigreg_loss': 6.854125, 'triplet_loss': 0.010084852138301358, 'triplet_pos_distance': 0.030409148803912104, 'triplet_neg_distance': 1.1262195689976215, 'classification_loss': 0.7271227474063635}
Epoch 25 val losses: {'total_loss': 0.5785619488358498, 'invariant_loss': 0.13381146296858787, 'sigreg_loss': 7.4128125, 'triplet_loss': 0.011033564964309335, 'triplet_pos_distance': 0.01901414889842272, 'triplet_neg_distance': 1.1165025734901428, 'classification_loss': 0.7300259923934936}
Updated run summary at plots/run-lejepa-semi-sup-triplet-jetclass-ddp-fast-hbb-long/summary.json

Epoch [26/40]
Saved new best model state_dict to plots/run-lejepa-semi-sup-triplet-jetclass-ddp-fast-hbb-long/best_model.pth
Saved last model state_dict to plots/run-lejepa-semi-sup-triplet-jetclass-ddp-fast-hbb-long/last_model.pth
Mahalanobis metrics saved to plots/run-lejepa-semi-sup-triplet-jetclass-ddp-fast-hbb-long/mahalanobis_eval/epoch_0026/mahalanobis_metrics.json
Mahalanobis AUC, QCD+Wqq+Hcc+Hgg train vs Hbb: 0.463558
Mahalanobis AUC, QCD+Wqq+Hcc+Hgg val vs Hbb: 0.462190
Epoch 26 train losses: {'total_loss': 0.571004839912057, 'invariant_loss': 0.1575363891273737, 'sigreg_loss': 6.812109375, 'triplet_loss': 0.010388804048765451, 'triplet_pos_distance': 0.029681012657471, 'triplet_neg_distance': 1.110989481151104, 'classification_loss': 0.7184167649447918}
Epoch 26 val losses: {'total_loss': 0.5638135635852813, 'invariant_loss': 0.13281436666846275, 'sigreg_loss': 7.1240625, 'triplet_loss': 0.010898543037474156, 'triplet_pos_distance': 0.019027610206976533, 'triplet_neg_distance': 1.112294806241989, 'classification_loss': 0.7362028199434281}
Updated run summary at plots/run-lejepa-semi-sup-triplet-jetclass-ddp-fast-hbb-long/summary.json

Epoch [27/40]
Saved new best model state_dict to plots/run-lejepa-semi-sup-triplet-jetclass-ddp-fast-hbb-long/best_model.pth
Saved last model state_dict to plots/run-lejepa-semi-sup-triplet-jetclass-ddp-fast-hbb-long/last_model.pth
Mahalanobis metrics saved to plots/run-lejepa-semi-sup-triplet-jetclass-ddp-fast-hbb-long/mahalanobis_eval/epoch_0027/mahalanobis_metrics.json
Mahalanobis AUC, QCD+Wqq+Hcc+Hgg train vs Hbb: 0.443568
Mahalanobis AUC, QCD+Wqq+Hcc+Hgg val vs Hbb: 0.440288
Epoch 27 train losses: {'total_loss': 0.5627838472872972, 'invariant_loss': 0.15448446928337217, 'sigreg_loss': 6.729453125, 'triplet_loss': 0.010116653865436092, 'triplet_pos_distance': 0.029352774191182106, 'triplet_neg_distance': 1.1062513175904751, 'classification_loss': 0.7081163621842861}
Epoch 27 val losses: {'total_loss': 0.5447551122307778, 'invariant_loss': 0.12914270743727685, 'sigreg_loss': 6.8409375, 'triplet_loss': 0.010400931746698917, 'triplet_pos_distance': 0.018826129036024212, 'triplet_neg_distance': 1.0844723188877106, 'classification_loss': 0.7261918711662293}
Updated run summary at plots/run-lejepa-semi-sup-triplet-jetclass-ddp-fast-hbb-long/summary.json

Epoch [28/40]
Saved new best model state_dict to plots/run-lejepa-semi-sup-triplet-jetclass-ddp-fast-hbb-long/best_model.pth
Saved last model state_dict to plots/run-lejepa-semi-sup-triplet-jetclass-ddp-fast-hbb-long/last_model.pth
Mahalanobis metrics saved to plots/run-lejepa-semi-sup-triplet-jetclass-ddp-fast-hbb-long/mahalanobis_eval/epoch_0028/mahalanobis_metrics.json
Mahalanobis AUC, QCD+Wqq+Hcc+Hgg train vs Hbb: 0.487365
Mahalanobis AUC, QCD+Wqq+Hcc+Hgg val vs Hbb: 0.484773
Epoch 28 train losses: {'total_loss': 0.5565884217768907, 'invariant_loss': 0.15353737644851206, 'sigreg_loss': 6.648890625, 'triplet_loss': 0.009752097063697875, 'triplet_pos_distance': 0.029239679902791978, 'triplet_neg_distance': 1.0939511182308197, 'classification_loss': 0.696373565942049}
Epoch 28 val losses: {'total_loss': 0.536587690114975, 'invariant_loss': 0.12342778012156487, 'sigreg_loss': 6.851875, 'triplet_loss': 0.010687206438742578, 'triplet_pos_distance': 0.01763643277809024, 'triplet_neg_distance': 1.0576717936992646, 'classification_loss': 0.6951305884122848}
Updated run summary at plots/run-lejepa-semi-sup-triplet-jetclass-ddp-fast-hbb-long/summary.json

Epoch [29/40]
Saved new best model state_dict to plots/run-lejepa-semi-sup-triplet-jetclass-ddp-fast-hbb-long/best_model.pth
Saved last model state_dict to plots/run-lejepa-semi-sup-triplet-jetclass-ddp-fast-hbb-long/last_model.pth
Mahalanobis metrics saved to plots/run-lejepa-semi-sup-triplet-jetclass-ddp-fast-hbb-long/mahalanobis_eval/epoch_0029/mahalanobis_metrics.json
Mahalanobis AUC, QCD+Wqq+Hcc+Hgg train vs Hbb: 0.446685
Mahalanobis AUC, QCD+Wqq+Hcc+Hgg val vs Hbb: 0.444895
Epoch 29 train losses: {'total_loss': 0.5521706790328026, 'invariant_loss': 0.1517038326151669, 'sigreg_loss': 6.609796875, 'triplet_loss': 0.009884953225031495, 'triplet_pos_distance': 0.028791669817175715, 'triplet_neg_distance': 1.0852455308735371, 'classification_loss': 0.6898420895785093}
Epoch 29 val losses: {'total_loss': 0.5358440169692039, 'invariant_loss': 0.12299828931689262, 'sigreg_loss': 6.8465625, 'triplet_loss': 0.010696955006569624, 'triplet_pos_distance': 0.01745853784494102, 'triplet_neg_distance': 1.0594635111093522, 'classification_loss': 0.6949087524414063}
Updated run summary at plots/run-lejepa-semi-sup-triplet-jetclass-ddp-fast-hbb-long/summary.json

Epoch [30/40]
Saved new best model state_dict to plots/run-lejepa-semi-sup-triplet-jetclass-ddp-fast-hbb-long/best_model.pth
Saved last model state_dict to plots/run-lejepa-semi-sup-triplet-jetclass-ddp-fast-hbb-long/last_model.pth
Mahalanobis metrics saved to plots/run-lejepa-semi-sup-triplet-jetclass-ddp-fast-hbb-long/mahalanobis_eval/epoch_0030/mahalanobis_metrics.json
Mahalanobis AUC, QCD+Wqq+Hcc+Hgg train vs Hbb: 0.486818
Mahalanobis AUC, QCD+Wqq+Hcc+Hgg val vs Hbb: 0.483360
Epoch 30 train losses: {'total_loss': 0.5474072287231684, 'invariant_loss': 0.14790207063779234, 'sigreg_loss': 6.605765625, 'triplet_loss': 0.010063309945166111, 'triplet_pos_distance': 0.028379042053595184, 'triplet_neg_distance': 1.0811815394163131, 'classification_loss': 0.6821757489740848}
Epoch 30 val losses: {'total_loss': 0.5324794986844062, 'invariant_loss': 0.11669133692979812, 'sigreg_loss': 6.93, 'triplet_loss': 0.011260639843530953, 'triplet_pos_distance': 0.016539189126342536, 'triplet_neg_distance': 1.034806708097458, 'classification_loss': 0.6806052708625794}
Updated run summary at plots/run-lejepa-semi-sup-triplet-jetclass-ddp-fast-hbb-long/summary.json

Epoch [31/40]
Saved new best model state_dict to plots/run-lejepa-semi-sup-triplet-jetclass-ddp-fast-hbb-long/best_model.pth
Saved last model state_dict to plots/run-lejepa-semi-sup-triplet-jetclass-ddp-fast-hbb-long/last_model.pth
Mahalanobis metrics saved to plots/run-lejepa-semi-sup-triplet-jetclass-ddp-fast-hbb-long/mahalanobis_eval/epoch_0031/mahalanobis_metrics.json
Mahalanobis AUC, QCD+Wqq+Hcc+Hgg train vs Hbb: 0.496754
Mahalanobis AUC, QCD+Wqq+Hcc+Hgg val vs Hbb: 0.493947
Epoch 31 train losses: {'total_loss': 0.5425193286687136, 'invariant_loss': 0.14788043304532766, 'sigreg_loss': 6.512390625, 'triplet_loss': 0.009730031490093096, 'triplet_pos_distance': 0.028338581550866365, 'triplet_neg_distance': 1.0792602294683455, 'classification_loss': 0.6803649661540985}
Epoch 31 val losses: {'total_loss': 0.5290357622504235, 'invariant_loss': 0.1158418459445238, 'sigreg_loss': 6.898125, 'triplet_loss': 0.010781453591771423, 'triplet_pos_distance': 0.015915937200188638, 'triplet_neg_distance': 1.056080841422081, 'classification_loss': 0.671841259598732}
Updated run summary at plots/run-lejepa-semi-sup-triplet-jetclass-ddp-fast-hbb-long/summary.json

Epoch [32/40]
Saved new best model state_dict to plots/run-lejepa-semi-sup-triplet-jetclass-ddp-fast-hbb-long/best_model.pth
Saved last model state_dict to plots/run-lejepa-semi-sup-triplet-jetclass-ddp-fast-hbb-long/last_model.pth
Mahalanobis metrics saved to plots/run-lejepa-semi-sup-triplet-jetclass-ddp-fast-hbb-long/mahalanobis_eval/epoch_0032/mahalanobis_metrics.json
Mahalanobis AUC, QCD+Wqq+Hcc+Hgg train vs Hbb: 0.484680
Mahalanobis AUC, QCD+Wqq+Hcc+Hgg val vs Hbb: 0.480748
Epoch 32 train losses: {'total_loss': 0.5365660458654166, 'invariant_loss': 0.14633269549533726, 'sigreg_loss': 6.44065625, 'triplet_loss': 0.009852502603782341, 'triplet_pos_distance': 0.028376822054386137, 'triplet_neg_distance': 1.0830574504137038, 'classification_loss': 0.6722758947908878}
Epoch 32 val losses: {'total_loss': 0.522153590619564, 'invariant_loss': 0.11880660325288772, 'sigreg_loss': 6.7109375, 'triplet_loss': 0.010229985057376325, 'triplet_pos_distance': 0.01655381901189685, 'triplet_neg_distance': 1.060703738927841, 'classification_loss': 0.6692359042167664}
Updated run summary at plots/run-lejepa-semi-sup-triplet-jetclass-ddp-fast-hbb-long/summary.json

Epoch [33/40]
Saved new best model state_dict to plots/run-lejepa-semi-sup-triplet-jetclass-ddp-fast-hbb-long/best_model.pth
Saved last model state_dict to plots/run-lejepa-semi-sup-triplet-jetclass-ddp-fast-hbb-long/last_model.pth
Mahalanobis metrics saved to plots/run-lejepa-semi-sup-triplet-jetclass-ddp-fast-hbb-long/mahalanobis_eval/epoch_0033/mahalanobis_metrics.json
Mahalanobis AUC, QCD+Wqq+Hcc+Hgg train vs Hbb: 0.509073
Mahalanobis AUC, QCD+Wqq+Hcc+Hgg val vs Hbb: 0.504959
Epoch 33 train losses: {'total_loss': 0.5306321444362402, 'invariant_loss': 0.14658540733903647, 'sigreg_loss': 6.322703125, 'triplet_loss': 0.009497370240162126, 'triplet_pos_distance': 0.02835699850693345, 'triplet_neg_distance': 1.076702272951603, 'classification_loss': 0.6694660626351834}
Epoch 33 val losses: {'total_loss': 0.5151047509908676, 'invariant_loss': 0.12081103317439557, 'sigreg_loss': 6.51375, 'triplet_loss': 0.00997387151233852, 'triplet_pos_distance': 0.016884869271889327, 'triplet_neg_distance': 1.0632814002037048, 'classification_loss': 0.6755414015054703}
Updated run summary at plots/run-lejepa-semi-sup-triplet-jetclass-ddp-fast-hbb-long/summary.json

Epoch [34/40]
Saved last model state_dict to plots/run-lejepa-semi-sup-triplet-jetclass-ddp-fast-hbb-long/last_model.pth
Mahalanobis metrics saved to plots/run-lejepa-semi-sup-triplet-jetclass-ddp-fast-hbb-long/mahalanobis_eval/epoch_0034/mahalanobis_metrics.json
Mahalanobis AUC, QCD+Wqq+Hcc+Hgg train vs Hbb: 0.492518
Mahalanobis AUC, QCD+Wqq+Hcc+Hgg val vs Hbb: 0.489603
Epoch 34 train losses: {'total_loss': 0.5265152183771133, 'invariant_loss': 0.14504434360563756, 'sigreg_loss': 6.287171875, 'triplet_loss': 0.009725815212121233, 'triplet_pos_distance': 0.02830419255234301, 'triplet_neg_distance': 1.0746414611637591, 'classification_loss': 0.6613647347539663}
Epoch 34 val losses: {'total_loss': 0.51661152780056, 'invariant_loss': 0.11794715993106365, 'sigreg_loss': 6.63, 'triplet_loss': 0.009992021434009075, 'triplet_pos_distance': 0.016294639334082605, 'triplet_neg_distance': 1.063737179040909, 'classification_loss': 0.6616125214099884}
Updated run summary at plots/run-lejepa-semi-sup-triplet-jetclass-ddp-fast-hbb-long/summary.json

Epoch [35/40]
Saved new best model state_dict to plots/run-lejepa-semi-sup-triplet-jetclass-ddp-fast-hbb-long/best_model.pth
Saved last model state_dict to plots/run-lejepa-semi-sup-triplet-jetclass-ddp-fast-hbb-long/last_model.pth
Mahalanobis metrics saved to plots/run-lejepa-semi-sup-triplet-jetclass-ddp-fast-hbb-long/mahalanobis_eval/epoch_0035/mahalanobis_metrics.json
Mahalanobis AUC, QCD+Wqq+Hcc+Hgg train vs Hbb: 0.505135
Mahalanobis AUC, QCD+Wqq+Hcc+Hgg val vs Hbb: 0.502766
Epoch 35 train losses: {'total_loss': 0.5213144370913505, 'invariant_loss': 0.14417750600352883, 'sigreg_loss': 6.208765625, 'triplet_loss': 0.00957521962095052, 'triplet_pos_distance': 0.027944917438086123, 'triplet_neg_distance': 1.0726814084351062, 'classification_loss': 0.6575460156947375}
Epoch 35 val losses: {'total_loss': 0.5079869413375855, 'invariant_loss': 0.11496851742267608, 'sigreg_loss': 6.5325, 'triplet_loss': 0.0102989012748003, 'triplet_pos_distance': 0.016123588755726816, 'triplet_neg_distance': 1.0523463064432144, 'classification_loss': 0.653283696770668}
Updated run summary at plots/run-lejepa-semi-sup-triplet-jetclass-ddp-fast-hbb-long/summary.json

Epoch [36/40]
Saved new best model state_dict to plots/run-lejepa-semi-sup-triplet-jetclass-ddp-fast-hbb-long/best_model.pth
Saved last model state_dict to plots/run-lejepa-semi-sup-triplet-jetclass-ddp-fast-hbb-long/last_model.pth
Mahalanobis metrics saved to plots/run-lejepa-semi-sup-triplet-jetclass-ddp-fast-hbb-long/mahalanobis_eval/epoch_0036/mahalanobis_metrics.json
Mahalanobis AUC, QCD+Wqq+Hcc+Hgg train vs Hbb: 0.507624
Mahalanobis AUC, QCD+Wqq+Hcc+Hgg val vs Hbb: 0.505162
Epoch 36 train losses: {'total_loss': 0.5168593854010105, 'invariant_loss': 0.14341906164214016, 'sigreg_loss': 6.141953125, 'triplet_loss': 0.009499081554589794, 'triplet_pos_distance': 0.027934358505066485, 'triplet_neg_distance': 1.0740306656062604, 'classification_loss': 0.6537420281767845}
Epoch 36 val losses: {'total_loss': 0.5061783292889594, 'invariant_loss': 0.1161227986216545, 'sigreg_loss': 6.47125, 'triplet_loss': 0.009564622067846357, 'triplet_pos_distance': 0.01600833653472364, 'triplet_neg_distance': 1.0522200030088424, 'classification_loss': 0.6556390780210495}
Updated run summary at plots/run-lejepa-semi-sup-triplet-jetclass-ddp-fast-hbb-long/summary.json

Epoch [37/40]
Saved last model state_dict to plots/run-lejepa-semi-sup-triplet-jetclass-ddp-fast-hbb-long/last_model.pth
Mahalanobis metrics saved to plots/run-lejepa-semi-sup-triplet-jetclass-ddp-fast-hbb-long/mahalanobis_eval/epoch_0037/mahalanobis_metrics.json
Mahalanobis AUC, QCD+Wqq+Hcc+Hgg train vs Hbb: 0.499954
Mahalanobis AUC, QCD+Wqq+Hcc+Hgg val vs Hbb: 0.497270
Epoch 37 train losses: {'total_loss': 0.5163534195274114, 'invariant_loss': 0.14416069677844642, 'sigreg_loss': 6.122796875, 'triplet_loss': 0.009339091564761474, 'triplet_pos_distance': 0.02811494852369651, 'triplet_neg_distance': 1.0713602542579175, 'classification_loss': 0.6509914222955704}
Epoch 37 val losses: {'total_loss': 0.5062188649177551, 'invariant_loss': 0.11574863590300083, 'sigreg_loss': 6.4915625, 'triplet_loss': 0.010068085426464677, 'triplet_pos_distance': 0.01639396859332919, 'triplet_neg_distance': 1.0468124359846116, 'classification_loss': 0.6491263270378113}
Updated run summary at plots/run-lejepa-semi-sup-triplet-jetclass-ddp-fast-hbb-long/summary.json

Epoch [38/40]
Saved new best model state_dict to plots/run-lejepa-semi-sup-triplet-jetclass-ddp-fast-hbb-long/best_model.pth
Saved last model state_dict to plots/run-lejepa-semi-sup-triplet-jetclass-ddp-fast-hbb-long/last_model.pth
Mahalanobis metrics saved to plots/run-lejepa-semi-sup-triplet-jetclass-ddp-fast-hbb-long/mahalanobis_eval/epoch_0038/mahalanobis_metrics.json
Mahalanobis AUC, QCD+Wqq+Hcc+Hgg train vs Hbb: 0.506175
Mahalanobis AUC, QCD+Wqq+Hcc+Hgg val vs Hbb: 0.503337
Epoch 38 train losses: {'total_loss': 0.5119780230969191, 'invariant_loss': 0.14331896206364036, 'sigreg_loss': 6.0550625, 'triplet_loss': 0.00945247185532935, 'triplet_pos_distance': 0.02810785445943475, 'triplet_neg_distance': 1.0686326707303524, 'classification_loss': 0.6495502183735371}
Epoch 38 val losses: {'total_loss': 0.5008025115728378, 'invariant_loss': 0.11413436032831668, 'sigreg_loss': 6.41125, 'triplet_loss': 0.010267665474675596, 'triplet_pos_distance': 0.015909852152690293, 'triplet_neg_distance': 1.039624518752098, 'classification_loss': 0.6513356694579124}
Updated run summary at plots/run-lejepa-semi-sup-triplet-jetclass-ddp-fast-hbb-long/summary.json

Epoch [39/40]
Saved new best model state_dict to plots/run-lejepa-semi-sup-triplet-jetclass-ddp-fast-hbb-long/best_model.pth
Saved last model state_dict to plots/run-lejepa-semi-sup-triplet-jetclass-ddp-fast-hbb-long/last_model.pth
Mahalanobis metrics saved to plots/run-lejepa-semi-sup-triplet-jetclass-ddp-fast-hbb-long/mahalanobis_eval/epoch_0039/mahalanobis_metrics.json
Mahalanobis AUC, QCD+Wqq+Hcc+Hgg train vs Hbb: 0.503412
Mahalanobis AUC, QCD+Wqq+Hcc+Hgg val vs Hbb: 0.500582
Epoch 39 train losses: {'total_loss': 0.5118390538990497, 'invariant_loss': 0.14344984706863761, 'sigreg_loss': 6.052703125, 'triplet_loss': 0.009338900518137962, 'triplet_pos_distance': 0.028024562997743488, 'triplet_neg_distance': 1.0691419794261456, 'classification_loss': 0.6484203266650438}
Epoch 39 val losses: {'total_loss': 0.5002173310518265, 'invariant_loss': 0.11524883262813092, 'sigreg_loss': 6.374375, 'triplet_loss': 0.010074948729015886, 'triplet_pos_distance': 0.015513514708727598, 'triplet_neg_distance': 1.0459076023101808, 'classification_loss': 0.6513287645578384}
Updated run summary at plots/run-lejepa-semi-sup-triplet-jetclass-ddp-fast-hbb-long/summary.json

Epoch [40/40]
Saved last model state_dict to plots/run-lejepa-semi-sup-triplet-jetclass-ddp-fast-hbb-long/last_model.pth
Mahalanobis metrics saved to plots/run-lejepa-semi-sup-triplet-jetclass-ddp-fast-hbb-long/mahalanobis_eval/epoch_0040/mahalanobis_metrics.json
Mahalanobis AUC, QCD+Wqq+Hcc+Hgg train vs Hbb: 0.504104
Mahalanobis AUC, QCD+Wqq+Hcc+Hgg val vs Hbb: 0.501281
Epoch 40 train losses: {'total_loss': 0.5117058889567851, 'invariant_loss': 0.14335284977033735, 'sigreg_loss': 6.0487734375, 'triplet_loss': 0.009340385960182175, 'triplet_pos_distance': 0.027858129761181773, 'triplet_neg_distance': 1.0683088770508766, 'classification_loss': 0.6498198540955782}
Epoch 40 val losses: {'total_loss': 0.500558885037899, 'invariant_loss': 0.11480656884610653, 'sigreg_loss': 6.3971875, 'triplet_loss': 0.010086174248717725, 'triplet_pos_distance': 0.016103575602173806, 'triplet_neg_distance': 1.043217021226883, 'classification_loss': 0.6488041242957115}
Updated run summary at plots/run-lejepa-semi-sup-triplet-jetclass-ddp-fast-hbb-long/summary.json
Saved run summary to plots/run-lejepa-semi-sup-triplet-jetclass-ddp-fast-hbb-long/summary.json
