## SLURM PROLOG ###############################################################
##    Job ID : 3424246
##  Job Name : JETANOMALY
##  Nodelist : gpu3101
##      CPUs : 1
##  Mem/Node : 32000 MB
## Directory : /oscar/home/lwang223/jetAnomalyDetection
##   Job Started : Thu Jun 25 02:58:38 PM EDT 2026
###############################################################################

==========================================
Job started at: Thu Jun 25 02:58:38 PM EDT 2026
Job ID: 3424246
Node: gpu3101
==========================================

GPU Information (from host):
Thu Jun 25 14:58:38 2026       
+-----------------------------------------------------------------------------------------+
| NVIDIA-SMI 575.57.08              Driver Version: 575.57.08      CUDA Version: 12.9     |
|-----------------------------------------+------------------------+----------------------+
| GPU  Name                 Persistence-M | Bus-Id          Disp.A | Volatile Uncorr. ECC |
| Fan  Temp   Perf          Pwr:Usage/Cap |           Memory-Usage | GPU-Util  Compute M. |
|                                         |                        |               MIG M. |
|=========================================+========================+======================|
|   0  NVIDIA L40S                    On  |   00000000:01:00.0 Off |                    0 |
| N/A   26C    P8             33W /  350W |      74MiB /  46068MiB |      0%      Default |
|                                         |                        |                  N/A |
+-----------------------------------------+------------------------+----------------------+
                                                                                         
+-----------------------------------------------------------------------------------------+
| Processes:                                                                              |
|  GPU   GI   CI              PID   Type   Process name                        GPU Memory |
|        ID   ID                                                               Usage      |
|=========================================================================================|
|    0   N/A  N/A          182625      G   /usr/libexec/Xorg                        64MiB |
+-----------------------------------------------------------------------------------------+

PyTorch version: 2.6.0+cu124
Loaded background rows: 125117
Loaded signal rows: 4067
Building background graphs...
Building signal graphs...
Particle multiplicity summary:
count    129170.000000
mean         20.995425
std           8.562535
min           2.000000
50%          20.000000
90%          32.000000
95%          37.000000
99%          46.000000
max          86.000000
dtype: float64
Feature names: ['eta', 'phi', 'pt', 'd0/d0Err', 'dz/dzErr']
Example graph.x shape: torch.Size([13, 5])
Background graphs: 100082 train, 25021 val
Signal graphs: 4067
Model Summary:
JetClassT2TTransformerAE(
  (feature_embedding): Linear(in_features=5, out_features=64, bias=True)
  (position_embedding): Sequential(
    (0): Linear(in_features=2, out_features=64, bias=True)
    (1): GELU(approximate='none')
    (2): Linear(in_features=64, out_features=64, bias=True)
  )
  (encoder): TransformerEncoder(
    (layers): ModuleList(
      (0-3): 4 x TransformerEncoderLayer(
        (self_attn): MultiheadAttention(
          (out_proj): NonDynamicallyQuantizableLinear(in_features=64, out_features=64, bias=True)
        )
        (linear1): Linear(in_features=64, out_features=256, bias=True)
        (dropout): Dropout(p=0.1, inplace=False)
        (linear2): Linear(in_features=256, out_features=64, bias=True)
        (norm1): LayerNorm((64,), eps=1e-05, elementwise_affine=True)
        (norm2): LayerNorm((64,), eps=1e-05, elementwise_affine=True)
        (dropout1): Dropout(p=0.1, inplace=False)
        (dropout2): Dropout(p=0.1, inplace=False)
      )
    )
  )
  (to_latent): Linear(in_features=64, out_features=16, bias=True)
  (from_latent): Linear(in_features=16, out_features=64, bias=True)
  (decoder): TransformerEncoder(
    (layers): ModuleList(
      (0-3): 4 x TransformerEncoderLayer(
        (self_attn): MultiheadAttention(
          (out_proj): NonDynamicallyQuantizableLinear(in_features=64, out_features=64, bias=True)
        )
        (linear1): Linear(in_features=64, out_features=256, bias=True)
        (dropout): Dropout(p=0.1, inplace=False)
        (linear2): Linear(in_features=256, out_features=64, bias=True)
        (norm1): LayerNorm((64,), eps=1e-05, elementwise_affine=True)
        (norm2): LayerNorm((64,), eps=1e-05, elementwise_affine=True)
        (dropout1): Dropout(p=0.1, inplace=False)
        (dropout2): Dropout(p=0.1, inplace=False)
      )
    )
  )
  (reconstruction_head): Linear(in_features=64, out_features=5, bias=True)
)
Number of trainable parameters: 407125
Debug: Epoch 1/20, Mean Val Loss: 0.468499, Val Loss Std: 0.0325381, Val Loss Min: 0.370634, Val Loss Max: 0.568107
Debug: Epoch 1/20, Mean Train Loss: 0.550218, Train Loss Std: 0.0905216, Train Loss Min: 0.400532, Train Loss Max: 1.47295
Saved new best model to plots/run-cls-t2t-transformer-ae-lixing-h64-l16-4l-8v-20epo/best_model.pth
Debug: Epoch 2/20, Mean Val Loss: 0.419905, Val Loss Std: 0.0302867, Val Loss Min: 0.326017, Val Loss Max: 0.509302
Debug: Epoch 2/20, Mean Train Loss: 0.463766, Train Loss Std: 0.0346537, Train Loss Min: 0.368653, Train Loss Max: 0.600076
Saved new best model to plots/run-cls-t2t-transformer-ae-lixing-h64-l16-4l-8v-20epo/best_model.pth
Debug: Epoch 3/20, Mean Val Loss: 0.410122, Val Loss Std: 0.0298921, Val Loss Min: 0.322022, Val Loss Max: 0.49987
Debug: Epoch 3/20, Mean Train Loss: 0.436443, Train Loss Std: 0.0318847, Train Loss Min: 0.330099, Train Loss Max: 0.562447
Saved new best model to plots/run-cls-t2t-transformer-ae-lixing-h64-l16-4l-8v-20epo/best_model.pth
Debug: Epoch 4/20, Mean Val Loss: 0.392459, Val Loss Std: 0.0293306, Val Loss Min: 0.302282, Val Loss Max: 0.481026
Debug: Epoch 4/20, Mean Train Loss: 0.422143, Train Loss Std: 0.0318782, Train Loss Min: 0.315582, Train Loss Max: 0.540523
Saved new best model to plots/run-cls-t2t-transformer-ae-lixing-h64-l16-4l-8v-20epo/best_model.pth
Debug: Epoch 5/20, Mean Val Loss: 0.389608, Val Loss Std: 0.0290176, Val Loss Min: 0.30367, Val Loss Max: 0.476642
Debug: Epoch 5/20, Mean Train Loss: 0.412529, Train Loss Std: 0.0307728, Train Loss Min: 0.328627, Train Loss Max: 0.521526
Saved new best model to plots/run-cls-t2t-transformer-ae-lixing-h64-l16-4l-8v-20epo/best_model.pth
Debug: Epoch 6/20, Mean Val Loss: 0.378505, Val Loss Std: 0.0287232, Val Loss Min: 0.291648, Val Loss Max: 0.4659
Debug: Epoch 6/20, Mean Train Loss: 0.404905, Train Loss Std: 0.0304546, Train Loss Min: 0.315136, Train Loss Max: 0.518451
Saved new best model to plots/run-cls-t2t-transformer-ae-lixing-h64-l16-4l-8v-20epo/best_model.pth
Debug: Epoch 7/20, Mean Val Loss: 0.373024, Val Loss Std: 0.0281599, Val Loss Min: 0.287019, Val Loss Max: 0.459756
Debug: Epoch 7/20, Mean Train Loss: 0.398254, Train Loss Std: 0.0297311, Train Loss Min: 0.317585, Train Loss Max: 0.493081
Saved new best model to plots/run-cls-t2t-transformer-ae-lixing-h64-l16-4l-8v-20epo/best_model.pth
Debug: Epoch 8/20, Mean Val Loss: 0.36953, Val Loss Std: 0.0281317, Val Loss Min: 0.28409, Val Loss Max: 0.457235
Debug: Epoch 8/20, Mean Train Loss: 0.393537, Train Loss Std: 0.0291141, Train Loss Min: 0.310113, Train Loss Max: 0.508102
Saved new best model to plots/run-cls-t2t-transformer-ae-lixing-h64-l16-4l-8v-20epo/best_model.pth
Debug: Epoch 9/20, Mean Val Loss: 0.366634, Val Loss Std: 0.0279524, Val Loss Min: 0.284271, Val Loss Max: 0.451771
Debug: Epoch 9/20, Mean Train Loss: 0.389815, Train Loss Std: 0.0286424, Train Loss Min: 0.317733, Train Loss Max: 0.478787
Saved new best model to plots/run-cls-t2t-transformer-ae-lixing-h64-l16-4l-8v-20epo/best_model.pth
Debug: Epoch 10/20, Mean Val Loss: 0.364403, Val Loss Std: 0.0276125, Val Loss Min: 0.280725, Val Loss Max: 0.449015
Debug: Epoch 10/20, Mean Train Loss: 0.386867, Train Loss Std: 0.0282735, Train Loss Min: 0.293842, Train Loss Max: 0.49746
Saved new best model to plots/run-cls-t2t-transformer-ae-lixing-h64-l16-4l-8v-20epo/best_model.pth
Debug: Epoch 11/20, Mean Val Loss: 0.362383, Val Loss Std: 0.0278049, Val Loss Min: 0.279889, Val Loss Max: 0.447536
Debug: Epoch 11/20, Mean Train Loss: 0.384175, Train Loss Std: 0.0279822, Train Loss Min: 0.302952, Train Loss Max: 0.502879
Saved new best model to plots/run-cls-t2t-transformer-ae-lixing-h64-l16-4l-8v-20epo/best_model.pth
Debug: Epoch 12/20, Mean Val Loss: 0.360729, Val Loss Std: 0.0276407, Val Loss Min: 0.279916, Val Loss Max: 0.444321
Debug: Epoch 12/20, Mean Train Loss: 0.382151, Train Loss Std: 0.0283184, Train Loss Min: 0.271371, Train Loss Max: 0.482965
Saved new best model to plots/run-cls-t2t-transformer-ae-lixing-h64-l16-4l-8v-20epo/best_model.pth
Debug: Epoch 13/20, Mean Val Loss: 0.358428, Val Loss Std: 0.0273694, Val Loss Min: 0.277558, Val Loss Max: 0.440647
Debug: Epoch 13/20, Mean Train Loss: 0.379732, Train Loss Std: 0.0291197, Train Loss Min: 0.288961, Train Loss Max: 0.476731
Saved new best model to plots/run-cls-t2t-transformer-ae-lixing-h64-l16-4l-8v-20epo/best_model.pth
Debug: Epoch 14/20, Mean Val Loss: 0.35619, Val Loss Std: 0.0272076, Val Loss Min: 0.273963, Val Loss Max: 0.437225
Debug: Epoch 14/20, Mean Train Loss: 0.378247, Train Loss Std: 0.0281575, Train Loss Min: 0.298321, Train Loss Max: 0.476237
Saved new best model to plots/run-cls-t2t-transformer-ae-lixing-h64-l16-4l-8v-20epo/best_model.pth
Debug: Epoch 15/20, Mean Val Loss: 0.355141, Val Loss Std: 0.027259, Val Loss Min: 0.274166, Val Loss Max: 0.437339
Debug: Epoch 15/20, Mean Train Loss: 0.376658, Train Loss Std: 0.0286597, Train Loss Min: 0.290213, Train Loss Max: 0.48096
Saved new best model to plots/run-cls-t2t-transformer-ae-lixing-h64-l16-4l-8v-20epo/best_model.pth
Debug: Epoch 16/20, Mean Val Loss: 0.354479, Val Loss Std: 0.0272755, Val Loss Min: 0.27342, Val Loss Max: 0.434895
Debug: Epoch 16/20, Mean Train Loss: 0.375632, Train Loss Std: 0.0282569, Train Loss Min: 0.27332, Train Loss Max: 0.48661
Saved new best model to plots/run-cls-t2t-transformer-ae-lixing-h64-l16-4l-8v-20epo/best_model.pth
Debug: Epoch 17/20, Mean Val Loss: 0.353966, Val Loss Std: 0.027194, Val Loss Min: 0.273137, Val Loss Max: 0.433984
Debug: Epoch 17/20, Mean Train Loss: 0.375088, Train Loss Std: 0.0281741, Train Loss Min: 0.286275, Train Loss Max: 0.482631
Saved new best model to plots/run-cls-t2t-transformer-ae-lixing-h64-l16-4l-8v-20epo/best_model.pth
Debug: Epoch 18/20, Mean Val Loss: 0.352937, Val Loss Std: 0.0271098, Val Loss Min: 0.271082, Val Loss Max: 0.432906
Debug: Epoch 18/20, Mean Train Loss: 0.374346, Train Loss Std: 0.02751, Train Loss Min: 0.296606, Train Loss Max: 0.482515
Saved new best model to plots/run-cls-t2t-transformer-ae-lixing-h64-l16-4l-8v-20epo/best_model.pth
Debug: Epoch 19/20, Mean Val Loss: 0.352904, Val Loss Std: 0.0271618, Val Loss Min: 0.271227, Val Loss Max: 0.432992
Debug: Epoch 19/20, Mean Train Loss: 0.374137, Train Loss Std: 0.0279183, Train Loss Min: 0.295329, Train Loss Max: 0.467927
Saved new best model to plots/run-cls-t2t-transformer-ae-lixing-h64-l16-4l-8v-20epo/best_model.pth
Debug: Epoch 20/20, Mean Val Loss: 0.352621, Val Loss Std: 0.027159, Val Loss Min: 0.271154, Val Loss Max: 0.432689
Debug: Epoch 20/20, Mean Train Loss: 0.37388, Train Loss Std: 0.0271445, Train Loss Min: 0.290098, Train Loss Max: 0.462276
Saved new best model to plots/run-cls-t2t-transformer-ae-lixing-h64-l16-4l-8v-20epo/best_model.pth
Final AUC: 0.5245095619556632
