## SLURM PROLOG ###############################################################
##    Job ID : 3424492
##  Job Name : JETANOMALY
##  Nodelist : gpu3101
##      CPUs : 1
##  Mem/Node : 32000 MB
## Directory : /oscar/home/lwang223/jetAnomalyDetection
##   Job Started : Thu Jun 25 03:34:43 PM EDT 2026
###############################################################################

==========================================
Job started at: Thu Jun 25 03:34:43 PM EDT 2026
Job ID: 3424492
Node: gpu3101
==========================================

GPU Information (from host):
Thu Jun 25 15:34:43 2026       
+-----------------------------------------------------------------------------------------+
| NVIDIA-SMI 575.57.08              Driver Version: 575.57.08      CUDA Version: 12.9     |
|-----------------------------------------+------------------------+----------------------+
| GPU  Name                 Persistence-M | Bus-Id          Disp.A | Volatile Uncorr. ECC |
| Fan  Temp   Perf          Pwr:Usage/Cap |           Memory-Usage | GPU-Util  Compute M. |
|                                         |                        |               MIG M. |
|=========================================+========================+======================|
|   0  NVIDIA L40S                    On  |   00000000:01:00.0 Off |                    0 |
| N/A   25C    P8             32W /  350W |      74MiB /  46068MiB |      0%      Default |
|                                         |                        |                  N/A |
+-----------------------------------------+------------------------+----------------------+
                                                                                         
+-----------------------------------------------------------------------------------------+
| Processes:                                                                              |
|  GPU   GI   CI              PID   Type   Process name                        GPU Memory |
|        ID   ID                                                               Usage      |
|=========================================================================================|
|    0   N/A  N/A          182625      G   /usr/libexec/Xorg                        64MiB |
+-----------------------------------------------------------------------------------------+

PyTorch version: 2.6.0+cu124
Loaded background rows: 125117
Loaded signal rows: 4067
Building background graphs...
Building signal graphs...
Particle multiplicity summary:
count    129170.000000
mean         20.995425
std           8.562535
min           2.000000
50%          20.000000
90%          32.000000
95%          37.000000
99%          46.000000
max          86.000000
dtype: float64
Feature names: ['eta', 'phi', 'pt', 'd0/d0Err', 'dz/dzErr']
Example graph.x shape: torch.Size([13, 5])
Background graphs: 100082 train, 25021 val
Signal graphs: 4067
Model Summary:
JetClassT2TTransformerAE(
  (feature_embedding): Linear(in_features=5, out_features=4, bias=True)
  (position_embedding): Sequential(
    (0): Linear(in_features=2, out_features=4, bias=True)
    (1): GELU(approximate='none')
    (2): Linear(in_features=4, out_features=4, bias=True)
  )
  (encoder): TransformerEncoder(
    (layers): ModuleList(
      (0-3): 4 x TransformerEncoderLayer(
        (self_attn): MultiheadAttention(
          (out_proj): NonDynamicallyQuantizableLinear(in_features=4, out_features=4, bias=True)
        )
        (linear1): Linear(in_features=4, out_features=16, bias=True)
        (dropout): Dropout(p=0.1, inplace=False)
        (linear2): Linear(in_features=16, out_features=4, bias=True)
        (norm1): LayerNorm((4,), eps=1e-05, elementwise_affine=True)
        (norm2): LayerNorm((4,), eps=1e-05, elementwise_affine=True)
        (dropout1): Dropout(p=0.1, inplace=False)
        (dropout2): Dropout(p=0.1, inplace=False)
      )
    )
  )
  (to_latent): Linear(in_features=4, out_features=4, bias=True)
  (from_latent): Linear(in_features=4, out_features=4, bias=True)
  (decoder): TransformerEncoder(
    (layers): ModuleList(
      (0-3): 4 x TransformerEncoderLayer(
        (self_attn): MultiheadAttention(
          (out_proj): NonDynamicallyQuantizableLinear(in_features=4, out_features=4, bias=True)
        )
        (linear1): Linear(in_features=4, out_features=16, bias=True)
        (dropout): Dropout(p=0.1, inplace=False)
        (linear2): Linear(in_features=16, out_features=4, bias=True)
        (norm1): LayerNorm((4,), eps=1e-05, elementwise_affine=True)
        (norm2): LayerNorm((4,), eps=1e-05, elementwise_affine=True)
        (dropout1): Dropout(p=0.1, inplace=False)
        (dropout2): Dropout(p=0.1, inplace=False)
      )
    )
  )
  (reconstruction_head): Linear(in_features=4, out_features=5, bias=True)
)
Number of trainable parameters: 2077
Debug: Epoch 1/10, Mean Val Loss: 0.872099, Val Loss Std: 0.0479381, Val Loss Min: 0.701271, Val Loss Max: 1.03306
Debug: Epoch 1/10, Mean Train Loss: 1.18021, Train Loss Std: 0.626778, Train Loss Min: 0.809328, Train Loss Max: 4.74169
Saved new best model to plots/run-cls-t2t-transformer-ae-lixing-h4-l4-4l-8v-10epo/best_model.pth
Debug: Epoch 2/10, Mean Val Loss: 0.805973, Val Loss Std: 0.04584, Val Loss Min: 0.649072, Val Loss Max: 0.953561
Debug: Epoch 2/10, Mean Train Loss: 0.865625, Train Loss Std: 0.0543031, Train Loss Min: 0.714518, Train Loss Max: 1.04806
Saved new best model to plots/run-cls-t2t-transformer-ae-lixing-h4-l4-4l-8v-10epo/best_model.pth
Debug: Epoch 3/10, Mean Val Loss: 0.778495, Val Loss Std: 0.044721, Val Loss Min: 0.625652, Val Loss Max: 0.922008
Debug: Epoch 3/10, Mean Train Loss: 0.81041, Train Loss Std: 0.048201, Train Loss Min: 0.65874, Train Loss Max: 0.973944
Saved new best model to plots/run-cls-t2t-transformer-ae-lixing-h4-l4-4l-8v-10epo/best_model.pth
Debug: Epoch 4/10, Mean Val Loss: 0.718486, Val Loss Std: 0.0425285, Val Loss Min: 0.578887, Val Loss Max: 0.845938
Debug: Epoch 4/10, Mean Train Loss: 0.769189, Train Loss Std: 0.0484961, Train Loss Min: 0.623448, Train Loss Max: 0.971225
Saved new best model to plots/run-cls-t2t-transformer-ae-lixing-h4-l4-4l-8v-10epo/best_model.pth
Debug: Epoch 5/10, Mean Val Loss: 0.669343, Val Loss Std: 0.0418703, Val Loss Min: 0.5376, Val Loss Max: 0.79956
Debug: Epoch 5/10, Mean Train Loss: 0.707308, Train Loss Std: 0.0459127, Train Loss Min: 0.556727, Train Loss Max: 0.882463
Saved new best model to plots/run-cls-t2t-transformer-ae-lixing-h4-l4-4l-8v-10epo/best_model.pth
Debug: Epoch 6/10, Mean Val Loss: 0.630876, Val Loss Std: 0.0408628, Val Loss Min: 0.500198, Val Loss Max: 0.759821
Debug: Epoch 6/10, Mean Train Loss: 0.667281, Train Loss Std: 0.0442651, Train Loss Min: 0.534661, Train Loss Max: 0.826688
Saved new best model to plots/run-cls-t2t-transformer-ae-lixing-h4-l4-4l-8v-10epo/best_model.pth
Debug: Epoch 7/10, Mean Val Loss: 0.601809, Val Loss Std: 0.0398746, Val Loss Min: 0.469045, Val Loss Max: 0.730997
Debug: Epoch 7/10, Mean Train Loss: 0.634351, Train Loss Std: 0.0439538, Train Loss Min: 0.50718, Train Loss Max: 0.799328
Saved new best model to plots/run-cls-t2t-transformer-ae-lixing-h4-l4-4l-8v-10epo/best_model.pth
Debug: Epoch 8/10, Mean Val Loss: 0.591099, Val Loss Std: 0.0395674, Val Loss Min: 0.458391, Val Loss Max: 0.720974
Debug: Epoch 8/10, Mean Train Loss: 0.615737, Train Loss Std: 0.0419404, Train Loss Min: 0.482082, Train Loss Max: 0.757246
Saved new best model to plots/run-cls-t2t-transformer-ae-lixing-h4-l4-4l-8v-10epo/best_model.pth
Debug: Epoch 9/10, Mean Val Loss: 0.587057, Val Loss Std: 0.0394563, Val Loss Min: 0.454567, Val Loss Max: 0.717019
Debug: Epoch 9/10, Mean Train Loss: 0.608535, Train Loss Std: 0.0414292, Train Loss Min: 0.47266, Train Loss Max: 0.766281
Saved new best model to plots/run-cls-t2t-transformer-ae-lixing-h4-l4-4l-8v-10epo/best_model.pth
Debug: Epoch 10/10, Mean Val Loss: 0.58591, Val Loss Std: 0.0394308, Val Loss Min: 0.453545, Val Loss Max: 0.715939
Debug: Epoch 10/10, Mean Train Loss: 0.605833, Train Loss Std: 0.0398805, Train Loss Min: 0.496985, Train Loss Max: 0.77162
Saved new best model to plots/run-cls-t2t-transformer-ae-lixing-h4-l4-4l-8v-10epo/best_model.pth
Final AUC: 0.5749201946489857
