## SLURM PROLOG ###############################################################
##    Job ID : 3854811
##  Job Name : JETANOMALY-JETCLASS
##  Nodelist : gpu3003
##      CPUs : 1
##  Mem/Node : 96000 MB
## Directory : /oscar/home/lwang223/jetAnomalyDetection
##   Job Started : Fri Jul 10 12:28:49 PM EDT 2026
###############################################################################

==========================================
Job started at: Fri Jul 10 12:28:49 PM EDT 2026
Job ID: 3854811
Node: gpu3003
==========================================

GPU Information (from host):
Fri Jul 10 12:28:49 2026       
+-----------------------------------------------------------------------------------------+
| NVIDIA-SMI 575.57.08              Driver Version: 575.57.08      CUDA Version: 12.9     |
|-----------------------------------------+------------------------+----------------------+
| GPU  Name                 Persistence-M | Bus-Id          Disp.A | Volatile Uncorr. ECC |
| Fan  Temp   Perf          Pwr:Usage/Cap |           Memory-Usage | GPU-Util  Compute M. |
|                                         |                        |               MIG M. |
|=========================================+========================+======================|
|   0  NVIDIA L40S                    On  |   00000000:21:00.0 Off |                    0 |
| N/A   31C    P8             34W /  350W |      77MiB /  46068MiB |      0%      Default |
|                                         |                        |                  N/A |
+-----------------------------------------+------------------------+----------------------+
|   1  NVIDIA L40S                    On  |   00000000:41:00.0 Off |                    0 |
| N/A   27C    P8             32W /  350W |      77MiB /  46068MiB |      0%      Default |
|                                         |                        |                  N/A |
+-----------------------------------------+------------------------+----------------------+
                                                                                         
+-----------------------------------------------------------------------------------------+
| Processes:                                                                              |
|  GPU   GI   CI              PID   Type   Process name                        GPU Memory |
|        ID   ID                                                               Usage      |
|=========================================================================================|
|    0   N/A  N/A          179375      G   /usr/libexec/Xorg                        64MiB |
|    1   N/A  N/A          179375      G   /usr/libexec/Xorg                        64MiB |
+-----------------------------------------------------------------------------------------+

PyTorch version: 2.6.0+cu124
JetClass root: /HEP/export/home/lwang223/JetClass/JetClass/Pythia
Background labels: ['label_QCD', 'label_Hbb', 'label_Hcc']
Signal labels: ['label_Wqq']
Particle features: ['part_px', 'part_py', 'part_pz', 'part_energy', 'part_pt', 'part_eta', 'part_phi', 'part_deta', 'part_dphi', 'part_d0val', 'part_d0err', 'part_dzval', 'part_dzerr', 'part_charge', 'part_isChargedHadron', 'part_isNeutralHadron', 'part_isPhoton', 'part_isElectron', 'part_isMuon']
Lazy JetClass datasets ready; no full split has been loaded into RAM.
Background train ROOT shards: 300
Background val ROOT shards: 15
Signal test ROOT shards: 20
Per-event particle shape: (128, 19)
Selected SSL model: semi-sup
Model summary:
LeJEPASemiSupervisedParticleTransformerRepresentation(
  (node_embedding): NodeEmbedding(
    (net): Sequential(
      (0): Linear(in_features=19, out_features=128, bias=True)
      (1): GELU(approximate='none')
      (2): LayerNorm((128,), eps=1e-05, elementwise_affine=True)
      (3): Linear(in_features=128, out_features=512, bias=True)
      (4): GELU(approximate='none')
      (5): LayerNorm((512,), eps=1e-05, elementwise_affine=True)
      (6): Linear(in_features=512, out_features=128, bias=True)
      (7): Dropout(p=0.1, inplace=False)
    )
  )
  (pairwise_bias): PairwiseAttentionBias(
    (mlp): Sequential(
      (0): RMSNorm()
      (1): Linear(in_features=4, out_features=64, bias=True)
      (2): SiLU()
      (3): Dropout(p=0.1, inplace=False)
      (4): Linear(in_features=64, out_features=64, bias=True)
      (5): SiLU()
      (6): Dropout(p=0.1, inplace=False)
      (7): Linear(in_features=64, out_features=8, bias=True)
    )
  )
  (encoder): ParticleTransformerEncoder(
    (layers): ModuleList(
      (0-7): 8 x ParticleTransformerBlock(
        (attn_norm): RMSNorm()
        (self_attn): MultiheadAttention(
          (out_proj): NonDynamicallyQuantizableLinear(in_features=128, out_features=128, bias=True)
        )
        (attn_dropout): Dropout(p=0.1, inplace=False)
        (ffn_norm): RMSNorm()
        (ffn): SwiGLUFFN(
          (fc1): Linear(in_features=128, out_features=1024, bias=True)
          (act): SwiGLU()
          (fc2): Linear(in_features=512, out_features=128, bias=True)
          (dropout): Dropout(p=0.1, inplace=False)
        )
      )
    )
  )
  (cls_pooling): CLSPooling(
    (layers): ModuleList(
      (0-1): 2 x ClassAttentionBlock(
        (query_norm): LayerNorm((128,), eps=1e-05, elementwise_affine=True)
        (context_norm): LayerNorm((128,), eps=1e-05, elementwise_affine=True)
        (attn): MultiheadAttention(
          (out_proj): NonDynamicallyQuantizableLinear(in_features=128, out_features=128, bias=True)
        )
        (attn_dropout): Dropout(p=0.0, inplace=False)
        (ffn_norm): LayerNorm((128,), eps=1e-05, elementwise_affine=True)
        (ffn): Sequential(
          (0): Linear(in_features=128, out_features=512, bias=True)
          (1): GELU(approximate='none')
          (2): Dropout(p=0.0, inplace=False)
          (3): Linear(in_features=512, out_features=128, bias=True)
          (4): Dropout(p=0.0, inplace=False)
        )
      )
    )
  )
  (augmentation): MultiViewAugmentation()
  (loss): LeJEPASIGRegClassificationLoss(
    (sigreg_loss_fn): SlicingUnivariateTest(
      (univariate_test): EppsPulley()
    )
  )
  (representation_head): RepresentationHead(
    (net): Sequential(
      (0): RMSNorm()
      (1): Linear(in_features=128, out_features=128, bias=True)
      (2): SiLU()
      (3): Dropout(p=0.1, inplace=False)
      (4): Linear(in_features=128, out_features=128, bias=True)
    )
  )
  (classification_head): CategoricalClassificationHead(
    (net): Sequential(
      (0): RMSNorm()
      (1): Linear(in_features=128, out_features=128, bias=True)
      (2): SiLU()
      (3): Dropout(p=0.1, inplace=False)
      (4): Linear(in_features=128, out_features=3, bias=True)
    )
  )
)
Number of trainable parameters: 2700431

Epoch [1/1000]
Saved new best model state_dict to plots/run-lejepa-semi-sup-jetclass-ddp/best_model.pth
Updated run summary at plots/run-lejepa-semi-sup-jetclass-ddp/summary.json
Mahalanobis metrics saved to plots/run-lejepa-semi-sup-jetclass-ddp/mahalanobis_eval/epoch_0001/mahalanobis_metrics.json
Mahalanobis AUC, QCD+Hbb+Hcc train vs Wqq: 0.503805
Mahalanobis AUC, QCD+Hbb+Hcc val vs Wqq: 0.509171
Epoch 1 train losses: {'total_loss': 15.41817741394043, 'invariant_loss': 0.0072984487749636175, 'sigreg_loss': 764.8, 'classification_loss': 1.1087900400161743}
Epoch 1 val losses: {'total_loss': 14.482366561889648, 'invariant_loss': 0.0007005429943092167, 'sigreg_loss': 720.0, 'classification_loss': 1.066662311553955}
Updated run summary at plots/run-lejepa-semi-sup-jetclass-ddp/summary.json

Epoch [2/1000]
Saved new best model state_dict to plots/run-lejepa-semi-sup-jetclass-ddp/best_model.pth
Updated run summary at plots/run-lejepa-semi-sup-jetclass-ddp/summary.json
Mahalanobis metrics saved to plots/run-lejepa-semi-sup-jetclass-ddp/mahalanobis_eval/epoch_0002/mahalanobis_metrics.json
Mahalanobis AUC, QCD+Hbb+Hcc train vs Wqq: 0.496221
Mahalanobis AUC, QCD+Hbb+Hcc val vs Wqq: 0.502093
Epoch 2 train losses: {'total_loss': 13.45952320098877, 'invariant_loss': 0.010656396299600602, 'sigreg_loss': 667.2, 'classification_loss': 1.11366765499115}
Epoch 2 val losses: {'total_loss': 12.606164932250977, 'invariant_loss': 0.0010011577978730202, 'sigreg_loss': 624.0, 'classification_loss': 1.0516446828842163}
Updated run summary at plots/run-lejepa-semi-sup-jetclass-ddp/summary.json

Epoch [3/1000]
Saved new best model state_dict to plots/run-lejepa-semi-sup-jetclass-ddp/best_model.pth
Updated run summary at plots/run-lejepa-semi-sup-jetclass-ddp/summary.json
Mahalanobis metrics saved to plots/run-lejepa-semi-sup-jetclass-ddp/mahalanobis_eval/epoch_0003/mahalanobis_metrics.json
Mahalanobis AUC, QCD+Hbb+Hcc train vs Wqq: 0.496947
Mahalanobis AUC, QCD+Hbb+Hcc val vs Wqq: 0.502672
Epoch 3 train losses: {'total_loss': 11.278325080871582, 'invariant_loss': 0.01550066638737917, 'sigreg_loss': 556.8, 'classification_loss': 1.1282453775405883}
Epoch 3 val losses: {'total_loss': 9.795089721679688, 'invariant_loss': 0.0015332652255892754, 'sigreg_loss': 484.0, 'classification_loss': 1.0605576038360596}
Updated run summary at plots/run-lejepa-semi-sup-jetclass-ddp/summary.json

Epoch [4/1000]
Saved new best model state_dict to plots/run-lejepa-semi-sup-jetclass-ddp/best_model.pth
Updated run summary at plots/run-lejepa-semi-sup-jetclass-ddp/summary.json
Mahalanobis metrics saved to plots/run-lejepa-semi-sup-jetclass-ddp/mahalanobis_eval/epoch_0004/mahalanobis_metrics.json
Mahalanobis AUC, QCD+Hbb+Hcc train vs Wqq: 0.504935
Mahalanobis AUC, QCD+Hbb+Hcc val vs Wqq: 0.511554
Epoch 4 train losses: {'total_loss': 8.958761024475098, 'invariant_loss': 0.0213653814047575, 'sigreg_loss': 441.6, 'classification_loss': 1.1239559650421143}
Epoch 4 val losses: {'total_loss': 8.108118057250977, 'invariant_loss': 0.0020163869485259056, 'sigreg_loss': 400.0, 'classification_loss': 1.061011791229248}
Updated run summary at plots/run-lejepa-semi-sup-jetclass-ddp/summary.json

Epoch [5/1000]
Saved new best model state_dict to plots/run-lejepa-semi-sup-jetclass-ddp/best_model.pth
Updated run summary at plots/run-lejepa-semi-sup-jetclass-ddp/summary.json
Mahalanobis metrics saved to plots/run-lejepa-semi-sup-jetclass-ddp/mahalanobis_eval/epoch_0005/mahalanobis_metrics.json
Mahalanobis AUC, QCD+Hbb+Hcc train vs Wqq: 0.512972
Mahalanobis AUC, QCD+Hbb+Hcc val vs Wqq: 0.520011
Epoch 5 train losses: {'total_loss': 7.138379669189453, 'invariant_loss': 0.027255695313215256, 'sigreg_loss': 350.0, 'classification_loss': 1.1112398147583007}
Epoch 5 val losses: {'total_loss': 6.7338948249816895, 'invariant_loss': 0.002516567474231124, 'sigreg_loss': 332.0, 'classification_loss': 1.0637824535369873}
Updated run summary at plots/run-lejepa-semi-sup-jetclass-ddp/summary.json

Epoch [6/1000]
Saved new best model state_dict to plots/run-lejepa-semi-sup-jetclass-ddp/best_model.pth
Updated run summary at plots/run-lejepa-semi-sup-jetclass-ddp/summary.json
Mahalanobis metrics saved to plots/run-lejepa-semi-sup-jetclass-ddp/mahalanobis_eval/epoch_0006/mahalanobis_metrics.json
Mahalanobis AUC, QCD+Hbb+Hcc train vs Wqq: 0.516478
Mahalanobis AUC, QCD+Hbb+Hcc val vs Wqq: 0.523306
Epoch 6 train losses: {'total_loss': 5.789843654632568, 'invariant_loss': 0.03134065605700016, 'sigreg_loss': 282.4, 'classification_loss': 1.0850299835205077}
Epoch 6 val losses: {'total_loss': 5.674267292022705, 'invariant_loss': 0.003387106116861105, 'sigreg_loss': 278.0, 'classification_loss': 1.0838018655776978}
Updated run summary at plots/run-lejepa-semi-sup-jetclass-ddp/summary.json

Epoch [7/1000]
Saved new best model state_dict to plots/run-lejepa-semi-sup-jetclass-ddp/best_model.pth
