## SLURM PROLOG ###############################################################
##    Job ID : 4110572
##  Job Name : JETANOMALY-JETCLASS
##  Nodelist : gpu2708
##      CPUs : 1
##  Mem/Node : 48000 MB
## Directory : /oscar/home/lwang223/jetAnomalyDetection
##   Job Started : Sun Jul 19 06:19:39 PM EDT 2026
###############################################################################

==========================================
Job started at: Sun Jul 19 06:19:39 PM EDT 2026
Job ID: 4110572
Node: gpu2708
==========================================

GPU Information (from host):
Sun Jul 19 18:19:39 2026       
+-----------------------------------------------------------------------------------------+
| NVIDIA-SMI 575.57.08              Driver Version: 575.57.08      CUDA Version: 12.9     |
|-----------------------------------------+------------------------+----------------------+
| GPU  Name                 Persistence-M | Bus-Id          Disp.A | Volatile Uncorr. ECC |
| Fan  Temp   Perf          Pwr:Usage/Cap |           Memory-Usage | GPU-Util  Compute M. |
|                                         |                        |               MIG M. |
|=========================================+========================+======================|
|   0  NVIDIA L40S                    On  |   00000000:A1:00.0 Off |                    0 |
| N/A   35C    P8             35W /  350W |      76MiB /  46068MiB |      0%      Default |
|                                         |                        |                  N/A |
+-----------------------------------------+------------------------+----------------------+
                                                                                         
+-----------------------------------------------------------------------------------------+
| Processes:                                                                              |
|  GPU   GI   CI              PID   Type   Process name                        GPU Memory |
|        ID   ID                                                               Usage      |
|=========================================================================================|
|    0   N/A  N/A          157414      G   /usr/libexec/Xorg                        64MiB |
+-----------------------------------------------------------------------------------------+

PyTorch version: 2.6.0+cu124
JetClass root: /HEP/export/home/lwang223/JetClass/JetClass/Pythia
Background labels: ['label_QCD', 'label_Hbb', 'label_Hcc', 'label_Hgg']
Signal labels: ['label_Wqq']
Particle features: ['part_px', 'part_py', 'part_pz', 'part_energy', 'part_pt', 'log_pt_fraction', 'part_deta', 'part_dphi', 'd0_sig', 'dz_sig', 'part_charge', 'part_isChargedHadron', 'part_isNeutralHadron', 'part_isPhoton', 'part_isElectron', 'part_isMuon']
Lazy JetClass datasets ready; no full split has been loaded into RAM.
Background train ROOT shards: 400
Background val ROOT shards: 20
Signal test ROOT shards: 20
Per-event particle shape: (128, 16)
Selected SSL model: semi-sup-triplet
Model summary:
LeJEPASemiSupervisedTripletParticleTransformerRepresentation(
  (node_embedding): NodeEmbedding(
    (net): Sequential(
      (0): Linear(in_features=12, out_features=32, bias=True)
      (1): GELU(approximate='none')
      (2): LayerNorm((32,), eps=1e-05, elementwise_affine=True)
      (3): Linear(in_features=32, out_features=128, bias=True)
      (4): GELU(approximate='none')
      (5): LayerNorm((128,), eps=1e-05, elementwise_affine=True)
      (6): Linear(in_features=128, out_features=32, bias=True)
      (7): Dropout(p=0.01, inplace=False)
    )
  )
  (pairwise_bias): PairwiseAttentionBias(
    (mlp): Sequential(
      (0): RMSNorm()
      (1): Linear(in_features=4, out_features=32, bias=True)
      (2): SiLU()
      (3): Dropout(p=0.01, inplace=False)
      (4): Linear(in_features=32, out_features=32, bias=True)
      (5): SiLU()
      (6): Dropout(p=0.01, inplace=False)
      (7): Linear(in_features=32, out_features=8, bias=True)
    )
  )
  (encoder): ParticleTransformerEncoder(
    (layers): ModuleList(
      (0-3): 4 x ParticleTransformerBlock(
        (attn_norm): RMSNorm()
        (self_attn): MultiheadAttention(
          (out_proj): NonDynamicallyQuantizableLinear(in_features=32, out_features=32, bias=True)
        )
        (attn_dropout): Dropout(p=0.01, inplace=False)
        (ffn_norm): RMSNorm()
        (ffn): SwiGLUFFN(
          (fc1): Linear(in_features=32, out_features=256, bias=True)
          (act): SwiGLU()
          (fc2): Linear(in_features=128, out_features=32, bias=True)
          (dropout): Dropout(p=0.01, inplace=False)
        )
      )
    )
  )
  (cls_pooling): CLSPooling(
    (layers): ModuleList(
      (0-1): 2 x ClassAttentionBlock(
        (query_norm): LayerNorm((32,), eps=1e-05, elementwise_affine=True)
        (context_norm): LayerNorm((32,), eps=1e-05, elementwise_affine=True)
        (attn): MultiheadAttention(
          (out_proj): NonDynamicallyQuantizableLinear(in_features=32, out_features=32, bias=True)
        )
        (attn_dropout): Dropout(p=0.0, inplace=False)
        (ffn_norm): LayerNorm((32,), eps=1e-05, elementwise_affine=True)
        (ffn): Sequential(
          (0): Linear(in_features=32, out_features=128, bias=True)
          (1): GELU(approximate='none')
          (2): Dropout(p=0.0, inplace=False)
          (3): Linear(in_features=128, out_features=32, bias=True)
          (4): Dropout(p=0.0, inplace=False)
        )
      )
    )
  )
  (augmentation): MultiViewAugmentation()
  (negative_augmentation): CorruptedNegativeAugmentation()
  (loss): LeJEPASIGRegTripletClassificationLoss(
    (triplet_loss): LeJEPASIGRegTripletLoss(
      (lejepa_loss): LeJEPASIGRegLoss(
        (sigreg_loss_fn): SlicingUnivariateTest(
          (univariate_test): EppsPulley()
        )
      )
    )
  )
  (representation_head): RepresentationHead(
    (net): Sequential(
      (0): RMSNorm()
      (1): Linear(in_features=32, out_features=32, bias=True)
      (2): SiLU()
      (3): Dropout(p=0.01, inplace=False)
      (4): Linear(in_features=32, out_features=32, bias=True)
    )
  )
  (classification_head): CategoricalClassificationHead(
    (net): Sequential(
      (0): RMSNorm()
      (1): Linear(in_features=32, out_features=32, bias=True)
      (2): SiLU()
      (3): Dropout(p=0.01, inplace=False)
      (4): Linear(in_features=32, out_features=4, bias=True)
    )
  )
)
Number of trainable parameters: 106960

Epoch [1/12]
Saved new best model state_dict to plots/ablation/jetclass-ddp-fast-wqq-rawlejepa/best_model.pth
Saved last model state_dict to plots/ablation/jetclass-ddp-fast-wqq-rawlejepa/last_model.pth
Mahalanobis metrics saved to plots/ablation/jetclass-ddp-fast-wqq-rawlejepa/mahalanobis_eval/epoch_0001/mahalanobis_metrics.json
Mahalanobis AUC, QCD+Hbb+Hcc+Hgg train vs Wqq: 0.658494
Mahalanobis AUC, QCD+Hbb+Hcc+Hgg val vs Wqq: 0.656719
Epoch 1 train losses: {'total_loss': 9.549768852710724, 'invariant_loss': 0.5523274485073052, 'sigreg_loss': 179.9495625, 'triplet_loss': 0.0, 'triplet_pos_distance': 0.0, 'triplet_neg_distance': 0.0, 'classification_loss': 1.4569350320994854}
Epoch 1 val losses: {'total_loss': 2.9756896042823793, 'invariant_loss': 0.6472521042823791, 'sigreg_loss': 46.57, 'triplet_loss': 0.0, 'triplet_pos_distance': 0.0, 'triplet_neg_distance': 0.0, 'classification_loss': 1.4667396521568299}
Updated run summary at plots/ablation/jetclass-ddp-fast-wqq-rawlejepa/summary.json

Epoch [2/12]
Saved new best model state_dict to plots/ablation/jetclass-ddp-fast-wqq-rawlejepa/best_model.pth
Saved last model state_dict to plots/ablation/jetclass-ddp-fast-wqq-rawlejepa/last_model.pth
Mahalanobis metrics saved to plots/ablation/jetclass-ddp-fast-wqq-rawlejepa/mahalanobis_eval/epoch_0002/mahalanobis_metrics.json
Mahalanobis AUC, QCD+Hbb+Hcc+Hgg train vs Wqq: 0.574307
Mahalanobis AUC, QCD+Hbb+Hcc+Hgg val vs Wqq: 0.569838
Epoch 2 train losses: {'total_loss': 2.181195024639368, 'invariant_loss': 0.5331168878003955, 'sigreg_loss': 32.9626875, 'triplet_loss': 0.0, 'triplet_pos_distance': 0.0, 'triplet_neg_distance': 0.0, 'classification_loss': 1.4592522286176681}
Epoch 2 val losses: {'total_loss': 1.6263937997817992, 'invariant_loss': 0.4090500232577324, 'sigreg_loss': 24.34625, 'triplet_loss': 0.0, 'triplet_pos_distance': 0.0, 'triplet_neg_distance': 0.0, 'classification_loss': 1.4390348410606384}
Updated run summary at plots/ablation/jetclass-ddp-fast-wqq-rawlejepa/summary.json

Epoch [3/12]
Saved new best model state_dict to plots/ablation/jetclass-ddp-fast-wqq-rawlejepa/best_model.pth
Saved last model state_dict to plots/ablation/jetclass-ddp-fast-wqq-rawlejepa/last_model.pth
Mahalanobis metrics saved to plots/ablation/jetclass-ddp-fast-wqq-rawlejepa/mahalanobis_eval/epoch_0003/mahalanobis_metrics.json
Mahalanobis AUC, QCD+Hbb+Hcc+Hgg train vs Wqq: 0.588142
Mahalanobis AUC, QCD+Hbb+Hcc+Hgg val vs Wqq: 0.586481
Epoch 3 train losses: {'total_loss': 1.325141531944275, 'invariant_loss': 0.38759073191136123, 'sigreg_loss': 18.750546875, 'triplet_loss': 0.0, 'triplet_pos_distance': 0.0, 'triplet_neg_distance': 0.0, 'classification_loss': 1.4289788572192192}
Epoch 3 val losses: {'total_loss': 1.0886726397275925, 'invariant_loss': 0.33691481679677965, 'sigreg_loss': 15.035625, 'triplet_loss': 0.0, 'triplet_pos_distance': 0.0, 'triplet_neg_distance': 0.0, 'classification_loss': 1.428249672651291}
Updated run summary at plots/ablation/jetclass-ddp-fast-wqq-rawlejepa/summary.json

Epoch [4/12]
Saved new best model state_dict to plots/ablation/jetclass-ddp-fast-wqq-rawlejepa/best_model.pth
Saved last model state_dict to plots/ablation/jetclass-ddp-fast-wqq-rawlejepa/last_model.pth
Mahalanobis metrics saved to plots/ablation/jetclass-ddp-fast-wqq-rawlejepa/mahalanobis_eval/epoch_0004/mahalanobis_metrics.json
Mahalanobis AUC, QCD+Hbb+Hcc+Hgg train vs Wqq: 0.581999
Mahalanobis AUC, QCD+Hbb+Hcc+Hgg val vs Wqq: 0.580004
Epoch 4 train losses: {'total_loss': 0.9761327645182609, 'invariant_loss': 0.3409032618626952, 'sigreg_loss': 12.70446875, 'triplet_loss': 0.0, 'triplet_pos_distance': 0.0, 'triplet_neg_distance': 0.0, 'classification_loss': 1.427450482159853}
Epoch 4 val losses: {'total_loss': 0.9364972895383835, 'invariant_loss': 0.29987619310617447, 'sigreg_loss': 12.736875, 'triplet_loss': 0.0, 'triplet_pos_distance': 0.0, 'triplet_neg_distance': 0.0, 'classification_loss': 1.4200020301342011}
Updated run summary at plots/ablation/jetclass-ddp-fast-wqq-rawlejepa/summary.json

Epoch [5/12]
Saved new best model state_dict to plots/ablation/jetclass-ddp-fast-wqq-rawlejepa/best_model.pth
Saved last model state_dict to plots/ablation/jetclass-ddp-fast-wqq-rawlejepa/last_model.pth
Mahalanobis metrics saved to plots/ablation/jetclass-ddp-fast-wqq-rawlejepa/mahalanobis_eval/epoch_0005/mahalanobis_metrics.json
Mahalanobis AUC, QCD+Hbb+Hcc+Hgg train vs Wqq: 0.584950
Mahalanobis AUC, QCD+Hbb+Hcc+Hgg val vs Wqq: 0.585137
Epoch 5 train losses: {'total_loss': 0.8186777630895377, 'invariant_loss': 0.3220390858799219, 'sigreg_loss': 9.93278125, 'triplet_loss': 0.0, 'triplet_pos_distance': 0.0, 'triplet_neg_distance': 0.0, 'classification_loss': 1.418259294450283}
Epoch 5 val losses: {'total_loss': 0.7344463181495666, 'invariant_loss': 0.286868184953928, 'sigreg_loss': 8.951875, 'triplet_loss': 0.0, 'triplet_pos_distance': 0.0, 'triplet_neg_distance': 0.0, 'classification_loss': 1.414333758354187}
Updated run summary at plots/ablation/jetclass-ddp-fast-wqq-rawlejepa/summary.json

Epoch [6/12]
Saved new best model state_dict to plots/ablation/jetclass-ddp-fast-wqq-rawlejepa/best_model.pth
Saved last model state_dict to plots/ablation/jetclass-ddp-fast-wqq-rawlejepa/last_model.pth
Mahalanobis metrics saved to plots/ablation/jetclass-ddp-fast-wqq-rawlejepa/mahalanobis_eval/epoch_0006/mahalanobis_metrics.json
Mahalanobis AUC, QCD+Hbb+Hcc+Hgg train vs Wqq: 0.568996
Mahalanobis AUC, QCD+Hbb+Hcc+Hgg val vs Wqq: 0.570549
Epoch 6 train losses: {'total_loss': 0.7376840260326862, 'invariant_loss': 0.30624115040153266, 'sigreg_loss': 8.6286875, 'triplet_loss': 0.0, 'triplet_pos_distance': 0.0, 'triplet_neg_distance': 0.0, 'classification_loss': 1.4085608274042607}
Epoch 6 val losses: {'total_loss': 0.6965258806943894, 'invariant_loss': 0.2677368141710758, 'sigreg_loss': 8.5765625, 'triplet_loss': 0.0, 'triplet_pos_distance': 0.0, 'triplet_neg_distance': 0.0, 'classification_loss': 1.4036423683166503}
Updated run summary at plots/ablation/jetclass-ddp-fast-wqq-rawlejepa/summary.json

Epoch [7/12]
Saved new best model state_dict to plots/ablation/jetclass-ddp-fast-wqq-rawlejepa/best_model.pth
Saved last model state_dict to plots/ablation/jetclass-ddp-fast-wqq-rawlejepa/last_model.pth
Mahalanobis metrics saved to plots/ablation/jetclass-ddp-fast-wqq-rawlejepa/mahalanobis_eval/epoch_0007/mahalanobis_metrics.json
Mahalanobis AUC, QCD+Hbb+Hcc+Hgg train vs Wqq: 0.576915
Mahalanobis AUC, QCD+Hbb+Hcc+Hgg val vs Wqq: 0.573741
Epoch 7 train losses: {'total_loss': 0.6949176146686077, 'invariant_loss': 0.28439514932408927, 'sigreg_loss': 8.21046875, 'triplet_loss': 0.0, 'triplet_pos_distance': 0.0, 'triplet_neg_distance': 0.0, 'classification_loss': 1.4008920859098435}
Epoch 7 val losses: {'total_loss': 0.6533402055501938, 'invariant_loss': 0.24671910732984542, 'sigreg_loss': 8.1334375, 'triplet_loss': 0.0, 'triplet_pos_distance': 0.0, 'triplet_neg_distance': 0.0, 'classification_loss': 1.3973500585556031}
Updated run summary at plots/ablation/jetclass-ddp-fast-wqq-rawlejepa/summary.json

Epoch [8/12]
Saved last model state_dict to plots/ablation/jetclass-ddp-fast-wqq-rawlejepa/last_model.pth
Mahalanobis metrics saved to plots/ablation/jetclass-ddp-fast-wqq-rawlejepa/mahalanobis_eval/epoch_0008/mahalanobis_metrics.json
Mahalanobis AUC, QCD+Hbb+Hcc+Hgg train vs Wqq: 0.591337
Mahalanobis AUC, QCD+Hbb+Hcc+Hgg val vs Wqq: 0.589966
Epoch 8 train losses: {'total_loss': 0.6628573401272297, 'invariant_loss': 0.260216221537441, 'sigreg_loss': 8.052734375, 'triplet_loss': 0.0, 'triplet_pos_distance': 0.0, 'triplet_neg_distance': 0.0, 'classification_loss': 1.3956125532984733}
Epoch 8 val losses: {'total_loss': 0.6687282866239548, 'invariant_loss': 0.22552515104413032, 'sigreg_loss': 8.8653125, 'triplet_loss': 0.0, 'triplet_pos_distance': 0.0, 'triplet_neg_distance': 0.0, 'classification_loss': 1.3935395288467407}
Updated run summary at plots/ablation/jetclass-ddp-fast-wqq-rawlejepa/summary.json

Epoch [9/12]
Saved new best model state_dict to plots/ablation/jetclass-ddp-fast-wqq-rawlejepa/best_model.pth
Saved last model state_dict to plots/ablation/jetclass-ddp-fast-wqq-rawlejepa/last_model.pth
Mahalanobis metrics saved to plots/ablation/jetclass-ddp-fast-wqq-rawlejepa/mahalanobis_eval/epoch_0009/mahalanobis_metrics.json
Mahalanobis AUC, QCD+Hbb+Hcc+Hgg train vs Wqq: 0.610518
Mahalanobis AUC, QCD+Hbb+Hcc+Hgg val vs Wqq: 0.609398
Epoch 9 train losses: {'total_loss': 0.6543179907649755, 'invariant_loss': 0.2440132957138121, 'sigreg_loss': 8.2061484375, 'triplet_loss': 0.0, 'triplet_pos_distance': 0.0, 'triplet_neg_distance': 0.0, 'classification_loss': 1.3920093007683754}
Epoch 9 val losses: {'total_loss': 0.6470530802011489, 'invariant_loss': 0.211291351467371, 'sigreg_loss': 8.715625, 'triplet_loss': 0.0, 'triplet_pos_distance': 0.0, 'triplet_neg_distance': 0.0, 'classification_loss': 1.3912510573863983}
Updated run summary at plots/ablation/jetclass-ddp-fast-wqq-rawlejepa/summary.json

Epoch [10/12]
Saved new best model state_dict to plots/ablation/jetclass-ddp-fast-wqq-rawlejepa/best_model.pth
Saved last model state_dict to plots/ablation/jetclass-ddp-fast-wqq-rawlejepa/last_model.pth
Mahalanobis metrics saved to plots/ablation/jetclass-ddp-fast-wqq-rawlejepa/mahalanobis_eval/epoch_0010/mahalanobis_metrics.json
Mahalanobis AUC, QCD+Hbb+Hcc+Hgg train vs Wqq: 0.629972
Mahalanobis AUC, QCD+Hbb+Hcc+Hgg val vs Wqq: 0.630693
Epoch 10 train losses: {'total_loss': 0.6461884321421385, 'invariant_loss': 0.23497357980906963, 'sigreg_loss': 8.224125, 'triplet_loss': 0.0, 'triplet_pos_distance': 0.0, 'triplet_neg_distance': 0.0, 'classification_loss': 1.3900948536694049}
Epoch 10 val losses: {'total_loss': 0.6128982424736023, 'invariant_loss': 0.20432401701807976, 'sigreg_loss': 8.171875, 'triplet_loss': 0.0, 'triplet_pos_distance': 0.0, 'triplet_neg_distance': 0.0, 'classification_loss': 1.3890074896812439}
Updated run summary at plots/ablation/jetclass-ddp-fast-wqq-rawlejepa/summary.json

Epoch [11/12]
Saved new best model state_dict to plots/ablation/jetclass-ddp-fast-wqq-rawlejepa/best_model.pth
Saved last model state_dict to plots/ablation/jetclass-ddp-fast-wqq-rawlejepa/last_model.pth
Mahalanobis metrics saved to plots/ablation/jetclass-ddp-fast-wqq-rawlejepa/mahalanobis_eval/epoch_0011/mahalanobis_metrics.json
Mahalanobis AUC, QCD+Hbb+Hcc+Hgg train vs Wqq: 0.631338
Mahalanobis AUC, QCD+Hbb+Hcc+Hgg val vs Wqq: 0.633351
Epoch 11 train losses: {'total_loss': 0.6242494920417666, 'invariant_loss': 0.22838986348733306, 'sigreg_loss': 7.9175, 'triplet_loss': 0.0, 'triplet_pos_distance': 0.0, 'triplet_neg_distance': 0.0, 'classification_loss': 1.388502357006073}
Epoch 11 val losses: {'total_loss': 0.59221087038517, 'invariant_loss': 0.19365617230534554, 'sigreg_loss': 7.97125, 'triplet_loss': 0.0, 'triplet_pos_distance': 0.0, 'triplet_neg_distance': 0.0, 'classification_loss': 1.388118680715561}
Updated run summary at plots/ablation/jetclass-ddp-fast-wqq-rawlejepa/summary.json

Epoch [12/12]
Saved new best model state_dict to plots/ablation/jetclass-ddp-fast-wqq-rawlejepa/best_model.pth
Saved last model state_dict to plots/ablation/jetclass-ddp-fast-wqq-rawlejepa/last_model.pth
Mahalanobis metrics saved to plots/ablation/jetclass-ddp-fast-wqq-rawlejepa/mahalanobis_eval/epoch_0012/mahalanobis_metrics.json
Mahalanobis AUC, QCD+Hbb+Hcc+Hgg train vs Wqq: 0.629459
Mahalanobis AUC, QCD+Hbb+Hcc+Hgg val vs Wqq: 0.632719
Epoch 12 train losses: {'total_loss': 0.5566393888890743, 'invariant_loss': 0.22017453606799245, 'sigreg_loss': 6.729625, 'triplet_loss': 0.0, 'triplet_pos_distance': 0.0, 'triplet_neg_distance': 0.0, 'classification_loss': 1.3879867005944253}
Epoch 12 val losses: {'total_loss': 0.5312635335326195, 'invariant_loss': 0.19038461938500403, 'sigreg_loss': 6.8184375, 'triplet_loss': 0.0, 'triplet_pos_distance': 0.0, 'triplet_neg_distance': 0.0, 'classification_loss': 1.38796364068985}
Updated run summary at plots/ablation/jetclass-ddp-fast-wqq-rawlejepa/summary.json
Saved run summary to plots/ablation/jetclass-ddp-fast-wqq-rawlejepa/summary.json
JetClass root: /HEP/export/home/lwang223/JetClass/JetClass/Pythia
Background labels: ['label_QCD', 'label_Hbb', 'label_Hcc', 'label_Hgg']
Signal labels: ['label_Wqq']
Particle features: ['part_px', 'part_py', 'part_pz', 'part_energy', 'part_pt', 'log_pt_fraction', 'part_deta', 'part_dphi', 'd0_sig', 'dz_sig', 'part_charge', 'part_isChargedHadron', 'part_isNeutralHadron', 'part_isPhoton', 'part_isElectron', 'part_isMuon']
Lazy JetClass datasets ready; no full split has been loaded into RAM.
Background train ROOT shards: 400
Background val ROOT shards: 20
Signal test ROOT shards: 20
Per-event particle shape: (128, 16)
Selected SSL model: semi-sup-triplet
Model summary:
LeJEPASemiSupervisedTripletParticleTransformerRepresentation(
  (node_embedding): NodeEmbedding(
    (net): Sequential(
      (0): Linear(in_features=12, out_features=32, bias=True)
      (1): GELU(approximate='none')
      (2): LayerNorm((32,), eps=1e-05, elementwise_affine=True)
      (3): Linear(in_features=32, out_features=128, bias=True)
      (4): GELU(approximate='none')
      (5): LayerNorm((128,), eps=1e-05, elementwise_affine=True)
      (6): Linear(in_features=128, out_features=32, bias=True)
      (7): Dropout(p=0.01, inplace=False)
    )
  )
  (pairwise_bias): PairwiseAttentionBias(
    (mlp): Sequential(
      (0): RMSNorm()
      (1): Linear(in_features=4, out_features=32, bias=True)
      (2): SiLU()
      (3): Dropout(p=0.01, inplace=False)
      (4): Linear(in_features=32, out_features=32, bias=True)
      (5): SiLU()
      (6): Dropout(p=0.01, inplace=False)
      (7): Linear(in_features=32, out_features=8, bias=True)
    )
  )
  (encoder): ParticleTransformerEncoder(
    (layers): ModuleList(
      (0-3): 4 x ParticleTransformerBlock(
        (attn_norm): RMSNorm()
        (self_attn): MultiheadAttention(
          (out_proj): NonDynamicallyQuantizableLinear(in_features=32, out_features=32, bias=True)
        )
        (attn_dropout): Dropout(p=0.01, inplace=False)
        (ffn_norm): RMSNorm()
        (ffn): SwiGLUFFN(
          (fc1): Linear(in_features=32, out_features=256, bias=True)
          (act): SwiGLU()
          (fc2): Linear(in_features=128, out_features=32, bias=True)
          (dropout): Dropout(p=0.01, inplace=False)
        )
      )
    )
  )
  (cls_pooling): CLSPooling(
    (layers): ModuleList(
      (0-1): 2 x ClassAttentionBlock(
        (query_norm): LayerNorm((32,), eps=1e-05, elementwise_affine=True)
        (context_norm): LayerNorm((32,), eps=1e-05, elementwise_affine=True)
        (attn): MultiheadAttention(
          (out_proj): NonDynamicallyQuantizableLinear(in_features=32, out_features=32, bias=True)
        )
        (attn_dropout): Dropout(p=0.0, inplace=False)
        (ffn_norm): LayerNorm((32,), eps=1e-05, elementwise_affine=True)
        (ffn): Sequential(
          (0): Linear(in_features=32, out_features=128, bias=True)
          (1): GELU(approximate='none')
          (2): Dropout(p=0.0, inplace=False)
          (3): Linear(in_features=128, out_features=32, bias=True)
          (4): Dropout(p=0.0, inplace=False)
        )
      )
    )
  )
  (augmentation): MultiViewAugmentation()
  (negative_augmentation): CorruptedNegativeAugmentation()
  (loss): LeJEPASIGRegTripletClassificationLoss(
    (triplet_loss): LeJEPASIGRegTripletLoss(
      (lejepa_loss): LeJEPASIGRegLoss(
        (sigreg_loss_fn): SlicingUnivariateTest(
          (univariate_test): EppsPulley()
        )
      )
    )
  )
  (representation_head): RepresentationHead(
    (net): Sequential(
      (0): RMSNorm()
      (1): Linear(in_features=32, out_features=32, bias=True)
      (2): SiLU()
      (3): Dropout(p=0.01, inplace=False)
      (4): Linear(in_features=32, out_features=32, bias=True)
    )
  )
  (classification_head): CategoricalClassificationHead(
    (net): Sequential(
      (0): RMSNorm()
      (1): Linear(in_features=32, out_features=32, bias=True)
      (2): SiLU()
      (3): Dropout(p=0.01, inplace=False)
      (4): Linear(in_features=32, out_features=4, bias=True)
    )
  )
)
Number of trainable parameters: 106960

Epoch [1/12]
Saved new best model state_dict to plots/ablation/jetclass-ddp-fast-wqq-lejepa+triplet/best_model.pth
Saved last model state_dict to plots/ablation/jetclass-ddp-fast-wqq-lejepa+triplet/last_model.pth
Mahalanobis metrics saved to plots/ablation/jetclass-ddp-fast-wqq-lejepa+triplet/mahalanobis_eval/epoch_0001/mahalanobis_metrics.json
Mahalanobis AUC, QCD+Hbb+Hcc+Hgg train vs Wqq: 0.633358
Mahalanobis AUC, QCD+Hbb+Hcc+Hgg val vs Wqq: 0.634125
Epoch 1 train losses: {'total_loss': 9.527957530200482, 'invariant_loss': 0.5703243283565389, 'sigreg_loss': 178.97225, 'triplet_loss': 0.09113673963211477, 'triplet_pos_distance': 0.11718359120612148, 'triplet_neg_distance': 0.44124285025289284, 'classification_loss': 1.4445746544003486}
Epoch 1 val losses: {'total_loss': 3.2276026964187623, 'invariant_loss': 0.6579254686832428, 'sigreg_loss': 51.295, 'triplet_loss': 0.05145969692617655, 'triplet_pos_distance': 0.12609785050153732, 'triplet_neg_distance': 0.576540937423706, 'classification_loss': 1.4694655215740204}
Updated run summary at plots/ablation/jetclass-ddp-fast-wqq-lejepa+triplet/summary.json

Epoch [2/12]
Saved new best model state_dict to plots/ablation/jetclass-ddp-fast-wqq-lejepa+triplet/best_model.pth
Saved last model state_dict to plots/ablation/jetclass-ddp-fast-wqq-lejepa+triplet/last_model.pth
Mahalanobis metrics saved to plots/ablation/jetclass-ddp-fast-wqq-lejepa+triplet/mahalanobis_eval/epoch_0002/mahalanobis_metrics.json
Mahalanobis AUC, QCD+Hbb+Hcc+Hgg train vs Wqq: 0.547764
Mahalanobis AUC, QCD+Hbb+Hcc+Hgg val vs Wqq: 0.546024
Epoch 2 train losses: {'total_loss': 2.2162581084668638, 'invariant_loss': 0.5337079747691751, 'sigreg_loss': 33.5844375, 'triplet_loss': 0.03370435093389824, 'triplet_pos_distance': 0.0932838113354519, 'triplet_neg_distance': 0.7257432833909988, 'classification_loss': 1.4581576525270938}
Epoch 2 val losses: {'total_loss': 1.620052546262741, 'invariant_loss': 0.4160717523097992, 'sigreg_loss': 24.02375, 'triplet_loss': 0.028870243299752473, 'triplet_pos_distance': 0.062475122399628165, 'triplet_neg_distance': 0.9308827763795853, 'classification_loss': 1.4628588604927062}
Updated run summary at plots/ablation/jetclass-ddp-fast-wqq-lejepa+triplet/summary.json

Epoch [3/12]
Saved new best model state_dict to plots/ablation/jetclass-ddp-fast-wqq-lejepa+triplet/best_model.pth
Saved last model state_dict to plots/ablation/jetclass-ddp-fast-wqq-lejepa+triplet/last_model.pth
Mahalanobis metrics saved to plots/ablation/jetclass-ddp-fast-wqq-lejepa+triplet/mahalanobis_eval/epoch_0003/mahalanobis_metrics.json
Mahalanobis AUC, QCD+Hbb+Hcc+Hgg train vs Wqq: 0.534415
Mahalanobis AUC, QCD+Hbb+Hcc+Hgg val vs Wqq: 0.535473
Epoch 3 train losses: {'total_loss': 1.331103737562895, 'invariant_loss': 0.3886017410829663, 'sigreg_loss': 18.79565625, 'triplet_loss': 0.0272463506818749, 'triplet_pos_distance': 0.06428817377053202, 'triplet_neg_distance': 1.0602278725653886, 'classification_loss': 1.4462074470818043}
Epoch 3 val losses: {'total_loss': 1.0959139853715896, 'invariant_loss': 0.33411023259162903, 'sigreg_loss': 15.17875, 'triplet_loss': 0.029756210036575793, 'triplet_pos_distance': 0.04851627357304096, 'triplet_neg_distance': 1.0748967134952545, 'classification_loss': 1.4403988373279573}
Updated run summary at plots/ablation/jetclass-ddp-fast-wqq-lejepa+triplet/summary.json

Epoch [4/12]
Saved new best model state_dict to plots/ablation/jetclass-ddp-fast-wqq-lejepa+triplet/best_model.pth
Saved last model state_dict to plots/ablation/jetclass-ddp-fast-wqq-lejepa+triplet/last_model.pth
Mahalanobis metrics saved to plots/ablation/jetclass-ddp-fast-wqq-lejepa+triplet/mahalanobis_eval/epoch_0004/mahalanobis_metrics.json
Mahalanobis AUC, QCD+Hbb+Hcc+Hgg train vs Wqq: 0.535766
Mahalanobis AUC, QCD+Hbb+Hcc+Hgg val vs Wqq: 0.536112
Epoch 4 train losses: {'total_loss': 0.967656121045351, 'invariant_loss': 0.3466040048375726, 'sigreg_loss': 12.371703125, 'triplet_loss': 0.024593318784609436, 'triplet_pos_distance': 0.05793505865521729, 'triplet_neg_distance': 1.1562253983020783, 'classification_loss': 1.4357241077423095}
Epoch 4 val losses: {'total_loss': 0.859137287735939, 'invariant_loss': 0.3047958925366402, 'sigreg_loss': 11.040625, 'triplet_loss': 0.024273262582719324, 'triplet_pos_distance': 0.04389080081135035, 'triplet_neg_distance': 1.1902585566043853, 'classification_loss': 1.4313671326637267}
Updated run summary at plots/ablation/jetclass-ddp-fast-wqq-lejepa+triplet/summary.json

Epoch [5/12]
Saved new best model state_dict to plots/ablation/jetclass-ddp-fast-wqq-lejepa+triplet/best_model.pth
Saved last model state_dict to plots/ablation/jetclass-ddp-fast-wqq-lejepa+triplet/last_model.pth
Mahalanobis metrics saved to plots/ablation/jetclass-ddp-fast-wqq-lejepa+triplet/mahalanobis_eval/epoch_0005/mahalanobis_metrics.json
Mahalanobis AUC, QCD+Hbb+Hcc+Hgg train vs Wqq: 0.548867
Mahalanobis AUC, QCD+Hbb+Hcc+Hgg val vs Wqq: 0.547302
Epoch 5 train losses: {'total_loss': 0.8271395996659994, 'invariant_loss': 0.3234561435580254, 'sigreg_loss': 10.0366484375, 'triplet_loss': 0.018362829791381954, 'triplet_pos_distance': 0.05474504509102553, 'triplet_neg_distance': 1.2499022700190545, 'classification_loss': 1.4229506166279315}
Epoch 5 val losses: {'total_loss': 0.7916462117433548, 'invariant_loss': 0.2813690960407257, 'sigreg_loss': 10.1709375, 'triplet_loss': 0.01644293738529086, 'triplet_pos_distance': 0.04000052310526371, 'triplet_neg_distance': 1.2587231874465943, 'classification_loss': 1.413176896572113}
Updated run summary at plots/ablation/jetclass-ddp-fast-wqq-lejepa+triplet/summary.json

Epoch [6/12]
Saved last model state_dict to plots/ablation/jetclass-ddp-fast-wqq-lejepa+triplet/last_model.pth
Mahalanobis metrics saved to plots/ablation/jetclass-ddp-fast-wqq-lejepa+triplet/mahalanobis_eval/epoch_0006/mahalanobis_metrics.json
Mahalanobis AUC, QCD+Hbb+Hcc+Hgg train vs Wqq: 0.542179
Mahalanobis AUC, QCD+Hbb+Hcc+Hgg val vs Wqq: 0.541787
Epoch 6 train losses: {'total_loss': 0.7572124271839857, 'invariant_loss': 0.30929525184631346, 'sigreg_loss': 8.9328828125, 'triplet_loss': 0.012809408356435598, 'triplet_pos_distance': 0.05258964797109365, 'triplet_neg_distance': 1.3064985617995262, 'classification_loss': 1.4068510340750218}
Epoch 6 val losses: {'total_loss': 0.8185735404491424, 'invariant_loss': 0.2771117775142193, 'sigreg_loss': 10.803125, 'triplet_loss': 0.012859780434519052, 'triplet_pos_distance': 0.039564670640975234, 'triplet_neg_distance': 1.3233583235740662, 'classification_loss': 1.40006201505661}
Updated run summary at plots/ablation/jetclass-ddp-fast-wqq-lejepa+triplet/summary.json

Epoch [7/12]
Saved new best model state_dict to plots/ablation/jetclass-ddp-fast-wqq-lejepa+triplet/best_model.pth
Saved last model state_dict to plots/ablation/jetclass-ddp-fast-wqq-lejepa+triplet/last_model.pth
Mahalanobis metrics saved to plots/ablation/jetclass-ddp-fast-wqq-lejepa+triplet/mahalanobis_eval/epoch_0007/mahalanobis_metrics.json
Mahalanobis AUC, QCD+Hbb+Hcc+Hgg train vs Wqq: 0.588321
Mahalanobis AUC, QCD+Hbb+Hcc+Hgg val vs Wqq: 0.585310
Epoch 7 train losses: {'total_loss': 0.7129252160489559, 'invariant_loss': 0.29132521340250966, 'sigreg_loss': 8.4130546875, 'triplet_loss': 0.009535140068503097, 'triplet_pos_distance': 0.05022513854689896, 'triplet_neg_distance': 1.3396975424289703, 'classification_loss': 1.3959617280066012}
Epoch 7 val losses: {'total_loss': 0.6867672461271286, 'invariant_loss': 0.25000050649046895, 'sigreg_loss': 8.7175, 'triplet_loss': 0.009464215259067715, 'triplet_pos_distance': 0.03520416826009751, 'triplet_neg_distance': 1.329418865442276, 'classification_loss': 1.392570185661316}
Updated run summary at plots/ablation/jetclass-ddp-fast-wqq-lejepa+triplet/summary.json

Epoch [8/12]
Saved new best model state_dict to plots/ablation/jetclass-ddp-fast-wqq-lejepa+triplet/best_model.pth
Saved last model state_dict to plots/ablation/jetclass-ddp-fast-wqq-lejepa+triplet/last_model.pth
Mahalanobis metrics saved to plots/ablation/jetclass-ddp-fast-wqq-lejepa+triplet/mahalanobis_eval/epoch_0008/mahalanobis_metrics.json
Mahalanobis AUC, QCD+Hbb+Hcc+Hgg train vs Wqq: 0.607449
Mahalanobis AUC, QCD+Hbb+Hcc+Hgg val vs Wqq: 0.604402
Epoch 8 train losses: {'total_loss': 0.6820776976346969, 'invariant_loss': 0.2721081456169486, 'sigreg_loss': 8.183609375, 'triplet_loss': 0.007854648594744504, 'triplet_pos_distance': 0.04716164733562619, 'triplet_neg_distance': 1.3265541075766087, 'classification_loss': 1.3911880040466786}
Epoch 8 val losses: {'total_loss': 0.6812333685159683, 'invariant_loss': 0.23489619955420493, 'sigreg_loss': 8.9090625, 'triplet_loss': 0.009074747692793608, 'triplet_pos_distance': 0.03294804286211729, 'triplet_neg_distance': 1.296535609960556, 'classification_loss': 1.3895921397209168}
Updated run summary at plots/ablation/jetclass-ddp-fast-wqq-lejepa+triplet/summary.json

Epoch [9/12]
Saved new best model state_dict to plots/ablation/jetclass-ddp-fast-wqq-lejepa+triplet/best_model.pth
Saved last model state_dict to plots/ablation/jetclass-ddp-fast-wqq-lejepa+triplet/last_model.pth
Mahalanobis metrics saved to plots/ablation/jetclass-ddp-fast-wqq-lejepa+triplet/mahalanobis_eval/epoch_0009/mahalanobis_metrics.json
Mahalanobis AUC, QCD+Hbb+Hcc+Hgg train vs Wqq: 0.617825
Mahalanobis AUC, QCD+Hbb+Hcc+Hgg val vs Wqq: 0.614218
Epoch 9 train losses: {'total_loss': 0.6624013196527958, 'invariant_loss': 0.25612730492278935, 'sigreg_loss': 8.1100859375, 'triplet_loss': 0.00779380101384595, 'triplet_pos_distance': 0.04444544921256602, 'triplet_neg_distance': 1.3047800657749176, 'classification_loss': 1.3891626402139663}
Epoch 9 val losses: {'total_loss': 0.633848814368248, 'invariant_loss': 0.22296196326613427, 'sigreg_loss': 8.2025, 'triplet_loss': 0.00769652672111988, 'triplet_pos_distance': 0.031415939573198555, 'triplet_neg_distance': 1.2762619709968568, 'classification_loss': 1.3881305599212646}
Updated run summary at plots/ablation/jetclass-ddp-fast-wqq-lejepa+triplet/summary.json

Epoch [10/12]
Saved new best model state_dict to plots/ablation/jetclass-ddp-fast-wqq-lejepa+triplet/best_model.pth
Saved last model state_dict to plots/ablation/jetclass-ddp-fast-wqq-lejepa+triplet/last_model.pth
Mahalanobis metrics saved to plots/ablation/jetclass-ddp-fast-wqq-lejepa+triplet/mahalanobis_eval/epoch_0010/mahalanobis_metrics.json
Mahalanobis AUC, QCD+Hbb+Hcc+Hgg train vs Wqq: 0.612316
Mahalanobis AUC, QCD+Hbb+Hcc+Hgg val vs Wqq: 0.609850
Epoch 10 train losses: {'total_loss': 0.6593007785975933, 'invariant_loss': 0.24698063790798186, 'sigreg_loss': 8.2309296875, 'triplet_loss': 0.007898602051776834, 'triplet_pos_distance': 0.042841282339300964, 'triplet_neg_distance': 1.2907263029813767, 'classification_loss': 1.387904705733061}
Epoch 10 val losses: {'total_loss': 0.6250887674093246, 'invariant_loss': 0.22241613864898682, 'sigreg_loss': 8.0378125, 'triplet_loss': 0.008171508549712598, 'triplet_pos_distance': 0.030979339219629764, 'triplet_neg_distance': 1.285855884552002, 'classification_loss': 1.3876226735115051}
Updated run summary at plots/ablation/jetclass-ddp-fast-wqq-lejepa+triplet/summary.json

Epoch [11/12]
Saved new best model state_dict to plots/ablation/jetclass-ddp-fast-wqq-lejepa+triplet/best_model.pth
Saved last model state_dict to plots/ablation/jetclass-ddp-fast-wqq-lejepa+triplet/last_model.pth
Mahalanobis metrics saved to plots/ablation/jetclass-ddp-fast-wqq-lejepa+triplet/mahalanobis_eval/epoch_0011/mahalanobis_metrics.json
Mahalanobis AUC, QCD+Hbb+Hcc+Hgg train vs Wqq: 0.618158
Mahalanobis AUC, QCD+Hbb+Hcc+Hgg val vs Wqq: 0.616872
Epoch 11 train losses: {'total_loss': 0.6367074090838433, 'invariant_loss': 0.2395311915241182, 'sigreg_loss': 7.9282890625, 'triplet_loss': 0.007850958233349957, 'triplet_pos_distance': 0.04164237343985587, 'triplet_neg_distance': 1.2770589137673378, 'classification_loss': 1.3872453447580337}
Epoch 11 val losses: {'total_loss': 0.6075707292556762, 'invariant_loss': 0.20423923417925835, 'sigreg_loss': 8.0478125, 'triplet_loss': 0.008705442268401385, 'triplet_pos_distance': 0.028204765086993575, 'triplet_neg_distance': 1.2547081887722016, 'classification_loss': 1.3870643818378448}
Updated run summary at plots/ablation/jetclass-ddp-fast-wqq-lejepa+triplet/summary.json

Epoch [12/12]
Saved new best model state_dict to plots/ablation/jetclass-ddp-fast-wqq-lejepa+triplet/best_model.pth
Saved last model state_dict to plots/ablation/jetclass-ddp-fast-wqq-lejepa+triplet/last_model.pth
Mahalanobis metrics saved to plots/ablation/jetclass-ddp-fast-wqq-lejepa+triplet/mahalanobis_eval/epoch_0012/mahalanobis_metrics.json
Mahalanobis AUC, QCD+Hbb+Hcc+Hgg train vs Wqq: 0.611324
Mahalanobis AUC, QCD+Hbb+Hcc+Hgg val vs Wqq: 0.610134
Epoch 12 train losses: {'total_loss': 0.5657619537711144, 'invariant_loss': 0.2311933437138796, 'sigreg_loss': 6.6764375, 'triplet_loss': 0.007363265139108989, 'triplet_pos_distance': 0.040649517444893715, 'triplet_neg_distance': 1.2735125056803227, 'classification_loss': 1.386971468746662}
Epoch 12 val losses: {'total_loss': 0.5380298405885696, 'invariant_loss': 0.200775593072176, 'sigreg_loss': 6.7303125, 'triplet_loss': 0.007698595304973423, 'triplet_pos_distance': 0.027045065592974423, 'triplet_neg_distance': 1.2525866317749024, 'classification_loss': 1.3869543051719666}
Updated run summary at plots/ablation/jetclass-ddp-fast-wqq-lejepa+triplet/summary.json
Saved run summary to plots/ablation/jetclass-ddp-fast-wqq-lejepa+triplet/summary.json
