## SLURM PROLOG ###############################################################
##    Job ID : 4266723
##  Job Name : JETANOMALY
##  Nodelist : gpu2709
##      CPUs : 1
##  Mem/Node : 72000 MB
## Directory : /oscar/home/lwang223/jetAnomalyDetection
##   Job Started : Fri Jul 24 08:59:36 AM EDT 2026
###############################################################################

==========================================
Job started at: Fri Jul 24 08:59:36 AM EDT 2026
Job ID: 4266723
Node: gpu2709
==========================================

GPU Information (from host):
Fri Jul 24 08:59:36 2026       
+-----------------------------------------------------------------------------------------+
| NVIDIA-SMI 575.57.08              Driver Version: 575.57.08      CUDA Version: 12.9     |
|-----------------------------------------+------------------------+----------------------+
| GPU  Name                 Persistence-M | Bus-Id          Disp.A | Volatile Uncorr. ECC |
| Fan  Temp   Perf          Pwr:Usage/Cap |           Memory-Usage | GPU-Util  Compute M. |
|                                         |                        |               MIG M. |
|=========================================+========================+======================|
|   0  NVIDIA L40S                    On  |   00000000:21:00.0 Off |                    0 |
| N/A   31C    P8             32W /  350W |      77MiB /  46068MiB |      0%      Default |
|                                         |                        |                  N/A |
+-----------------------------------------+------------------------+----------------------+
                                                                                         
+-----------------------------------------------------------------------------------------+
| Processes:                                                                              |
|  GPU   GI   CI              PID   Type   Process name                        GPU Memory |
|        ID   ID                                                               Usage      |
|=========================================================================================|
|    0   N/A  N/A          157322      G   /usr/libexec/Xorg                        64MiB |
+-----------------------------------------------------------------------------------------+

PyTorch version: 2.6.0+cu124
Dataset backend: cms
Dataset root: /HEP/export/home/hgao50/jet-anomaly-data/ak8-v3
Loading /oscar/home/lwang223/jetAnomalyDetection/plots/quickrun/all-cms-mc/best_model.pth on cuda:0
Sampling 200 x 128 events from each source stream
Full-jet density latent space: representation
Training labels: QCD+Hbb+Zqq+Wqq+Tbqq
Visualization signal labels: QCD+Hbb+Zqq+Wqq+Tbqq
Dataset label axis: ['label_QCD', 'label_Hbb', 'label_Wqq', 'label_Zqq', 'label_Tbqq']
Particle feature order:
   0: part_px
   1: part_py
   2: part_pz
   3: part_energy
   4: part_pt
   5: log_pt_fraction
   6: part_deta
   7: part_dphi
   8: Cpfcan_dxysig
   9: log_Cpfcan_dxysig
  10: Cpfcan_dzsig
  11: log_Cpfcan_dzsig
  12: part_charge
  13: part_isChargedHadron
  14: part_isNeutralHadron
  15: part_isPhoton
  16: part_isElectron
  17: part_isMuon
Batch-standardized particle features: ['log_pt_fraction', 'Cpfcan_dxysig', 'log_Cpfcan_dxysig', 'Cpfcan_dzsig', 'log_Cpfcan_dzsig']
CMS split source: /oscar/home/lwang223/jetAnomalyDetection/plots/quickrun/all-cms-mc/cms_split_manifest.json; sha256=ee26830093633ebb266cd2384fe4727dfa20eb6b0f03c3331d2e2d5f5dc9ef3b

Collecting full-event latents...
Collected full latents: train=12800, validation=12800, train-context signal test=12800, validation-context signal test=12800
Global AUC fit=0.512271, held-out=0.516437, validation=0.495766

Rotating pairwise class-specific Mahalanobis diagnostics
signal=QCD, background=Hbb: train AUC=0.750227, validation AUC=0.739002
signal=QCD, background=Zqq: train AUC=0.435804, validation AUC=0.420567
signal=QCD, background=Wqq: train AUC=0.474727, validation AUC=0.437248
signal=QCD, background=Tbqq: train AUC=0.736256, validation AUC=0.719863
signal=Hbb, background=QCD: train AUC=0.783413, validation AUC=0.758451
signal=Hbb, background=Zqq: train AUC=0.672927, validation AUC=0.667430
signal=Hbb, background=Wqq: train AUC=0.764338, validation AUC=0.730887
signal=Hbb, background=Tbqq: train AUC=0.684785, validation AUC=0.675630
signal=Zqq, background=QCD: train AUC=0.631379, validation AUC=0.612470
signal=Zqq, background=Hbb: train AUC=0.726992, validation AUC=0.735180
signal=Zqq, background=Wqq: train AUC=0.551145, validation AUC=0.526622
signal=Zqq, background=Tbqq: train AUC=0.709189, validation AUC=0.711577
signal=Wqq, background=QCD: train AUC=0.623130, validation AUC=0.584240
signal=Wqq, background=Hbb: train AUC=0.741226, validation AUC=0.742751
signal=Wqq, background=Zqq: train AUC=0.483866, validation AUC=0.478166
signal=Wqq, background=Tbqq: train AUC=0.704891, validation AUC=0.708924
signal=Tbqq, background=QCD: train AUC=0.731770, validation AUC=0.697510
signal=Tbqq, background=Hbb: train AUC=0.576833, validation AUC=0.574500
signal=Tbqq, background=Zqq: train AUC=0.580898, validation AUC=0.568232
signal=Tbqq, background=Wqq: train AUC=0.667032, validation AUC=0.625503

Saved diagnostics to /oscar/home/lwang223/jetAnomalyDetection/plots/quickrun/all-cms-mc/latent_diagnostics
Dataset backend: jetclass
Dataset root: /HEP/export/home/lwang223/JetClass/JetClass/Pythia
Loading /oscar/home/lwang223/jetAnomalyDetection/plots/quickrun/all-jetclass/best_model.pth on cuda:0
Sampling 200 x 128 events from each source stream
Full-jet density latent space: representation
Training labels: QCD+Hbb+Hcc+Hgg+Wqq+H4q+Hqql+Zqq+Tbqq+Tbl
Visualization signal labels: QCD+Hbb+Hcc+Hgg+Wqq+H4q+Hqql+Zqq+Tbqq+Tbl
Dataset label axis: ['label_QCD', 'label_Hbb', 'label_Hcc', 'label_Hgg', 'label_H4q', 'label_Hqql', 'label_Zqq', 'label_Wqq', 'label_Tbqq', 'label_Tbl']
Particle feature order:
   0: part_px
   1: part_py
   2: part_pz
   3: part_energy
   4: part_pt
   5: log_pt_fraction
   6: part_deta
   7: part_dphi
   8: d0_sig
   9: dz_sig
  10: part_charge
  11: part_isChargedHadron
  12: part_isNeutralHadron
  13: part_isPhoton
  14: part_isElectron
  15: part_isMuon
Batch-standardized particle features: ['log_pt_fraction', 'd0_sig', 'dz_sig']

Collecting full-event latents...
Collected full latents: train=12800, validation=12800, train-context signal test=12800, validation-context signal test=12800
Global AUC fit=0.508515, held-out=0.494847, validation=0.498138

Rotating pairwise class-specific Mahalanobis diagnostics
signal=QCD, background=Hbb: train AUC=0.944732, validation AUC=0.947110
signal=QCD, background=Hcc: train AUC=0.846294, validation AUC=0.847954
signal=QCD, background=Hgg: train AUC=0.865836, validation AUC=0.870070
signal=QCD, background=Wqq: train AUC=0.676812, validation AUC=0.663723
signal=QCD, background=H4q: train AUC=0.855833, validation AUC=0.853237
signal=QCD, background=Hqql: train AUC=0.975166, validation AUC=0.972725
signal=QCD, background=Zqq: train AUC=0.590249, validation AUC=0.597986
signal=QCD, background=Tbqq: train AUC=0.897429, validation AUC=0.908656
signal=QCD, background=Tbl: train AUC=0.995943, validation AUC=0.995867
signal=Hbb, background=QCD: train AUC=0.946402, validation AUC=0.952387
signal=Hbb, background=Hcc: train AUC=0.561812, validation AUC=0.560582
signal=Hbb, background=Hgg: train AUC=0.926568, validation AUC=0.926922
signal=Hbb, background=Wqq: train AUC=0.899928, validation AUC=0.897634
signal=Hbb, background=H4q: train AUC=0.898703, validation AUC=0.897938
signal=Hbb, background=Hqql: train AUC=0.979376, validation AUC=0.974768
signal=Hbb, background=Zqq: train AUC=0.750441, validation AUC=0.762299
signal=Hbb, background=Tbqq: train AUC=0.774013, validation AUC=0.797952
signal=Hbb, background=Tbl: train AUC=0.981799, validation AUC=0.982103
signal=Hcc, background=QCD: train AUC=0.889636, validation AUC=0.896830
signal=Hcc, background=Hbb: train AUC=0.753382, validation AUC=0.746679
signal=Hcc, background=Hgg: train AUC=0.797599, validation AUC=0.799678
signal=Hcc, background=Wqq: train AUC=0.810124, validation AUC=0.808264
signal=Hcc, background=H4q: train AUC=0.772395, validation AUC=0.765149
signal=Hcc, background=Hqql: train AUC=0.960028, validation AUC=0.958654
signal=Hcc, background=Zqq: train AUC=0.692391, validation AUC=0.707724
signal=Hcc, background=Tbqq: train AUC=0.765957, validation AUC=0.789374
signal=Hcc, background=Tbl: train AUC=0.994061, validation AUC=0.993529
signal=Hgg, background=QCD: train AUC=0.828310, validation AUC=0.830431
signal=Hgg, background=Hbb: train AUC=0.887841, validation AUC=0.879439
signal=Hgg, background=Hcc: train AUC=0.592204, validation AUC=0.586579
signal=Hgg, background=Wqq: train AUC=0.722588, validation AUC=0.708712
signal=Hgg, background=H4q: train AUC=0.496619, validation AUC=0.501410
signal=Hgg, background=Hqql: train AUC=0.968114, validation AUC=0.961733
signal=Hgg, background=Zqq: train AUC=0.665630, validation AUC=0.657787
signal=Hgg, background=Tbqq: train AUC=0.769196, validation AUC=0.789055
signal=Hgg, background=Tbl: train AUC=0.998445, validation AUC=0.997884
signal=Wqq, background=QCD: train AUC=0.774304, validation AUC=0.775166
signal=Wqq, background=Hbb: train AUC=0.924429, validation AUC=0.911985
signal=Wqq, background=Hcc: train AUC=0.728257, validation AUC=0.721261
signal=Wqq, background=Hgg: train AUC=0.800536, validation AUC=0.805447
signal=Wqq, background=H4q: train AUC=0.754532, validation AUC=0.746929
signal=Wqq, background=Hqql: train AUC=0.956375, validation AUC=0.952153
signal=Wqq, background=Zqq: train AUC=0.447756, validation AUC=0.443978
signal=Wqq, background=Tbqq: train AUC=0.917291, validation AUC=0.928454
signal=Wqq, background=Tbl: train AUC=0.997265, validation AUC=0.997250
signal=H4q, background=QCD: train AUC=0.823526, validation AUC=0.828191
signal=H4q, background=Hbb: train AUC=0.893061, validation AUC=0.896211
signal=H4q, background=Hcc: train AUC=0.651181, validation AUC=0.664416
signal=H4q, background=Hgg: train AUC=0.597177, validation AUC=0.609573
signal=H4q, background=Wqq: train AUC=0.700849, validation AUC=0.687935
signal=H4q, background=Hqql: train AUC=0.962391, validation AUC=0.958186
signal=H4q, background=Zqq: train AUC=0.658267, validation AUC=0.654234
signal=H4q, background=Tbqq: train AUC=0.770500, validation AUC=0.798698
signal=H4q, background=Tbl: train AUC=0.998007, validation AUC=0.997178
signal=Hqql, background=QCD: train AUC=0.988840, validation AUC=0.991613
signal=Hqql, background=Hbb: train AUC=0.979057, validation AUC=0.980384
signal=Hqql, background=Hcc: train AUC=0.952296, validation AUC=0.956009
signal=Hqql, background=Hgg: train AUC=0.993071, validation AUC=0.994404
signal=Hqql, background=Wqq: train AUC=0.975153, validation AUC=0.977742
signal=Hqql, background=H4q: train AUC=0.984783, validation AUC=0.985385
signal=Hqql, background=Zqq: train AUC=0.965029, validation AUC=0.968892
signal=Hqql, background=Tbqq: train AUC=0.986950, validation AUC=0.988657
signal=Hqql, background=Tbl: train AUC=0.928561, validation AUC=0.922198
signal=Zqq, background=QCD: train AUC=0.811443, validation AUC=0.808892
signal=Zqq, background=Hbb: train AUC=0.853009, validation AUC=0.852188
signal=Zqq, background=Hcc: train AUC=0.683727, validation AUC=0.693543
signal=Zqq, background=Hgg: train AUC=0.808202, validation AUC=0.820002
signal=Zqq, background=Wqq: train AUC=0.609617, validation AUC=0.588081
signal=Zqq, background=H4q: train AUC=0.779830, validation AUC=0.781818
signal=Zqq, background=Hqql: train AUC=0.960779, validation AUC=0.955016
signal=Zqq, background=Tbqq: train AUC=0.893567, validation AUC=0.915218
signal=Zqq, background=Tbl: train AUC=0.993121, validation AUC=0.992737
signal=Tbqq, background=QCD: train AUC=0.874356, validation AUC=0.874231
signal=Tbqq, background=Hbb: train AUC=0.768557, validation AUC=0.759483
signal=Tbqq, background=Hcc: train AUC=0.639405, validation AUC=0.641551
signal=Tbqq, background=Hgg: train AUC=0.800775, validation AUC=0.795620
signal=Tbqq, background=Wqq: train AUC=0.891307, validation AUC=0.888946
signal=Tbqq, background=H4q: train AUC=0.742663, validation AUC=0.734519
signal=Tbqq, background=Hqql: train AUC=0.969237, validation AUC=0.967632
signal=Tbqq, background=Zqq: train AUC=0.838155, validation AUC=0.839453
signal=Tbqq, background=Tbl: train AUC=0.988631, validation AUC=0.988067
signal=Tbl, background=QCD: train AUC=0.989190, validation AUC=0.993384
signal=Tbl, background=Hbb: train AUC=0.969367, validation AUC=0.972458
signal=Tbl, background=Hcc: train AUC=0.990946, validation AUC=0.991576
signal=Tbl, background=Hgg: train AUC=0.997283, validation AUC=0.997344
signal=Tbl, background=Wqq: train AUC=0.993763, validation AUC=0.993930
signal=Tbl, background=H4q: train AUC=0.998392, validation AUC=0.999108
signal=Tbl, background=Hqql: train AUC=0.890181, validation AUC=0.894732
signal=Tbl, background=Zqq: train AUC=0.989865, validation AUC=0.990950
signal=Tbl, background=Tbqq: train AUC=0.985726, validation AUC=0.987252

Saved diagnostics to /oscar/home/lwang223/jetAnomalyDetection/plots/quickrun/all-jetclass/latent_diagnostics
