## SLURM PROLOG ###############################################################
##    Job ID : 3968262
##  Job Name : JETANOMALY-JETCLASS
##  Nodelist : gpu3004
##      CPUs : 1
##  Mem/Node : 48000 MB
## Directory : /oscar/home/lwang223/jetAnomalyDetection
##   Job Started : Tue Jul 14 10:42:30 EDT 2026
###############################################################################

==========================================
Job started at: Tue Jul 14 10:42:30 EDT 2026
Job ID: 3968262
Node: gpu3004
==========================================

GPU Information (from host):
Tue Jul 14 10:42:30 2026       
+-----------------------------------------------------------------------------------------+
| NVIDIA-SMI 575.57.08              Driver Version: 575.57.08      CUDA Version: 12.9     |
|-----------------------------------------+------------------------+----------------------+
| GPU  Name                 Persistence-M | Bus-Id          Disp.A | Volatile Uncorr. ECC |
| Fan  Temp   Perf          Pwr:Usage/Cap |           Memory-Usage | GPU-Util  Compute M. |
|                                         |                        |               MIG M. |
|=========================================+========================+======================|
|   0  NVIDIA L40S                    On  |   00000000:01:00.0 Off |                    0 |
| N/A   31C    P8             32W /  350W |      74MiB /  46068MiB |      0%      Default |
|                                         |                        |                  N/A |
+-----------------------------------------+------------------------+----------------------+
                                                                                         
+-----------------------------------------------------------------------------------------+
| Processes:                                                                              |
|  GPU   GI   CI              PID   Type   Process name                        GPU Memory |
|        ID   ID                                                               Usage      |
|=========================================================================================|
|    0   N/A  N/A          184125      G   /usr/libexec/Xorg                        64MiB |
+-----------------------------------------------------------------------------------------+

PyTorch version: 2.6.0+cu124
Loading /oscar/home/lwang223/jetAnomalyDetection/plots/run-lejepa-semi-sup-triplet-jetclass-ddp-fast-hbb-long/best_model.pth on cuda:0
Sampling 100 x 128 events from each split
Full-jet density latent space: representation
Background labels: QCD+Wqq+Hcc+Hgg
Signal labels: Hbb
Full-jet latent collection will interleave background and signal events inside every forward pass, then regroup representations by their original labels. This gives all Mahalanobis and per-class comparisons a shared batch-standardization context.

[1/8] Unaugmented full-jet Mahalanobis diagnostic
Regrouped interleaved full latents: train background=10200, validation background=10200, signal=2600
AUC fit=0.549569, held-out=0.536967, validation=0.538827

[2/8] Full-jet latent norm diagnostic
Full latent norm mean/median: train bg=5.348366/5.350914, val bg=5.342599/5.342744, signal=5.344186/5.353557

[3/8] Augmented local-global diagnostics
