## SLURM PROLOG ###############################################################
##    Job ID : 3947182
##  Job Name : JETANOMALY-JETCLASS
##  Nodelist : gpu3005
##      CPUs : 1
##  Mem/Node : 48000 MB
## Directory : /oscar/home/lwang223/jetAnomalyDetection
##   Job Started : Mon Jul 13 01:17:42 PM EDT 2026
###############################################################################

==========================================
Job started at: Mon Jul 13 01:17:42 PM EDT 2026
Job ID: 3947182
Node: gpu3005
==========================================

GPU Information (from host):
Mon Jul 13 13:17:42 2026       
+-----------------------------------------------------------------------------------------+
| NVIDIA-SMI 575.57.08              Driver Version: 575.57.08      CUDA Version: 12.9     |
|-----------------------------------------+------------------------+----------------------+
| GPU  Name                 Persistence-M | Bus-Id          Disp.A | Volatile Uncorr. ECC |
| Fan  Temp   Perf          Pwr:Usage/Cap |           Memory-Usage | GPU-Util  Compute M. |
|                                         |                        |               MIG M. |
|=========================================+========================+======================|
|   0  NVIDIA L40S                    On  |   00000000:01:00.0 Off |                    0 |
| N/A   31C    P8             32W /  350W |      75MiB /  46068MiB |      0%      Default |
|                                         |                        |                  N/A |
+-----------------------------------------+------------------------+----------------------+
                                                                                         
+-----------------------------------------------------------------------------------------+
| Processes:                                                                              |
|  GPU   GI   CI              PID   Type   Process name                        GPU Memory |
|        ID   ID                                                               Usage      |
|=========================================================================================|
|    0   N/A  N/A          161852      G   /usr/libexec/Xorg                        64MiB |
+-----------------------------------------------------------------------------------------+

PyTorch version: 2.6.0+cu124
JetClass root: /HEP/export/home/lwang223/JetClass/JetClass/Pythia
Background labels: ['label_QCD', 'label_Hbb']
Signal labels: ['label_Wqq']
Particle features: ['part_px', 'part_py', 'part_pz', 'part_energy', 'part_pt', 'part_eta', 'part_phi', 'part_deta', 'part_dphi', 'part_d0val', 'part_d0err', 'part_dzval', 'part_dzerr', 'part_charge', 'part_isChargedHadron', 'part_isNeutralHadron', 'part_isPhoton', 'part_isElectron', 'part_isMuon']
Lazy JetClass datasets ready; no full split has been loaded into RAM.
Background train ROOT shards: 200
Background val ROOT shards: 10
Signal test ROOT shards: 20
Per-event particle shape: (128, 19)
Selected SSL model: semi-sup-triplet
Model summary:
LeJEPASemiSupervisedTripletParticleTransformerRepresentation(
  (node_embedding): NodeEmbedding(
    (net): Sequential(
      (0): Linear(in_features=19, out_features=64, bias=True)
      (1): GELU(approximate='none')
      (2): LayerNorm((64,), eps=1e-05, elementwise_affine=True)
      (3): Linear(in_features=64, out_features=256, bias=True)
      (4): GELU(approximate='none')
      (5): LayerNorm((256,), eps=1e-05, elementwise_affine=True)
      (6): Linear(in_features=256, out_features=64, bias=True)
      (7): Dropout(p=0.0, inplace=False)
    )
  )
  (pairwise_bias): PairwiseAttentionBias(
    (mlp): Sequential(
      (0): RMSNorm()
      (1): Linear(in_features=4, out_features=64, bias=True)
      (2): SiLU()
      (3): Dropout(p=0.0, inplace=False)
      (4): Linear(in_features=64, out_features=64, bias=True)
      (5): SiLU()
      (6): Dropout(p=0.0, inplace=False)
      (7): Linear(in_features=64, out_features=8, bias=True)
    )
  )
  (encoder): ParticleTransformerEncoder(
    (layers): ModuleList(
      (0-3): 4 x ParticleTransformerBlock(
        (attn_norm): RMSNorm()
        (self_attn): MultiheadAttention(
          (out_proj): NonDynamicallyQuantizableLinear(in_features=64, out_features=64, bias=True)
        )
        (attn_dropout): Dropout(p=0.0, inplace=False)
        (ffn_norm): RMSNorm()
        (ffn): SwiGLUFFN(
          (fc1): Linear(in_features=64, out_features=512, bias=True)
          (act): SwiGLU()
          (fc2): Linear(in_features=256, out_features=64, bias=True)
          (dropout): Dropout(p=0.0, inplace=False)
        )
      )
    )
  )
  (cls_pooling): CLSPooling(
    (layers): ModuleList(
      (0-1): 2 x ClassAttentionBlock(
        (query_norm): LayerNorm((64,), eps=1e-05, elementwise_affine=True)
        (context_norm): LayerNorm((64,), eps=1e-05, elementwise_affine=True)
        (attn): MultiheadAttention(
          (out_proj): NonDynamicallyQuantizableLinear(in_features=64, out_features=64, bias=True)
        )
        (attn_dropout): Dropout(p=0.0, inplace=False)
        (ffn_norm): LayerNorm((64,), eps=1e-05, elementwise_affine=True)
        (ffn): Sequential(
          (0): Linear(in_features=64, out_features=256, bias=True)
          (1): GELU(approximate='none')
          (2): Dropout(p=0.0, inplace=False)
          (3): Linear(in_features=256, out_features=64, bias=True)
          (4): Dropout(p=0.0, inplace=False)
        )
      )
    )
  )
  (augmentation): MultiViewAugmentation()
  (negative_augmentation): CorruptedNegativeAugmentation()
  (loss): LeJEPASIGRegTripletClassificationLoss(
    (triplet_loss): LeJEPASIGRegTripletLoss(
      (lejepa_loss): LeJEPASIGRegLoss(
        (sigreg_loss_fn): SlicingUnivariateTest(
          (univariate_test): EppsPulley()
        )
      )
    )
  )
  (representation_head): RepresentationHead(
    (net): Sequential(
      (0): RMSNorm()
      (1): Linear(in_features=64, out_features=64, bias=True)
      (2): SiLU()
      (3): Dropout(p=0.0, inplace=False)
      (4): Linear(in_features=64, out_features=64, bias=True)
    )
  )
  (classification_head): CategoricalClassificationHead(
    (net): Sequential(
      (0): RMSNorm()
      (1): Linear(in_features=64, out_features=64, bias=True)
      (2): SiLU()
      (3): Dropout(p=0.0, inplace=False)
      (4): Linear(in_features=64, out_features=2, bias=True)
    )
  )
)
Number of trainable parameters: 419022

Epoch [1/80]
Saved new best model state_dict to plots/run-lejepa-semi-sup-triplet-jetclass-ddp-fast-wjet/best_model.pth
Saved last model state_dict to plots/run-lejepa-semi-sup-triplet-jetclass-ddp-fast-wjet/last_model.pth
Mahalanobis metrics saved to plots/run-lejepa-semi-sup-triplet-jetclass-ddp-fast-wjet/mahalanobis_eval/epoch_0001/mahalanobis_metrics.json
Mahalanobis AUC, QCD+Hbb train vs Wqq: 0.523446
Mahalanobis AUC, QCD+Hbb val vs Wqq: 0.508970
Epoch 1 train losses: {'total_loss': 2.005704158961773, 'invariant_loss': 0.0037881793732813095, 'sigreg_loss': 92.818625, 'triplet_loss': 0.760339297413826, 'triplet_pos_distance': 0.0007845356165853446, 'triplet_neg_distance': 0.3091285767327063, 'classification_loss': 0.6952657876610756}
Epoch 1 val losses: {'total_loss': 0.8210687685012817, 'invariant_loss': 0.006555583560839295, 'sigreg_loss': 34.0975, 'triplet_loss': 0.6340647375583649, 'triplet_pos_distance': 0.0012223406694829464, 'triplet_neg_distance': 0.5458805274963379, 'classification_loss': 0.6930983865261078}
Updated run summary at plots/run-lejepa-semi-sup-triplet-jetclass-ddp-fast-wjet/summary.json

Epoch [2/80]
Saved new best model state_dict to plots/run-lejepa-semi-sup-triplet-jetclass-ddp-fast-wjet/best_model.pth
Saved last model state_dict to plots/run-lejepa-semi-sup-triplet-jetclass-ddp-fast-wjet/last_model.pth
Mahalanobis metrics saved to plots/run-lejepa-semi-sup-triplet-jetclass-ddp-fast-wjet/mahalanobis_eval/epoch_0002/mahalanobis_metrics.json
Mahalanobis AUC, QCD+Hbb train vs Wqq: 0.517508
Mahalanobis AUC, QCD+Hbb val vs Wqq: 0.498615
Epoch 2 train losses: {'total_loss': 0.6780112818479538, 'invariant_loss': 0.006874542912468314, 'sigreg_loss': 27.02175, 'triplet_loss': 0.6144927044510842, 'triplet_pos_distance': 0.0011118491337401793, 'triplet_neg_distance': 0.6281963941156864, 'classification_loss': 0.6925973404049873}
Epoch 2 val losses: {'total_loss': 0.5592956328392029, 'invariant_loss': 0.006892937561497092, 'sigreg_loss': 21.1475, 'triplet_loss': 0.6019134092330932, 'triplet_pos_distance': 0.000979554360965267, 'triplet_neg_distance': 0.6815815687179565, 'classification_loss': 0.6924260544776917}
Updated run summary at plots/run-lejepa-semi-sup-triplet-jetclass-ddp-fast-wjet/summary.json

Epoch [3/80]
Saved new best model state_dict to plots/run-lejepa-semi-sup-triplet-jetclass-ddp-fast-wjet/best_model.pth
Saved last model state_dict to plots/run-lejepa-semi-sup-triplet-jetclass-ddp-fast-wjet/last_model.pth
Mahalanobis metrics saved to plots/run-lejepa-semi-sup-triplet-jetclass-ddp-fast-wjet/mahalanobis_eval/epoch_0003/mahalanobis_metrics.json
Mahalanobis AUC, QCD+Hbb train vs Wqq: 0.517544
Mahalanobis AUC, QCD+Hbb val vs Wqq: 0.493067
Epoch 3 train losses: {'total_loss': 0.5256964340507985, 'invariant_loss': 0.007510082222986966, 'sigreg_loss': 19.4885625, 'triplet_loss': 0.5919935704469681, 'triplet_pos_distance': 0.0010103657316649333, 'triplet_neg_distance': 0.7122044695615768, 'classification_loss': 0.6924285366535187}
Epoch 3 val losses: {'total_loss': 0.4784349328279495, 'invariant_loss': 0.00817815026268363, 'sigreg_loss': 17.14375, 'triplet_loss': 0.5830327367782593, 'triplet_pos_distance': 0.0011188545916229486, 'triplet_neg_distance': 0.7448290908336639, 'classification_loss': 0.6910194420814514}
Updated run summary at plots/run-lejepa-semi-sup-triplet-jetclass-ddp-fast-wjet/summary.json

Epoch [4/80]
Saved new best model state_dict to plots/run-lejepa-semi-sup-triplet-jetclass-ddp-fast-wjet/best_model.pth
Saved last model state_dict to plots/run-lejepa-semi-sup-triplet-jetclass-ddp-fast-wjet/last_model.pth
Mahalanobis metrics saved to plots/run-lejepa-semi-sup-triplet-jetclass-ddp-fast-wjet/mahalanobis_eval/epoch_0004/mahalanobis_metrics.json
Mahalanobis AUC, QCD+Hbb train vs Wqq: 0.510666
Mahalanobis AUC, QCD+Hbb val vs Wqq: 0.486104
Epoch 4 train losses: {'total_loss': 0.45403730031847955, 'invariant_loss': 0.008677093226462602, 'sigreg_loss': 15.9108125, 'triplet_loss': 0.5796188234686851, 'triplet_pos_distance': 0.0011343062547966838, 'triplet_neg_distance': 0.7479673214554786, 'classification_loss': 0.6919031364321708}
Epoch 4 val losses: {'total_loss': 0.43138482213020324, 'invariant_loss': 0.009147697864100336, 'sigreg_loss': 14.78625, 'triplet_loss': 0.5753276407718658, 'triplet_pos_distance': 0.0011495731980539858, 'triplet_neg_distance': 0.7438076877593994, 'classification_loss': 0.6909888803958892}
Updated run summary at plots/run-lejepa-semi-sup-triplet-jetclass-ddp-fast-wjet/summary.json

Epoch [5/80]
Saved new best model state_dict to plots/run-lejepa-semi-sup-triplet-jetclass-ddp-fast-wjet/best_model.pth
Saved last model state_dict to plots/run-lejepa-semi-sup-triplet-jetclass-ddp-fast-wjet/last_model.pth
Mahalanobis metrics saved to plots/run-lejepa-semi-sup-triplet-jetclass-ddp-fast-wjet/mahalanobis_eval/epoch_0005/mahalanobis_metrics.json
Mahalanobis AUC, QCD+Hbb train vs Wqq: 0.489077
Mahalanobis AUC, QCD+Hbb val vs Wqq: 0.471588
Epoch 5 train losses: {'total_loss': 0.40996836256980895, 'invariant_loss': 0.009878226422704757, 'sigreg_loss': 13.7029375, 'triplet_loss': 0.5699632554352283, 'triplet_pos_distance': 0.0012421390828094446, 'triplet_neg_distance': 0.7590800931453705, 'classification_loss': 0.6901177681684494}
Epoch 5 val losses: {'total_loss': 0.40841406166553496, 'invariant_loss': 0.010609276928007602, 'sigreg_loss': 13.69375, 'triplet_loss': 0.5511515605449676, 'triplet_pos_distance': 0.001482320596696809, 'triplet_neg_distance': 0.7977345490455627, 'classification_loss': 0.6886149919033051}
Updated run summary at plots/run-lejepa-semi-sup-triplet-jetclass-ddp-fast-wjet/summary.json

Epoch [6/80]
Saved new best model state_dict to plots/run-lejepa-semi-sup-triplet-jetclass-ddp-fast-wjet/best_model.pth
Saved last model state_dict to plots/run-lejepa-semi-sup-triplet-jetclass-ddp-fast-wjet/last_model.pth
Mahalanobis metrics saved to plots/run-lejepa-semi-sup-triplet-jetclass-ddp-fast-wjet/mahalanobis_eval/epoch_0006/mahalanobis_metrics.json
Mahalanobis AUC, QCD+Hbb train vs Wqq: 0.450761
Mahalanobis AUC, QCD+Hbb val vs Wqq: 0.434164
Epoch 6 train losses: {'total_loss': 0.3717941505014896, 'invariant_loss': 0.011954689408186824, 'sigreg_loss': 12.3499375, 'triplet_loss': 0.45174503883719447, 'triplet_pos_distance': 0.0023567670320626347, 'triplet_neg_distance': 0.9596179651021958, 'classification_loss': 0.6766886071562767}
Epoch 6 val losses: {'total_loss': 0.34239118039608, 'invariant_loss': 0.01262738835066557, 'sigreg_loss': 11.7125, 'triplet_loss': 0.29785948783159255, 'triplet_pos_distance': 0.002513050982961431, 'triplet_neg_distance': 1.1912825751304625, 'classification_loss': 0.6575909328460693}
Updated run summary at plots/run-lejepa-semi-sup-triplet-jetclass-ddp-fast-wjet/summary.json

Epoch [7/80]
Saved new best model state_dict to plots/run-lejepa-semi-sup-triplet-jetclass-ddp-fast-wjet/best_model.pth
Saved last model state_dict to plots/run-lejepa-semi-sup-triplet-jetclass-ddp-fast-wjet/last_model.pth
Mahalanobis metrics saved to plots/run-lejepa-semi-sup-triplet-jetclass-ddp-fast-wjet/mahalanobis_eval/epoch_0007/mahalanobis_metrics.json
Mahalanobis AUC, QCD+Hbb train vs Wqq: 0.412753
Mahalanobis AUC, QCD+Hbb val vs Wqq: 0.401386
Epoch 7 train losses: {'total_loss': 0.32133832512795923, 'invariant_loss': 0.0137834341712296, 'sigreg_loss': 11.3605, 'triplet_loss': 0.216659613750875, 'triplet_pos_distance': 0.0028737322291126476, 'triplet_neg_distance': 1.511363916158676, 'classification_loss': 0.5867017920613289}
Epoch 7 val losses: {'total_loss': 0.30837395012378693, 'invariant_loss': 0.012659627720713615, 'sigreg_loss': 11.0875, 'triplet_loss': 0.2304751306772232, 'triplet_pos_distance': 0.001457858425565064, 'triplet_neg_distance': 1.63254390001297, 'classification_loss': 0.5094805890321732}
Updated run summary at plots/run-lejepa-semi-sup-triplet-jetclass-ddp-fast-wjet/summary.json

Epoch [8/80]
Saved new best model state_dict to plots/run-lejepa-semi-sup-triplet-jetclass-ddp-fast-wjet/best_model.pth
Saved last model state_dict to plots/run-lejepa-semi-sup-triplet-jetclass-ddp-fast-wjet/last_model.pth
Mahalanobis metrics saved to plots/run-lejepa-semi-sup-triplet-jetclass-ddp-fast-wjet/mahalanobis_eval/epoch_0008/mahalanobis_metrics.json
Mahalanobis AUC, QCD+Hbb train vs Wqq: 0.429765
Mahalanobis AUC, QCD+Hbb val vs Wqq: 0.410109
Epoch 8 train losses: {'total_loss': 0.2846772214174271, 'invariant_loss': 0.012774561782367527, 'sigreg_loss': 10.5349375, 'triplet_loss': 0.12372368501499295, 'triplet_pos_distance': 0.002221108561847359, 'triplet_neg_distance': 1.9557088942527772, 'classification_loss': 0.48828142377734185}
Epoch 8 val losses: {'total_loss': 0.28124471426010134, 'invariant_loss': 0.011642679162323475, 'sigreg_loss': 10.1175, 'triplet_loss': 0.1947725436091423, 'triplet_pos_distance': 0.0016804363357368858, 'triplet_neg_distance': 1.6866140341758729, 'classification_loss': 0.4782009422779083}
Updated run summary at plots/run-lejepa-semi-sup-triplet-jetclass-ddp-fast-wjet/summary.json

Epoch [9/80]
Saved new best model state_dict to plots/run-lejepa-semi-sup-triplet-jetclass-ddp-fast-wjet/best_model.pth
Saved last model state_dict to plots/run-lejepa-semi-sup-triplet-jetclass-ddp-fast-wjet/last_model.pth
Mahalanobis metrics saved to plots/run-lejepa-semi-sup-triplet-jetclass-ddp-fast-wjet/mahalanobis_eval/epoch_0009/mahalanobis_metrics.json
Mahalanobis AUC, QCD+Hbb train vs Wqq: 0.435923
Mahalanobis AUC, QCD+Hbb val vs Wqq: 0.425122
Epoch 9 train losses: {'total_loss': 0.2684627382159233, 'invariant_loss': 0.012351273901294917, 'sigreg_loss': 9.887, 'triplet_loss': 0.11191527884453535, 'triplet_pos_distance': 0.002071077152795624, 'triplet_neg_distance': 2.1468837225437163, 'classification_loss': 0.47158217975497246}
Epoch 9 val losses: {'total_loss': 0.25831927478313443, 'invariant_loss': 0.010768520189449191, 'sigreg_loss': 9.67, 'triplet_loss': 0.07515948042273521, 'triplet_pos_distance': 0.0015987662493716925, 'triplet_neg_distance': 2.350769772529602, 'classification_loss': 0.46655899703502657}
Updated run summary at plots/run-lejepa-semi-sup-triplet-jetclass-ddp-fast-wjet/summary.json

Epoch [10/80]
Saved new best model state_dict to plots/run-lejepa-semi-sup-triplet-jetclass-ddp-fast-wjet/best_model.pth
Saved last model state_dict to plots/run-lejepa-semi-sup-triplet-jetclass-ddp-fast-wjet/last_model.pth
Mahalanobis metrics saved to plots/run-lejepa-semi-sup-triplet-jetclass-ddp-fast-wjet/mahalanobis_eval/epoch_0010/mahalanobis_metrics.json
Mahalanobis AUC, QCD+Hbb train vs Wqq: 0.464018
Mahalanobis AUC, QCD+Hbb val vs Wqq: 0.447941
Epoch 10 train losses: {'total_loss': 0.25675703278183937, 'invariant_loss': 0.0122511125667952, 'sigreg_loss': 9.42109375, 'triplet_loss': 0.09177455466985703, 'triplet_pos_distance': 0.0019632543371408246, 'triplet_neg_distance': 2.1802108743190765, 'classification_loss': 0.46888034760951997}
Epoch 10 val losses: {'total_loss': 0.25686337977647783, 'invariant_loss': 0.013425810523331165, 'sigreg_loss': 9.36625, 'triplet_loss': 0.094589833766222, 'triplet_pos_distance': 0.0024154890805948527, 'triplet_neg_distance': 2.1167848348617553, 'classification_loss': 0.46654366433620453}
Updated run summary at plots/run-lejepa-semi-sup-triplet-jetclass-ddp-fast-wjet/summary.json

Epoch [11/80]
Saved new best model state_dict to plots/run-lejepa-semi-sup-triplet-jetclass-ddp-fast-wjet/best_model.pth
Saved last model state_dict to plots/run-lejepa-semi-sup-triplet-jetclass-ddp-fast-wjet/last_model.pth
Mahalanobis metrics saved to plots/run-lejepa-semi-sup-triplet-jetclass-ddp-fast-wjet/mahalanobis_eval/epoch_0011/mahalanobis_metrics.json
Mahalanobis AUC, QCD+Hbb train vs Wqq: 0.465799
Mahalanobis AUC, QCD+Hbb val vs Wqq: 0.451356
Epoch 11 train losses: {'total_loss': 0.24632392998039723, 'invariant_loss': 0.01223016549507156, 'sigreg_loss': 8.98171875, 'triplet_loss': 0.08302744640223682, 'triplet_pos_distance': 0.0018463290981017052, 'triplet_neg_distance': 2.256993227481842, 'classification_loss': 0.4615234712958336}
Epoch 11 val losses: {'total_loss': 0.23962510406970977, 'invariant_loss': 0.012094019800424577, 'sigreg_loss': 8.726875, 'triplet_loss': 0.058665427044034005, 'triplet_pos_distance': 0.0017117291293106973, 'triplet_neg_distance': 2.2140325927734374, 'classification_loss': 0.47152821600437167}
Updated run summary at plots/run-lejepa-semi-sup-triplet-jetclass-ddp-fast-wjet/summary.json

Epoch [12/80]
Saved new best model state_dict to plots/run-lejepa-semi-sup-triplet-jetclass-ddp-fast-wjet/best_model.pth
Saved last model state_dict to plots/run-lejepa-semi-sup-triplet-jetclass-ddp-fast-wjet/last_model.pth
Mahalanobis metrics saved to plots/run-lejepa-semi-sup-triplet-jetclass-ddp-fast-wjet/mahalanobis_eval/epoch_0012/mahalanobis_metrics.json
Mahalanobis AUC, QCD+Hbb train vs Wqq: 0.462088
Mahalanobis AUC, QCD+Hbb val vs Wqq: 0.437497
Epoch 12 train losses: {'total_loss': 0.23920179678499698, 'invariant_loss': 0.012126385129522532, 'sigreg_loss': 8.6656875, 'triplet_loss': 0.07756152120605111, 'triplet_pos_distance': 0.0018658621526556089, 'triplet_neg_distance': 2.2066137293577195, 'classification_loss': 0.46002852699160574}
Epoch 12 val losses: {'total_loss': 0.23380440056324006, 'invariant_loss': 0.012089320058003068, 'sigreg_loss': 8.4125, 'triplet_loss': 0.06927056461572648, 'triplet_pos_distance': 0.0018547732487786562, 'triplet_neg_distance': 2.3841700315475465, 'classification_loss': 0.4654583638906479}
Updated run summary at plots/run-lejepa-semi-sup-triplet-jetclass-ddp-fast-wjet/summary.json

Epoch [13/80]
