## SLURM PROLOG ###############################################################
##    Job ID : 3722707
##  Job Name : JETANOMALY
##  Nodelist : gpu3102
##      CPUs : 1
##  Mem/Node : 32000 MB
## Directory : /oscar/home/lwang223/jetAnomalyDetection
##   Job Started : Wed Jul  8 11:09:20 AM EDT 2026
###############################################################################

==========================================
Job started at: Wed Jul  8 11:09:20 AM EDT 2026
Job ID: 3722707
Node: gpu3102
==========================================

GPU Information (from host):
Wed Jul  8 11:09:20 2026       
+-----------------------------------------------------------------------------------------+
| NVIDIA-SMI 575.57.08              Driver Version: 575.57.08      CUDA Version: 12.9     |
|-----------------------------------------+------------------------+----------------------+
| GPU  Name                 Persistence-M | Bus-Id          Disp.A | Volatile Uncorr. ECC |
| Fan  Temp   Perf          Pwr:Usage/Cap |           Memory-Usage | GPU-Util  Compute M. |
|                                         |                        |               MIG M. |
|=========================================+========================+======================|
|   0  NVIDIA L40S                    On  |   00000000:01:00.0 Off |                    0 |
| N/A   24C    P8             31W /  350W |      74MiB /  46068MiB |      0%      Default |
|                                         |                        |                  N/A |
+-----------------------------------------+------------------------+----------------------+
                                                                                         
+-----------------------------------------------------------------------------------------+
| Processes:                                                                              |
|  GPU   GI   CI              PID   Type   Process name                        GPU Memory |
|        ID   ID                                                               Usage      |
|=========================================================================================|
|    0   N/A  N/A          158297      G   /usr/libexec/Xorg                        64MiB |
+-----------------------------------------------------------------------------------------+

PyTorch version: 2.6.0+cu124
Loading background from data/processed/qcd-vs-wjet-pt-200to400/QCD_scaled_scaled.pkl
Loading signal from data/processed/qcd-vs-wjet-pt-200to400/WJet_scaled_scaled.pkl
Background rows: 125183
Signal rows: 4067
Background columns: ['pt', 'eta', 'phi', 'fj_phi', 'fj_eta', 'fj_pt', 'fj_mass', 'fj_msoftdrop', 'fj_particleNetWithMass_QCD', 'fj_particleNet_XbbVsQCD', 'fj_particleNet_XccVsQCD', 'fj_particleNet_XqqVsQCD', 'fj_particleNet_QCD', 'fj_particleNet_massCorr', 'trkHighPurity', 'charge', 'lostInnerHits', 'lostOuterHits', 'numberOfHits', 'numberOfPixelHits', 'pdgId', 'pvAssocQuality', 'trkAlgo', 'trkQuality', 'd0', 'd0Err', 'dz', 'dzErr', 'mass', 'puppiWeight', 'puppiWeightNoLep', 'trkChi2', 'trkEta', 'trkP', 'trkPhi', 'trkPt', 'vtxChi2', 'dz/dzErr', 'd0/d0Err', 'dR', 'within_bounds', 'log_pt', 'pdgId_-211', 'pdgId_-13', 'pdgId_-11', 'pdgId_11', 'pdgId_13', 'pdgId_22', 'pdgId_130', 'pdgId_211']
Signal columns: ['pt', 'eta', 'phi', 'fj_phi', 'fj_eta', 'fj_pt', 'fj_mass', 'fj_msoftdrop', 'fj_particleNetWithMass_QCD', 'fj_particleNet_XbbVsQCD', 'fj_particleNet_XccVsQCD', 'fj_particleNet_XqqVsQCD', 'fj_particleNet_QCD', 'fj_particleNet_massCorr', 'trkHighPurity', 'charge', 'lostInnerHits', 'lostOuterHits', 'numberOfHits', 'numberOfPixelHits', 'pdgId', 'pvAssocQuality', 'trkAlgo', 'trkQuality', 'd0', 'd0Err', 'dz', 'dzErr', 'mass', 'puppiWeight', 'puppiWeightNoLep', 'trkChi2', 'trkEta', 'trkP', 'trkPhi', 'trkPt', 'vtxChi2', 'dz/dzErr', 'd0/d0Err', 'dR', 'within_bounds', 'log_pt', 'pdgId_-211', 'pdgId_-13', 'pdgId_-11', 'pdgId_11', 'pdgId_13', 'pdgId_22', 'pdgId_130', 'pdgId_211']
Background rows: 125183
Signal rows: 4067
Node feature names: ['eta', 'phi', 'pt', 'd0/d0Err', 'dz/dzErr', 'charge', 'mass', 'log_pt', 'pdgId_-211', 'pdgId_-13', 'pdgId_-11', 'pdgId_11', 'pdgId_13', 'pdgId_22', 'pdgId_130', 'pdgId_211']
Loading background node tensors...
Skipping event 690 due to error: Too few nodes: 3.
Skipping event 903 due to error: Too few nodes: 2.
Skipping event 1095 due to error: Too few nodes: 3.
Skipping event 2302 due to error: Feature eta is not one-dimensional.
Skipping event 2708 due to error: Too few nodes: 3.
Skipping event 2795 due to error: Too few nodes: 3.
Skipping event 2994 due to error: Too few nodes: 2.
Skipping event 5169 due to error: Too few nodes: 3.
Skipping event 5404 due to error: Too few nodes: 3.
Skipping event 6126 due to error: Too few nodes: 3.
Skipping event 7154 due to error: Too few nodes: 2.
Skipping event 7657 due to error: Feature eta is not one-dimensional.
Skipping event 7661 due to error: Too few nodes: 3.
Skipping event 8113 due to error: Too few nodes: 3.
Skipping event 8834 due to error: Too few nodes: 3.
Skipping event 9508 due to error: Too few nodes: 3.
Skipping event 11309 due to error: Too few nodes: 3.
Skipping event 11442 due to error: Feature eta is not one-dimensional.
Skipping event 11894 due to error: Too few nodes: 2.
Skipping event 14069 due to error: Too few nodes: 3.
Skipping event 14304 due to error: Too few nodes: 3.
Skipping event 14898 due to error: Too few nodes: 3.
Skipping event 15402 due to error: Too few nodes: 3.
Skipping event 15714 due to error: Too few nodes: 3.
Skipping event 17191 due to error: Too few nodes: 3.
Skipping event 18023 due to error: Too few nodes: 3.
Skipping event 18236 due to error: Too few nodes: 2.
Skipping event 18428 due to error: Too few nodes: 3.
Skipping event 19635 due to error: Feature eta is not one-dimensional.
Skipping event 20041 due to error: Too few nodes: 3.
Skipping event 20128 due to error: Too few nodes: 3.
Skipping event 20547 due to error: Too few nodes: 3.
Skipping event 21051 due to error: Too few nodes: 3.
Skipping event 21363 due to error: Too few nodes: 3.
Skipping event 22840 due to error: Too few nodes: 3.
Skipping event 23501 due to error: Too few nodes: 3.
Skipping event 24529 due to error: Too few nodes: 2.
Skipping event 25032 due to error: Feature eta is not one-dimensional.
Skipping event 25036 due to error: Too few nodes: 3.
Skipping event 25488 due to error: Too few nodes: 3.
Skipping event 26501 due to error: Too few nodes: 2.
Skipping event 26745 due to error: Too few nodes: 3.
Skipping event 26797 due to error: Feature eta is not one-dimensional.
Skipping event 28975 due to error: Too few nodes: 3.
Skipping event 30073 due to error: Too few nodes: 2.
Skipping event 30296 due to error: Too few nodes: 3.
Skipping event 30607 due to error: Feature eta is not one-dimensional.
Skipping event 31301 due to error: Too few nodes: 3.
Skipping event 32017 due to error: Too few nodes: 3.
Skipping event 32548 due to error: Too few nodes: 3.
Skipping event 32565 due to error: Feature eta is not one-dimensional.
Skipping event 34074 due to error: Too few nodes: 3.
Skipping event 38606 due to error: Too few nodes: 3.
Skipping event 38898 due to error: Too few nodes: 3.
Skipping event 39034 due to error: Too few nodes: 3.
Skipping event 39128 due to error: Too few nodes: 2.
Skipping event 39261 due to error: Too few nodes: 2.
Skipping event 39683 due to error: Too few nodes: 3.
Skipping event 39904 due to error: Too few nodes: 2.
Skipping event 39920 due to error: Too few nodes: 3.
Skipping event 40251 due to error: Too few nodes: 3.
Skipping event 40531 due to error: Too few nodes: 3.
Skipping event 40688 due to error: Too few nodes: 3.
Skipping event 41335 due to error: Too few nodes: 3.
Skipping event 42412 due to error: Too few nodes: 3.
Skipping event 43032 due to error: Too few nodes: 3.
Skipping event 43513 due to error: Too few nodes: 2.
Skipping event 44435 due to error: Too few nodes: 3.
Skipping event 44692 due to error: Too few nodes: 3.
Skipping event 45037 due to error: Too few nodes: 3.
Skipping event 45650 due to error: Too few nodes: 3.
Skipping event 45655 due to error: Too few nodes: 2.
Skipping event 45982 due to error: Too few nodes: 3.
Skipping event 47039 due to error: Too few nodes: 3.
Skipping event 47921 due to error: Too few nodes: 3.
Skipping event 48534 due to error: Too few nodes: 3.
Skipping event 48539 due to error: Too few nodes: 2.
Skipping event 48866 due to error: Too few nodes: 3.
Skipping event 49923 due to error: Too few nodes: 3.
Skipping event 50914 due to error: Too few nodes: 2.
Skipping event 51072 due to error: Too few nodes: 3.
Skipping event 51443 due to error: Too few nodes: 2.
Skipping event 51686 due to error: Too few nodes: 3.
Skipping event 53388 due to error: Too few nodes: 3.
Skipping event 53761 due to error: Too few nodes: 2.
Skipping event 53919 due to error: Too few nodes: 3.
Skipping event 54290 due to error: Too few nodes: 2.
Skipping event 54533 due to error: Too few nodes: 3.
Skipping event 56235 due to error: Too few nodes: 3.
Skipping event 56461 due to error: Too few nodes: 3.
Skipping event 56740 due to error: Too few nodes: 3.
Skipping event 56926 due to error: Too few nodes: 3.
Skipping event 56958 due to error: Too few nodes: 2.
Skipping event 57153 due to error: Too few nodes: 3.
Skipping event 57865 due to error: Too few nodes: 3.
Skipping event 58521 due to error: Too few nodes: 2.
Skipping event 58689 due to error: Too few nodes: 3.
Skipping event 59271 due to error: Too few nodes: 3.
Skipping event 59550 due to error: Too few nodes: 3.
Skipping event 59736 due to error: Too few nodes: 3.
Skipping event 59768 due to error: Too few nodes: 2.
Skipping event 59963 due to error: Too few nodes: 3.
Skipping event 60675 due to error: Too few nodes: 3.
Skipping event 61331 due to error: Too few nodes: 2.
Skipping event 61499 due to error: Too few nodes: 3.
Skipping event 62909 due to error: Too few nodes: 3.
Skipping event 63270 due to error: Too few nodes: 3.
Skipping event 65653 due to error: Too few nodes: 3.
Skipping event 65790 due to error: Too few nodes: 3.
Skipping event 66176 due to error: Too few nodes: 3.
Skipping event 67708 due to error: Too few nodes: 3.
Skipping event 67815 due to error: Feature eta is not one-dimensional.
Skipping event 68612 due to error: Too few nodes: 3.
Skipping event 68748 due to error: Too few nodes: 3.
Skipping event 68842 due to error: Too few nodes: 2.
Skipping event 68975 due to error: Too few nodes: 2.
Skipping event 69397 due to error: Too few nodes: 3.
Skipping event 69618 due to error: Too few nodes: 2.
Skipping event 69634 due to error: Too few nodes: 3.
Skipping event 69965 due to error: Too few nodes: 3.
Skipping event 70245 due to error: Too few nodes: 3.
Skipping event 70402 due to error: Too few nodes: 3.
Skipping event 71049 due to error: Too few nodes: 3.
Skipping event 71536 due to error: Feature eta is not one-dimensional.
Skipping event 71785 due to error: Too few nodes: 3.
Skipping event 73274 due to error: Too few nodes: 3.
Skipping event 74443 due to error: Feature eta is not one-dimensional.
Skipping event 75302 due to error: Too few nodes: 3.
Skipping event 75390 due to error: Too few nodes: 3.
Skipping event 75674 due to error: Too few nodes: 2.
Skipping event 76596 due to error: Too few nodes: 3.
Skipping event 77345 due to error: Too few nodes: 2.
Skipping event 77886 due to error: Too few nodes: 3.
Skipping event 78065 due to error: Too few nodes: 3.
Skipping event 78431 due to error: Too few nodes: 3.
Skipping event 78724 due to error: Too few nodes: 3.
Skipping event 78928 due to error: Too few nodes: 3.
Skipping event 79810 due to error: Too few nodes: 3.
Skipping event 79834 due to error: Too few nodes: 3.
Skipping event 80508 due to error: Too few nodes: 3.
Skipping event 80533 due to error: Too few nodes: 3.
Skipping event 81132 due to error: Too few nodes: 2.
Skipping event 81302 due to error: Too few nodes: 3.
Skipping event 82490 due to error: Feature eta is not one-dimensional.
Skipping event 83555 due to error: Too few nodes: 3.
Skipping event 83734 due to error: Too few nodes: 3.
Skipping event 84100 due to error: Too few nodes: 3.
Skipping event 84393 due to error: Too few nodes: 3.
Skipping event 84597 due to error: Too few nodes: 3.
Skipping event 85479 due to error: Too few nodes: 3.
Skipping event 85503 due to error: Too few nodes: 3.
Skipping event 86177 due to error: Too few nodes: 3.
Skipping event 86202 due to error: Too few nodes: 3.
Skipping event 86801 due to error: Too few nodes: 2.
Skipping event 86971 due to error: Too few nodes: 3.
Skipping event 88159 due to error: Feature eta is not one-dimensional.
Skipping event 89495 due to error: Too few nodes: 3.
Skipping event 89583 due to error: Too few nodes: 3.
Skipping event 89867 due to error: Too few nodes: 2.
Skipping event 90789 due to error: Too few nodes: 3.
Skipping event 91538 due to error: Too few nodes: 2.
Skipping event 92007 due to error: Too few nodes: 3.
Skipping event 92032 due to error: Feature eta is not one-dimensional.
Skipping event 92060 due to error: Too few nodes: 3.
Skipping event 93981 due to error: Too few nodes: 3.
Skipping event 94046 due to error: Too few nodes: 2.
Skipping event 94859 due to error: Too few nodes: 3.
Skipping event 95045 due to error: Too few nodes: 2.
Skipping event 95981 due to error: Too few nodes: 3.
Skipping event 96012 due to error: Too few nodes: 3.
Skipping event 96576 due to error: Too few nodes: 2.
Skipping event 97076 due to error: Too few nodes: 3.
Skipping event 97737 due to error: Too few nodes: 3.
Skipping event 99216 due to error: Too few nodes: 3.
Skipping event 99303 due to error: Too few nodes: 2.
Skipping event 100467 due to error: Too few nodes: 3.
Skipping event 102812 due to error: Too few nodes: 2.
Skipping event 104013 due to error: Too few nodes: 2.
Skipping event 104949 due to error: Too few nodes: 3.
Skipping event 104980 due to error: Too few nodes: 3.
Skipping event 105544 due to error: Too few nodes: 2.
Skipping event 106044 due to error: Too few nodes: 3.
Skipping event 106705 due to error: Too few nodes: 3.
Skipping event 108184 due to error: Too few nodes: 3.
Skipping event 108271 due to error: Too few nodes: 2.
Skipping event 109435 due to error: Too few nodes: 3.
Skipping event 109839 due to error: Too few nodes: 3.
Skipping event 109938 due to error: Too few nodes: 3.
Skipping event 110823 due to error: Too few nodes: 3.
Skipping event 111524 due to error: Too few nodes: 3.
Skipping event 111617 due to error: Too few nodes: 3.
Skipping event 112090 due to error: Too few nodes: 3.
Skipping event 112401 due to error: Too few nodes: 3.
Skipping event 112481 due to error: Too few nodes: 3.
Skipping event 115973 due to error: Too few nodes: 3.
Skipping event 116072 due to error: Too few nodes: 3.
Skipping event 116957 due to error: Too few nodes: 3.
Skipping event 117658 due to error: Too few nodes: 3.
Skipping event 117751 due to error: Too few nodes: 3.
Skipping event 118224 due to error: Too few nodes: 3.
Skipping event 118535 due to error: Too few nodes: 3.
Skipping event 118615 due to error: Too few nodes: 3.
Skipping event 118925 due to error: Too few nodes: 3.
Skipping event 120230 due to error: Too few nodes: 3.
Skipping event 120663 due to error: Too few nodes: 3.
Skipping event 121186 due to error: Too few nodes: 3.
Skipping event 123050 due to error: Too few nodes: 2.
Skipping event 124371 due to error: Too few nodes: 3.
Skipping event 124715 due to error: Too few nodes: 3.
Loading signal node tensors...
Skipping event 424 due to error: Too few nodes: 3.
Skipping event 2523 due to error: Too few nodes: 2.
Skipping event 3794 due to error: Too few nodes: 3.
Loaded background train events: 99979
Loaded background val events: 24995
Loaded signal events: 4064
Feature mean: tensor([-8.9176e-05, -4.3704e-05,  3.6615e-02,  1.8351e-04, -6.9755e-06,
         3.9663e-03,  1.0762e-01, -1.2395e-02,  3.8354e-01,  9.7974e-04,
         1.6717e-03,  1.7881e-03,  9.0023e-04,  1.8262e-01,  4.0949e-02,
         3.8755e-01])
Feature std: tensor([0.1677, 0.1677, 0.0618, 1.3809, 1.1207, 0.8811, 0.0585, 0.9443, 0.4862,
        0.0313, 0.0409, 0.0422, 0.0300, 0.3864, 0.1982, 0.4872])
Example node tensor shape: torch.Size([8, 16])
Selected SSL model: mahalanobis
Model summary:
LeJEPAMahalanobisParticleTransformerRepresentation(
  (node_embedding): NodeEmbedding(
    (net): Sequential(
      (0): Linear(in_features=16, out_features=128, bias=True)
      (1): GELU(approximate='none')
      (2): LayerNorm((128,), eps=1e-05, elementwise_affine=True)
      (3): Linear(in_features=128, out_features=512, bias=True)
      (4): GELU(approximate='none')
      (5): LayerNorm((512,), eps=1e-05, elementwise_affine=True)
      (6): Linear(in_features=512, out_features=128, bias=True)
      (7): Dropout(p=0.1, inplace=False)
    )
  )
  (pairwise_bias): PairwiseAttentionBias(
    (mlp): Sequential(
      (0): RMSNorm()
      (1): Linear(in_features=4, out_features=16, bias=True)
      (2): SiLU()
      (3): Dropout(p=0.1, inplace=False)
      (4): Linear(in_features=16, out_features=16, bias=True)
      (5): SiLU()
      (6): Dropout(p=0.1, inplace=False)
      (7): Linear(in_features=16, out_features=8, bias=True)
    )
  )
  (encoder): ParticleTransformerEncoder(
    (layers): ModuleList(
      (0-7): 8 x ParticleTransformerBlock(
        (attn_norm): RMSNorm()
        (self_attn): MultiheadAttention(
          (out_proj): NonDynamicallyQuantizableLinear(in_features=128, out_features=128, bias=True)
        )
        (attn_dropout): Dropout(p=0.1, inplace=False)
        (ffn_norm): RMSNorm()
        (ffn): SwiGLUFFN(
          (fc1): Linear(in_features=128, out_features=1024, bias=True)
          (act): SwiGLU()
          (fc2): Linear(in_features=512, out_features=128, bias=True)
          (dropout): Dropout(p=0.1, inplace=False)
        )
      )
    )
  )
  (cls_pooling): CLSPooling(
    (layers): ModuleList(
      (0-1): 2 x ClassAttentionBlock(
        (query_norm): LayerNorm((128,), eps=1e-05, elementwise_affine=True)
        (context_norm): LayerNorm((128,), eps=1e-05, elementwise_affine=True)
        (attn): MultiheadAttention(
          (out_proj): NonDynamicallyQuantizableLinear(in_features=128, out_features=128, bias=True)
        )
        (attn_dropout): Dropout(p=0.0, inplace=False)
        (ffn_norm): LayerNorm((128,), eps=1e-05, elementwise_affine=True)
        (ffn): Sequential(
          (0): Linear(in_features=128, out_features=512, bias=True)
          (1): GELU(approximate='none')
          (2): Dropout(p=0.0, inplace=False)
          (3): Linear(in_features=512, out_features=128, bias=True)
          (4): Dropout(p=0.0, inplace=False)
        )
      )
    )
  )
  (representation_head): RepresentationHead(
    (net): Sequential(
      (0): RMSNorm()
      (1): Linear(in_features=128, out_features=128, bias=True)
      (2): SiLU()
      (3): Dropout(p=0.1, inplace=False)
      (4): Linear(in_features=128, out_features=128, bias=True)
    )
  )
  (augmentation): MultiViewAugmentation()
  (negative_augmentation): CorruptedNegativeAugmentation()
  (loss): LeJEPASIGRegMahalanobisLoss(
    (lejepa_loss): LeJEPASIGRegLoss(
      (sigreg_loss_fn): SlicingUnivariateTest(
        (univariate_test): EppsPulley()
      )
    )
  )
)
Number of trainable parameters: 2678508
Initialized run summary at plots/run-lejepa-mahala-0.02-radius-20.0/summary.json

Epoch [1/50]
Learning rate: 2.5575448e-07
Saved new best model to plots/run-lejepa-mahala-0.02-radius-20.0/best_model.pth
Collecting background train latents...
Collecting background validation latents...
Collecting signal latents...
Background train latents: (99979, 128)
Background val latents: (24995, 128)
Signal latents: (4064, 128)
Mahalanobis metrics saved to plots/run-lejepa-mahala-0.02-radius-20.0/mahalanobis_eval/epoch_0001/mahalanobis_metrics.json
Mahalanobis AUC, QCD train vs WJet: 0.577892
Mahalanobis AUC, QCD val vs WJet: 0.576356
Epoch 1 train losses: {'total_loss': 4.585074095469912, 'invariant_loss': 0.3096114048529464, 'sigreg_loss': 209.40728900255755, 'mahalanobis_loss': 4.37265898748432, 'negative_mahalanobis_mean': 19.865886737013717, 'negative_outside_radius_fraction': 0.45551741713910454}
Epoch 1 val losses: {'total_loss': 3.1704541493435294, 'invariant_loss': 0.49564190817122555, 'sigreg_loss': 89.61224489795919, 'mahalanobis_loss': 44.116091864449636, 'negative_mahalanobis_mean': 13.446750533824064, 'negative_outside_radius_fraction': 0.0}
Updated run summary at plots/run-lejepa-mahala-0.02-radius-20.0/summary.json

Epoch [2/50]
Learning rate: 0.00010025575
Saved new best model to plots/run-lejepa-mahala-0.02-radius-20.0/best_model.pth
Collecting background train latents...
Collecting background validation latents...
Collecting signal latents...
Background train latents: (99979, 128)
Background val latents: (24995, 128)
Signal latents: (4064, 128)
Mahalanobis metrics saved to plots/run-lejepa-mahala-0.02-radius-20.0/mahalanobis_eval/epoch_0002/mahalanobis_metrics.json
Mahalanobis AUC, QCD train vs WJet: 0.531113
Mahalanobis AUC, QCD val vs WJet: 0.529976
Epoch 2 train losses: {'total_loss': 1.652569186047215, 'invariant_loss': 0.504875450716604, 'sigreg_loss': 53.0099104859335, 'mahalanobis_loss': 4.370830154784805, 'negative_mahalanobis_mean': 19.351233675046956, 'negative_outside_radius_fraction': 0.3931526801241633}
Epoch 2 val losses: {'total_loss': 1.9490298312537524, 'invariant_loss': 0.34918210944350886, 'sigreg_loss': 46.43877551020408, 'mahalanobis_loss': 33.549864671668225, 'negative_mahalanobis_mean': 14.348262290565335, 'negative_outside_radius_fraction': 0.0}
Updated run summary at plots/run-lejepa-mahala-0.02-radius-20.0/summary.json

Epoch [3/50]
Learning rate: 0.00020025575
Saved new best model to plots/run-lejepa-mahala-0.02-radius-20.0/best_model.pth
Collecting background train latents...
Collecting background validation latents...
Collecting signal latents...
Background train latents: (99979, 128)
Background val latents: (24995, 128)
Signal latents: (4064, 128)
Mahalanobis metrics saved to plots/run-lejepa-mahala-0.02-radius-20.0/mahalanobis_eval/epoch_0003/mahalanobis_metrics.json
Mahalanobis AUC, QCD train vs WJet: 0.534773
Mahalanobis AUC, QCD val vs WJet: 0.533298
Epoch 3 train losses: {'total_loss': 1.1767524900033957, 'invariant_loss': 0.41928719948319826, 'sigreg_loss': 34.29539641943734, 'mahalanobis_loss': 3.579686414402769, 'negative_mahalanobis_mean': 20.01837912849758, 'negative_outside_radius_fraction': 0.5060425342043953}
Epoch 3 val losses: {'total_loss': 1.6330398771227623, 'invariant_loss': 0.33942457911919577, 'sigreg_loss': 36.21173469387755, 'mahalanobis_loss': 28.478198362856496, 'negative_mahalanobis_mean': 14.78263538710925, 'negative_outside_radius_fraction': 0.0}
Updated run summary at plots/run-lejepa-mahala-0.02-radius-20.0/summary.json

Epoch [4/50]
Learning rate: 0.00030025575
Saved new best model to plots/run-lejepa-mahala-0.02-radius-20.0/best_model.pth
Collecting background train latents...
Collecting background validation latents...
Collecting signal latents...
Background train latents: (99979, 128)
Background val latents: (24995, 128)
Signal latents: (4064, 128)
Mahalanobis metrics saved to plots/run-lejepa-mahala-0.02-radius-20.0/mahalanobis_eval/epoch_0004/mahalanobis_metrics.json
Mahalanobis AUC, QCD train vs WJet: 0.545071
Mahalanobis AUC, QCD val vs WJet: 0.541172
Epoch 4 train losses: {'total_loss': 0.9730947096939282, 'invariant_loss': 0.4088806361341111, 'sigreg_loss': 24.985294117647058, 'mahalanobis_loss': 3.2236911622459625, 'negative_mahalanobis_mean': 20.18439978284909, 'negative_outside_radius_fraction': 0.5490128450533923}
Epoch 4 val losses: {'total_loss': 1.3422613107428258, 'invariant_loss': 0.30676363651849786, 'sigreg_loss': 26.164540816326532, 'mahalanobis_loss': 25.602012634277344, 'negative_mahalanobis_mean': 15.056136948721749, 'negative_outside_radius_fraction': 0.0}
Updated run summary at plots/run-lejepa-mahala-0.02-radius-20.0/summary.json

Epoch [5/50]
Learning rate: 0.00040025575
Saved new best model to plots/run-lejepa-mahala-0.02-radius-20.0/best_model.pth
Collecting background train latents...
Collecting background validation latents...
Collecting signal latents...
Background train latents: (99979, 128)
Background val latents: (24995, 128)
Signal latents: (4064, 128)
Mahalanobis metrics saved to plots/run-lejepa-mahala-0.02-radius-20.0/mahalanobis_eval/epoch_0005/mahalanobis_metrics.json
Mahalanobis AUC, QCD train vs WJet: 0.556408
Mahalanobis AUC, QCD val vs WJet: 0.554490
Epoch 5 train losses: {'total_loss': 0.8693344652500299, 'invariant_loss': 0.41233035495214143, 'sigreg_loss': 19.903452685421996, 'mahalanobis_loss': 2.9475618318828474, 'negative_mahalanobis_mean': 20.45715455935739, 'negative_outside_radius_fraction': 0.6208755377765811}
Epoch 5 val losses: {'total_loss': 1.1699708055476754, 'invariant_loss': 0.28651161157355015, 'sigreg_loss': 21.494897959183675, 'mahalanobis_loss': 22.679616344218353, 'negative_mahalanobis_mean': 15.399440492902484, 'negative_outside_radius_fraction': 0.0}
Updated run summary at plots/run-lejepa-mahala-0.02-radius-20.0/summary.json

Epoch [6/50]
Learning rate: 0.00050025575
Saved new best model to plots/run-lejepa-mahala-0.02-radius-20.0/best_model.pth
Collecting background train latents...
Collecting background validation latents...
Collecting signal latents...
Background train latents: (99979, 128)
Background val latents: (24995, 128)
Signal latents: (4064, 128)
Mahalanobis metrics saved to plots/run-lejepa-mahala-0.02-radius-20.0/mahalanobis_eval/epoch_0006/mahalanobis_metrics.json
Mahalanobis AUC, QCD train vs WJet: 0.554595
Mahalanobis AUC, QCD val vs WJet: 0.552684
Epoch 6 train losses: {'total_loss': 0.77454182741892, 'invariant_loss': 0.402548734260642, 'sigreg_loss': 16.069373401534527, 'mahalanobis_loss': 2.5293319159761416, 'negative_mahalanobis_mean': 21.096246851069846, 'negative_outside_radius_fraction': 0.7276240671077348}
Epoch 6 val losses: {'total_loss': 1.0342278291984481, 'invariant_loss': 0.26086796698521597, 'sigreg_loss': 18.929209183673468, 'mahalanobis_loss': 19.739621220802775, 'negative_mahalanobis_mean': 15.690695587469607, 'negative_outside_radius_fraction': 0.0}
Updated run summary at plots/run-lejepa-mahala-0.02-radius-20.0/summary.json

Epoch [7/50]
Learning rate: 0.00060025575
Saved new best model to plots/run-lejepa-mahala-0.02-radius-20.0/best_model.pth
Collecting background train latents...
Collecting background validation latents...
Collecting signal latents...
Background train latents: (99979, 128)
Background val latents: (24995, 128)
Signal latents: (4064, 128)
Mahalanobis metrics saved to plots/run-lejepa-mahala-0.02-radius-20.0/mahalanobis_eval/epoch_0007/mahalanobis_metrics.json
Mahalanobis AUC, QCD train vs WJet: 0.532628
Mahalanobis AUC, QCD val vs WJet: 0.532061
Epoch 7 train losses: {'total_loss': 0.6979924499836114, 'invariant_loss': 0.3829846283054108, 'sigreg_loss': 13.626598465473146, 'mahalanobis_loss': 2.12247350583296, 'negative_mahalanobis_mean': 21.692513331732787, 'negative_outside_radius_fraction': 0.7988079601846387}
Epoch 7 val losses: {'total_loss': 0.8382725581830862, 'invariant_loss': 0.26634511670895983, 'sigreg_loss': 16.519132653061224, 'mahalanobis_loss': 12.076521941593715, 'negative_mahalanobis_mean': 16.70674061288639, 'negative_outside_radius_fraction': 0.0}
Updated run summary at plots/run-lejepa-mahala-0.02-radius-20.0/summary.json

Epoch [8/50]
Learning rate: 0.00070025575
Saved new best model to plots/run-lejepa-mahala-0.02-radius-20.0/best_model.pth
Collecting background train latents...
Collecting background validation latents...
Collecting signal latents...
Background train latents: (99979, 128)
Background val latents: (24995, 128)
Signal latents: (4064, 128)
Mahalanobis metrics saved to plots/run-lejepa-mahala-0.02-radius-20.0/mahalanobis_eval/epoch_0008/mahalanobis_metrics.json
Mahalanobis AUC, QCD train vs WJet: 0.528850
Mahalanobis AUC, QCD val vs WJet: 0.528440
Epoch 8 train losses: {'total_loss': 0.6538648695287193, 'invariant_loss': 0.37756695771766136, 'sigreg_loss': 11.820812020460359, 'mahalanobis_loss': 1.9934938865549423, 'negative_mahalanobis_mean': 21.787157800191505, 'negative_outside_radius_fraction': 0.8118790824090123}
Epoch 8 val losses: {'total_loss': 0.7020333512705199, 'invariant_loss': 0.24944005283165951, 'sigreg_loss': 16.192602040816325, 'mahalanobis_loss': 6.433176590471851, 'negative_mahalanobis_mean': 17.939169299845794, 'negative_outside_radius_fraction': 0.025982733758888682}
Updated run summary at plots/run-lejepa-mahala-0.02-radius-20.0/summary.json

Epoch [9/50]
Learning rate: 0.00080025575
Saved new best model to plots/run-lejepa-mahala-0.02-radius-20.0/best_model.pth
Collecting background train latents...
Collecting background validation latents...
Collecting signal latents...
Background train latents: (99979, 128)
Background val latents: (24995, 128)
Signal latents: (4064, 128)
Mahalanobis metrics saved to plots/run-lejepa-mahala-0.02-radius-20.0/mahalanobis_eval/epoch_0009/mahalanobis_metrics.json
Mahalanobis AUC, QCD train vs WJet: 0.524928
Mahalanobis AUC, QCD val vs WJet: 0.521866
Epoch 9 train losses: {'total_loss': 0.6302655782845928, 'invariant_loss': 0.3794279266958651, 'sigreg_loss': 10.501918158567776, 'mahalanobis_loss': 2.039964082753262, 'negative_mahalanobis_mean': 21.641199970489268, 'negative_outside_radius_fraction': 0.8054423591364985}
Epoch 9 val losses: {'total_loss': 0.668034880136957, 'invariant_loss': 0.23808476785007787, 'sigreg_loss': 14.394132653061224, 'mahalanobis_loss': 7.103173776548736, 'negative_mahalanobis_mean': 17.924952857348384, 'negative_outside_radius_fraction': 0.056628888700993696}
Updated run summary at plots/run-lejepa-mahala-0.02-radius-20.0/summary.json

Epoch [10/50]
Learning rate: 0.00090025575
Saved new best model to plots/run-lejepa-mahala-0.02-radius-20.0/best_model.pth
Collecting background train latents...
Collecting background validation latents...
Collecting signal latents...
Background train latents: (99979, 128)
Background val latents: (24995, 128)
Signal latents: (4064, 128)
Mahalanobis metrics saved to plots/run-lejepa-mahala-0.02-radius-20.0/mahalanobis_eval/epoch_0010/mahalanobis_metrics.json
Mahalanobis AUC, QCD train vs WJet: 0.523749
Mahalanobis AUC, QCD val vs WJet: 0.522244
Epoch 10 train losses: {'total_loss': 0.6104640405806129, 'invariant_loss': 0.3813581822625816, 'sigreg_loss': 9.357816496163682, 'mahalanobis_loss': 2.097151499727498, 'negative_mahalanobis_mean': 21.632850393309923, 'negative_outside_radius_fraction': 0.8100062027916579}
Epoch 10 val losses: {'total_loss': 0.6492673359355148, 'invariant_loss': 0.22987883796497266, 'sigreg_loss': 13.858418367346939, 'mahalanobis_loss': 7.112202337809971, 'negative_mahalanobis_mean': 17.98523169147725, 'negative_outside_radius_fraction': 0.03850422092542356}
Updated run summary at plots/run-lejepa-mahala-0.02-radius-20.0/summary.json

Epoch [11/50]
Learning rate: 0.001
Saved new best model to plots/run-lejepa-mahala-0.02-radius-20.0/best_model.pth
Collecting background train latents...
Collecting background validation latents...
Collecting signal latents...
Background train latents: (99979, 128)
Background val latents: (24995, 128)
Signal latents: (4064, 128)
Mahalanobis metrics saved to plots/run-lejepa-mahala-0.02-radius-20.0/mahalanobis_eval/epoch_0011/mahalanobis_metrics.json
Mahalanobis AUC, QCD train vs WJet: 0.526770
Mahalanobis AUC, QCD val vs WJet: 0.528394
Epoch 11 train losses: {'total_loss': 0.6032009758912694, 'invariant_loss': 0.3865224789170658, 'sigreg_loss': 8.660645780051151, 'mahalanobis_loss': 2.1724896086451344, 'negative_mahalanobis_mean': 21.623709149372853, 'negative_outside_radius_fraction': 0.8082427874855374}
Epoch 11 val losses: {'total_loss': 0.5891927328644967, 'invariant_loss': 0.2323415829819076, 'sigreg_loss': 13.214923469387756, 'mahalanobis_loss': 4.625581337481129, 'negative_mahalanobis_mean': 18.934819085257395, 'negative_outside_radius_fraction': 0.26642823447378317}
Updated run summary at plots/run-lejepa-mahala-0.02-radius-20.0/summary.json

Epoch [12/50]
Learning rate: 0.00099846021
Collecting background train latents...
Collecting background validation latents...
Collecting signal latents...
Background train latents: (99979, 128)
Background val latents: (24995, 128)
Signal latents: (4064, 128)
Mahalanobis metrics saved to plots/run-lejepa-mahala-0.02-radius-20.0/mahalanobis_eval/epoch_0012/mahalanobis_metrics.json
Mahalanobis AUC, QCD train vs WJet: 0.527351
Mahalanobis AUC, QCD val vs WJet: 0.527956
Epoch 12 train losses: {'total_loss': 0.5855601176886303, 'invariant_loss': 0.38393947070516893, 'sigreg_loss': 7.930147058823529, 'mahalanobis_loss': 2.152081260900668, 'negative_mahalanobis_mean': 21.85892822675388, 'negative_outside_radius_fraction': 0.8153159979664152}
Epoch 12 val losses: {'total_loss': 0.5967125041144234, 'invariant_loss': 0.24289026111364365, 'sigreg_loss': 12.137117346938776, 'mahalanobis_loss': 5.556326807761679, 'negative_mahalanobis_mean': 18.50123880347427, 'negative_outside_radius_fraction': 0.17042204175068407}
Updated run summary at plots/run-lejepa-mahala-0.02-radius-20.0/summary.json

Epoch [13/50]
Learning rate: 0.00099385033
Collecting background train latents...
Collecting background validation latents...
Collecting signal latents...
Background train latents: (99979, 128)
Background val latents: (24995, 128)
Signal latents: (4064, 128)
Mahalanobis metrics saved to plots/run-lejepa-mahala-0.02-radius-20.0/mahalanobis_eval/epoch_0013/mahalanobis_metrics.json
Mahalanobis AUC, QCD train vs WJet: 0.493150
Mahalanobis AUC, QCD val vs WJet: 0.490049
Epoch 13 train losses: {'total_loss': 0.5790733227034663, 'invariant_loss': 0.3836044962601284, 'sigreg_loss': 7.644341432225064, 'mahalanobis_loss': 2.129841440169098, 'negative_mahalanobis_mean': 22.107346878637134, 'negative_outside_radius_fraction': 0.823079575205703}
Epoch 13 val losses: {'total_loss': 0.5991575894307117, 'invariant_loss': 0.21680928264953653, 'sigreg_loss': 14.627551020408163, 'mahalanobis_loss': 4.48990417013363, 'negative_mahalanobis_mean': 19.91610894884382, 'negative_outside_radius_fraction': 0.6010427152623936}
Updated run summary at plots/run-lejepa-mahala-0.02-radius-20.0/summary.json

Epoch [14/50]
Learning rate: 0.00098619878
Saved new best model to plots/run-lejepa-mahala-0.02-radius-20.0/best_model.pth
Collecting background train latents...
Collecting background validation latents...
Collecting signal latents...
Background train latents: (99979, 128)
Background val latents: (24995, 128)
Signal latents: (4064, 128)
Mahalanobis metrics saved to plots/run-lejepa-mahala-0.02-radius-20.0/mahalanobis_eval/epoch_0014/mahalanobis_metrics.json
Mahalanobis AUC, QCD train vs WJet: 0.497826
Mahalanobis AUC, QCD val vs WJet: 0.496905
Epoch 14 train losses: {'total_loss': 0.5676052706015994, 'invariant_loss': 0.3779394686069635, 'sigreg_loss': 7.3985773657289, 'mahalanobis_loss': 2.084205408382904, 'negative_mahalanobis_mean': 22.208611642003365, 'negative_outside_radius_fraction': 0.831717279713477}
Epoch 14 val losses: {'total_loss': 0.5322195023906474, 'invariant_loss': 0.23374907915689508, 'sigreg_loss': 11.763392857142858, 'mahalanobis_loss': 3.161922033952207, 'negative_mahalanobis_mean': 20.16158033877003, 'negative_outside_radius_fraction': 0.6371954545682791}
Updated run summary at plots/run-lejepa-mahala-0.02-radius-20.0/summary.json

Epoch [15/50]
Learning rate: 0.00097555273
Saved new best model to plots/run-lejepa-mahala-0.02-radius-20.0/best_model.pth
Collecting background train latents...
Collecting background validation latents...
Collecting signal latents...
Background train latents: (99979, 128)
Background val latents: (24995, 128)
Signal latents: (4064, 128)
Mahalanobis metrics saved to plots/run-lejepa-mahala-0.02-radius-20.0/mahalanobis_eval/epoch_0015/mahalanobis_metrics.json
Mahalanobis AUC, QCD train vs WJet: 0.498121
Mahalanobis AUC, QCD val vs WJet: 0.496892
Epoch 15 train losses: {'total_loss': 0.5584523799779165, 'invariant_loss': 0.372481956582545, 'sigreg_loss': 7.253196930946292, 'mahalanobis_loss': 2.045671285265852, 'negative_mahalanobis_mean': 22.51560439965914, 'negative_outside_radius_fraction': 0.8392409185314422}
Epoch 15 val losses: {'total_loss': 0.49971648533733526, 'invariant_loss': 0.23515330026952588, 'sigreg_loss': 10.75063775510204, 'mahalanobis_loss': 2.4770033773110836, 'negative_mahalanobis_mean': 21.31047503802241, 'negative_outside_radius_fraction': 0.775213432555296}
Updated run summary at plots/run-lejepa-mahala-0.02-radius-20.0/summary.json

Epoch [16/50]
Learning rate: 0.00096197783
Collecting background train latents...
Collecting background validation latents...
Collecting signal latents...
Background train latents: (99979, 128)
Background val latents: (24995, 128)
Signal latents: (4064, 128)
Mahalanobis metrics saved to plots/run-lejepa-mahala-0.02-radius-20.0/mahalanobis_eval/epoch_0016/mahalanobis_metrics.json
Mahalanobis AUC, QCD train vs WJet: 0.469649
Mahalanobis AUC, QCD val vs WJet: 0.468260
Epoch 16 train losses: {'total_loss': 0.546493655885272, 'invariant_loss': 0.36638161189415874, 'sigreg_loss': 7.0273337595907925, 'mahalanobis_loss': 1.977911253566937, 'negative_mahalanobis_mean': 22.654890928731856, 'negative_outside_radius_fraction': 0.844585787609715}
Epoch 16 val losses: {'total_loss': 0.5239409126189291, 'invariant_loss': 0.21157711835540072, 'sigreg_loss': 12.433673469387756, 'mahalanobis_loss': 3.183459916893317, 'negative_mahalanobis_mean': 20.64346134419344, 'negative_outside_radius_fraction': 0.7161682679945108}
Updated run summary at plots/run-lejepa-mahala-0.02-radius-20.0/summary.json

Epoch [17/50]
Learning rate: 0.00094555776
Saved new best model to plots/run-lejepa-mahala-0.02-radius-20.0/best_model.pth
Collecting background train latents...
Collecting background validation latents...
Collecting signal latents...
Background train latents: (99979, 128)
Background val latents: (24995, 128)
Signal latents: (4064, 128)
Mahalanobis metrics saved to plots/run-lejepa-mahala-0.02-radius-20.0/mahalanobis_eval/epoch_0017/mahalanobis_metrics.json
Mahalanobis AUC, QCD train vs WJet: 0.448253
Mahalanobis AUC, QCD val vs WJet: 0.445509
Epoch 17 train losses: {'total_loss': 0.5433973691347614, 'invariant_loss': 0.362814412016393, 'sigreg_loss': 7.028852301790281, 'mahalanobis_loss': 2.0000832323223126, 'negative_mahalanobis_mean': 22.781922337954, 'negative_outside_radius_fraction': 0.8484543289065056}
Epoch 17 val losses: {'total_loss': 0.4803312469501885, 'invariant_loss': 0.23289523410553836, 'sigreg_loss': 9.763073979591837, 'mahalanobis_loss': 2.6081684742655074, 'negative_mahalanobis_mean': 20.73149996387715, 'negative_outside_radius_fraction': 0.7162669824094189}
Updated run summary at plots/run-lejepa-mahala-0.02-radius-20.0/summary.json

Epoch [18/50]
Learning rate: 0.00092639376
Collecting background train latents...
Collecting background validation latents...
Collecting signal latents...
Background train latents: (99979, 128)
Background val latents: (24995, 128)
Signal latents: (4064, 128)
Mahalanobis metrics saved to plots/run-lejepa-mahala-0.02-radius-20.0/mahalanobis_eval/epoch_0018/mahalanobis_metrics.json
Mahalanobis AUC, QCD train vs WJet: 0.481137
Mahalanobis AUC, QCD val vs WJet: 0.480396
Epoch 18 train losses: {'total_loss': 0.5350090862082704, 'invariant_loss': 0.36032634333271507, 'sigreg_loss': 6.776054987212277, 'mahalanobis_loss': 1.9571429610709705, 'negative_mahalanobis_mean': 22.86424146588806, 'negative_outside_radius_fraction': 0.8510989844036834}
Epoch 18 val losses: {'total_loss': 0.4928228593602472, 'invariant_loss': 0.2096260425691702, 'sigreg_loss': 11.50829081632653, 'mahalanobis_loss': 2.6508524150264505, 'negative_mahalanobis_mean': 21.718930419610473, 'negative_outside_radius_fraction': 0.7989658184197485}
Updated run summary at plots/run-lejepa-mahala-0.02-radius-20.0/summary.json

Epoch [19/50]
Learning rate: 0.00090460399
Collecting background train latents...
Collecting background validation latents...
Collecting signal latents...
Background train latents: (99979, 128)
Background val latents: (24995, 128)
Signal latents: (4064, 128)
Mahalanobis metrics saved to plots/run-lejepa-mahala-0.02-radius-20.0/mahalanobis_eval/epoch_0019/mahalanobis_metrics.json
Mahalanobis AUC, QCD train vs WJet: 0.481805
Mahalanobis AUC, QCD val vs WJet: 0.480983
Epoch 19 train losses: {'total_loss': 0.5259582420139362, 'invariant_loss': 0.3545486677790542, 'sigreg_loss': 6.705882352941177, 'mahalanobis_loss': 1.8644788853652643, 'negative_mahalanobis_mean': 22.91809991802401, 'negative_outside_radius_fraction': 0.8592883409441584}
Epoch 19 val losses: {'total_loss': 0.48648269809022243, 'invariant_loss': 0.211945578455925, 'sigreg_loss': 10.856505102040817, 'mahalanobis_loss': 2.8695735858411204, 'negative_mahalanobis_mean': 21.126352154478734, 'negative_outside_radius_fraction': 0.7400386017196032}
Updated run summary at plots/run-lejepa-mahala-0.02-radius-20.0/summary.json

Epoch [20/50]
Learning rate: 0.00088032278
Collecting background train latents...
Collecting background validation latents...
Collecting signal latents...
Background train latents: (99979, 128)
Background val latents: (24995, 128)
Signal latents: (4064, 128)
Mahalanobis metrics saved to plots/run-lejepa-mahala-0.02-radius-20.0/mahalanobis_eval/epoch_0020/mahalanobis_metrics.json
Mahalanobis AUC, QCD train vs WJet: 0.496229
Mahalanobis AUC, QCD val vs WJet: 0.496060
Epoch 20 train losses: {'total_loss': 0.5224240737040634, 'invariant_loss': 0.3526036008392149, 'sigreg_loss': 6.652093989769821, 'mahalanobis_loss': 1.8389720706378712, 'negative_mahalanobis_mean': 23.04892767298862, 'negative_outside_radius_fraction': 0.8621866138999724}
Epoch 20 val losses: {'total_loss': 0.48795153474321173, 'invariant_loss': 0.20739808070416355, 'sigreg_loss': 11.103316326530612, 'mahalanobis_loss': 2.921765424767319, 'negative_mahalanobis_mean': 21.13201193906823, 'negative_outside_radius_fraction': 0.7422725375817747}
Updated run summary at plots/run-lejepa-mahala-0.02-radius-20.0/summary.json

Epoch [21/50]
Learning rate: 0.00085369984
Saved new best model to plots/run-lejepa-mahala-0.02-radius-20.0/best_model.pth
Collecting background train latents...
Collecting background validation latents...
Collecting signal latents...
Background train latents: (99979, 128)
Background val latents: (24995, 128)
Signal latents: (4064, 128)
Mahalanobis metrics saved to plots/run-lejepa-mahala-0.02-radius-20.0/mahalanobis_eval/epoch_0021/mahalanobis_metrics.json
Mahalanobis AUC, QCD train vs WJet: 0.484841
Mahalanobis AUC, QCD val vs WJet: 0.482755
Epoch 21 train losses: {'total_loss': 0.5152872095784873, 'invariant_loss': 0.34885788261128203, 'sigreg_loss': 6.497122762148337, 'mahalanobis_loss': 1.8251402939067167, 'negative_mahalanobis_mean': 23.043375420143537, 'negative_outside_radius_fraction': 0.8646508914125545}
Epoch 21 val losses: {'total_loss': 0.43872399719393984, 'invariant_loss': 0.227332880910562, 'sigreg_loss': 8.692920918367347, 'mahalanobis_loss': 1.8746617612790089, 'negative_mahalanobis_mean': 21.31703230799461, 'negative_outside_radius_fraction': 0.8016518238855868}
Updated run summary at plots/run-lejepa-mahala-0.02-radius-20.0/summary.json

Epoch [22/50]
Learning rate: 0.0008248993
Collecting background train latents...
Collecting background validation latents...
Collecting signal latents...
Background train latents: (99979, 128)
Background val latents: (24995, 128)
Signal latents: (4064, 128)
Mahalanobis metrics saved to plots/run-lejepa-mahala-0.02-radius-20.0/mahalanobis_eval/epoch_0022/mahalanobis_metrics.json
Mahalanobis AUC, QCD train vs WJet: 0.502866
Mahalanobis AUC, QCD val vs WJet: 0.498610
Epoch 22 train losses: {'total_loss': 0.5093570418674928, 'invariant_loss': 0.3455098422287065, 'sigreg_loss': 6.42774936061381, 'mahalanobis_loss': 1.7637814505173421, 'negative_mahalanobis_mean': 23.216260461246264, 'negative_outside_radius_fraction': 0.8682718025448987}
Epoch 22 val losses: {'total_loss': 0.46808437759778937, 'invariant_loss': 0.20684001184239678, 'sigreg_loss': 10.705994897959183, 'mahalanobis_loss': 2.3549080284274355, 'negative_mahalanobis_mean': 22.040175243299835, 'negative_outside_radius_fraction': 0.8007559149849172}
Updated run summary at plots/run-lejepa-mahala-0.02-radius-20.0/summary.json

Epoch [23/50]
Learning rate: 0.00079409873
Collecting background train latents...
Collecting background validation latents...
Collecting signal latents...
Background train latents: (99979, 128)
Background val latents: (24995, 128)
Signal latents: (4064, 128)
Mahalanobis metrics saved to plots/run-lejepa-mahala-0.02-radius-20.0/mahalanobis_eval/epoch_0023/mahalanobis_metrics.json
Mahalanobis AUC, QCD train vs WJet: 0.479575
Mahalanobis AUC, QCD val vs WJet: 0.478735
Epoch 23 train losses: {'total_loss': 0.5071457060401702, 'invariant_loss': 0.34344364165345115, 'sigreg_loss': 6.432065217391305, 'mahalanobis_loss': 1.7529031753235156, 'negative_mahalanobis_mean': 23.33484359409498, 'negative_outside_radius_fraction': 0.8700821506397803}
Epoch 23 val losses: {'total_loss': 0.4466740978615625, 'invariant_loss': 0.2110779413155147, 'sigreg_loss': 9.697066326530612, 'mahalanobis_loss': 2.0819440703002776, 'negative_mahalanobis_mean': 22.03853110877835, 'negative_outside_radius_fraction': 0.8150044965500735}
Updated run summary at plots/run-lejepa-mahala-0.02-radius-20.0/summary.json

Epoch [24/50]
Learning rate: 0.00076148803
Collecting background train latents...
Collecting background validation latents...
Collecting signal latents...
Background train latents: (99979, 128)
Background val latents: (24995, 128)
Signal latents: (4064, 128)
Mahalanobis metrics saved to plots/run-lejepa-mahala-0.02-radius-20.0/mahalanobis_eval/epoch_0024/mahalanobis_metrics.json
Mahalanobis AUC, QCD train vs WJet: 0.500177
Mahalanobis AUC, QCD val vs WJet: 0.497334
Epoch 24 train losses: {'total_loss': 0.4994343186888244, 'invariant_loss': 0.33927997062578225, 'sigreg_loss': 6.327125959079284, 'mahalanobis_loss': 1.6798546532230914, 'negative_mahalanobis_mean': 23.450504688350748, 'negative_outside_radius_fraction': 0.8761393584863609}
Epoch 24 val losses: {'total_loss': 0.4860393450576432, 'invariant_loss': 0.18823751700775965, 'sigreg_loss': 11.790816326530612, 'mahalanobis_loss': 3.098099180630275, 'negative_mahalanobis_mean': 21.201114829705688, 'negative_outside_radius_fraction': 0.7683292037370254}
Updated run summary at plots/run-lejepa-mahala-0.02-radius-20.0/summary.json

Epoch [25/50]
Learning rate: 0.00072726825
Collecting background train latents...
Collecting background validation latents...
Collecting signal latents...
Background train latents: (99979, 128)
Background val latents: (24995, 128)
Signal latents: (4064, 128)
Mahalanobis metrics saved to plots/run-lejepa-mahala-0.02-radius-20.0/mahalanobis_eval/epoch_0025/mahalanobis_metrics.json
Mahalanobis AUC, QCD train vs WJet: 0.500460
Mahalanobis AUC, QCD val vs WJet: 0.497467
Epoch 25 train losses: {'total_loss': 0.4933113422997467, 'invariant_loss': 0.3375317441380542, 'sigreg_loss': 6.164482097186701, 'mahalanobis_loss': 1.6239609091787996, 'negative_mahalanobis_mean': 23.18946463738561, 'negative_outside_radius_fraction': 0.8766086923191919}
Epoch 25 val losses: {'total_loss': 0.4554799427183307, 'invariant_loss': 0.1920322614664934, 'sigreg_loss': 10.712372448979592, 'mahalanobis_loss': 2.458596419314949, 'negative_mahalanobis_mean': 21.217239243643625, 'negative_outside_radius_fraction': 0.7705290645969157}
Updated run summary at plots/run-lejepa-mahala-0.02-radius-20.0/summary.json

Epoch [26/50]
Learning rate: 0.00069165037
Saved new best model to plots/run-lejepa-mahala-0.02-radius-20.0/best_model.pth
Collecting background train latents...
Collecting background validation latents...
Collecting signal latents...
Background train latents: (99979, 128)
Background val latents: (24995, 128)
Signal latents: (4064, 128)
Mahalanobis metrics saved to plots/run-lejepa-mahala-0.02-radius-20.0/mahalanobis_eval/epoch_0026/mahalanobis_metrics.json
Mahalanobis AUC, QCD train vs WJet: 0.461136
Mahalanobis AUC, QCD val vs WJet: 0.460232
Epoch 26 train losses: {'total_loss': 0.4921831245465047, 'invariant_loss': 0.3356414031799492, 'sigreg_loss': 6.1989290281329925, 'mahalanobis_loss': 1.6279747317666593, 'negative_mahalanobis_mean': 23.344780012164883, 'negative_outside_radius_fraction': 0.8771420639494191}
Epoch 26 val losses: {'total_loss': 0.42149312216408397, 'invariant_loss': 0.2073311183829697, 'sigreg_loss': 8.735650510204081, 'mahalanobis_loss': 1.9718516596726008, 'negative_mahalanobis_mean': 21.899695493737045, 'negative_outside_radius_fraction': 0.8175062829134415}
Updated run summary at plots/run-lejepa-mahala-0.02-radius-20.0/summary.json

Epoch [27/50]
Learning rate: 0.00065485399
Collecting background train latents...
Collecting background validation latents...
Collecting signal latents...
Background train latents: (99979, 128)
Background val latents: (24995, 128)
Signal latents: (4064, 128)
Mahalanobis metrics saved to plots/run-lejepa-mahala-0.02-radius-20.0/mahalanobis_eval/epoch_0027/mahalanobis_metrics.json
Mahalanobis AUC, QCD train vs WJet: 0.472805
Mahalanobis AUC, QCD val vs WJet: 0.469957
Epoch 27 train losses: {'total_loss': 0.4874993228851377, 'invariant_loss': 0.3341621486732112, 'sigreg_loss': 6.077685421994885, 'mahalanobis_loss': 1.5891933217835243, 'negative_mahalanobis_mean': 23.14498974051317, 'negative_outside_radius_fraction': 0.8815756996574304}
Epoch 27 val losses: {'total_loss': 0.4417368958190996, 'invariant_loss': 0.19231221475163285, 'sigreg_loss': 10.041454081632653, 'mahalanobis_loss': 2.428584087868126, 'negative_mahalanobis_mean': 21.31164432058529, 'negative_outside_radius_fraction': 0.7756613492965698}
Updated run summary at plots/run-lejepa-mahala-0.02-radius-20.0/summary.json

Epoch [28/50]
Learning rate: 0.00061710596
Saved new best model to plots/run-lejepa-mahala-0.02-radius-20.0/best_model.pth
Collecting background train latents...
Collecting background validation latents...
Collecting signal latents...
Background train latents: (99979, 128)
Background val latents: (24995, 128)
Signal latents: (4064, 128)
Mahalanobis metrics saved to plots/run-lejepa-mahala-0.02-radius-20.0/mahalanobis_eval/epoch_0028/mahalanobis_metrics.json
Mahalanobis AUC, QCD train vs WJet: 0.473939
Mahalanobis AUC, QCD val vs WJet: 0.471466
Epoch 28 train losses: {'total_loss': 0.4848675845224229, 'invariant_loss': 0.33301964562262415, 'sigreg_loss': 6.0200607416879794, 'mahalanobis_loss': 1.572863212784233, 'negative_mahalanobis_mean': 23.241622110157063, 'negative_outside_radius_fraction': 0.8812437612382348}
Epoch 28 val losses: {'total_loss': 0.4169744365677542, 'invariant_loss': 0.1932861582965267, 'sigreg_loss': 8.631058673469388, 'mahalanobis_loss': 2.5532954262227427, 'negative_mahalanobis_mean': 21.197586254197724, 'negative_outside_radius_fraction': 0.7660745613429011}
Updated run summary at plots/run-lejepa-mahala-0.02-radius-20.0/summary.json

Epoch [29/50]
Learning rate: 0.00057863902
Saved new best model to plots/run-lejepa-mahala-0.02-radius-20.0/best_model.pth
Collecting background train latents...
Collecting background validation latents...
Collecting signal latents...
Background train latents: (99979, 128)
Background val latents: (24995, 128)
Signal latents: (4064, 128)
Mahalanobis metrics saved to plots/run-lejepa-mahala-0.02-radius-20.0/mahalanobis_eval/epoch_0029/mahalanobis_metrics.json
Mahalanobis AUC, QCD train vs WJet: 0.472347
Mahalanobis AUC, QCD val vs WJet: 0.470719
Epoch 29 train losses: {'total_loss': 0.47993971022498577, 'invariant_loss': 0.32980095821878186, 'sigreg_loss': 5.950527493606138, 'mahalanobis_loss': 1.5561503880773968, 'negative_mahalanobis_mean': 23.283652093404395, 'negative_outside_radius_fraction': 0.8846984789194658}
Epoch 29 val losses: {'total_loss': 0.41345435411346204, 'invariant_loss': 0.19751291798085582, 'sigreg_loss': 8.869897959183673, 'mahalanobis_loss': 1.9312793630726484, 'negative_mahalanobis_mean': 22.35809900322739, 'negative_outside_radius_fraction': 0.8367469401992097}
Updated run summary at plots/run-lejepa-mahala-0.02-radius-20.0/summary.json

Epoch [30/50]
Learning rate: 0.00053969032
Collecting background train latents...
Collecting background validation latents...
Collecting signal latents...
Background train latents: (99979, 128)
Background val latents: (24995, 128)
Signal latents: (4064, 128)
Mahalanobis metrics saved to plots/run-lejepa-mahala-0.02-radius-20.0/mahalanobis_eval/epoch_0030/mahalanobis_metrics.json
Mahalanobis AUC, QCD train vs WJet: 0.492659
Mahalanobis AUC, QCD val vs WJet: 0.491170
Epoch 30 train losses: {'total_loss': 0.47689838817967173, 'invariant_loss': 0.3287138627923053, 'sigreg_loss': 5.893781969309463, 'mahalanobis_loss': 1.514947318969785, 'negative_mahalanobis_mean': 23.310713126531343, 'negative_outside_radius_fraction': 0.8864089465507156}
Epoch 30 val losses: {'total_loss': 0.4381198673223963, 'invariant_loss': 0.18208759262853738, 'sigreg_loss': 10.611926020408163, 'mahalanobis_loss': 2.1889700816602122, 'negative_mahalanobis_mean': 22.399323988933954, 'negative_outside_radius_fraction': 0.8388993618439655}
Updated run summary at plots/run-lejepa-mahala-0.02-radius-20.0/summary.json

Epoch [31/50]
Learning rate: 0.0005005
Collecting background train latents...
Collecting background validation latents...
Collecting signal latents...
Background train latents: (99979, 128)
Background val latents: (24995, 128)
Signal latents: (4064, 128)
Mahalanobis metrics saved to plots/run-lejepa-mahala-0.02-radius-20.0/mahalanobis_eval/epoch_0031/mahalanobis_metrics.json
Mahalanobis AUC, QCD train vs WJet: 0.484391
Mahalanobis AUC, QCD val vs WJet: 0.484518
Epoch 31 train losses: {'total_loss': 0.4708149706006355, 'invariant_loss': 0.3242989603973106, 'sigreg_loss': 5.867886828644501, 'mahalanobis_loss': 1.4578088453358702, 'negative_mahalanobis_mean': 23.29684927762317, 'negative_outside_radius_fraction': 0.8906042005704797}
Epoch 31 val losses: {'total_loss': 0.416942585487755, 'invariant_loss': 0.19819777793422036, 'sigreg_loss': 9.355867346938776, 'mahalanobis_loss': 1.578682473727635, 'negative_mahalanobis_mean': 21.953779493059432, 'negative_outside_radius_fraction': 0.8445802282313911}
Updated run summary at plots/run-lejepa-mahala-0.02-radius-20.0/summary.json

Epoch [32/50]
Learning rate: 0.00046130968
Saved new best model to plots/run-lejepa-mahala-0.02-radius-20.0/best_model.pth
Collecting background train latents...
Collecting background validation latents...
Collecting signal latents...
Background train latents: (99979, 128)
Background val latents: (24995, 128)
Signal latents: (4064, 128)
Mahalanobis metrics saved to plots/run-lejepa-mahala-0.02-radius-20.0/mahalanobis_eval/epoch_0032/mahalanobis_metrics.json
Mahalanobis AUC, QCD train vs WJet: 0.503670
Mahalanobis AUC, QCD val vs WJet: 0.501839
Epoch 32 train losses: {'total_loss': 0.46715274163524206, 'invariant_loss': 0.3228258916636562, 'sigreg_loss': 5.792599104859335, 'mahalanobis_loss': 1.423591070010534, 'negative_mahalanobis_mean': 23.326944014605353, 'negative_outside_radius_fraction': 0.8928832835553552}
Epoch 32 val losses: {'total_loss': 0.4121059486452414, 'invariant_loss': 0.18508927128752883, 'sigreg_loss': 8.947385204081632, 'mahalanobis_loss': 2.4033290391065636, 'negative_mahalanobis_mean': 20.819146954283422, 'negative_outside_radius_fraction': 0.7486500089265862}
Updated run summary at plots/run-lejepa-mahala-0.02-radius-20.0/summary.json

Epoch [33/50]
Learning rate: 0.00042236098
Saved new best model to plots/run-lejepa-mahala-0.02-radius-20.0/best_model.pth
Collecting background train latents...
Collecting background validation latents...
Collecting signal latents...
Background train latents: (99979, 128)
Background val latents: (24995, 128)
Signal latents: (4064, 128)
Mahalanobis metrics saved to plots/run-lejepa-mahala-0.02-radius-20.0/mahalanobis_eval/epoch_0033/mahalanobis_metrics.json
Mahalanobis AUC, QCD train vs WJet: 0.489321
Mahalanobis AUC, QCD val vs WJet: 0.487265
Epoch 33 train losses: {'total_loss': 0.46279413803764013, 'invariant_loss': 0.31980578894810296, 'sigreg_loss': 5.748081841432225, 'mahalanobis_loss': 1.4023721414758725, 'negative_mahalanobis_mean': 23.385066605589884, 'negative_outside_radius_fraction': 0.8940020173102083}
Epoch 33 val losses: {'total_loss': 0.3935802502899754, 'invariant_loss': 0.1945363531003193, 'sigreg_loss': 8.373724489795919, 'mahalanobis_loss': 1.5786695376950868, 'negative_mahalanobis_mean': 21.939181016415965, 'negative_outside_radius_fraction': 0.8267993823606141}
Updated run summary at plots/run-lejepa-mahala-0.02-radius-20.0/summary.json

Epoch [34/50]
Learning rate: 0.00038389404
Collecting background train latents...
Collecting background validation latents...
Collecting signal latents...
Background train latents: (99979, 128)
Background val latents: (24995, 128)
Signal latents: (4064, 128)
Mahalanobis metrics saved to plots/run-lejepa-mahala-0.02-radius-20.0/mahalanobis_eval/epoch_0034/mahalanobis_metrics.json
Mahalanobis AUC, QCD train vs WJet: 0.508219
Mahalanobis AUC, QCD val vs WJet: 0.507271
Epoch 34 train losses: {'total_loss': 0.4586916891357783, 'invariant_loss': 0.3185119554209892, 'sigreg_loss': 5.646938938618926, 'mahalanobis_loss': 1.3625323309770325, 'negative_mahalanobis_mean': 23.25399298314243, 'negative_outside_radius_fraction': 0.8952131330814508}
Epoch 34 val losses: {'total_loss': 0.43287036126973677, 'invariant_loss': 0.17355891149871203, 'sigreg_loss': 10.396364795918368, 'mahalanobis_loss': 2.5681713223457336, 'negative_mahalanobis_mean': 21.20733658148318, 'negative_outside_radius_fraction': 0.7749382476417386}
Updated run summary at plots/run-lejepa-mahala-0.02-radius-20.0/summary.json

Epoch [35/50]
Learning rate: 0.00034614601
Collecting background train latents...
Collecting background validation latents...
Collecting signal latents...
Background train latents: (99979, 128)
Background val latents: (24995, 128)
Signal latents: (4064, 128)
Mahalanobis metrics saved to plots/run-lejepa-mahala-0.02-radius-20.0/mahalanobis_eval/epoch_0035/mahalanobis_metrics.json
Mahalanobis AUC, QCD train vs WJet: 0.477196
Mahalanobis AUC, QCD val vs WJet: 0.476400
Epoch 35 train losses: {'total_loss': 0.4556118397761489, 'invariant_loss': 0.31635614475020973, 'sigreg_loss': 5.656889386189258, 'mahalanobis_loss': 1.3064648102006644, 'negative_mahalanobis_mean': 23.277331535163743, 'negative_outside_radius_fraction': 0.8981455709318371}
Epoch 35 val losses: {'total_loss': 0.4106383448352619, 'invariant_loss': 0.18290404321587816, 'sigreg_loss': 9.419961734693878, 'mahalanobis_loss': 1.9653780934761982, 'negative_mahalanobis_mean': 21.6072193067901, 'negative_outside_radius_fraction': 0.82180355033096}
Updated run summary at plots/run-lejepa-mahala-0.02-radius-20.0/summary.json

Epoch [36/50]
Learning rate: 0.00030934963
Collecting background train latents...
Collecting background validation latents...
Collecting signal latents...
Background train latents: (99979, 128)
Background val latents: (24995, 128)
Signal latents: (4064, 128)
Mahalanobis metrics saved to plots/run-lejepa-mahala-0.02-radius-20.0/mahalanobis_eval/epoch_0036/mahalanobis_metrics.json
Mahalanobis AUC, QCD train vs WJet: 0.485975
Mahalanobis AUC, QCD val vs WJet: 0.483865
Epoch 36 train losses: {'total_loss': 0.45408735136546746, 'invariant_loss': 0.31458025278947543, 'sigreg_loss': 5.673273657289003, 'mahalanobis_loss': 1.301676659861489, 'negative_mahalanobis_mean': 23.264947208297222, 'negative_outside_radius_fraction': 0.8996436050176011}
Epoch 36 val losses: {'total_loss': 0.4065633765896972, 'invariant_loss': 0.1786954757206294, 'sigreg_loss': 9.544961734693878, 'mahalanobis_loss': 1.8474964621115704, 'negative_mahalanobis_mean': 21.75220078838115, 'negative_outside_radius_fraction': 0.8247492532340848}
Updated run summary at plots/run-lejepa-mahala-0.02-radius-20.0/summary.json

Epoch [37/50]
Learning rate: 0.00027373175
Collecting background train latents...
Collecting background validation latents...
Collecting signal latents...
Background train latents: (99979, 128)
Background val latents: (24995, 128)
Signal latents: (4064, 128)
Mahalanobis metrics saved to plots/run-lejepa-mahala-0.02-radius-20.0/mahalanobis_eval/epoch_0037/mahalanobis_metrics.json
Mahalanobis AUC, QCD train vs WJet: 0.518073
Mahalanobis AUC, QCD val vs WJet: 0.515338
Epoch 37 train losses: {'total_loss': 0.4493038732834789, 'invariant_loss': 0.3126865110129042, 'sigreg_loss': 5.567375319693094, 'mahalanobis_loss': 1.2630882048241012, 'negative_mahalanobis_mean': 23.308047155590007, 'negative_outside_radius_fraction': 0.9022673918767963}
Epoch 37 val losses: {'total_loss': 0.42348806620860585, 'invariant_loss': 0.1748486959508487, 'sigreg_loss': 10.568239795918368, 'mahalanobis_loss': 1.8631705617418095, 'negative_mahalanobis_mean': 22.042322625919265, 'negative_outside_radius_fraction': 0.8415641748175329}
Updated run summary at plots/run-lejepa-mahala-0.02-radius-20.0/summary.json

Epoch [38/50]
Learning rate: 0.00023951197
Collecting background train latents...
Collecting background validation latents...
Collecting signal latents...
Background train latents: (99979, 128)
Background val latents: (24995, 128)
Signal latents: (4064, 128)
Mahalanobis metrics saved to plots/run-lejepa-mahala-0.02-radius-20.0/mahalanobis_eval/epoch_0038/mahalanobis_metrics.json
Mahalanobis AUC, QCD train vs WJet: 0.489670
Mahalanobis AUC, QCD val vs WJet: 0.488909
Epoch 38 train losses: {'total_loss': 0.4481414247046956, 'invariant_loss': 0.31174510404886796, 'sigreg_loss': 5.5506713554987215, 'mahalanobis_loss': 1.269207200811952, 'negative_mahalanobis_mean': 23.10183797772888, 'negative_outside_radius_fraction': 0.9020137978941584}
Epoch 38 val losses: {'total_loss': 0.40658684348573493, 'invariant_loss': 0.17333365703115658, 'sigreg_loss': 9.685905612244898, 'mahalanobis_loss': 1.9782482896532332, 'negative_mahalanobis_mean': 21.936190488387126, 'negative_outside_radius_fraction': 0.833121580128767}
Updated run summary at plots/run-lejepa-mahala-0.02-radius-20.0/summary.json

Epoch [39/50]
Learning rate: 0.00020690127
Saved new best model to plots/run-lejepa-mahala-0.02-radius-20.0/best_model.pth
Collecting background train latents...
Collecting background validation latents...
Collecting signal latents...
Background train latents: (99979, 128)
Background val latents: (24995, 128)
Signal latents: (4064, 128)
Mahalanobis metrics saved to plots/run-lejepa-mahala-0.02-radius-20.0/mahalanobis_eval/epoch_0039/mahalanobis_metrics.json
Mahalanobis AUC, QCD train vs WJet: 0.488787
Mahalanobis AUC, QCD val vs WJet: 0.487781
Epoch 39 train losses: {'total_loss': 0.44312249638540363, 'invariant_loss': 0.3092021527497665, 'sigreg_loss': 5.468510230179028, 'mahalanobis_loss': 1.2279540138781224, 'negative_mahalanobis_mean': 23.401077158310834, 'negative_outside_radius_fraction': 0.9058297765834252}
Epoch 39 val losses: {'total_loss': 0.3714008024152444, 'invariant_loss': 0.1814690317426409, 'sigreg_loss': 7.9311224489795915, 'mahalanobis_loss': 1.5660040481966369, 'negative_mahalanobis_mean': 21.796102037235183, 'negative_outside_radius_fraction': 0.8401844106158431}
Updated run summary at plots/run-lejepa-mahala-0.02-radius-20.0/summary.json

Epoch [40/50]
Learning rate: 0.0001761007
Collecting background train latents...
Collecting background validation latents...
Collecting signal latents...
Background train latents: (99979, 128)
Background val latents: (24995, 128)
Signal latents: (4064, 128)
Mahalanobis metrics saved to plots/run-lejepa-mahala-0.02-radius-20.0/mahalanobis_eval/epoch_0040/mahalanobis_metrics.json
Mahalanobis AUC, QCD train vs WJet: 0.503028
Mahalanobis AUC, QCD val vs WJet: 0.501390
Epoch 40 train losses: {'total_loss': 0.44062236408748284, 'invariant_loss': 0.30824371082398594, 'sigreg_loss': 5.423593350383632, 'mahalanobis_loss': 1.1955766320381018, 'negative_mahalanobis_mean': 23.107089440231128, 'negative_outside_radius_fraction': 0.9042951094220056}
Epoch 40 val losses: {'total_loss': 0.37932704176221577, 'invariant_loss': 0.17562481958647164, 'sigreg_loss': 8.271045918367347, 'mahalanobis_loss': 1.9157192743554408, 'negative_mahalanobis_mean': 21.351931552497707, 'negative_outside_radius_fraction': 0.8073382292475019}
Updated run summary at plots/run-lejepa-mahala-0.02-radius-20.0/summary.json

Epoch [41/50]
Learning rate: 0.00014730016
Collecting background train latents...
Collecting background validation latents...
Collecting signal latents...
Background train latents: (99979, 128)
Background val latents: (24995, 128)
Signal latents: (4064, 128)
Mahalanobis metrics saved to plots/run-lejepa-mahala-0.02-radius-20.0/mahalanobis_eval/epoch_0041/mahalanobis_metrics.json
Mahalanobis AUC, QCD train vs WJet: 0.498961
Mahalanobis AUC, QCD val vs WJet: 0.496956
Epoch 41 train losses: {'total_loss': 0.4365881199726973, 'invariant_loss': 0.30578119507835955, 'sigreg_loss': 5.367966751918159, 'mahalanobis_loss': 1.1723120827656572, 'negative_mahalanobis_mean': 23.29884349110791, 'negative_outside_radius_fraction': 0.9071257250083377}
Epoch 41 val losses: {'total_loss': 0.37596824065763124, 'invariant_loss': 0.1765379204737897, 'sigreg_loss': 8.170918367346939, 'mahalanobis_loss': 1.798783881323678, 'negative_mahalanobis_mean': 21.87511278658497, 'negative_outside_radius_fraction': 0.8356593993245339}
Updated run summary at plots/run-lejepa-mahala-0.02-radius-20.0/summary.json

Epoch [42/50]
Learning rate: 0.00012067722
Collecting background train latents...
Collecting background validation latents...
Collecting signal latents...
Background train latents: (99979, 128)
Background val latents: (24995, 128)
Signal latents: (4064, 128)
Mahalanobis metrics saved to plots/run-lejepa-mahala-0.02-radius-20.0/mahalanobis_eval/epoch_0042/mahalanobis_metrics.json
Mahalanobis AUC, QCD train vs WJet: 0.498470
Mahalanobis AUC, QCD val vs WJet: 0.496934
Epoch 42 train losses: {'total_loss': 0.43474473405981917, 'invariant_loss': 0.3051497055898847, 'sigreg_loss': 5.318174552429667, 'mahalanobis_loss': 1.161482020336039, 'negative_mahalanobis_mean': 23.26524204244394, 'negative_outside_radius_fraction': 0.9083816913692543}
Epoch 42 val losses: {'total_loss': 0.3864181844555602, 'invariant_loss': 0.1712224322314165, 'sigreg_loss': 9.11734693877551, 'mahalanobis_loss': 1.6423807855771513, 'negative_mahalanobis_mean': 21.383541632671747, 'negative_outside_radius_fraction': 0.8237908287924163}
Updated run summary at plots/run-lejepa-mahala-0.02-radius-20.0/summary.json

Epoch [43/50]
Learning rate: 9.6396011e-05
Collecting background train latents...
Collecting background validation latents...
Collecting signal latents...
Background train latents: (99979, 128)
Background val latents: (24995, 128)
Signal latents: (4064, 128)
Mahalanobis metrics saved to plots/run-lejepa-mahala-0.02-radius-20.0/mahalanobis_eval/epoch_0043/mahalanobis_metrics.json
Mahalanobis AUC, QCD train vs WJet: 0.501611
Mahalanobis AUC, QCD val vs WJet: 0.500956
Epoch 43 train losses: {'total_loss': 0.4330167510472905, 'invariant_loss': 0.3041899968748507, 'sigreg_loss': 5.294317455242966, 'mahalanobis_loss': 1.1464832706372146, 'negative_mahalanobis_mean': 23.23007480689632, 'negative_outside_radius_fraction': 0.909219855847566}
Epoch 43 val losses: {'total_loss': 0.37600993958054757, 'invariant_loss': 0.17763603417849055, 'sigreg_loss': 8.442602040816327, 'mahalanobis_loss': 1.4764119690778303, 'negative_mahalanobis_mean': 22.088051153689015, 'negative_outside_radius_fraction': 0.8549987679841567}
Updated run summary at plots/run-lejepa-mahala-0.02-radius-20.0/summary.json

Epoch [44/50]
Learning rate: 7.4606238e-05
Collecting background train latents...
Collecting background validation latents...
Collecting signal latents...
Background train latents: (99979, 128)
Background val latents: (24995, 128)
Signal latents: (4064, 128)
Mahalanobis metrics saved to plots/run-lejepa-mahala-0.02-radius-20.0/mahalanobis_eval/epoch_0044/mahalanobis_metrics.json
Mahalanobis AUC, QCD train vs WJet: 0.497964
Mahalanobis AUC, QCD val vs WJet: 0.497314
Epoch 44 train losses: {'total_loss': 0.43059088476478596, 'invariant_loss': 0.302510245910386, 'sigreg_loss': 5.282528772378517, 'mahalanobis_loss': 1.1208538223258064, 'negative_mahalanobis_mean': 23.207960650744035, 'negative_outside_radius_fraction': 0.9103247643736623}
Epoch 44 val losses: {'total_loss': 0.37555030322804744, 'invariant_loss': 0.173126470525654, 'sigreg_loss': 8.512436224489797, 'mahalanobis_loss': 1.6081573798948405, 'negative_mahalanobis_mean': 21.62801929396026, 'negative_outside_radius_fraction': 0.8320377919138694}
Updated run summary at plots/run-lejepa-mahala-0.02-radius-20.0/summary.json

Epoch [45/50]
Learning rate: 5.5442241e-05
Collecting background train latents...
Collecting background validation latents...
Collecting signal latents...
Background train latents: (99979, 128)
Background val latents: (24995, 128)
Signal latents: (4064, 128)
Mahalanobis metrics saved to plots/run-lejepa-mahala-0.02-radius-20.0/mahalanobis_eval/epoch_0045/mahalanobis_metrics.json
Mahalanobis AUC, QCD train vs WJet: 0.499342
Mahalanobis AUC, QCD val vs WJet: 0.498216
Epoch 45 train losses: {'total_loss': 0.4300624238865455, 'invariant_loss': 0.30322442983117553, 'sigreg_loss': 5.231377877237851, 'mahalanobis_loss': 1.1105468064317923, 'negative_mahalanobis_mean': 23.327757008545234, 'negative_outside_radius_fraction': 0.9111337968150673}
Epoch 45 val losses: {'total_loss': 0.3842984298054053, 'invariant_loss': 0.1713325673220109, 'sigreg_loss': 8.994260204081632, 'mahalanobis_loss': 1.6544512899554507, 'negative_mahalanobis_mean': 21.922660282679967, 'negative_outside_radius_fraction': 0.8439635007965322}
Updated run summary at plots/run-lejepa-mahala-0.02-radius-20.0/summary.json

Epoch [46/50]
Learning rate: 3.9022174e-05
Collecting background train latents...
Collecting background validation latents...
Collecting signal latents...
Background train latents: (99979, 128)
Background val latents: (24995, 128)
Signal latents: (4064, 128)
Mahalanobis metrics saved to plots/run-lejepa-mahala-0.02-radius-20.0/mahalanobis_eval/epoch_0046/mahalanobis_metrics.json
Mahalanobis AUC, QCD train vs WJet: 0.492924
Mahalanobis AUC, QCD val vs WJet: 0.491459
Epoch 46 train losses: {'total_loss': 0.42914477836750353, 'invariant_loss': 0.3023056692022192, 'sigreg_loss': 5.2463235294117645, 'mahalanobis_loss': 1.0956169819587942, 'negative_mahalanobis_mean': 23.45706723596129, 'negative_outside_radius_fraction': 0.9125289560278969}
Epoch 46 val losses: {'total_loss': 0.3736079262227428, 'invariant_loss': 0.17394140256302698, 'sigreg_loss': 8.43016581632653, 'mahalanobis_loss': 1.552253442151206, 'negative_mahalanobis_mean': 21.97825642021335, 'negative_outside_radius_fraction': 0.8466112777894857}
Updated run summary at plots/run-lejepa-mahala-0.02-radius-20.0/summary.json

Epoch [47/50]
Learning rate: 2.544727e-05
Collecting background train latents...
Collecting background validation latents...
Collecting signal latents...
Background train latents: (99979, 128)
Background val latents: (24995, 128)
Signal latents: (4064, 128)
Mahalanobis metrics saved to plots/run-lejepa-mahala-0.02-radius-20.0/mahalanobis_eval/epoch_0047/mahalanobis_metrics.json
Mahalanobis AUC, QCD train vs WJet: 0.493293
Mahalanobis AUC, QCD val vs WJet: 0.492301
Epoch 47 train losses: {'total_loss': 0.4278317179216448, 'invariant_loss': 0.30185128096729286, 'sigreg_loss': 5.198209718670077, 'mahalanobis_loss': 1.1006373399511322, 'negative_mahalanobis_mean': 23.402139395399168, 'negative_outside_radius_fraction': 0.9108062218827055}
Epoch 47 val losses: {'total_loss': 0.3761306377697964, 'invariant_loss': 0.1737920724007548, 'sigreg_loss': 8.557716836734693, 'mahalanobis_loss': 1.558553465775081, 'negative_mahalanobis_mean': 21.722946789799906, 'negative_outside_radius_fraction': 0.8375157659151116}
Updated run summary at plots/run-lejepa-mahala-0.02-radius-20.0/summary.json

Epoch [48/50]
Learning rate: 1.4801225e-05
Collecting background train latents...
Collecting background validation latents...
Collecting signal latents...
Background train latents: (99979, 128)
Background val latents: (24995, 128)
Signal latents: (4064, 128)
Mahalanobis metrics saved to plots/run-lejepa-mahala-0.02-radius-20.0/mahalanobis_eval/epoch_0048/mahalanobis_metrics.json
Mahalanobis AUC, QCD train vs WJet: 0.498126
Mahalanobis AUC, QCD val vs WJet: 0.496504
Epoch 48 train losses: {'total_loss': 0.4275475266339529, 'invariant_loss': 0.30117865588963794, 'sigreg_loss': 5.21579283887468, 'mahalanobis_loss': 1.1024509191208178, 'negative_mahalanobis_mean': 23.364703888173604, 'negative_outside_radius_fraction': 0.9090840133559673}
Epoch 48 val losses: {'total_loss': 0.3770618596855475, 'invariant_loss': 0.1735560129187545, 'sigreg_loss': 8.59438775510204, 'mahalanobis_loss': 1.5810438564845495, 'negative_mahalanobis_mean': 22.18376636505127, 'negative_outside_radius_fraction': 0.8460057207516262}
Updated run summary at plots/run-lejepa-mahala-0.02-radius-20.0/summary.json

Epoch [49/50]
Learning rate: 7.1496739e-06
Collecting background train latents...
Collecting background validation latents...
Collecting signal latents...
Background train latents: (99979, 128)
Background val latents: (24995, 128)
Signal latents: (4064, 128)
Mahalanobis metrics saved to plots/run-lejepa-mahala-0.02-radius-20.0/mahalanobis_eval/epoch_0049/mahalanobis_metrics.json
Mahalanobis AUC, QCD train vs WJet: 0.492927
Mahalanobis AUC, QCD val vs WJet: 0.491109
Epoch 49 train losses: {'total_loss': 0.42707597088935734, 'invariant_loss': 0.30129338034888364, 'sigreg_loss': 5.205562659846548, 'mahalanobis_loss': 1.0836892730134833, 'negative_mahalanobis_mean': 23.342980992153784, 'negative_outside_radius_fraction': 0.9074608250652128}
Epoch 49 val losses: {'total_loss': 0.3719264296244602, 'invariant_loss': 0.17306707601766197, 'sigreg_loss': 8.299744897959183, 'mahalanobis_loss': 1.6419372005122048, 'negative_mahalanobis_mean': 21.505727553854182, 'negative_outside_radius_fraction': 0.8139266529861762}
Updated run summary at plots/run-lejepa-mahala-0.02-radius-20.0/summary.json

Epoch [50/50]
Learning rate: 2.5397918e-06
Collecting background train latents...
Collecting background validation latents...
Collecting signal latents...
Background train latents: (99979, 128)
Background val latents: (24995, 128)
Signal latents: (4064, 128)
Mahalanobis metrics saved to plots/run-lejepa-mahala-0.02-radius-20.0/mahalanobis_eval/epoch_0050/mahalanobis_metrics.json
Mahalanobis AUC, QCD train vs WJet: 0.493223
Mahalanobis AUC, QCD val vs WJet: 0.491335
Epoch 50 train losses: {'total_loss': 0.42684628522914386, 'invariant_loss': 0.30112647568173423, 'sigreg_loss': 5.162324168797954, 'mahalanobis_loss': 1.123196745391392, 'negative_mahalanobis_mean': 23.139731765708046, 'negative_outside_radius_fraction': 0.902985480130481}
Epoch 50 val losses: {'total_loss': 0.37550387394671536, 'invariant_loss': 0.17263473479115232, 'sigreg_loss': 8.506696428571429, 'mahalanobis_loss': 1.6359035652510974, 'negative_mahalanobis_mean': 21.738151647606674, 'negative_outside_radius_fraction': 0.823475781143928}
Updated run summary at plots/run-lejepa-mahala-0.02-radius-20.0/summary.json
Collecting background train latents...
Collecting background validation latents...
Collecting signal latents...
Background train latents: (99979, 128)
Background val latents: (24995, 128)
Signal latents: (4064, 128)
Saved run summary to plots/run-lejepa-mahala-0.02-radius-20.0/summary.json
