## SLURM PROLOG ###############################################################
##    Job ID : 4290244
##  Job Name : JETANOMALY
##  Nodelist : gpu3104
##      CPUs : 1
##  Mem/Node : 131072 MB
## Directory : /oscar/home/lwang223/jetAnomalyDetection
##   Job Started : Sun Jul 26 12:23:38 AM EDT 2026
###############################################################################

==========================================
Job started at: Sun Jul 26 12:23:38 AM EDT 2026
Job ID: 4290244
Node: gpu3104
==========================================

GPU Information (from host):
Sun Jul 26 00:23:38 2026       
+-----------------------------------------------------------------------------------------+
| NVIDIA-SMI 575.57.08              Driver Version: 575.57.08      CUDA Version: 12.9     |
|-----------------------------------------+------------------------+----------------------+
| GPU  Name                 Persistence-M | Bus-Id          Disp.A | Volatile Uncorr. ECC |
| Fan  Temp   Perf          Pwr:Usage/Cap |           Memory-Usage | GPU-Util  Compute M. |
|                                         |                        |               MIG M. |
|=========================================+========================+======================|
|   0  NVIDIA L40S                    On  |   00000000:81:00.0 Off |                    0 |
| N/A   36C    P8             33W /  350W |      74MiB /  46068MiB |      0%      Default |
|                                         |                        |                  N/A |
+-----------------------------------------+------------------------+----------------------+
|   1  NVIDIA L40S                    On  |   00000000:C1:00.0 Off |                    0 |
| N/A   37C    P8             33W /  350W |      75MiB /  46068MiB |      0%      Default |
|                                         |                        |                  N/A |
+-----------------------------------------+------------------------+----------------------+
                                                                                         
+-----------------------------------------------------------------------------------------+
| Processes:                                                                              |
|  GPU   GI   CI              PID   Type   Process name                        GPU Memory |
|        ID   ID                                                               Usage      |
|=========================================================================================|
|    0   N/A  N/A          158399      G   /usr/libexec/Xorg                        64MiB |
|    1   N/A  N/A          158399      G   /usr/libexec/Xorg                        64MiB |
+-----------------------------------------------------------------------------------------+

PyTorch version: 2.6.0+cu124
Dataset: cms
Dataset root: /HEP/export/home/hgao50/jet-anomaly-data/ak8-v4
Background labels: ['label_QCD', 'label_Hbb', 'label_Zqq', 'label_Tbqq', 'label_Wqq']
Signal labels: ['label_QCD', 'label_Hbb', 'label_Zqq', 'label_Tbqq', 'label_Wqq']
Particle features: ['part_px', 'part_py', 'part_pz', 'part_energy', 'part_pt', 'log_pt_fraction', 'part_deta', 'part_dphi', 'Cpfcan_dxysig', 'Cpfcan_dzsig', 'part_charge', 'part_isChargedHadron', 'part_isNeutralHadron', 'part_isPhoton', 'part_isElectron', 'part_isMuon']
Batch-normalized particle features: ['log_pt_fraction', 'Cpfcan_dxysig', 'Cpfcan_dzsig']
Lazy cms datasets ready; no full split has been loaded into RAM.
Background train ROOT shards: 2382
Background val ROOT shards: 299
Background test ROOT shards: 299
Signal test ROOT shards: 299
Per-event particle shape: (128, 16)
CMS active shards per worker: requested=4, effective=5; at least one active shard per requested jet type.
Selected SSL model: semi-sup-triplet
Number of trainable parameters: 2,699,793

Epoch [1/80]
Updated run summary at plots/largerun/all-cms-mc-shuffledata-nologsig-refill/summary.json
Saved new best model state_dict/full checkpoint to plots/largerun/all-cms-mc-shuffledata-nologsig-refill/best_model.pth and plots/largerun/all-cms-mc-shuffledata-nologsig-refill/best_checkpoint.pt
Saved last model state_dict/full checkpoint to plots/largerun/all-cms-mc-shuffledata-nologsig-refill/last_model.pth and plots/largerun/all-cms-mc-shuffledata-nologsig-refill/last_checkpoint.pt
Epoch 1 train losses: {'total_loss': 4.444865474998951, 'invariant_loss': 0.5306528156506829, 'sigreg_loss': 75.3061953125, 'triplet_loss': 0.03416099493342335, 'triplet_pos_distance': 0.13465745418140432, 'triplet_neg_distance': 0.851687201185152, 'classification_loss': 1.4550358408987523}
Epoch 1 val losses: {'total_loss': 1.4854454588890076, 'invariant_loss': 0.23492580117285253, 'sigreg_loss': 22.284041666666667, 'triplet_loss': 0.0069590804672334345, 'triplet_pos_distance': 0.042988256180038056, 'triplet_neg_distance': 1.2489297238985697, 'classification_loss': 1.3557896432876586}
Updated run summary at plots/largerun/all-cms-mc-shuffledata-nologsig-refill/summary.json

Epoch [2/80]
Updated run summary at plots/largerun/all-cms-mc-shuffledata-nologsig-refill/summary.json
Saved new best model state_dict/full checkpoint to plots/largerun/all-cms-mc-shuffledata-nologsig-refill/best_model.pth and plots/largerun/all-cms-mc-shuffledata-nologsig-refill/best_checkpoint.pt
Saved last model state_dict/full checkpoint to plots/largerun/all-cms-mc-shuffledata-nologsig-refill/last_model.pth and plots/largerun/all-cms-mc-shuffledata-nologsig-refill/last_checkpoint.pt
Epoch 2 train losses: {'total_loss': 1.0878726203069091, 'invariant_loss': 0.36263630609959363, 'sigreg_loss': 11.9053515625, 'triplet_loss': 0.002629354425451311, 'triplet_pos_distance': 0.1010995156429708, 'triplet_neg_distance': 1.3753526873588562, 'classification_loss': 1.2969992690086365}
Epoch 2 val losses: {'total_loss': 1.049765883922577, 'invariant_loss': 0.18140150511761508, 'sigreg_loss': 14.8078125, 'triplet_loss': 0.005062472086516209, 'triplet_pos_distance': 0.03167120196049412, 'triplet_neg_distance': 1.2610973363717397, 'classification_loss': 1.2744145686626434}
Updated run summary at plots/largerun/all-cms-mc-shuffledata-nologsig-refill/summary.json

Epoch [3/80]
