## SLURM PROLOG ###############################################################
##    Job ID : 4060870
##  Job Name : AK8-SS-m0.2-wjets
##  Nodelist : gpu2708
##      CPUs : 1
##  Mem/Node : 90000 MB
## Directory : /oscar/home/hgao50/jetAnomalyDetection
##   Job Started : Fri Jul 17 09:10:06 AM EDT 2026
###############################################################################

==========================================
Job started at: Fri Jul 17 09:10:06 AM EDT 2026
Job ID: 4060870
Node: gpu2708
MARGIN=0.2  SIGNAL=wjets
==========================================

GPU Information (from host):
Fri Jul 17 09:10:06 2026       
+-----------------------------------------------------------------------------------------+
| NVIDIA-SMI 575.57.08              Driver Version: 575.57.08      CUDA Version: 12.9     |
|-----------------------------------------+------------------------+----------------------+
| GPU  Name                 Persistence-M | Bus-Id          Disp.A | Volatile Uncorr. ECC |
| Fan  Temp   Perf          Pwr:Usage/Cap |           Memory-Usage | GPU-Util  Compute M. |
|                                         |                        |               MIG M. |
|=========================================+========================+======================|
|   0  NVIDIA L40S                    On  |   00000000:A1:00.0 Off |                    0 |
| N/A   45C    P0             69W /  350W |      76MiB /  46068MiB |      0%      Default |
|                                         |                        |                  N/A |
+-----------------------------------------+------------------------+----------------------+
                                                                                         
+-----------------------------------------------------------------------------------------+
| Processes:                                                                              |
|  GPU   GI   CI              PID   Type   Process name                        GPU Memory |
|        ID   ID                                                               Usage      |
|=========================================================================================|
|    0   N/A  N/A          157414      G   /usr/libexec/Xorg                        64MiB |
+-----------------------------------------------------------------------------------------+

PyTorch 2.2.1+cu118, cuda=True, device=NVIDIA L40S
Staged qcd: 395 files -> /tmp/ak8_semisup_wjets_m0.2_4060870/qcd
Staged zjets: 200 files -> /tmp/ak8_semisup_wjets_m0.2_4060870/zjets
Staged ttbar: 199 files -> /tmp/ak8_semisup_wjets_m0.2_4060870/ttbar
Staged hbb: 188 files -> /tmp/ak8_semisup_wjets_m0.2_4060870/hbb
Staged signal wjets: 200 files -> /tmp/ak8_semisup_wjets_m0.2_4060870/signal_wjets
Background dirs: /tmp/ak8_semisup_wjets_m0.2_4060870/qcd,/tmp/ak8_semisup_wjets_m0.2_4060870/zjets,/tmp/ak8_semisup_wjets_m0.2_4060870/ttbar,/tmp/ak8_semisup_wjets_m0.2_4060870/hbb
Background names: QCD,ZJets,TTbar,Hbb
Signal: wjets (WJets)
Margin: 0.2
Output dir: plots/run-lejepa-ak8-semisup-m0.2-wjets
Streaming backgrounds from /tmp/ak8_semisup_wjets_m0.2_4060870/qcd,/tmp/ak8_semisup_wjets_m0.2_4060870/zjets,/tmp/ak8_semisup_wjets_m0.2_4060870/ttbar,/tmp/ak8_semisup_wjets_m0.2_4060870/hbb
Streaming signal from /tmp/ak8_semisup_wjets_m0.2_4060870/signal_wjets
Node feature names: ['eta', 'phi', 'pt', 'd0/d0Err', 'dz/dzErr', 'charge', 'mass', 'log_pt', 'pdgId_-211', 'pdgId_-13', 'pdgId_-11', 'pdgId_11', 'pdgId_13', 'pdgId_22', 'pdgId_130', 'pdgId_211']
Streaming mode: discovering ROOT shards (no full in-memory load).
  class 0 (QCD): 395 ROOT files
  class 1 (ZJets): 200 ROOT files
  class 2 (TTbar): 199 ROOT files
  class 3 (Hbb): 188 ROOT files
  split QCD: train_files=355 val_files=40
  split ZJets: train_files=180 val_files=20
  split TTbar: train_files=179 val_files=20
  split Hbb: train_files=169 val_files=19
  signal (WJets): 200 ROOT files
Streaming configured: steps_per_epoch=1000, val_steps=100, eval_steps=100
Streaming datasets already prepared in load(); skipping RAM materialization.
Skipping feature plots in streaming mode.
Selected SSL model: semi-sup-triplet
Model summary:
LeJEPASemiSupervisedTripletParticleTransformerRepresentation(
  (node_embedding): NodeEmbedding(
    (net): Sequential(
      (0): Linear(in_features=16, out_features=128, bias=True)
      (1): GELU(approximate='none')
      (2): LayerNorm((128,), eps=1e-05, elementwise_affine=True)
      (3): Linear(in_features=128, out_features=512, bias=True)
      (4): GELU(approximate='none')
      (5): LayerNorm((512,), eps=1e-05, elementwise_affine=True)
      (6): Linear(in_features=512, out_features=128, bias=True)
      (7): Dropout(p=0.1, inplace=False)
    )
  )
  (pairwise_bias): PairwiseAttentionBias(
    (mlp): Sequential(
      (0): RMSNorm()
      (1): Linear(in_features=4, out_features=16, bias=True)
      (2): SiLU()
      (3): Dropout(p=0.1, inplace=False)
      (4): Linear(in_features=16, out_features=16, bias=True)
      (5): SiLU()
      (6): Dropout(p=0.1, inplace=False)
      (7): Linear(in_features=16, out_features=8, bias=True)
    )
  )
  (encoder): ParticleTransformerEncoder(
    (layers): ModuleList(
      (0-7): 8 x ParticleTransformerBlock(
        (attn_norm): RMSNorm()
        (self_attn): MultiheadAttention(
          (out_proj): NonDynamicallyQuantizableLinear(in_features=128, out_features=128, bias=True)
        )
        (attn_dropout): Dropout(p=0.1, inplace=False)
        (ffn_norm): RMSNorm()
        (ffn): SwiGLUFFN(
          (fc1): Linear(in_features=128, out_features=1024, bias=True)
          (act): SwiGLU()
          (fc2): Linear(in_features=512, out_features=128, bias=True)
          (dropout): Dropout(p=0.1, inplace=False)
        )
      )
    )
  )
  (cls_pooling): CLSPooling(
    (layers): ModuleList(
      (0-1): 2 x ClassAttentionBlock(
        (query_norm): LayerNorm((128,), eps=1e-05, elementwise_affine=True)
        (context_norm): LayerNorm((128,), eps=1e-05, elementwise_affine=True)
        (attn): MultiheadAttention(
          (out_proj): NonDynamicallyQuantizableLinear(in_features=128, out_features=128, bias=True)
        )
        (attn_dropout): Dropout(p=0.0, inplace=False)
        (ffn_norm): LayerNorm((128,), eps=1e-05, elementwise_affine=True)
        (ffn): Sequential(
          (0): Linear(in_features=128, out_features=512, bias=True)
          (1): GELU(approximate='none')
          (2): Dropout(p=0.0, inplace=False)
          (3): Linear(in_features=512, out_features=128, bias=True)
          (4): Dropout(p=0.0, inplace=False)
        )
      )
    )
  )
  (representation_head): RepresentationHead(
    (net): Sequential(
      (0): RMSNorm()
      (1): Linear(in_features=128, out_features=128, bias=True)
      (2): SiLU()
      (3): Dropout(p=0.1, inplace=False)
      (4): Linear(in_features=128, out_features=128, bias=True)
    )
  )
  (augmentation): MultiViewAugmentation()
  (negative_augmentation): CorruptedNegativeAugmentation()
  (loss): LeJEPASIGRegTripletClassificationLoss(
    (triplet_loss): LeJEPASIGRegTripletLoss(
      (lejepa_loss): LeJEPASIGRegLoss(
        (sigreg_loss_fn): SlicingUnivariateTest(
          (univariate_test): EppsPulley()
        )
      )
    )
  )
  (classification_head): CategoricalClassificationHead(
    (net): Sequential(
      (0): RMSNorm()
      (1): Linear(in_features=128, out_features=128, bias=True)
      (2): SiLU()
      (3): Dropout(p=0.1, inplace=False)
      (4): Linear(in_features=128, out_features=4, bias=True)
    )
  )
)
Number of trainable parameters: 2695664
Skipping augmentation sample plots.
Initialized run summary at plots/run-lejepa-ak8-semisup-m0.2-wjets/summary.json

Epoch [1/12]
Learning rate: 1e-07
Saved new best model state_dict to plots/run-lejepa-ak8-semisup-m0.2-wjets/best_model.pth
Saved last model state_dict to plots/run-lejepa-ak8-semisup-m0.2-wjets/last_model.pth
Epoch 1 train losses: {'total_loss': 1.837998780488968, 'invariant_loss': 0.22247302410658448, 'sigreg_loss': 77.21025, 'triplet_loss': 0.05956740608438849, 'triplet_pos_distance': 0.05743235582974739, 'triplet_neg_distance': 0.6018689015181735, 'classification_loss': 1.3117709341049195}
Epoch 1 val losses: {'total_loss': 0.8719476646184922, 'invariant_loss': 0.13504618138074875, 'sigreg_loss': 33.55375, 'triplet_loss': 0.03016389112919569, 'triplet_pos_distance': 0.024358339738100768, 'triplet_neg_distance': 0.9730691170692444, 'classification_loss': 1.2566080117225646}
Updated run summary at plots/run-lejepa-ak8-semisup-m0.2-wjets/summary.json

Epoch [2/12]
Learning rate: 0.0001001
Saved new best model state_dict to plots/run-lejepa-ak8-semisup-m0.2-wjets/best_model.pth
Saved last model state_dict to plots/run-lejepa-ak8-semisup-m0.2-wjets/last_model.pth
Epoch 2 train losses: {'total_loss': 0.7095798769593239, 'invariant_loss': 0.2031880325078964, 'sigreg_loss': 22.1120625, 'triplet_loss': 0.01742308206483722, 'triplet_pos_distance': 0.05606211731955409, 'triplet_neg_distance': 1.1528682307600975, 'classification_loss': 1.2482641769647598}
Epoch 2 val losses: {'total_loss': 0.5824836719036103, 'invariant_loss': 0.13110804475843907, 'sigreg_loss': 19.40375, 'triplet_loss': 0.020231184205040335, 'triplet_pos_distance': 0.023644237127155066, 'triplet_neg_distance': 1.2013243186473845, 'classification_loss': 1.2253314220905305}
Updated run summary at plots/run-lejepa-ak8-semisup-m0.2-wjets/summary.json

Epoch [3/12]
Learning rate: 0.0002001
Saved new best model state_dict to plots/run-lejepa-ak8-semisup-m0.2-wjets/best_model.pth
Saved last model state_dict to plots/run-lejepa-ak8-semisup-m0.2-wjets/last_model.pth
Epoch 3 train losses: {'total_loss': 0.5841234756410122, 'invariant_loss': 0.2002382292896509, 'sigreg_loss': 16.095375, 'triplet_loss': 0.011346744268201292, 'triplet_pos_distance': 0.05714233279973269, 'triplet_neg_distance': 1.3220340924263, 'classification_loss': 1.2166911129951477}
Epoch 3 val losses: {'total_loss': 0.505519228875637, 'invariant_loss': 0.12264140024781227, 'sigreg_loss': 16.07625, 'triplet_loss': 0.013765154797583818, 'triplet_pos_distance': 0.024353349627926946, 'triplet_neg_distance': 1.3664671468734741, 'classification_loss': 1.2003387475013734}
Updated run summary at plots/run-lejepa-ak8-semisup-m0.2-wjets/summary.json

Epoch [4/12]
Learning rate: 0.0003001
Saved new best model state_dict to plots/run-lejepa-ak8-semisup-m0.2-wjets/best_model.pth
Saved last model state_dict to plots/run-lejepa-ak8-semisup-m0.2-wjets/last_model.pth
Epoch 4 train losses: {'total_loss': 0.5243392466902733, 'invariant_loss': 0.18903623431921004, 'sigreg_loss': 13.7298125, 'triplet_loss': 0.007797253945376724, 'triplet_pos_distance': 0.05463746161386371, 'triplet_neg_distance': 1.4275129531621933, 'classification_loss': 1.1985321133136748}
Epoch 4 val losses: {'total_loss': 0.48238970249891283, 'invariant_loss': 0.12810973465442657, 'sigreg_loss': 14.69, 'triplet_loss': 0.009599554133601487, 'triplet_pos_distance': 0.02367758261039853, 'triplet_neg_distance': 1.4727139914035796, 'classification_loss': 1.1892517840862273}
Updated run summary at plots/run-lejepa-ak8-semisup-m0.2-wjets/summary.json

Epoch [5/12]
Learning rate: 0.0004001
Saved new best model state_dict to plots/run-lejepa-ak8-semisup-m0.2-wjets/best_model.pth
Saved last model state_dict to plots/run-lejepa-ak8-semisup-m0.2-wjets/last_model.pth
Mahalanobis metrics saved to plots/run-lejepa-ak8-semisup-m0.2-wjets/mahalanobis_eval/epoch_0005/mahalanobis_metrics.json
Mahalanobis AUC, QCD+ZJets+TTbar+Hbb train vs WJets: 0.545043
Mahalanobis AUC, QCD+ZJets+TTbar+Hbb val vs WJets: 0.529954
Epoch 5 train losses: {'total_loss': 0.49134558948874474, 'invariant_loss': 0.18057199680805205, 'sigreg_loss': 12.5155, 'triplet_loss': 0.006374832740984857, 'triplet_pos_distance': 0.051628722969442604, 'triplet_neg_distance': 1.4551120570898055, 'classification_loss': 1.1968432170152665}
Epoch 5 val losses: {'total_loss': 0.4379384845495224, 'invariant_loss': 0.10626099705696106, 'sigreg_loss': 13.590625, 'triplet_loss': 0.007916950783692301, 'triplet_pos_distance': 0.020010727532207964, 'triplet_neg_distance': 1.392545781135559, 'classification_loss': 1.1804111671447755}
Updated run summary at plots/run-lejepa-ak8-semisup-m0.2-wjets/summary.json

Epoch [6/12]
Learning rate: 0.0005001
Saved new best model state_dict to plots/run-lejepa-ak8-semisup-m0.2-wjets/best_model.pth
Saved last model state_dict to plots/run-lejepa-ak8-semisup-m0.2-wjets/last_model.pth
Epoch 6 train losses: {'total_loss': 0.4642614765167236, 'invariant_loss': 0.17509868052601815, 'sigreg_loss': 11.4393125, 'triplet_loss': 0.006218824774725362, 'triplet_pos_distance': 0.04980445322394371, 'triplet_neg_distance': 1.4368362320661545, 'classification_loss': 1.1947439903020858}
Epoch 6 val losses: {'total_loss': 0.4175230705738068, 'invariant_loss': 0.10919098198413849, 'sigreg_loss': 12.433125, 'triplet_loss': 0.008262666771188379, 'triplet_pos_distance': 0.020362894982099533, 'triplet_neg_distance': 1.4204069578647613, 'classification_loss': 1.177264860868454}
Updated run summary at plots/run-lejepa-ak8-semisup-m0.2-wjets/summary.json

Epoch [7/12]
Learning rate: 0.0006001
Saved new best model state_dict to plots/run-lejepa-ak8-semisup-m0.2-wjets/best_model.pth
Saved last model state_dict to plots/run-lejepa-ak8-semisup-m0.2-wjets/last_model.pth
Epoch 7 train losses: {'total_loss': 0.4465682989060879, 'invariant_loss': 0.17207648223638536, 'sigreg_loss': 10.754, 'triplet_loss': 0.005804237063857727, 'triplet_pos_distance': 0.04912592438980937, 'triplet_neg_distance': 1.439501908302307, 'classification_loss': 1.176567628800869}
Epoch 7 val losses: {'total_loss': 0.40585475772619245, 'invariant_loss': 0.10943161591887474, 'sigreg_loss': 11.82375, 'triplet_loss': 0.008012176812626422, 'triplet_pos_distance': 0.019448922919109463, 'triplet_neg_distance': 1.383155539035797, 'classification_loss': 1.1837276196479798}
Updated run summary at plots/run-lejepa-ak8-semisup-m0.2-wjets/summary.json

Epoch [8/12]
Learning rate: 0.0007001
Saved new best model state_dict to plots/run-lejepa-ak8-semisup-m0.2-wjets/best_model.pth
Saved last model state_dict to plots/run-lejepa-ak8-semisup-m0.2-wjets/last_model.pth
Epoch 8 train losses: {'total_loss': 0.43672612300515173, 'invariant_loss': 0.17129226471483708, 'sigreg_loss': 10.32596875, 'triplet_loss': 0.005855186384636909, 'triplet_pos_distance': 0.04872094104066491, 'triplet_neg_distance': 1.4311239854097366, 'classification_loss': 1.1668690635561942}
Epoch 8 val losses: {'total_loss': 0.38428420811891556, 'invariant_loss': 0.10536584943532944, 'sigreg_loss': 11.001875, 'triplet_loss': 0.007116424362175166, 'triplet_pos_distance': 0.01886493663303554, 'triplet_neg_distance': 1.3575681853294372, 'classification_loss': 1.1635483741760253}
Updated run summary at plots/run-lejepa-ak8-semisup-m0.2-wjets/summary.json

Epoch [9/12]
Learning rate: 0.0008001
Saved new best model state_dict to plots/run-lejepa-ak8-semisup-m0.2-wjets/best_model.pth
Saved last model state_dict to plots/run-lejepa-ak8-semisup-m0.2-wjets/last_model.pth
Epoch 9 train losses: {'total_loss': 0.4283170292675495, 'invariant_loss': 0.16992685449123382, 'sigreg_loss': 9.95940625, 'triplet_loss': 0.005613463178975508, 'triplet_pos_distance': 0.047851692121475935, 'triplet_neg_distance': 1.4343580356836318, 'classification_loss': 1.1728850915431976}
Epoch 9 val losses: {'total_loss': 0.3722571364045143, 'invariant_loss': 0.10962303660809994, 'sigreg_loss': 10.163125, 'triplet_loss': 0.006744116994086653, 'triplet_pos_distance': 0.020865637473762036, 'triplet_neg_distance': 1.463301442861557, 'classification_loss': 1.1741547060012818}
Updated run summary at plots/run-lejepa-ak8-semisup-m0.2-wjets/summary.json

Epoch [10/12]
Learning rate: 0.0009001
Saved last model state_dict to plots/run-lejepa-ak8-semisup-m0.2-wjets/last_model.pth
Mahalanobis metrics saved to plots/run-lejepa-ak8-semisup-m0.2-wjets/mahalanobis_eval/epoch_0010/mahalanobis_metrics.json
Mahalanobis AUC, QCD+ZJets+TTbar+Hbb train vs WJets: 0.541893
Mahalanobis AUC, QCD+ZJets+TTbar+Hbb val vs WJets: 0.523661
Epoch 10 train losses: {'total_loss': 0.42318008106946947, 'invariant_loss': 0.16826549902558327, 'sigreg_loss': 9.78884375, 'triplet_loss': 0.005245437239529565, 'triplet_pos_distance': 0.04726077863946557, 'triplet_neg_distance': 1.4411389924287796, 'classification_loss': 1.1723319529891014}
Epoch 10 val losses: {'total_loss': 0.38927718162536623, 'invariant_loss': 0.10287933632731437, 'sigreg_loss': 11.356875, 'triplet_loss': 0.007931671175174414, 'triplet_pos_distance': 0.018259666804224254, 'triplet_neg_distance': 1.3482047700881958, 'classification_loss': 1.1687342369556426}
Updated run summary at plots/run-lejepa-ak8-semisup-m0.2-wjets/summary.json

Epoch [11/12]
Learning rate: 0.001
Saved new best model state_dict to plots/run-lejepa-ak8-semisup-m0.2-wjets/best_model.pth
Saved last model state_dict to plots/run-lejepa-ak8-semisup-m0.2-wjets/last_model.pth
Epoch 11 train losses: {'total_loss': 0.41099220687150956, 'invariant_loss': 0.1662794794663787, 'sigreg_loss': 9.27640625, 'triplet_loss': 0.005106764974072576, 'triplet_pos_distance': 0.046739320496097206, 'triplet_neg_distance': 1.4449025760889054, 'classification_loss': 1.173747995018959}
Epoch 11 val losses: {'total_loss': 0.35467948973178864, 'invariant_loss': 0.10222635999321937, 'sigreg_loss': 9.708125, 'triplet_loss': 0.006173841047566384, 'triplet_pos_distance': 0.019053404172882437, 'triplet_neg_distance': 1.4017254555225371, 'classification_loss': 1.152339916229248}
Updated run summary at plots/run-lejepa-ak8-semisup-m0.2-wjets/summary.json

Epoch [12/12]
Learning rate: 0.0005005
Saved new best model state_dict to plots/run-lejepa-ak8-semisup-m0.2-wjets/best_model.pth
Saved last model state_dict to plots/run-lejepa-ak8-semisup-m0.2-wjets/last_model.pth
Mahalanobis metrics saved to plots/run-lejepa-ak8-semisup-m0.2-wjets/mahalanobis_eval/epoch_0012/mahalanobis_metrics.json
Mahalanobis AUC, QCD+ZJets+TTbar+Hbb train vs WJets: 0.548828
Mahalanobis AUC, QCD+ZJets+TTbar+Hbb val vs WJets: 0.531399
Epoch 12 train losses: {'total_loss': 0.38475365749001506, 'invariant_loss': 0.16010630993545055, 'sigreg_loss': 8.3441875, 'triplet_loss': 0.00423143872898072, 'triplet_pos_distance': 0.045216489067301156, 'triplet_neg_distance': 1.4473544117212296, 'classification_loss': 1.146925406038761}
Epoch 12 val losses: {'total_loss': 0.3363132506608963, 'invariant_loss': 0.09704983942210674, 'sigreg_loss': 9.090625, 'triplet_loss': 0.0057948933518491685, 'triplet_pos_distance': 0.01777815700042993, 'triplet_neg_distance': 1.379104758501053, 'classification_loss': 1.138717488050461}
Updated run summary at plots/run-lejepa-ak8-semisup-m0.2-wjets/summary.json
Saved run summary to plots/run-lejepa-ak8-semisup-m0.2-wjets/summary.json
Job finished at: Fri Jul 17 10:17:03 AM EDT 2026
