## SLURM PROLOG ###############################################################
##    Job ID : 3632617
##  Job Name : JETANOMALY
##  Nodelist : gpu3102
##      CPUs : 1
##  Mem/Node : 32000 MB
## Directory : /oscar/home/lwang223/jetAnomalyDetection
##   Job Started : Fri Jul  3 05:31:56 AM EDT 2026
###############################################################################

==========================================
Job started at: Fri Jul  3 05:31:56 AM EDT 2026
Job ID: 3632617
Node: gpu3102
==========================================

GPU Information (from host):
Fri Jul  3 05:31:56 2026       
+-----------------------------------------------------------------------------------------+
| NVIDIA-SMI 575.57.08              Driver Version: 575.57.08      CUDA Version: 12.9     |
|-----------------------------------------+------------------------+----------------------+
| GPU  Name                 Persistence-M | Bus-Id          Disp.A | Volatile Uncorr. ECC |
| Fan  Temp   Perf          Pwr:Usage/Cap |           Memory-Usage | GPU-Util  Compute M. |
|                                         |                        |               MIG M. |
|=========================================+========================+======================|
|   0  NVIDIA L40S                    On  |   00000000:01:00.0 Off |                    0 |
| N/A   26C    P8             31W /  350W |      74MiB /  46068MiB |      0%      Default |
|                                         |                        |                  N/A |
+-----------------------------------------+------------------------+----------------------+
                                                                                         
+-----------------------------------------------------------------------------------------+
| Processes:                                                                              |
|  GPU   GI   CI              PID   Type   Process name                        GPU Memory |
|        ID   ID                                                               Usage      |
|=========================================================================================|
|    0   N/A  N/A          158297      G   /usr/libexec/Xorg                        64MiB |
+-----------------------------------------------------------------------------------------+

PyTorch version: 2.6.0+cu124
Background rows: 125183
Signal rows: 4067
Node features: ['eta', 'phi', 'pt', 'd0/d0Err', 'dz/dzErr', 'charge', 'mass', 'log_pt', 'pdgId_-211', 'pdgId_-13', 'pdgId_-11', 'pdgId_11', 'pdgId_13', 'pdgId_22', 'pdgId_130', 'pdgId_211']
Loading background node tensors...
Loading signal node tensors...
Background train events: 99979
Background val events: 24995
Signal events: 4064
Example node tensor shape: torch.Size([8, 16])
Model summary:
LeJEPATripletParticleTransformerRepresentation(
  (node_embedding): NodeEmbedding(
    (net): Sequential(
      (0): Linear(in_features=16, out_features=128, bias=True)
      (1): GELU(approximate='none')
      (2): LayerNorm((128,), eps=1e-05, elementwise_affine=True)
      (3): Linear(in_features=128, out_features=512, bias=True)
      (4): GELU(approximate='none')
      (5): LayerNorm((512,), eps=1e-05, elementwise_affine=True)
      (6): Linear(in_features=512, out_features=128, bias=True)
      (7): Dropout(p=0.1, inplace=False)
    )
  )
  (pairwise_bias): PairwiseAttentionBias(
    (mlp): Sequential(
      (0): RMSNorm()
      (1): Linear(in_features=4, out_features=64, bias=True)
      (2): SiLU()
      (3): Dropout(p=0.1, inplace=False)
      (4): Linear(in_features=64, out_features=64, bias=True)
      (5): SiLU()
      (6): Dropout(p=0.1, inplace=False)
      (7): Linear(in_features=64, out_features=8, bias=True)
    )
  )
  (encoder): ParticleTransformerEncoder(
    (layers): ModuleList(
      (0-7): 8 x ParticleTransformerBlock(
        (attn_norm): RMSNorm()
        (self_attn): MultiheadAttention(
          (out_proj): NonDynamicallyQuantizableLinear(in_features=128, out_features=128, bias=True)
        )
        (attn_dropout): Dropout(p=0.1, inplace=False)
        (ffn_norm): RMSNorm()
        (ffn): SwiGLUFFN(
          (fc1): Linear(in_features=128, out_features=1024, bias=True)
          (act): SwiGLU()
          (fc2): Linear(in_features=512, out_features=128, bias=True)
          (dropout): Dropout(p=0.1, inplace=False)
        )
      )
    )
  )
  (cls_pooling): CLSPooling(
    (layers): ModuleList(
      (0-1): 2 x ClassAttentionBlock(
        (query_norm): LayerNorm((128,), eps=1e-05, elementwise_affine=True)
        (context_norm): LayerNorm((128,), eps=1e-05, elementwise_affine=True)
        (attn): MultiheadAttention(
          (out_proj): NonDynamicallyQuantizableLinear(in_features=128, out_features=128, bias=True)
        )
        (attn_dropout): Dropout(p=0.0, inplace=False)
        (ffn_norm): LayerNorm((128,), eps=1e-05, elementwise_affine=True)
        (ffn): Sequential(
          (0): Linear(in_features=128, out_features=512, bias=True)
          (1): GELU(approximate='none')
          (2): Dropout(p=0.0, inplace=False)
          (3): Linear(in_features=512, out_features=128, bias=True)
          (4): Dropout(p=0.0, inplace=False)
        )
      )
    )
  )
  (representation_head): RepresentationHead(
    (net): Sequential(
      (0): RMSNorm()
      (1): Linear(in_features=128, out_features=128, bias=True)
      (2): SiLU()
      (3): Dropout(p=0.1, inplace=False)
      (4): Linear(in_features=128, out_features=128, bias=True)
    )
  )
  (augmentation): PtDropMultiViewAugmentation()
  (negative_augmentation): CorruptedNegativeAugmentation()
  (loss): LeJEPASIGRegTripletLoss(
    (lejepa_loss): LeJEPASIGRegLoss(
      (sigreg_loss_fn): SlicingUnivariateTest(
        (univariate_test): EppsPulley()
      )
    )
  )
)
Number of trainable parameters: 2683020
Saved new best model to plots/run-lejepa-trip-part-m2-all-aug/best_model.pth
Epoch 1 train losses: {'total_loss': 2.4167568065473795, 'invariant_loss': 0.29214002085073143, 'sigreg_loss': 97.95752078005115, 'triplet_loss': 1.6538140636575802, 'triplet_pos_distance': 0.10555010467596218, 'triplet_neg_distance': 0.4520711907712014}
Epoch 1 val losses: {'total_loss': 1.3096361999609032, 'invariant_loss': 0.2725008384761762, 'sigreg_loss': 45.15911989795919, 'triplet_loss': 1.3399441631472842, 'triplet_pos_distance': 0.08658628616177914, 'triplet_neg_distance': 0.7494966457692944}
Saved new best model to plots/run-lejepa-trip-part-m2-all-aug/best_model.pth
Epoch 2 train losses: {'total_loss': 0.975154871449751, 'invariant_loss': 0.28136114762795855, 'sigreg_loss': 28.875999040920718, 'triplet_loss': 1.1628874810912726, 'triplet_pos_distance': 0.10015899203527157, 'triplet_neg_distance': 1.00101970864074}
Epoch 2 val losses: {'total_loss': 0.8239777124657923, 'invariant_loss': 0.19321352418284027, 'sigreg_loss': 25.991709183673468, 'triplet_loss': 1.1095890275069646, 'triplet_pos_distance': 0.0626613846124739, 'triplet_neg_distance': 1.0798359990728146}
Saved new best model to plots/run-lejepa-trip-part-m2-all-aug/best_model.pth
Epoch 3 train losses: {'total_loss': 0.7619378194022361, 'invariant_loss': 0.26458038972771686, 'sigreg_loss': 19.88706841432225, 'triplet_loss': 0.9962237632030722, 'triplet_pos_distance': 0.0960739034768718, 'triplet_neg_distance': 1.2869061161490047}
Epoch 3 val losses: {'total_loss': 0.6736364919616251, 'invariant_loss': 0.19240217944797205, 'sigreg_loss': 19.455357142857142, 'triplet_loss': 0.9214889559210563, 'triplet_pos_distance': 0.06253120806828445, 'triplet_neg_distance': 1.3739534281954473}
Saved new best model to plots/run-lejepa-trip-part-m2-all-aug/best_model.pth
Epoch 4 train losses: {'total_loss': 0.6704952023218355, 'invariant_loss': 0.2681428123160701, 'sigreg_loss': 15.98279651534527, 'triplet_loss': 0.8268988735383124, 'triplet_pos_distance': 0.09928066073380926, 'triplet_neg_distance': 1.5383386505229393}
Epoch 4 val losses: {'total_loss': 0.6165094317830339, 'invariant_loss': 0.1980343524138538, 'sigreg_loss': 17.021683673469386, 'triplet_loss': 0.7808325676893701, 'triplet_pos_distance': 0.06464073862120205, 'triplet_neg_distance': 1.5838619294215222}
Saved new best model to plots/run-lejepa-trip-part-m2-all-aug/best_model.pth
Epoch 5 train losses: {'total_loss': 0.6083499073906018, 'invariant_loss': 0.26902504848397296, 'sigreg_loss': 13.544317455242966, 'triplet_loss': 0.6846800175164361, 'triplet_pos_distance': 0.10267761172464741, 'triplet_neg_distance': 1.8005363959485612}
Epoch 5 val losses: {'total_loss': 0.5814367277281625, 'invariant_loss': 0.197675883313831, 'sigreg_loss': 16.052933673469386, 'triplet_loss': 0.6272090421039231, 'triplet_pos_distance': 0.0712017109427525, 'triplet_neg_distance': 1.8298310783444618}
Saved new best model to plots/run-lejepa-trip-part-m2-all-aug/best_model.pth
Epoch 6 train losses: {'total_loss': 0.5748237609253515, 'invariant_loss': 0.26919946152612073, 'sigreg_loss': 12.413642902813299, 'triplet_loss': 0.5733078209030659, 'triplet_pos_distance': 0.10436237188022765, 'triplet_neg_distance': 2.0601622529346924}
Epoch 6 val losses: {'total_loss': 0.5200498768565606, 'invariant_loss': 0.1939652419211913, 'sigreg_loss': 13.53140943877551, 'triplet_loss': 0.5547717015962211, 'triplet_pos_distance': 0.06865623593330383, 'triplet_neg_distance': 2.0608253247883854}
