## SLURM PROLOG ###############################################################
##    Job ID : 3962063
##  Job Name : JETANOMALY-JETCLASS
##  Nodelist : gpu3005
##      CPUs : 1
##  Mem/Node : 48000 MB
## Directory : /oscar/home/lwang223/jetAnomalyDetection
##   Job Started : Mon Jul 13 21:43:32 EDT 2026
###############################################################################

==========================================
Job started at: Mon Jul 13 21:43:32 EDT 2026
Job ID: 3962063
Node: gpu3005
==========================================

GPU Information (from host):
Mon Jul 13 21:43:32 2026       
+-----------------------------------------------------------------------------------------+
| NVIDIA-SMI 575.57.08              Driver Version: 575.57.08      CUDA Version: 12.9     |
|-----------------------------------------+------------------------+----------------------+
| GPU  Name                 Persistence-M | Bus-Id          Disp.A | Volatile Uncorr. ECC |
| Fan  Temp   Perf          Pwr:Usage/Cap |           Memory-Usage | GPU-Util  Compute M. |
|                                         |                        |               MIG M. |
|=========================================+========================+======================|
|   0  NVIDIA L40S                    On  |   00000000:E1:00.0 Off |                    0 |
| N/A   27C    P8             32W /  350W |      74MiB /  46068MiB |      0%      Default |
|                                         |                        |                  N/A |
+-----------------------------------------+------------------------+----------------------+
                                                                                         
+-----------------------------------------------------------------------------------------+
| Processes:                                                                              |
|  GPU   GI   CI              PID   Type   Process name                        GPU Memory |
|        ID   ID                                                               Usage      |
|=========================================================================================|
|    0   N/A  N/A          161852      G   /usr/libexec/Xorg                        64MiB |
+-----------------------------------------------------------------------------------------+

PyTorch version: 2.6.0+cu124
JetClass root: /HEP/export/home/lwang223/JetClass/JetClass/Pythia
Background labels: ['label_QCD', 'label_Hbb', 'label_Hcc', 'label_Hgg']
Signal labels: ['label_Wqq']
Particle features: ['part_px', 'part_py', 'part_pz', 'part_energy', 'part_pt', 'log_pt_fraction', 'part_deta', 'part_dphi', 'd0_sig', 'dz_sig', 'part_charge', 'part_isChargedHadron', 'part_isNeutralHadron', 'part_isPhoton', 'part_isElectron', 'part_isMuon']
Lazy JetClass datasets ready; no full split has been loaded into RAM.
Background train ROOT shards: 400
Background val ROOT shards: 20
Signal test ROOT shards: 20
Per-event particle shape: (128, 16)
Selected SSL model: semi-sup-triplet
Model summary:
LeJEPASemiSupervisedTripletParticleTransformerRepresentation(
  (node_embedding): NodeEmbedding(
    (net): Sequential(
      (0): Linear(in_features=12, out_features=32, bias=True)
      (1): GELU(approximate='none')
      (2): LayerNorm((32,), eps=1e-05, elementwise_affine=True)
      (3): Linear(in_features=32, out_features=128, bias=True)
      (4): GELU(approximate='none')
      (5): LayerNorm((128,), eps=1e-05, elementwise_affine=True)
      (6): Linear(in_features=128, out_features=32, bias=True)
      (7): Dropout(p=0.01, inplace=False)
    )
  )
  (pairwise_bias): PairwiseAttentionBias(
    (mlp): Sequential(
      (0): RMSNorm()
      (1): Linear(in_features=4, out_features=32, bias=True)
      (2): SiLU()
      (3): Dropout(p=0.01, inplace=False)
      (4): Linear(in_features=32, out_features=32, bias=True)
      (5): SiLU()
      (6): Dropout(p=0.01, inplace=False)
      (7): Linear(in_features=32, out_features=8, bias=True)
    )
  )
  (encoder): ParticleTransformerEncoder(
    (layers): ModuleList(
      (0-3): 4 x ParticleTransformerBlock(
        (attn_norm): RMSNorm()
        (self_attn): MultiheadAttention(
          (out_proj): NonDynamicallyQuantizableLinear(in_features=32, out_features=32, bias=True)
        )
        (attn_dropout): Dropout(p=0.01, inplace=False)
        (ffn_norm): RMSNorm()
        (ffn): SwiGLUFFN(
          (fc1): Linear(in_features=32, out_features=256, bias=True)
          (act): SwiGLU()
          (fc2): Linear(in_features=128, out_features=32, bias=True)
          (dropout): Dropout(p=0.01, inplace=False)
        )
      )
    )
  )
  (cls_pooling): CLSPooling(
    (layers): ModuleList(
      (0-1): 2 x ClassAttentionBlock(
        (query_norm): LayerNorm((32,), eps=1e-05, elementwise_affine=True)
        (context_norm): LayerNorm((32,), eps=1e-05, elementwise_affine=True)
        (attn): MultiheadAttention(
          (out_proj): NonDynamicallyQuantizableLinear(in_features=32, out_features=32, bias=True)
        )
        (attn_dropout): Dropout(p=0.0, inplace=False)
        (ffn_norm): LayerNorm((32,), eps=1e-05, elementwise_affine=True)
        (ffn): Sequential(
          (0): Linear(in_features=32, out_features=128, bias=True)
          (1): GELU(approximate='none')
          (2): Dropout(p=0.0, inplace=False)
          (3): Linear(in_features=128, out_features=32, bias=True)
          (4): Dropout(p=0.0, inplace=False)
        )
      )
    )
  )
  (augmentation): MultiViewAugmentation()
  (negative_augmentation): CorruptedNegativeAugmentation()
  (loss): LeJEPASIGRegTripletClassificationLoss(
    (triplet_loss): LeJEPASIGRegTripletLoss(
      (lejepa_loss): LeJEPASIGRegLoss(
        (sigreg_loss_fn): SlicingUnivariateTest(
          (univariate_test): EppsPulley()
        )
      )
    )
  )
  (representation_head): RepresentationHead(
    (net): Sequential(
      (0): RMSNorm()
      (1): Linear(in_features=32, out_features=32, bias=True)
      (2): SiLU()
      (3): Dropout(p=0.01, inplace=False)
      (4): Linear(in_features=32, out_features=32, bias=True)
    )
  )
  (classification_head): CategoricalClassificationHead(
    (net): Sequential(
      (0): RMSNorm()
      (1): Linear(in_features=32, out_features=32, bias=True)
      (2): SiLU()
      (3): Dropout(p=0.01, inplace=False)
      (4): Linear(in_features=32, out_features=4, bias=True)
    )
  )
)
Number of trainable parameters: 106960

Epoch [1/40]
Saved new best model state_dict to plots/run-lejepa-semi-sup-triplet-jetclass-ddp-fast-wjet-long/best_model.pth
Saved last model state_dict to plots/run-lejepa-semi-sup-triplet-jetclass-ddp-fast-wjet-long/last_model.pth
Mahalanobis metrics saved to plots/run-lejepa-semi-sup-triplet-jetclass-ddp-fast-wjet-long/mahalanobis_eval/epoch_0001/mahalanobis_metrics.json
Mahalanobis AUC, QCD+Hbb+Hcc+Hgg train vs Wqq: 0.568076
Mahalanobis AUC, QCD+Hbb+Hcc+Hgg val vs Wqq: 0.566437
Epoch 1 train losses: {'total_loss': 6.475641736030578, 'invariant_loss': 0.4574308414463885, 'sigreg_loss': 117.5165, 'triplet_loss': 0.10345445495285094, 'triplet_pos_distance': 0.08993918258399936, 'triplet_neg_distance': 0.3631360000295099, 'classification_loss': 1.3220920271873473}
Epoch 1 val losses: {'total_loss': 2.7247328305244447, 'invariant_loss': 0.588552947640419, 'sigreg_loss': 40.3525, 'triplet_loss': 0.05009361017495394, 'triplet_pos_distance': 0.10991850063204765, 'triplet_neg_distance': 0.5748263576626778, 'classification_loss': 1.1343612825870515}
Updated run summary at plots/run-lejepa-semi-sup-triplet-jetclass-ddp-fast-wjet-long/summary.json

Epoch [2/40]
Saved new best model state_dict to plots/run-lejepa-semi-sup-triplet-jetclass-ddp-fast-wjet-long/best_model.pth
Saved last model state_dict to plots/run-lejepa-semi-sup-triplet-jetclass-ddp-fast-wjet-long/last_model.pth
Mahalanobis metrics saved to plots/run-lejepa-semi-sup-triplet-jetclass-ddp-fast-wjet-long/mahalanobis_eval/epoch_0002/mahalanobis_metrics.json
Mahalanobis AUC, QCD+Hbb+Hcc+Hgg train vs Wqq: 0.557044
Mahalanobis AUC, QCD+Hbb+Hcc+Hgg val vs Wqq: 0.555632
Epoch 2 train losses: {'total_loss': 2.0256379647254943, 'invariant_loss': 0.4592897362560034, 'sigreg_loss': 29.326125, 'triplet_loss': 0.036447862681001426, 'triplet_pos_distance': 0.0802701946105808, 'triplet_neg_distance': 0.692890635728836, 'classification_loss': 0.964651509642601}
Epoch 2 val losses: {'total_loss': 1.6581219518184662, 'invariant_loss': 0.38034635871648786, 'sigreg_loss': 23.69375, 'triplet_loss': 0.03029336655512452, 'triplet_pos_distance': 0.05851116005331278, 'triplet_neg_distance': 0.7989331990480423, 'classification_loss': 0.902931102514267}
Updated run summary at plots/run-lejepa-semi-sup-triplet-jetclass-ddp-fast-wjet-long/summary.json

Epoch [3/40]
Saved new best model state_dict to plots/run-lejepa-semi-sup-triplet-jetclass-ddp-fast-wjet-long/best_model.pth
Saved last model state_dict to plots/run-lejepa-semi-sup-triplet-jetclass-ddp-fast-wjet-long/last_model.pth
Mahalanobis metrics saved to plots/run-lejepa-semi-sup-triplet-jetclass-ddp-fast-wjet-long/mahalanobis_eval/epoch_0003/mahalanobis_metrics.json
Mahalanobis AUC, QCD+Hbb+Hcc+Hgg train vs Wqq: 0.566465
Mahalanobis AUC, QCD+Hbb+Hcc+Hgg val vs Wqq: 0.563021
Epoch 3 train losses: {'total_loss': 1.389748558461666, 'invariant_loss': 0.3554324801117182, 'sigreg_loss': 18.88771875, 'triplet_loss': 0.0324326816117391, 'triplet_pos_distance': 0.05702833034098148, 'triplet_neg_distance': 0.8673773046731948, 'classification_loss': 0.8676029533445835}
Epoch 3 val losses: {'total_loss': 1.2271229672431945, 'invariant_loss': 0.3049588614702225, 'sigreg_loss': 16.675625, 'triplet_loss': 0.036148805860430004, 'triplet_pos_distance': 0.04408294504508376, 'triplet_neg_distance': 0.8528726410865783, 'classification_loss': 0.8456484603881836}
Updated run summary at plots/run-lejepa-semi-sup-triplet-jetclass-ddp-fast-wjet-long/summary.json

Epoch [4/40]
Saved new best model state_dict to plots/run-lejepa-semi-sup-triplet-jetclass-ddp-fast-wjet-long/best_model.pth
Saved last model state_dict to plots/run-lejepa-semi-sup-triplet-jetclass-ddp-fast-wjet-long/last_model.pth
Mahalanobis metrics saved to plots/run-lejepa-semi-sup-triplet-jetclass-ddp-fast-wjet-long/mahalanobis_eval/epoch_0004/mahalanobis_metrics.json
Mahalanobis AUC, QCD+Hbb+Hcc+Hgg train vs Wqq: 0.574188
Mahalanobis AUC, QCD+Hbb+Hcc+Hgg val vs Wqq: 0.571842
Epoch 4 train losses: {'total_loss': 1.1250688835978508, 'invariant_loss': 0.3150651295185089, 'sigreg_loss': 14.4725625, 'triplet_loss': 0.03281484447978437, 'triplet_pos_distance': 0.050353357954882084, 'triplet_neg_distance': 0.94685885065794, 'classification_loss': 0.8310605400502682}
Epoch 4 val losses: {'total_loss': 0.975343166589737, 'invariant_loss': 0.29304533153772355, 'sigreg_loss': 11.945625, 'triplet_loss': 0.03277510901913047, 'triplet_pos_distance': 0.04150348674505949, 'triplet_neg_distance': 1.0031206911802293, 'classification_loss': 0.8179375970363617}
Updated run summary at plots/run-lejepa-semi-sup-triplet-jetclass-ddp-fast-wjet-long/summary.json

Epoch [5/40]
Saved new best model state_dict to plots/run-lejepa-semi-sup-triplet-jetclass-ddp-fast-wjet-long/best_model.pth
Saved last model state_dict to plots/run-lejepa-semi-sup-triplet-jetclass-ddp-fast-wjet-long/last_model.pth
Mahalanobis metrics saved to plots/run-lejepa-semi-sup-triplet-jetclass-ddp-fast-wjet-long/mahalanobis_eval/epoch_0005/mahalanobis_metrics.json
Mahalanobis AUC, QCD+Hbb+Hcc+Hgg train vs Wqq: 0.551667
Mahalanobis AUC, QCD+Hbb+Hcc+Hgg val vs Wqq: 0.548795
Epoch 5 train losses: {'total_loss': 0.9462915048599243, 'invariant_loss': 0.30262898953258993, 'sigreg_loss': 11.188328125, 'triplet_loss': 0.029202304138801993, 'triplet_pos_distance': 0.04948513312265277, 'triplet_neg_distance': 1.0478058435320854, 'classification_loss': 0.8131845339238644}
Epoch 5 val losses: {'total_loss': 0.9070957255363464, 'invariant_loss': 0.2814772835373878, 'sigreg_loss': 10.85, 'triplet_loss': 0.029700731188058854, 'triplet_pos_distance': 0.040794253367930654, 'triplet_neg_distance': 1.0679730844497681, 'classification_loss': 0.801288303732872}
Updated run summary at plots/run-lejepa-semi-sup-triplet-jetclass-ddp-fast-wjet-long/summary.json

Epoch [6/40]
Saved new best model state_dict to plots/run-lejepa-semi-sup-triplet-jetclass-ddp-fast-wjet-long/best_model.pth
Saved last model state_dict to plots/run-lejepa-semi-sup-triplet-jetclass-ddp-fast-wjet-long/last_model.pth
Mahalanobis metrics saved to plots/run-lejepa-semi-sup-triplet-jetclass-ddp-fast-wjet-long/mahalanobis_eval/epoch_0006/mahalanobis_metrics.json
Mahalanobis AUC, QCD+Hbb+Hcc+Hgg train vs Wqq: 0.544231
Mahalanobis AUC, QCD+Hbb+Hcc+Hgg val vs Wqq: 0.541798
Epoch 6 train losses: {'total_loss': 0.869250793993473, 'invariant_loss': 0.29296508434414864, 'sigreg_loss': 9.87815625, 'triplet_loss': 0.027126639156602322, 'triplet_pos_distance': 0.04831382646784187, 'triplet_neg_distance': 1.1011567127108575, 'classification_loss': 0.7964140039980412}
Epoch 6 val losses: {'total_loss': 0.80168248295784, 'invariant_loss': 0.2673198190331459, 'sigreg_loss': 9.0653125, 'triplet_loss': 0.027040800880640745, 'triplet_pos_distance': 0.03766662040725351, 'triplet_neg_distance': 1.1111687231063843, 'classification_loss': 0.7837732249498367}
Updated run summary at plots/run-lejepa-semi-sup-triplet-jetclass-ddp-fast-wjet-long/summary.json

Epoch [7/40]
Saved new best model state_dict to plots/run-lejepa-semi-sup-triplet-jetclass-ddp-fast-wjet-long/best_model.pth
Saved last model state_dict to plots/run-lejepa-semi-sup-triplet-jetclass-ddp-fast-wjet-long/last_model.pth
Mahalanobis metrics saved to plots/run-lejepa-semi-sup-triplet-jetclass-ddp-fast-wjet-long/mahalanobis_eval/epoch_0007/mahalanobis_metrics.json
Mahalanobis AUC, QCD+Hbb+Hcc+Hgg train vs Wqq: 0.527061
Mahalanobis AUC, QCD+Hbb+Hcc+Hgg val vs Wqq: 0.525111
Epoch 7 train losses: {'total_loss': 0.8253486612439156, 'invariant_loss': 0.2825624904483557, 'sigreg_loss': 9.232640625, 'triplet_loss': 0.02449926786404103, 'triplet_pos_distance': 0.046474476908333597, 'triplet_neg_distance': 1.1365041152834892, 'classification_loss': 0.7870635670721531}
Epoch 7 val losses: {'total_loss': 0.7918212604522705, 'invariant_loss': 0.2578619410097599, 'sigreg_loss': 9.059375, 'triplet_loss': 0.02435953514650464, 'triplet_pos_distance': 0.03558114480227232, 'triplet_neg_distance': 1.1464059710502625, 'classification_loss': 0.7851554793119431}
Updated run summary at plots/run-lejepa-semi-sup-triplet-jetclass-ddp-fast-wjet-long/summary.json

Epoch [8/40]
Saved new best model state_dict to plots/run-lejepa-semi-sup-triplet-jetclass-ddp-fast-wjet-long/best_model.pth
Saved last model state_dict to plots/run-lejepa-semi-sup-triplet-jetclass-ddp-fast-wjet-long/last_model.pth
Mahalanobis metrics saved to plots/run-lejepa-semi-sup-triplet-jetclass-ddp-fast-wjet-long/mahalanobis_eval/epoch_0008/mahalanobis_metrics.json
Mahalanobis AUC, QCD+Hbb+Hcc+Hgg train vs Wqq: 0.532626
Mahalanobis AUC, QCD+Hbb+Hcc+Hgg val vs Wqq: 0.535443
Epoch 8 train losses: {'total_loss': 0.7913389019072056, 'invariant_loss': 0.27749842253327367, 'sigreg_loss': 8.674078125, 'triplet_loss': 0.021752625807188453, 'triplet_pos_distance': 0.04592152335774154, 'triplet_neg_distance': 1.1657089161872864, 'classification_loss': 0.7795134547054767}
Epoch 8 val losses: {'total_loss': 0.7690651428699493, 'invariant_loss': 0.2511203470826149, 'sigreg_loss': 8.7596875, 'triplet_loss': 0.020967019638046622, 'triplet_pos_distance': 0.03519878290593624, 'triplet_neg_distance': 1.1893175077438354, 'classification_loss': 0.7789886873960495}
Updated run summary at plots/run-lejepa-semi-sup-triplet-jetclass-ddp-fast-wjet-long/summary.json

Epoch [9/40]
Saved last model state_dict to plots/run-lejepa-semi-sup-triplet-jetclass-ddp-fast-wjet-long/last_model.pth
Mahalanobis metrics saved to plots/run-lejepa-semi-sup-triplet-jetclass-ddp-fast-wjet-long/mahalanobis_eval/epoch_0009/mahalanobis_metrics.json
Mahalanobis AUC, QCD+Hbb+Hcc+Hgg train vs Wqq: 0.532223
Mahalanobis AUC, QCD+Hbb+Hcc+Hgg val vs Wqq: 0.531985
Epoch 9 train losses: {'total_loss': 0.768657538831234, 'invariant_loss': 0.26948903530836105, 'sigreg_loss': 8.397875, 'triplet_loss': 0.017895415151957424, 'triplet_pos_distance': 0.044906464722007516, 'triplet_neg_distance': 1.1966013993620872, 'classification_loss': 0.7749028535783291}
Epoch 9 val losses: {'total_loss': 0.7754757684469223, 'invariant_loss': 0.24751271262764932, 'sigreg_loss': 8.9846875, 'triplet_loss': 0.015925822705030443, 'triplet_pos_distance': 0.03480125093832612, 'triplet_neg_distance': 1.215118762254715, 'classification_loss': 0.7709312158823013}
Updated run summary at plots/run-lejepa-semi-sup-triplet-jetclass-ddp-fast-wjet-long/summary.json

Epoch [10/40]
Saved new best model state_dict to plots/run-lejepa-semi-sup-triplet-jetclass-ddp-fast-wjet-long/best_model.pth
Saved last model state_dict to plots/run-lejepa-semi-sup-triplet-jetclass-ddp-fast-wjet-long/last_model.pth
Mahalanobis metrics saved to plots/run-lejepa-semi-sup-triplet-jetclass-ddp-fast-wjet-long/mahalanobis_eval/epoch_0010/mahalanobis_metrics.json
Mahalanobis AUC, QCD+Hbb+Hcc+Hgg train vs Wqq: 0.531982
Mahalanobis AUC, QCD+Hbb+Hcc+Hgg val vs Wqq: 0.528730
Epoch 10 train losses: {'total_loss': 0.7468512951135635, 'invariant_loss': 0.2590020994246006, 'sigreg_loss': 8.189296875, 'triplet_loss': 0.014995649944990874, 'triplet_pos_distance': 0.04339762810897082, 'triplet_neg_distance': 1.2244200479984284, 'classification_loss': 0.768857576161623}
Epoch 10 val losses: {'total_loss': 0.7210058701038361, 'invariant_loss': 0.23215963080525398, 'sigreg_loss': 8.236875, 'triplet_loss': 0.014277713131159544, 'triplet_pos_distance': 0.03167314618825912, 'triplet_neg_distance': 1.2265347242355347, 'classification_loss': 0.7556298804283142}
Updated run summary at plots/run-lejepa-semi-sup-triplet-jetclass-ddp-fast-wjet-long/summary.json

Epoch [11/40]
Saved new best model state_dict to plots/run-lejepa-semi-sup-triplet-jetclass-ddp-fast-wjet-long/best_model.pth
Saved last model state_dict to plots/run-lejepa-semi-sup-triplet-jetclass-ddp-fast-wjet-long/last_model.pth
Mahalanobis metrics saved to plots/run-lejepa-semi-sup-triplet-jetclass-ddp-fast-wjet-long/mahalanobis_eval/epoch_0011/mahalanobis_metrics.json
Mahalanobis AUC, QCD+Hbb+Hcc+Hgg train vs Wqq: 0.531087
Mahalanobis AUC, QCD+Hbb+Hcc+Hgg val vs Wqq: 0.532915
Epoch 11 train losses: {'total_loss': 0.71761803612113, 'invariant_loss': 0.24457535433769226, 'sigreg_loss': 7.942140625, 'triplet_loss': 0.012498912230366841, 'triplet_pos_distance': 0.04111044562514871, 'triplet_neg_distance': 1.2317785394191743, 'classification_loss': 0.7469512822329998}
Epoch 11 val losses: {'total_loss': 0.7157758355140686, 'invariant_loss': 0.20734466433525087, 'sigreg_loss': 8.6334375, 'triplet_loss': 0.012472642767243088, 'triplet_pos_distance': 0.027497310023754835, 'triplet_neg_distance': 1.193848568201065, 'classification_loss': 0.7558233922719956}
Updated run summary at plots/run-lejepa-semi-sup-triplet-jetclass-ddp-fast-wjet-long/summary.json

Epoch [12/40]
Saved new best model state_dict to plots/run-lejepa-semi-sup-triplet-jetclass-ddp-fast-wjet-long/best_model.pth
Saved last model state_dict to plots/run-lejepa-semi-sup-triplet-jetclass-ddp-fast-wjet-long/last_model.pth
Mahalanobis metrics saved to plots/run-lejepa-semi-sup-triplet-jetclass-ddp-fast-wjet-long/mahalanobis_eval/epoch_0012/mahalanobis_metrics.json
Mahalanobis AUC, QCD+Hbb+Hcc+Hgg train vs Wqq: 0.536243
Mahalanobis AUC, QCD+Hbb+Hcc+Hgg val vs Wqq: 0.539567
Epoch 12 train losses: {'total_loss': 0.6909620967507363, 'invariant_loss': 0.2310702162384987, 'sigreg_loss': 7.73790625, 'triplet_loss': 0.010677934737876057, 'triplet_pos_distance': 0.03922122087981552, 'triplet_neg_distance': 1.2261715040206909, 'classification_loss': 0.7193345463126898}
Epoch 12 val losses: {'total_loss': 0.6845608031749726, 'invariant_loss': 0.2041241793334484, 'sigreg_loss': 8.178125, 'triplet_loss': 0.011171452575363219, 'triplet_pos_distance': 0.028216487225145102, 'triplet_neg_distance': 1.167940798997879, 'classification_loss': 0.7037415498495102}
Updated run summary at plots/run-lejepa-semi-sup-triplet-jetclass-ddp-fast-wjet-long/summary.json

Epoch [13/40]
