## SLURM PROLOG ###############################################################
##    Job ID : 3960545
##  Job Name : JETANOMALY-JETCLASS
##  Nodelist : gpu3004
##      CPUs : 1
##  Mem/Node : 48000 MB
## Directory : /oscar/home/lwang223/jetAnomalyDetection
##   Job Started : Mon Jul 13 07:49:24 PM EDT 2026
###############################################################################

==========================================
Job started at: Mon Jul 13 07:49:24 PM EDT 2026
Job ID: 3960545
Node: gpu3004
==========================================

GPU Information (from host):
Mon Jul 13 19:49:24 2026       
+-----------------------------------------------------------------------------------------+
| NVIDIA-SMI 575.57.08              Driver Version: 575.57.08      CUDA Version: 12.9     |
|-----------------------------------------+------------------------+----------------------+
| GPU  Name                 Persistence-M | Bus-Id          Disp.A | Volatile Uncorr. ECC |
| Fan  Temp   Perf          Pwr:Usage/Cap |           Memory-Usage | GPU-Util  Compute M. |
|                                         |                        |               MIG M. |
|=========================================+========================+======================|
|   0  NVIDIA L40S                    On  |   00000000:C1:00.0 Off |                    0 |
| N/A   30C    P8             31W /  350W |      74MiB /  46068MiB |      0%      Default |
|                                         |                        |                  N/A |
+-----------------------------------------+------------------------+----------------------+
                                                                                         
+-----------------------------------------------------------------------------------------+
| Processes:                                                                              |
|  GPU   GI   CI              PID   Type   Process name                        GPU Memory |
|        ID   ID                                                               Usage      |
|=========================================================================================|
|    0   N/A  N/A          184125      G   /usr/libexec/Xorg                        64MiB |
+-----------------------------------------------------------------------------------------+

PyTorch version: 2.6.0+cu124
JetClass root: /HEP/export/home/lwang223/JetClass/JetClass/Pythia
Background labels: ['label_QCD', 'label_Wqq', 'label_Hcc', 'label_Hgg']
Signal labels: ['label_Hbb']
Particle features: ['part_px', 'part_py', 'part_pz', 'part_energy', 'part_pt', 'log_pt_fraction', 'part_deta', 'part_dphi', 'd0_sig', 'dz_sig', 'part_charge', 'part_isChargedHadron', 'part_isNeutralHadron', 'part_isPhoton', 'part_isElectron', 'part_isMuon']
Lazy JetClass datasets ready; no full split has been loaded into RAM.
Background train ROOT shards: 400
Background val ROOT shards: 20
Signal test ROOT shards: 20
Per-event particle shape: (128, 16)
Selected SSL model: semi-sup-triplet
Model summary:
LeJEPASemiSupervisedTripletParticleTransformerRepresentation(
  (node_embedding): NodeEmbedding(
    (net): Sequential(
      (0): Linear(in_features=12, out_features=32, bias=True)
      (1): GELU(approximate='none')
      (2): LayerNorm((32,), eps=1e-05, elementwise_affine=True)
      (3): Linear(in_features=32, out_features=128, bias=True)
      (4): GELU(approximate='none')
      (5): LayerNorm((128,), eps=1e-05, elementwise_affine=True)
      (6): Linear(in_features=128, out_features=32, bias=True)
      (7): Dropout(p=0.01, inplace=False)
    )
  )
  (pairwise_bias): PairwiseAttentionBias(
    (mlp): Sequential(
      (0): RMSNorm()
      (1): Linear(in_features=4, out_features=32, bias=True)
      (2): SiLU()
      (3): Dropout(p=0.01, inplace=False)
      (4): Linear(in_features=32, out_features=32, bias=True)
      (5): SiLU()
      (6): Dropout(p=0.01, inplace=False)
      (7): Linear(in_features=32, out_features=8, bias=True)
    )
  )
  (encoder): ParticleTransformerEncoder(
    (layers): ModuleList(
      (0-3): 4 x ParticleTransformerBlock(
        (attn_norm): RMSNorm()
        (self_attn): MultiheadAttention(
          (out_proj): NonDynamicallyQuantizableLinear(in_features=32, out_features=32, bias=True)
        )
        (attn_dropout): Dropout(p=0.01, inplace=False)
        (ffn_norm): RMSNorm()
        (ffn): SwiGLUFFN(
          (fc1): Linear(in_features=32, out_features=256, bias=True)
          (act): SwiGLU()
          (fc2): Linear(in_features=128, out_features=32, bias=True)
          (dropout): Dropout(p=0.01, inplace=False)
        )
      )
    )
  )
  (cls_pooling): CLSPooling(
    (layers): ModuleList(
      (0-1): 2 x ClassAttentionBlock(
        (query_norm): LayerNorm((32,), eps=1e-05, elementwise_affine=True)
        (context_norm): LayerNorm((32,), eps=1e-05, elementwise_affine=True)
        (attn): MultiheadAttention(
          (out_proj): NonDynamicallyQuantizableLinear(in_features=32, out_features=32, bias=True)
        )
        (attn_dropout): Dropout(p=0.0, inplace=False)
        (ffn_norm): LayerNorm((32,), eps=1e-05, elementwise_affine=True)
        (ffn): Sequential(
          (0): Linear(in_features=32, out_features=128, bias=True)
          (1): GELU(approximate='none')
          (2): Dropout(p=0.0, inplace=False)
          (3): Linear(in_features=128, out_features=32, bias=True)
          (4): Dropout(p=0.0, inplace=False)
        )
      )
    )
  )
  (augmentation): MultiViewAugmentation()
  (negative_augmentation): CorruptedNegativeAugmentation()
  (loss): LeJEPASIGRegTripletClassificationLoss(
    (triplet_loss): LeJEPASIGRegTripletLoss(
      (lejepa_loss): LeJEPASIGRegLoss(
        (sigreg_loss_fn): SlicingUnivariateTest(
          (univariate_test): EppsPulley()
        )
      )
    )
  )
  (representation_head): RepresentationHead(
    (net): Sequential(
      (0): RMSNorm()
      (1): Linear(in_features=32, out_features=32, bias=True)
      (2): SiLU()
      (3): Dropout(p=0.01, inplace=False)
      (4): Linear(in_features=32, out_features=32, bias=True)
    )
  )
  (classification_head): CategoricalClassificationHead(
    (net): Sequential(
      (0): RMSNorm()
      (1): Linear(in_features=32, out_features=32, bias=True)
      (2): SiLU()
      (3): Dropout(p=0.01, inplace=False)
      (4): Linear(in_features=32, out_features=4, bias=True)
    )
  )
)
Number of trainable parameters: 106960

Epoch [1/40]
Saved new best model state_dict to plots/run-lejepa-semi-sup-triplet-jetclass-ddp-fast-hbb/best_model.pth
Saved last model state_dict to plots/run-lejepa-semi-sup-triplet-jetclass-ddp-fast-hbb/last_model.pth
Mahalanobis metrics saved to plots/run-lejepa-semi-sup-triplet-jetclass-ddp-fast-hbb/mahalanobis_eval/epoch_0001/mahalanobis_metrics.json
Mahalanobis AUC, QCD+Wqq+Hcc+Hgg train vs Hbb: 0.557252
Mahalanobis AUC, QCD+Wqq+Hcc+Hgg val vs Hbb: 0.558910
Epoch 1 train losses: {'total_loss': 6.486007780075073, 'invariant_loss': 0.4535877489158884, 'sigreg_loss': 117.366125, 'triplet_loss': 0.3123620382770896, 'triplet_pos_distance': 0.09442547093005851, 'triplet_neg_distance': 0.38324175018444656, 'classification_loss': 1.3314086482524872}
Epoch 1 val losses: {'total_loss': 2.6508982229232787, 'invariant_loss': 0.627788245677948, 'sigreg_loss': 37.6325, 'triplet_loss': 0.18669342637062072, 'triplet_pos_distance': 0.12670927472412585, 'triplet_neg_distance': 0.6484456390142441, 'classification_loss': 1.2311248016357421}
Updated run summary at plots/run-lejepa-semi-sup-triplet-jetclass-ddp-fast-hbb/summary.json

Epoch [2/40]
Saved new best model state_dict to plots/run-lejepa-semi-sup-triplet-jetclass-ddp-fast-hbb/best_model.pth
Saved last model state_dict to plots/run-lejepa-semi-sup-triplet-jetclass-ddp-fast-hbb/last_model.pth
Mahalanobis metrics saved to plots/run-lejepa-semi-sup-triplet-jetclass-ddp-fast-hbb/mahalanobis_eval/epoch_0002/mahalanobis_metrics.json
Mahalanobis AUC, QCD+Wqq+Hcc+Hgg train vs Hbb: 0.588057
Mahalanobis AUC, QCD+Wqq+Hcc+Hgg val vs Hbb: 0.588537
Epoch 2 train losses: {'total_loss': 2.115206061065197, 'invariant_loss': 0.49814806185662747, 'sigreg_loss': 29.6235, 'triplet_loss': 0.14725495517626405, 'triplet_pos_distance': 0.09078864200599492, 'triplet_neg_distance': 0.7318566680848598, 'classification_loss': 1.2118209764659404}
Epoch 2 val losses: {'total_loss': 1.6485288178920745, 'invariant_loss': 0.3963353705406189, 'sigreg_loss': 22.46, 'triplet_loss': 0.12793039306998252, 'triplet_pos_distance': 0.06082902424037456, 'triplet_neg_distance': 0.7922606962919235, 'classification_loss': 1.165097622871399}
Updated run summary at plots/run-lejepa-semi-sup-triplet-jetclass-ddp-fast-hbb/summary.json

Epoch [3/40]
Saved new best model state_dict to plots/run-lejepa-semi-sup-triplet-jetclass-ddp-fast-hbb/best_model.pth
Saved last model state_dict to plots/run-lejepa-semi-sup-triplet-jetclass-ddp-fast-hbb/last_model.pth
Mahalanobis metrics saved to plots/run-lejepa-semi-sup-triplet-jetclass-ddp-fast-hbb/mahalanobis_eval/epoch_0003/mahalanobis_metrics.json
Mahalanobis AUC, QCD+Wqq+Hcc+Hgg train vs Hbb: 0.655682
Mahalanobis AUC, QCD+Wqq+Hcc+Hgg val vs Hbb: 0.654799
Epoch 3 train losses: {'total_loss': 1.4473558809757232, 'invariant_loss': 0.3595462681502104, 'sigreg_loss': 19.26721875, 'triplet_loss': 0.11852916826680303, 'triplet_pos_distance': 0.06045655055902898, 'triplet_neg_distance': 0.8972164152860641, 'classification_loss': 1.1259535137414933}
Epoch 3 val losses: {'total_loss': 1.2635824835300447, 'invariant_loss': 0.31168789088726045, 'sigreg_loss': 16.611875, 'triplet_loss': 0.11173459783196449, 'triplet_pos_distance': 0.04852344371378422, 'triplet_neg_distance': 0.9474819272756576, 'classification_loss': 1.1025239032506944}
Updated run summary at plots/run-lejepa-semi-sup-triplet-jetclass-ddp-fast-hbb/summary.json

Epoch [4/40]
Saved new best model state_dict to plots/run-lejepa-semi-sup-triplet-jetclass-ddp-fast-hbb/best_model.pth
Saved last model state_dict to plots/run-lejepa-semi-sup-triplet-jetclass-ddp-fast-hbb/last_model.pth
Mahalanobis metrics saved to plots/run-lejepa-semi-sup-triplet-jetclass-ddp-fast-hbb/mahalanobis_eval/epoch_0004/mahalanobis_metrics.json
Mahalanobis AUC, QCD+Wqq+Hcc+Hgg train vs Hbb: 0.647966
Mahalanobis AUC, QCD+Wqq+Hcc+Hgg val vs Hbb: 0.647172
Epoch 4 train losses: {'total_loss': 1.1355734252035619, 'invariant_loss': 0.3257384536713362, 'sigreg_loss': 13.82215625, 'triplet_loss': 0.09999428334459662, 'triplet_pos_distance': 0.05620418013446033, 'triplet_neg_distance': 1.0418933499455452, 'classification_loss': 1.0865877735316753}
Epoch 4 val losses: {'total_loss': 1.0131594198942184, 'invariant_loss': 0.29811889082193377, 'sigreg_loss': 11.944375, 'triplet_loss': 0.09261243551969528, 'triplet_pos_distance': 0.046653685998171567, 'triplet_neg_distance': 1.091001305580139, 'classification_loss': 1.0847459465265274}
Updated run summary at plots/run-lejepa-semi-sup-triplet-jetclass-ddp-fast-hbb/summary.json

Epoch [5/40]
Saved new best model state_dict to plots/run-lejepa-semi-sup-triplet-jetclass-ddp-fast-hbb/best_model.pth
Saved last model state_dict to plots/run-lejepa-semi-sup-triplet-jetclass-ddp-fast-hbb/last_model.pth
Mahalanobis metrics saved to plots/run-lejepa-semi-sup-triplet-jetclass-ddp-fast-hbb/mahalanobis_eval/epoch_0005/mahalanobis_metrics.json
Mahalanobis AUC, QCD+Wqq+Hcc+Hgg train vs Hbb: 0.621275
Mahalanobis AUC, QCD+Wqq+Hcc+Hgg val vs Hbb: 0.619601
Epoch 5 train losses: {'total_loss': 0.9708204326629639, 'invariant_loss': 0.30908454092592, 'sigreg_loss': 10.91775, 'triplet_loss': 0.08761237502098083, 'triplet_pos_distance': 0.054386950640007856, 'triplet_neg_distance': 1.1265449559092522, 'classification_loss': 1.0711625064909458}
Epoch 5 val losses: {'total_loss': 0.9179058462381363, 'invariant_loss': 0.27921504110097883, 'sigreg_loss': 10.4703125, 'triplet_loss': 0.08595058903098106, 'triplet_pos_distance': 0.044516250658780336, 'triplet_neg_distance': 1.1431692254543304, 'classification_loss': 1.0656058073043824}
Updated run summary at plots/run-lejepa-semi-sup-triplet-jetclass-ddp-fast-hbb/summary.json

Epoch [6/40]
Saved new best model state_dict to plots/run-lejepa-semi-sup-triplet-jetclass-ddp-fast-hbb/best_model.pth
Saved last model state_dict to plots/run-lejepa-semi-sup-triplet-jetclass-ddp-fast-hbb/last_model.pth
Mahalanobis metrics saved to plots/run-lejepa-semi-sup-triplet-jetclass-ddp-fast-hbb/mahalanobis_eval/epoch_0006/mahalanobis_metrics.json
Mahalanobis AUC, QCD+Wqq+Hcc+Hgg train vs Hbb: 0.575734
Mahalanobis AUC, QCD+Wqq+Hcc+Hgg val vs Hbb: 0.572379
Epoch 6 train losses: {'total_loss': 0.8926978626549243, 'invariant_loss': 0.299270645454526, 'sigreg_loss': 9.5843125, 'triplet_loss': 0.07883593951910735, 'triplet_pos_distance': 0.052995993990451094, 'triplet_neg_distance': 1.1840212144255637, 'classification_loss': 1.0631315009891986}
Epoch 6 val losses: {'total_loss': 0.8303940922021866, 'invariant_loss': 0.26748413309454916, 'sigreg_loss': 8.9846875, 'triplet_loss': 0.07724884785711765, 'triplet_pos_distance': 0.04170512018725276, 'triplet_neg_distance': 1.1999857914447785, 'classification_loss': 1.0590772479772568}
Updated run summary at plots/run-lejepa-semi-sup-triplet-jetclass-ddp-fast-hbb/summary.json

Epoch [7/40]
Saved new best model state_dict to plots/run-lejepa-semi-sup-triplet-jetclass-ddp-fast-hbb/best_model.pth
Saved last model state_dict to plots/run-lejepa-semi-sup-triplet-jetclass-ddp-fast-hbb/last_model.pth
Mahalanobis metrics saved to plots/run-lejepa-semi-sup-triplet-jetclass-ddp-fast-hbb/mahalanobis_eval/epoch_0007/mahalanobis_metrics.json
Mahalanobis AUC, QCD+Wqq+Hcc+Hgg train vs Hbb: 0.533517
Mahalanobis AUC, QCD+Wqq+Hcc+Hgg val vs Hbb: 0.531281
Epoch 7 train losses: {'total_loss': 0.8400232640206814, 'invariant_loss': 0.28944099494814873, 'sigreg_loss': 8.764453125, 'triplet_loss': 0.06933303529769182, 'triplet_pos_distance': 0.051317811622284354, 'triplet_neg_distance': 1.2249372881650924, 'classification_loss': 1.0542435300648212}
Epoch 7 val losses: {'total_loss': 0.7695751112699508, 'invariant_loss': 0.2632440048456192, 'sigreg_loss': 7.9075, 'triplet_loss': 0.06229894150048494, 'triplet_pos_distance': 0.03885102963075042, 'triplet_neg_distance': 1.2472059166431426, 'classification_loss': 1.0473011595010757}
Updated run summary at plots/run-lejepa-semi-sup-triplet-jetclass-ddp-fast-hbb/summary.json

Epoch [8/40]
