## SLURM PROLOG ###############################################################
##    Job ID : 6831599
##  Job Name : JETANOMALY
##  Nodelist : gpu2104
##      CPUs : 1
##  Mem/Node : 65536 MB
## Directory : /oscar/home/lwang223/jetAnomalyDetection
##   Job Started : Tue Sep 29 09:47:13 PM EDT 2026
###############################################################################

==========================================
Job started at: Tue Sep 29 09:47:13 PM EDT 2026
Job ID: 6831599
Node: gpu2104
==========================================

GPU Information (from host):
Tue Sep 29 21:47:13 2026       
+-----------------------------------------------------------------------------------------+
| NVIDIA-SMI 575.57.08              Driver Version: 575.57.08      CUDA Version: 12.9     |
|-----------------------------------------+------------------------+----------------------+
| GPU  Name                 Persistence-M | Bus-Id          Disp.A | Volatile Uncorr. ECC |
| Fan  Temp   Perf          Pwr:Usage/Cap |           Memory-Usage | GPU-Util  Compute M. |
|                                         |                        |               MIG M. |
|=========================================+========================+======================|
|   0  NVIDIA GeForce RTX 3090        On  |   00000000:C1:00.0 Off |                  N/A |
| 30%   31C    P8             39W /  350W |      18MiB /  24576MiB |      0%      Default |
|                                         |                        |                  N/A |
+-----------------------------------------+------------------------+----------------------+
                                                                                         
+-----------------------------------------------------------------------------------------+
| Processes:                                                                              |
|  GPU   GI   CI              PID   Type   Process name                        GPU Memory |
|        ID   ID                                                               Usage      |
|=========================================================================================|
|    0   N/A  N/A          157466      G   /usr/libexec/Xorg                         5MiB |
+-----------------------------------------------------------------------------------------+

PyTorch version: 2.6.0+cu124
Validation label_QCD: starting loader (4 workers; one active shard per worker).
Validation label_QCD: 500,000 events in 142.6s.
Validation label_Hbb: starting loader (4 workers; one active shard per worker).
