## SLURM PROLOG ###############################################################
##    Job ID : 4136866
##  Job Name : JETANOMALY-JETCLASS
##  Nodelist : gpu3101
##      CPUs : 1
##  Mem/Node : 48000 MB
## Directory : /oscar/home/lwang223/jetAnomalyDetection
##   Job Started : Tue Jul 21 12:32:10 EDT 2026
###############################################################################

==========================================
Job started at: Tue Jul 21 12:32:10 EDT 2026
Job ID: 4136866
Node: gpu3101
==========================================

GPU Information (from host):
Tue Jul 21 12:32:10 2026       
+-----------------------------------------------------------------------------------------+
| NVIDIA-SMI 575.57.08              Driver Version: 575.57.08      CUDA Version: 12.9     |
|-----------------------------------------+------------------------+----------------------+
| GPU  Name                 Persistence-M | Bus-Id          Disp.A | Volatile Uncorr. ECC |
| Fan  Temp   Perf          Pwr:Usage/Cap |           Memory-Usage | GPU-Util  Compute M. |
|                                         |                        |               MIG M. |
|=========================================+========================+======================|
|   0  NVIDIA L40S                    On  |   00000000:A1:00.0 Off |                    0 |
| N/A   47C    P8             39W /  350W |      74MiB /  46068MiB |      0%      Default |
|                                         |                        |                  N/A |
+-----------------------------------------+------------------------+----------------------+
                                                                                         
+-----------------------------------------------------------------------------------------+
| Processes:                                                                              |
|  GPU   GI   CI              PID   Type   Process name                        GPU Memory |
|        ID   ID                                                               Usage      |
|=========================================================================================|
|    0   N/A  N/A          182625      G   /usr/libexec/Xorg                        64MiB |
+-----------------------------------------------------------------------------------------+

PyTorch version: 2.6.0+cu124
Dataset: cms
Dataset root: /HEP/export/home/hgao50/jet-anomaly-data/ak8-v2
Background labels: ['label_QCD', 'label_Hbb', 'label_Zqq', 'label_Tbqq']
Signal labels: ['label_Wqq']
Particle features: ['part_px', 'part_py', 'part_pz', 'part_energy', 'part_pt', 'log_pt_fraction', 'part_deta', 'part_dphi', 'Cpfcan_dxysig', 'log_Cpfcan_dxysig', 'Cpfcan_dz', 'part_charge', 'part_isChargedHadron', 'part_isNeutralHadron', 'part_isPhoton', 'part_isElectron', 'part_isMuon']
Batch-normalized particle features: ['log_pt_fraction', 'Cpfcan_dxysig', 'log_Cpfcan_dxysig', 'Cpfcan_dz']
Lazy cms datasets ready; no full split has been loaded into RAM.
Background train ROOT shards: 1904
Background val ROOT shards: 239
Background test ROOT shards: 239
Signal test ROOT shards: 60
Per-event particle shape: (128, 17)
CMS active shards per worker: requested=4, effective=7; minimum family coverage=7.
Selected SSL model: semi-sup-triplet
Number of trainable parameters: 106,992

Epoch [1/12]
Saved new best model state_dict/full checkpoint to plots/margin-sweep/wqq-0.2/best_model.pth and plots/margin-sweep/wqq-0.2/best_checkpoint.pt
Saved last model state_dict/full checkpoint to plots/margin-sweep/wqq-0.2/last_model.pth and plots/margin-sweep/wqq-0.2/last_checkpoint.pt
Epoch 1 train losses: {'total_loss': 5.26930250838399, 'invariant_loss': 0.4124185965238139, 'sigreg_loss': 94.30059375, 'triplet_loss': 0.09184028305718675, 'triplet_pos_distance': 0.0919664270151843, 'triplet_neg_distance': 0.4164942679948872, 'classification_loss': 1.3210808425843716}
Epoch 1 val losses: {'total_loss': 1.944351954460144, 'invariant_loss': 0.42528998732566836, 'sigreg_loss': 27.88875, 'triplet_loss': 0.03034342834725976, 'triplet_pos_distance': 0.0924637920409441, 'triplet_neg_distance': 0.7010841220617294, 'classification_loss': 1.2180886280536651}
Updated run summary at plots/margin-sweep/wqq-0.2/summary.json

Epoch [2/12]
