## SLURM PROLOG ###############################################################
##    Job ID : 3425351
##  Job Name : JETANOMALY
##  Nodelist : gpu3101
##      CPUs : 1
##  Mem/Node : 32000 MB
## Directory : /oscar/home/lwang223/jetAnomalyDetection
##   Job Started : Thu Jun 25 04:12:29 PM EDT 2026
###############################################################################

==========================================
Job started at: Thu Jun 25 04:12:29 PM EDT 2026
Job ID: 3425351
Node: gpu3101
==========================================

GPU Information (from host):
Thu Jun 25 16:12:29 2026       
+-----------------------------------------------------------------------------------------+
| NVIDIA-SMI 575.57.08              Driver Version: 575.57.08      CUDA Version: 12.9     |
|-----------------------------------------+------------------------+----------------------+
| GPU  Name                 Persistence-M | Bus-Id          Disp.A | Volatile Uncorr. ECC |
| Fan  Temp   Perf          Pwr:Usage/Cap |           Memory-Usage | GPU-Util  Compute M. |
|                                         |                        |               MIG M. |
|=========================================+========================+======================|
|   0  NVIDIA L40S                    On  |   00000000:21:00.0 Off |                    0 |
| N/A   26C    P8             31W /  350W |      74MiB /  46068MiB |      0%      Default |
|                                         |                        |                  N/A |
+-----------------------------------------+------------------------+----------------------+
                                                                                         
+-----------------------------------------------------------------------------------------+
| Processes:                                                                              |
|  GPU   GI   CI              PID   Type   Process name                        GPU Memory |
|        ID   ID                                                               Usage      |
|=========================================================================================|
|    0   N/A  N/A          182625      G   /usr/libexec/Xorg                        64MiB |
+-----------------------------------------------------------------------------------------+

PyTorch version: 2.6.0+cu124
Using device: cpu
Loading datasets...
Building graphs...
Background graphs: 125103
Signal graphs: 4067
Loading model...
Extracting background latents...
Extracting signal latents...
Plotting latent space...
Latent space plot saved to plots/run-cls-t2t-transformer-ae-lixing-h4-l2-4l-8v-30epo/latent_space.png
