## SLURM PROLOG ###############################################################
##    Job ID : 3955115
##  Job Name : JETANOMALY-JETCLASS
##  Nodelist : gpu3004
##      CPUs : 1
##  Mem/Node : 48000 MB
## Directory : /oscar/home/lwang223/jetAnomalyDetection
##   Job Started : Mon Jul 13 04:54:27 PM EDT 2026
###############################################################################

==========================================
Job started at: Mon Jul 13 04:54:27 PM EDT 2026
Job ID: 3955115
Node: gpu3004
==========================================

GPU Information (from host):
Mon Jul 13 16:54:27 2026       
+-----------------------------------------------------------------------------------------+
| NVIDIA-SMI 575.57.08              Driver Version: 575.57.08      CUDA Version: 12.9     |
|-----------------------------------------+------------------------+----------------------+
| GPU  Name                 Persistence-M | Bus-Id          Disp.A | Volatile Uncorr. ECC |
| Fan  Temp   Perf          Pwr:Usage/Cap |           Memory-Usage | GPU-Util  Compute M. |
|                                         |                        |               MIG M. |
|=========================================+========================+======================|
|   0  NVIDIA L40S                    On  |   00000000:61:00.0 Off |                    0 |
| N/A   41C    P8             35W /  350W |      74MiB /  46068MiB |      0%      Default |
|                                         |                        |                  N/A |
+-----------------------------------------+------------------------+----------------------+
                                                                                         
+-----------------------------------------------------------------------------------------+
| Processes:                                                                              |
|  GPU   GI   CI              PID   Type   Process name                        GPU Memory |
|        ID   ID                                                               Usage      |
|=========================================================================================|
|    0   N/A  N/A          184125      G   /usr/libexec/Xorg                        64MiB |
+-----------------------------------------------------------------------------------------+

PyTorch version: 2.6.0+cu124
JetClass root: /HEP/export/home/lwang223/JetClass/JetClass/Pythia
Background labels: ['label_QCD', 'label_Wqq', 'label_Hcc', 'label_Hgg']
Signal labels: ['label_Hbb']
Particle features: ['part_px', 'part_py', 'part_pz', 'part_energy', 'part_pt', 'part_eta', 'part_phi', 'part_deta', 'part_dphi', 'part_d0val', 'part_d0err', 'part_dzval', 'part_dzerr', 'part_charge', 'part_isChargedHadron', 'part_isNeutralHadron', 'part_isPhoton', 'part_isElectron', 'part_isMuon']
Lazy JetClass datasets ready; no full split has been loaded into RAM.
Background train ROOT shards: 400
Background val ROOT shards: 20
Signal test ROOT shards: 20
Per-event particle shape: (128, 19)
Selected SSL model: semi-sup-triplet
Model summary:
LeJEPASemiSupervisedTripletParticleTransformerRepresentation(
  (node_embedding): NodeEmbedding(
    (net): Sequential(
      (0): Linear(in_features=19, out_features=32, bias=True)
      (1): GELU(approximate='none')
      (2): LayerNorm((32,), eps=1e-05, elementwise_affine=True)
      (3): Linear(in_features=32, out_features=128, bias=True)
      (4): GELU(approximate='none')
      (5): LayerNorm((128,), eps=1e-05, elementwise_affine=True)
      (6): Linear(in_features=128, out_features=32, bias=True)
      (7): Dropout(p=0.05, inplace=False)
    )
  )
  (pairwise_bias): PairwiseAttentionBias(
    (mlp): Sequential(
      (0): RMSNorm()
      (1): Linear(in_features=4, out_features=32, bias=True)
      (2): SiLU()
      (3): Dropout(p=0.05, inplace=False)
      (4): Linear(in_features=32, out_features=32, bias=True)
      (5): SiLU()
      (6): Dropout(p=0.05, inplace=False)
      (7): Linear(in_features=32, out_features=8, bias=True)
    )
  )
  (encoder): ParticleTransformerEncoder(
    (layers): ModuleList(
      (0-3): 4 x ParticleTransformerBlock(
        (attn_norm): RMSNorm()
        (self_attn): MultiheadAttention(
          (out_proj): NonDynamicallyQuantizableLinear(in_features=32, out_features=32, bias=True)
        )
        (attn_dropout): Dropout(p=0.05, inplace=False)
        (ffn_norm): RMSNorm()
        (ffn): SwiGLUFFN(
          (fc1): Linear(in_features=32, out_features=256, bias=True)
          (act): SwiGLU()
          (fc2): Linear(in_features=128, out_features=32, bias=True)
          (dropout): Dropout(p=0.05, inplace=False)
        )
      )
    )
  )
  (cls_pooling): CLSPooling(
    (layers): ModuleList(
      (0-1): 2 x ClassAttentionBlock(
        (query_norm): LayerNorm((32,), eps=1e-05, elementwise_affine=True)
        (context_norm): LayerNorm((32,), eps=1e-05, elementwise_affine=True)
        (attn): MultiheadAttention(
          (out_proj): NonDynamicallyQuantizableLinear(in_features=32, out_features=32, bias=True)
        )
        (attn_dropout): Dropout(p=0.0, inplace=False)
        (ffn_norm): LayerNorm((32,), eps=1e-05, elementwise_affine=True)
        (ffn): Sequential(
          (0): Linear(in_features=32, out_features=128, bias=True)
          (1): GELU(approximate='none')
          (2): Dropout(p=0.0, inplace=False)
          (3): Linear(in_features=128, out_features=32, bias=True)
          (4): Dropout(p=0.0, inplace=False)
        )
      )
    )
  )
  (augmentation): MultiViewAugmentation()
  (negative_augmentation): CorruptedNegativeAugmentation()
  (loss): LeJEPASIGRegTripletClassificationLoss(
    (triplet_loss): LeJEPASIGRegTripletLoss(
      (lejepa_loss): LeJEPASIGRegLoss(
        (sigreg_loss_fn): SlicingUnivariateTest(
          (univariate_test): EppsPulley()
        )
      )
    )
  )
  (representation_head): RepresentationHead(
    (net): Sequential(
      (0): RMSNorm()
      (1): Linear(in_features=32, out_features=32, bias=True)
      (2): SiLU()
      (3): Dropout(p=0.05, inplace=False)
      (4): Linear(in_features=32, out_features=32, bias=True)
    )
  )
  (classification_head): CategoricalClassificationHead(
    (net): Sequential(
      (0): RMSNorm()
      (1): Linear(in_features=32, out_features=32, bias=True)
      (2): SiLU()
      (3): Dropout(p=0.05, inplace=False)
      (4): Linear(in_features=32, out_features=4, bias=True)
    )
  )
)
Number of trainable parameters: 107184

Epoch [1/80]
Saved new best model state_dict to plots/run-lejepa-semi-sup-triplet-jetclass-ddp-fast-hbb/best_model.pth
Saved last model state_dict to plots/run-lejepa-semi-sup-triplet-jetclass-ddp-fast-hbb/last_model.pth
Mahalanobis metrics saved to plots/run-lejepa-semi-sup-triplet-jetclass-ddp-fast-hbb/mahalanobis_eval/epoch_0001/mahalanobis_metrics.json
Mahalanobis AUC, QCD+Wqq+Hcc+Hgg train vs Hbb: 0.493392
Mahalanobis AUC, QCD+Wqq+Hcc+Hgg val vs Hbb: 0.492567
Epoch 1 train losses: {'total_loss': 7.534431557655335, 'invariant_loss': 0.02137114400975406, 'sigreg_loss': 148.10225, 'triplet_loss': 0.38831842318177223, 'triplet_pos_distance': 0.007105235332855955, 'triplet_neg_distance': 0.20108337741903962, 'classification_loss': 1.3939464309215546}
Epoch 1 val losses: {'total_loss': 2.8681435585021973, 'invariant_loss': 0.012310718968510628, 'sigreg_loss': 55.0525, 'triplet_loss': 0.3340108826756477, 'triplet_pos_distance': 0.002418296879623085, 'triplet_neg_distance': 0.3637353241443634, 'classification_loss': 1.3861353158950807}
Updated run summary at plots/run-lejepa-semi-sup-triplet-jetclass-ddp-fast-hbb/summary.json

Epoch [2/80]
Saved new best model state_dict to plots/run-lejepa-semi-sup-triplet-jetclass-ddp-fast-hbb/best_model.pth
Saved last model state_dict to plots/run-lejepa-semi-sup-triplet-jetclass-ddp-fast-hbb/last_model.pth
Mahalanobis metrics saved to plots/run-lejepa-semi-sup-triplet-jetclass-ddp-fast-hbb/mahalanobis_eval/epoch_0002/mahalanobis_metrics.json
Mahalanobis AUC, QCD+Wqq+Hcc+Hgg train vs Hbb: 0.488337
Mahalanobis AUC, QCD+Wqq+Hcc+Hgg val vs Hbb: 0.487183
Epoch 2 train losses: {'total_loss': 2.0251589715480804, 'invariant_loss': 0.04899375134706497, 'sigreg_loss': 37.53125, 'triplet_loss': 0.30457901445031166, 'triplet_pos_distance': 0.016371191279031336, 'triplet_neg_distance': 0.48450634443759916, 'classification_loss': 1.3844588712453842}
Epoch 2 val losses: {'total_loss': 1.6849949431419373, 'invariant_loss': 0.013797269118949771, 'sigreg_loss': 31.41875, 'triplet_loss': 0.3144652700424194, 'triplet_pos_distance': 0.0024213273369241505, 'triplet_neg_distance': 0.49043849438428877, 'classification_loss': 1.3825229728221893}
Updated run summary at plots/run-lejepa-semi-sup-triplet-jetclass-ddp-fast-hbb/summary.json

Epoch [3/80]
Saved new best model state_dict to plots/run-lejepa-semi-sup-triplet-jetclass-ddp-fast-hbb/best_model.pth
Saved last model state_dict to plots/run-lejepa-semi-sup-triplet-jetclass-ddp-fast-hbb/last_model.pth
Mahalanobis metrics saved to plots/run-lejepa-semi-sup-triplet-jetclass-ddp-fast-hbb/mahalanobis_eval/epoch_0003/mahalanobis_metrics.json
Mahalanobis AUC, QCD+Wqq+Hcc+Hgg train vs Hbb: 0.493099
Mahalanobis AUC, QCD+Wqq+Hcc+Hgg val vs Hbb: 0.491572
Epoch 3 train losses: {'total_loss': 1.426637904405594, 'invariant_loss': 0.061702286593616006, 'sigreg_loss': 25.33575, 'triplet_loss': 0.290005923807621, 'triplet_pos_distance': 0.020838258380070328, 'triplet_neg_distance': 0.5880582146942616, 'classification_loss': 1.382919340133667}
Epoch 3 val losses: {'total_loss': 1.2902847921848297, 'invariant_loss': 0.015047008218243719, 'sigreg_loss': 23.5025, 'triplet_loss': 0.3111650213599205, 'triplet_pos_distance': 0.002515060955192894, 'triplet_neg_distance': 0.5355229261517525, 'classification_loss': 1.3824256086349487}
Updated run summary at plots/run-lejepa-semi-sup-triplet-jetclass-ddp-fast-hbb/summary.json

Epoch [4/80]
Saved new best model state_dict to plots/run-lejepa-semi-sup-triplet-jetclass-ddp-fast-hbb/best_model.pth
Saved last model state_dict to plots/run-lejepa-semi-sup-triplet-jetclass-ddp-fast-hbb/last_model.pth
