## SLURM PROLOG ###############################################################
##    Job ID : 4110762
##  Job Name : AK8-DIAG-m0.1-hbb
##  Nodelist : gpu2708
##      CPUs : 1
##  Mem/Node : 90000 MB
## Directory : /oscar/home/hgao50/jetAnomalyDetection
##   Job Started : Sun Jul 19 07:04:22 PM EDT 2026
###############################################################################

==========================================
Job started at: Sun Jul 19 07:04:22 PM EDT 2026
Job ID: 4110762
Node: gpu2708
RUN_DIR=plots/run-lejepa-ak8-semisup-m0.1-hbb
==========================================

GPU Information (from host):
Sun Jul 19 19:04:22 2026       
+-----------------------------------------------------------------------------------------+
| NVIDIA-SMI 575.57.08              Driver Version: 575.57.08      CUDA Version: 12.9     |
|-----------------------------------------+------------------------+----------------------+
| GPU  Name                 Persistence-M | Bus-Id          Disp.A | Volatile Uncorr. ECC |
| Fan  Temp   Perf          Pwr:Usage/Cap |           Memory-Usage | GPU-Util  Compute M. |
|                                         |                        |               MIG M. |
|=========================================+========================+======================|
|   0  NVIDIA L40S                    On  |   00000000:61:00.0 Off |                    0 |
| N/A   31C    P8             46W /  350W |      77MiB /  46068MiB |      0%      Default |
|                                         |                        |                  N/A |
+-----------------------------------------+------------------------+----------------------+
                                                                                         
+-----------------------------------------------------------------------------------------+
| Processes:                                                                              |
|  GPU   GI   CI              PID   Type   Process name                        GPU Memory |
|        ID   ID                                                               Usage      |
|=========================================================================================|
|    0   N/A  N/A          157414      G   /usr/libexec/Xorg                        64MiB |
+-----------------------------------------------------------------------------------------+

PyTorch 2.2.1+cu118, cuda=True, device=NVIDIA L40S
Loading /oscar/home/hgao50/jetAnomalyDetection/plots/run-lejepa-ak8-semisup-m0.1-hbb/best_model.pth on cuda:0
Backgrounds: ['QCD', 'WJets', 'ZJets', 'TTbar']
Signal: Hbb
Sampling 100 x 128 events per split
Combined AUC fit=0.609669, held-out=0.584461, validation=0.593925

Per-class Mahalanobis diagnostic
QCD: AUC held-out=0.731013, validation=0.727705
WJets: AUC held-out=0.645657, validation=0.650474
ZJets: AUC held-out=0.572189, validation=0.591556
TTbar: AUC held-out=0.658094, validation=0.664120

Wrote /oscar/home/hgao50/jetAnomalyDetection/plots/run-lejepa-ak8-semisup-m0.1-hbb/latent_diagnostics/diagnostic_results.json

Finished at: Sun Jul 19 07:05:10 PM EDT 2026
Results: plots/run-lejepa-ak8-semisup-m0.1-hbb/latent_diagnostics/
