## SLURM PROLOG ###############################################################
##    Job ID : 4059751
##  Job Name : JETANOMALY-JETCLASS
##  Nodelist : gpu2708
##      CPUs : 1
##  Mem/Node : 48000 MB
## Directory : /oscar/home/lwang223/jetAnomalyDetection
##   Job Started : Fri Jul 17 06:18:15 AM EDT 2026
###############################################################################

==========================================
Job started at: Fri Jul 17 06:18:15 AM EDT 2026
Job ID: 4059751
Node: gpu2708
==========================================

GPU Information (from host):
Fri Jul 17 06:18:15 2026       
+-----------------------------------------------------------------------------------------+
| NVIDIA-SMI 575.57.08              Driver Version: 575.57.08      CUDA Version: 12.9     |
|-----------------------------------------+------------------------+----------------------+
| GPU  Name                 Persistence-M | Bus-Id          Disp.A | Volatile Uncorr. ECC |
| Fan  Temp   Perf          Pwr:Usage/Cap |           Memory-Usage | GPU-Util  Compute M. |
|                                         |                        |               MIG M. |
|=========================================+========================+======================|
|   0  NVIDIA L40S                    On  |   00000000:61:00.0 Off |                    0 |
| N/A   32C    P8             33W /  350W |      77MiB /  46068MiB |      0%      Default |
|                                         |                        |                  N/A |
+-----------------------------------------+------------------------+----------------------+
                                                                                         
+-----------------------------------------------------------------------------------------+
| Processes:                                                                              |
|  GPU   GI   CI              PID   Type   Process name                        GPU Memory |
|        ID   ID                                                               Usage      |
|=========================================================================================|
|    0   N/A  N/A          157414      G   /usr/libexec/Xorg                        64MiB |
+-----------------------------------------------------------------------------------------+

PyTorch version: 2.6.0+cu124
Loading /oscar/home/lwang223/jetAnomalyDetection/plots/run-lejepa-semi-sup-triplet-jetclass-ddp-fast-wjet-longlongmult/best_model.pth on cuda:0
Sampling 100 x 256 events from each split
Full-jet density latent space: representation
Background labels: QCD+Hbb+Hcc+Hgg+H4q+Hqql+Zqq+Tbqq+Tbl
Signal labels: Wqq
Full-jet latent collection will interleave background and signal events inside every forward pass, then regroup representations by their original labels. This gives all Mahalanobis and per-class comparisons a shared batch-standardization context.

[1/8] Unaugmented full-jet Mahalanobis diagnostic
