Full latent: interleaved train background + signal:   0%|          | 0/100 [00:00<?, ?it/s]Full latent: interleaved train background + signal:   0%|          | 0/100 [02:01<?, ?it/s]
Traceback (most recent call last):
  File "/users/lwang223/.conda/envs/jet/lib/python3.11/site-packages/torch/utils/data/dataloader.py", line 1251, in _try_get_data
    data = self._data_queue.get(timeout=timeout)
           ^^^^^^^^^^^^^^^^^^^^^^^^^^^^^^^^^^^^^
  File "/users/lwang223/.conda/envs/jet/lib/python3.11/queue.py", line 180, in get
    self.not_empty.wait(remaining)
  File "/users/lwang223/.conda/envs/jet/lib/python3.11/threading.py", line 331, in wait
    gotit = waiter.acquire(True, timeout)
            ^^^^^^^^^^^^^^^^^^^^^^^^^^^^^
  File "/users/lwang223/.conda/envs/jet/lib/python3.11/site-packages/torch/utils/data/_utils/signal_handling.py", line 73, in handler
    _error_if_any_worker_fails()
RuntimeError: DataLoader worker (pid 4173358) is killed by signal: Killed. 

The above exception was the direct cause of the following exception:

Traceback (most recent call last):
  File "/oscar/home/lwang223/jetAnomalyDetection/scripts/diagnose_lejepa_latents.py", line 2704, in <module>
    main()
  File "/oscar/home/lwang223/jetAnomalyDetection/scripts/diagnose_lejepa_latents.py", line 1592, in main
    train_mixed_z, train_mixed_y = collect_interleaved_full_latents(
                                   ^^^^^^^^^^^^^^^^^^^^^^^^^^^^^^^^^
  File "/users/lwang223/.conda/envs/jet/lib/python3.11/site-packages/torch/utils/_contextlib.py", line 116, in decorate_context
    return func(*args, **kwargs)
           ^^^^^^^^^^^^^^^^^^^^^
  File "/oscar/home/lwang223/jetAnomalyDetection/scripts/diagnose_lejepa_latents.py", line 515, in collect_interleaved_full_latents
    background_batch = next(background_iterator)
                       ^^^^^^^^^^^^^^^^^^^^^^^^^
  File "/users/lwang223/.conda/envs/jet/lib/python3.11/site-packages/torch/utils/data/dataloader.py", line 708, in __next__
    data = self._next_data()
           ^^^^^^^^^^^^^^^^^
  File "/users/lwang223/.conda/envs/jet/lib/python3.11/site-packages/torch/utils/data/dataloader.py", line 1458, in _next_data
    idx, data = self._get_data()
                ^^^^^^^^^^^^^^^^
  File "/users/lwang223/.conda/envs/jet/lib/python3.11/site-packages/torch/utils/data/dataloader.py", line 1410, in _get_data
    success, data = self._try_get_data()
                    ^^^^^^^^^^^^^^^^^^^^
  File "/users/lwang223/.conda/envs/jet/lib/python3.11/site-packages/torch/utils/data/dataloader.py", line 1264, in _try_get_data
    raise RuntimeError(
RuntimeError: DataLoader worker (pid(s) 4173358) exited unexpectedly
[2026-07-17T06:20:52.790] error: Detected 1 oom_kill event in StepId=4059751.batch. Some of the step tasks have been OOM Killed.
